variables 35579 equalities 1079 inequalities 11701
root_types 10874 joined_records 15913
status 0 Optimization terminated successfully. (HiGHS Status 7: Optimal)
objective feasible 0.0
positive_variables 95
degree_counts 20:30 21:4 22:0 23:0 24:11
dense_mass 11.0
identity selected_cut_tau10 activity 0 residual 0
identity selected_ambient_degree_20 activity 0 residual 0
identity selected_ambient_degree_21 activity 0 residual 0
identity selected_ambient_degree_22 activity 0 residual 0
identity selected_ambient_degree_23 activity 0 residual 0
identity selected_ambient_degree_24 activity -1 residual 0
identity fixed_root_pair activity 232 residual 0
rational_reconstruction failed limit 100000000 max_denominator 97458839 equality_failures 36 inequality_failures 4 domain_failures 0 minimum_slack -142/4453119161042615
equality_failure h21e97_foursets -3505957997/27719700772987459280
equality_failure h21e97_edgeincidence -2410037897/6929925193246864820
equality_failure h21e98_foursets 495037562088371962/3994324222887567489872757183
equality_failure h21e98_edgeincidence 1390455891470378048/3994324222887567489872757183
equality_failure q20_occurrences -326571031/499840591556153606348023
inequality_failure q20e119_edge_common -142/4453119161042615
inequality_failure q20e119_nonedge_common -356/14853879416401165
inequality_failure q20e120_nonedge_common -14311807/4861101844530657105576
inequality_failure q24e79_edge_common -245/15819579359051028
exact_projection exact support 95 rank 95 free 0 max_denominator 48723079106070 equality_failures 0 inequality_failures 0 minimum_slack 0
exact_degree_counts 20:30 21:4 22:0 23:0 24:11
exact_dense_mass 11
witness root_pair_integer_root_witness.json
