SoPlex version 9.0.0 [mode: optimized] [precision: 8 byte] [rational: GMP 6.2.1] [PaPILO n/a] [GitHash: 7418b73]
Copyright (c) 1996-2026 Zuse Institute Berlin (ZIB)

External libraries:
  Boost 1.74.0         Boost C++ Libraries (boost.org)
  GMP 6.2.1            GNU Multiple Precision Arithmetic Library developed by T. Granlund (gmplib.org)
  ZLIB 1.2.13          General Purpose Compression Library by J. Gailly and M. Adler (zlib.net)

int:verbosity = 4
int:pricer = 3
int:syncmode = 1
int:readmode = 1
real:timelimit = 9.00000000e+02

Reading (rational) LP file <colored_sevendeck_normalized.lp> . . .
Finished reading 74141 lines
Reading took 9.08 seconds.

LP has 10619 rows 84341 columns and 574669 nonzeros.

Equilibrium scaling LP (persistent)
before scaling: min= 1.29870130e-02 max= 1.00000000e+00 col-ratio= 7.70000000e+01 row-ratio= 7.70000000e+01
after scaling:  min= 1.29870130e-02 max= 1.00000000e+00 col-ratio= 7.70000000e+01 row-ratio= 7.70000000e+01
LP has 10617 equations, 0 ranged rows, 0 boxed columns
Simplifier (rows) removed 0 rows, 0 non-zeros, 2 col bounds, 0 row bounds; kept 1 column bounds, 0 row bounds
Simplifier (columns) removed 0 rows, 6 cols, 8 non-zeros, 0 col bounds
Simplifier removed 4 rows, 6 columns, 12 nonzeros, 2 col bounds, 0 row bounds
Simplifier kept 1 column bounds, 0 row bounds
Reduced LP has 10615 rows 84335 columns 574657 nonzeros
Reduced LP has 10611 equations, 0 ranged rows, 1 boxed columns

Simplifier performed:
0 empty rows
0 free rows
4 singleton rows
0 forcing rows
0 empty columns
2 fixed columns
0 free columns with zero objective
4 singleton columns with zero objective
0 singleton columns combined with a doubleton equation
0 free singleton columns
0 dominated columns
0 weakly dominated columns
0 duplicate rows
0 duplicate columns (fixed)
0 duplicate columns (substituted)
0 variable aggregations
0 multi aggregations

Equilibrium scaling LP
before scaling: min= 1.29870130e-02 max= 1.00000000e+00 col-ratio= 7.70000000e+01 row-ratio= 7.70000000e+01
after scaling:  min= 1.29870130e-02 max= 1.00000000e+00 col-ratio= 7.70000000e+01 row-ratio= 7.70000000e+01
type |   time |   iters | facts |    shift | viol sum | viol num | obj value
  L  |0.0     |0        | 3     | 0.00e+00 | 5.47e+00 | 7        | 0.00000000e+00
  L  |0.0     |199      | 3     | 0.00e+00 | 1.71e+01 | 7        | 0.00000000e+00
  L  |0.1     |399      | 4     | 0.00e+00 | 1.66e+01 | 86       | 0.00000000e+00
  L  |0.2     |599      | 5     | 0.00e+00 | 1.30e+01 | 289      | 0.00000000e+00
  L  |0.4     |799      | 6     | 0.00e+00 | 1.85e+01 | 370      | 0.00000000e+00
  L  |0.6     |999      | 8     | 0.00e+00 | 2.41e+01 | 594      | 0.00000000e+00
  L  |0.9     |1199     | 10    | 0.00e+00 | 2.65e+01 | 846      | 0.00000000e+00
  L  |1.6     |1399     | 12    | 0.00e+00 | 1.51e+01 | 1008     | 0.00000000e+00
  L  |2.2     |1599     | 14    | 0.00e+00 | 2.44e+01 | 1160     | 0.00000000e+00
  L  |3.2     |1799     | 16    | 0.00e+00 | 1.77e+01 | 1367     | 0.00000000e+00
  L  |4.4     |1999     | 18    | 0.00e+00 | 1.45e+01 | 1406     | 0.00000000e+00
  L  |5.9     |2199     | 20    | 0.00e+00 | 2.43e+01 | 1612     | 0.00000000e+00
  L  |7.2     |2399     | 22    | 0.00e+00 | 1.79e+01 | 1818     | 0.00000000e+00
  L  |9.0     |2599     | 24    | 0.00e+00 | 2.83e+01 | 1813     | 0.00000000e+00
  L  |11.2    |2799     | 26    | 0.00e+00 | 3.94e+01 | 2033     | 0.00000000e+00
  L  |13.7    |2999     | 27    | 0.00e+00 | 3.94e+01 | 2213     | 0.00000000e+00
  L  |16.6    |3199     | 29    | 0.00e+00 | 4.04e+01 | 2456     | 0.00000000e+00
  L  |19.6    |3399     | 30    | 0.00e+00 | 4.93e+01 | 2610     | 0.00000000e+00
  L  |22.8    |3599     | 32    | 0.00e+00 | 5.12e+01 | 2768     | 0.00000000e+00
  L  |26.2    |3799     | 33    | 0.00e+00 | 4.08e+01 | 2823     | 0.00000000e+00
  L  |29.4    |3999     | 34    | 1.96e+00 | 8.62e+01 | 2861     | 3.02444319e-07
  L  |30.5    |4199     | 35    | 1.96e+00 | 1.26e+02 | 3104     | 4.66860776e-07
  L  |32.2    |4399     | 36    | 1.96e+00 | 1.32e+02 | 3142     | 6.30673600e-07
  L  |33.4    |4599     | 37    | 1.96e+00 | 5.00e+01 | 3299     | 7.16404302e-07
  L  |34.6    |4799     | 38    | 1.96e+00 | 8.99e+01 | 3395     | 1.05045465e-06
  L  |36.0    |4999     | 39    | 1.96e+00 | 2.74e+02 | 3606     | 2.27857209e-06
  L  |37.2    |5199     | 41    | 1.96e+00 | 1.04e+02 | 3827     | 2.88061576e-06
  L  |38.8    |5399     | 42    | 1.96e+00 | 4.46e+01 | 3586     | 3.02799541e-06
  L  |40.5    |5599     | 43    | 1.96e+00 | 8.25e+01 | 3591     | 3.17494975e-06
  L  |42.5    |5799     | 45    | 1.96e+00 | 7.69e+01 | 3759     | 3.32184125e-06
type |   time |   iters | facts |    shift | viol sum | viol num | obj value
  L  |44.3    |5999     | 47    | 1.96e+00 | 9.03e+01 | 3927     | 3.49973527e-06
  L  |45.8    |6199     | 48    | 1.96e+00 | 1.06e+02 | 3938     | 3.90613013e-06
  L  |47.4    |6399     | 49    | 1.96e+00 | 1.23e+02 | 4035     | 4.20769593e-06
  L  |49.0    |6599     | 50    | 1.96e+00 | 1.12e+02 | 4142     | 4.37354581e-06
  L  |50.6    |6799     | 51    | 1.96e+00 | 1.09e+02 | 4149     | 4.84073811e-06
  L  |52.0    |6999     | 52    | 1.96e+00 | 1.58e+02 | 4228     | 5.02984488e-06
  L  |53.9    |7199     | 53    | 1.96e+00 | 1.21e+02 | 4195     | 5.27724506e-06
  L  |55.1    |7399     | 55    | 1.96e+00 | 1.94e+02 | 4324     | 5.57233399e-06
  L  |56.5    |7599     | 56    | 1.96e+00 | 1.90e+02 | 4048     | 5.67225082e-06
  L  |58.0    |7799     | 57    | 1.96e+00 | 2.44e+02 | 4264     | 5.95498427e-06
  L  |59.9    |7999     | 58    | 1.96e+00 | 1.53e+02 | 4331     | 6.33843790e-06
  L  |61.4    |8199     | 59    | 1.96e+00 | 6.59e+01 | 4341     | 6.81346582e-06
  L  |62.8    |8399     | 61    | 1.96e+00 | 1.23e+02 | 4396     | 7.23697756e-06
  L  |64.0    |8599     | 62    | 2.27e+00 | 2.04e+02 | 4254     | 7.47768094e-06
  L  |65.2    |8799     | 63    | 2.27e+00 | 2.88e+02 | 4215     | 7.74497471e-06
  L  |66.4    |8999     | 64    | 2.39e+00 | 9.16e+01 | 4345     | 8.16296666e-06
  L  |67.6    |9199     | 65    | 2.39e+00 | 2.13e+02 | 4267     | 8.61940636e-06
  L  |68.9    |9399     | 67    | 2.51e+00 | 2.83e+02 | 4272     | 9.44062707e-06
  L  |70.1    |9599     | 68    | 2.52e+00 | 1.96e+02 | 4379     | 1.02785871e-05
  L  |71.3    |9799     | 69    | 2.52e+00 | 1.82e+02 | 4339     | 1.06232018e-05
  E  |72.5    |9999     | 70    | 1.27e+02 | 0.00e+00 | 0        | 0.00000000e+00
  L  |72.6    |9999     | 71    | 0.00e+00 | 1.26e+02 | 4348     | 0.00000000e+00
  L  |77.7    |10196    | 72    | 1.82e+00 | 3.75e+02 | 4569     | 1.86454004e-06
  L  |79.1    |10396    | 73    | 1.88e+00 | 2.47e+02 | 4736     | 3.31431806e-06
  L  |80.5    |10596    | 75    | 1.88e+00 | 1.23e+02 | 4630     | 4.00490976e-06
  L  |82.3    |10796    | 76    | 1.74e+00 | 2.32e+02 | 4596     | 4.89578110e-06
  L  |83.8    |10996    | 78    | 1.91e+00 | 2.17e+02 | 4752     | 6.05420686e-06
  L  |85.4    |11196    | 79    | 1.98e+00 | 1.84e+02 | 4687     | 7.14070457e-06
  L  |86.9    |11396    | 80    | 1.98e+00 | 1.57e+02 | 4623     | 7.75868947e-06
  L  |88.2    |11596    | 81    | 2.06e+00 | 1.04e+02 | 4609     | 8.52919264e-06
  L  |89.6    |11796    | 82    | 2.06e+00 | 1.50e+02 | 4580     | 9.21482173e-06
type |   time |   iters | facts |    shift | viol sum | viol num | obj value
  L  |90.9    |11996    | 83    | 2.06e+00 | 1.64e+02 | 4574     | 9.73973692e-06
  L  |92.5    |12196    | 84    | 2.11e+00 | 1.43e+02 | 4767     | 1.04762020e-05
  L  |93.9    |12396    | 85    | 2.11e+00 | 1.75e+02 | 4687     | 1.10301295e-05
  L  |95.2    |12596    | 86    | 2.11e+00 | 1.20e+02 | 4652     | 1.16228277e-05
  L  |96.6    |12796    | 87    | 2.16e+00 | 8.03e+01 | 4583     | 1.23189872e-05
  L  |97.9    |12996    | 88    | 2.16e+00 | 8.69e+01 | 4609     | 1.26241176e-05
  L  |99.3    |13196    | 89    | 2.19e+00 | 1.25e+02 | 4480     | 1.31423674e-05
  L  |100.6   |13396    | 90    | 2.22e+00 | 1.21e+02 | 4659     | 1.38498630e-05
  L  |102.0   |13596    | 91    | 2.22e+00 | 9.36e+01 | 4559     | 1.44927358e-05
  L  |103.5   |13796    | 92    | 2.25e+00 | 1.40e+02 | 4629     | 1.48683066e-05
  L  |104.9   |13996    | 93    | 2.25e+00 | 1.41e+02 | 4529     | 1.54041251e-05
  L  |106.2   |14196    | 94    | 2.25e+00 | 1.18e+02 | 4719     | 1.57666303e-05
  L  |107.8   |14396    | 95    | 2.25e+00 | 1.21e+02 | 4579     | 1.62018189e-05
  L  |109.2   |14596    | 96    | 2.25e+00 | 9.97e+01 | 4679     | 1.66094770e-05
  L  |110.6   |14796    | 97    | 2.25e+00 | 1.37e+02 | 4629     | 1.71603867e-05
  L  |112.1   |14996    | 98    | 2.43e+00 | 1.04e+02 | 4709     | 1.76814782e-05
  L  |113.8   |15196    | 99    | 2.43e+00 | 1.25e+02 | 4666     | 1.81949581e-05
  L  |115.6   |15396    | 100   | 2.43e+00 | 1.05e+02 | 4641     | 1.85681784e-05
  L  |117.0   |15596    | 101   | 2.43e+00 | 8.33e+01 | 4646     | 1.89547961e-05
  L  |118.3   |15796    | 102   | 2.43e+00 | 6.03e+01 | 4617     | 1.92918340e-05
  L  |119.6   |15996    | 103   | 2.43e+00 | 1.20e+02 | 4625     | 1.96344121e-05
  L  |121.0   |16196    | 104   | 2.43e+00 | 9.46e+01 | 4689     | 2.00499398e-05
  L  |122.3   |16396    | 105   | 2.43e+00 | 1.59e+02 | 4605     | 2.05466331e-05
  L  |123.9   |16596    | 106   | 2.43e+00 | 9.08e+01 | 4636     | 2.09755091e-05
  L  |125.3   |16796    | 107   | 2.49e+00 | 2.00e+02 | 4680     | 2.14301914e-05
  L  |126.9   |16996    | 108   | 2.50e+00 | 1.41e+02 | 4819     | 2.20646027e-05
  L  |128.4   |17196    | 109   | 2.50e+00 | 6.67e+01 | 4644     | 2.24127596e-05
  L  |130.0   |17396    | 110   | 2.50e+00 | 2.02e+02 | 4715     | 2.27639300e-05
  L  |131.4   |17596    | 111   | 2.50e+00 | 1.41e+02 | 4751     | 2.31798190e-05
  L  |132.8   |17796    | 112   | 2.50e+00 | 9.49e+01 | 4693     | 2.34497791e-05
type |   time |   iters | facts |    shift | viol sum | viol num | obj value
  L  |134.2   |17996    | 113   | 2.52e+00 | 8.62e+01 | 4892     | 2.42208508e-05
  L  |135.6   |18196    | 114   | 2.52e+00 | 8.80e+01 | 4748     | 2.45868473e-05
  L  |137.0   |18396    | 115   | 2.52e+00 | 1.15e+02 | 4616     | 2.49593027e-05
  L  |138.6   |18596    | 116   | 2.52e+00 | 1.04e+02 | 4746     | 2.53172622e-05
  L  |140.1   |18796    | 117   | 2.52e+00 | 1.43e+02 | 4669     | 2.57139656e-05
  L  |141.5   |18996    | 118   | 2.52e+00 | 7.97e+01 | 4565     | 2.61627731e-05
  L  |143.0   |19196    | 119   | 2.52e+00 | 5.87e+01 | 4579     | 2.65631351e-05
  L  |144.5   |19396    | 120   | 2.57e+00 | 1.12e+02 | 4593     | 4.05231982e-05
  L  |145.9   |19596    | 121   | 2.57e+00 | 9.34e+01 | 4646     | 4.11641478e-05
  L  |147.4   |19796    | 122   | 2.57e+00 | 9.47e+01 | 4648     | 4.15938395e-05
  L  |148.8   |19996    | 123   | 2.57e+00 | 1.48e+02 | 4731     | 4.20160794e-05
  E  |148.8   |19998    | 123   | 1.63e+02 | 0.00e+00 | 0        | 0.00000000e+00
  L  |148.9   |19998    | 124   | 0.00e+00 | 1.63e+02 | 4762     | 0.00000000e+00
  L  |154.5   |20193    | 125   | 1.93e+00 | 1.84e+02 | 4929     | 4.43554287e-05
  L  |156.5   |20393    | 126   | 2.06e+00 | 2.55e+02 | 4882     | 4.52493848e-05
  L  |158.5   |20593    | 127   | 2.18e+00 | 2.30e+02 | 4823     | 4.60701506e-05
  L  |160.2   |20793    | 128   | 2.18e+00 | 1.65e+02 | 4921     | 4.67584749e-05
  L  |161.9   |20993    | 129   | 2.18e+00 | 1.40e+02 | 4714     | 4.71779418e-05
  L  |163.7   |21193    | 130   | 2.22e+00 | 1.20e+02 | 4808     | 4.76725179e-05
  L  |165.3   |21393    | 131   | 1.37e+00 | 1.95e+02 | 4697     | 4.54675768e-06
  L  |167.1   |21593    | 132   | 1.90e+00 | 1.51e+02 | 4911     | 4.64958641e-05
  L  |169.1   |21793    | 133   | 1.93e+00 | 3.14e+02 | 4865     | 4.73164239e-05
  L  |170.9   |21993    | 134   | 2.00e+00 | 1.77e+02 | 4809     | 4.83385859e-05
  L  |172.6   |22193    | 135   | 2.02e+00 | 1.48e+02 | 4923     | 4.88886933e-05
  L  |174.1   |22393    | 136   | 2.02e+00 | 1.64e+02 | 4784     | 4.94378519e-05
  L  |175.9   |22593    | 137   | 2.02e+00 | 1.23e+02 | 4801     | 4.97832986e-05
  L  |177.4   |22793    | 138   | 2.08e+00 | 2.79e+02 | 4884     | 5.02172779e-05
  L  |179.2   |22993    | 139   | 2.10e+00 | 1.47e+02 | 4838     | 5.11355055e-05
  L  |181.0   |23193    | 140   | 2.12e+00 | 1.12e+02 | 4761     | 5.17391159e-05
  L  |182.8   |23393    | 141   | 2.14e+00 | 1.59e+02 | 4875     | 5.23112993e-05
  L  |184.3   |23593    | 142   | 2.14e+00 | 1.29e+02 | 4801     | 5.27476199e-05
  L  |185.9   |23793    | 143   | 2.14e+00 | 1.31e+02 | 4875     | 5.34168900e-05
type |   time |   iters | facts |    shift | viol sum | viol num | obj value
  L  |187.6   |23993    | 144   | 2.14e+00 | 1.00e+02 | 4803     | 5.38508000e-05
  L  |189.2   |24193    | 145   | 2.14e+00 | 1.66e+02 | 4714     | 5.43333403e-05
  L  |190.7   |24393    | 146   | 2.14e+00 | 9.63e+01 | 4754     | 5.47809977e-05
  L  |192.3   |24593    | 147   | 2.14e+00 | 9.53e+01 | 4794     | 5.51725588e-05
  L  |193.9   |24793    | 148   | 2.14e+00 | 1.00e+02 | 4819     | 5.56195237e-05
  L  |195.7   |24993    | 149   | 2.14e+00 | 1.01e+02 | 4725     | 5.59443019e-05
  L  |197.2   |25193    | 150   | 2.21e+00 | 1.21e+02 | 4800     | 5.63681163e-05
  L  |198.9   |25393    | 151   | 2.21e+00 | 9.26e+01 | 4712     | 5.69237108e-05
  L  |200.5   |25593    | 152   | 2.24e+00 | 8.47e+01 | 4827     | 5.72736687e-05
  L  |202.2   |25793    | 153   | 2.25e+00 | 8.60e+01 | 4779     | 5.79929002e-05
  L  |203.8   |25993    | 154   | 2.25e+00 | 8.53e+01 | 4894     | 5.87034312e-05
  L  |205.8   |26193    | 155   | 2.25e+00 | 1.00e+02 | 4781     | 5.90823367e-05
  L  |207.5   |26393    | 156   | 2.25e+00 | 7.50e+01 | 4825     | 5.94335052e-05
  L  |209.1   |26593    | 157   | 2.29e+00 | 7.64e+01 | 4714     | 6.00364702e-05
  L  |210.6   |26793    | 158   | 2.29e+00 | 8.32e+01 | 4791     | 6.04918222e-05
  L  |212.5   |26993    | 159   | 2.29e+00 | 1.03e+02 | 4719     | 6.08739986e-05
  L  |214.1   |27193    | 160   | 2.32e+00 | 1.39e+02 | 4847     | 6.12992215e-05
  L  |215.9   |27393    | 161   | 2.32e+00 | 1.02e+02 | 4795     | 6.18229237e-05
  L  |217.5   |27593    | 162   | 2.32e+00 | 9.50e+01 | 4706     | 6.22460652e-05
  L  |219.5   |27793    | 163   | 2.32e+00 | 9.16e+01 | 4765     | 6.26893607e-05
  L  |221.1   |27993    | 164   | 2.32e+00 | 9.29e+01 | 4771     | 6.30604037e-05
  L  |222.7   |28193    | 165   | 2.32e+00 | 8.97e+01 | 4758     | 6.36064856e-05
  L  |224.3   |28393    | 166   | 2.35e+00 | 1.43e+02 | 4702     | 6.39956365e-05
  L  |225.8   |28593    | 167   | 2.35e+00 | 1.03e+02 | 4782     | 6.44792924e-05
  L  |227.4   |28793    | 168   | 2.37e+00 | 1.05e+02 | 4778     | 6.50068190e-05
  L  |229.2   |28993    | 169   | 2.38e+00 | 1.07e+02 | 4773     | 6.56624770e-05
  L  |231.0   |29193    | 170   | 2.38e+00 | 8.53e+01 | 4745     | 6.61201707e-05
  L  |232.6   |29393    | 171   | 2.38e+00 | 8.86e+01 | 4721     | 6.66477547e-05
  L  |234.2   |29593    | 172   | 2.38e+00 | 9.22e+01 | 4789     | 6.70598977e-05
  L  |235.9   |29793    | 173   | 2.40e+00 | 1.12e+02 | 4767     | 6.73967365e-05
type |   time |   iters | facts |    shift | viol sum | viol num | obj value
  L  |237.5   |29993    | 174   | 2.40e+00 | 1.74e+02 | 4904     | 6.78955340e-05
  E  |237.6   |29997    | 174   | 9.59e+01 | 0.00e+00 | 0        | 0.00000000e+00
  L  |237.8   |29997    | 175   | 0.00e+00 | 9.57e+01 | 4701     | 0.00000000e+00
  L  |242.9   |30190    | 175   | 2.16e+00 | 6.45e+02 | 4701     | 1.17047579e-06
  L  |245.0   |30390    | 176   | 2.53e+00 | 1.66e+02 | 5009     | 3.22759708e-06
  L  |247.0   |30590    | 177   | 2.61e+00 | 1.82e+02 | 4974     | 4.77478829e-06
  L  |248.9   |30790    | 178   | 2.68e+00 | 1.76e+02 | 4987     | 6.25397620e-06
  L  |250.9   |30990    | 179   | 2.69e+00 | 1.05e+02 | 4983     | 7.38999123e-06
  L  |252.7   |31190    | 180   | 2.69e+00 | 2.53e+02 | 5035     | 7.72538734e-06
  L  |254.6   |31390    | 181   | 2.73e+00 | 3.02e+02 | 4976     | 8.95539403e-06
  L  |256.5   |31590    | 182   | 2.76e+00 | 1.11e+02 | 4946     | 1.01176989e-05
  L  |258.3   |31790    | 183   | 2.76e+00 | 1.36e+02 | 4883     | 1.08507782e-05
  L  |260.7   |31990    | 185   | 1.93e+00 | 1.78e+02 | 4868     | 1.12332474e-05
  L  |262.6   |32190    | 186   | 1.96e+00 | 2.57e+02 | 4894     | 1.15728494e-05
  L  |264.9   |32390    | 187   | 1.99e+00 | 1.07e+02 | 4765     | 1.20785043e-05
  L  |267.0   |32590    | 188   | 1.99e+00 | 1.19e+02 | 4865     | 1.23211035e-05
  L  |269.3   |32790    | 189   | 2.07e+00 | 9.52e+01 | 4927     | 1.30120013e-05
  L  |271.2   |32990    | 190   | 2.11e+00 | 2.26e+02 | 4870     | 1.35275264e-05
  L  |273.3   |33190    | 191   | 2.11e+00 | 1.17e+02 | 4839     | 1.42065766e-05
  L  |275.2   |33390    | 192   | 2.18e+00 | 1.36e+02 | 4893     | 1.50608023e-05
  L  |277.2   |33590    | 193   | 2.19e+00 | 1.41e+02 | 4792     | 1.58880779e-05
  L  |279.4   |33790    | 194   | 2.21e+00 | 1.14e+02 | 4891     | 1.65275592e-05
  L  |281.3   |33990    | 195   | 2.21e+00 | 1.04e+02 | 4857     | 1.70993961e-05
  L  |285.8   |34190    | 196   | 2.21e+00 | 1.37e+02 | 4740     | 1.77102863e-05
  L  |290.4   |34390    | 197   | 2.21e+00 | 1.66e+02 | 4806     | 1.82670399e-05
  L  |294.0   |34590    | 198   | 2.28e+00 | 1.19e+02 | 4845     | 1.88807995e-05
  L  |296.9   |34790    | 199   | 2.28e+00 | 1.02e+02 | 4837     | 1.92956538e-05
  L  |299.7   |34990    | 200   | 2.28e+00 | 1.90e+02 | 4798     | 1.97961838e-05
  L  |302.8   |35190    | 201   | 2.28e+00 | 1.10e+02 | 4849     | 2.00695090e-05
  L  |306.0   |35390    | 202   | 2.34e+00 | 1.55e+02 | 4839     | 2.06480586e-05
  L  |308.9   |35590    | 203   | 2.34e+00 | 1.94e+02 | 4933     | 2.11642347e-05
  L  |311.9   |35790    | 204   | 2.34e+00 | 9.19e+01 | 4910     | 2.15751626e-05
type |   time |   iters | facts |    shift | viol sum | viol num | obj value
  L  |314.9   |35990    | 205   | 2.34e+00 | 9.04e+01 | 4832     | 2.20496613e-05
  L  |318.0   |36190    | 206   | 2.34e+00 | 8.96e+01 | 4703     | 2.23013849e-05
  L  |321.1   |36390    | 207   | 2.39e+00 | 8.46e+01 | 4767     | 2.28643734e-05
  L  |324.0   |36590    | 208   | 2.39e+00 | 1.06e+02 | 4854     | 2.34295378e-05
  L  |327.3   |36790    | 209   | 2.39e+00 | 7.34e+01 | 4786     | 2.38794659e-05
  L  |330.5   |36990    | 210   | 2.39e+00 | 1.39e+02 | 4802     | 2.50182336e-05
  L  |333.6   |37190    | 211   | 2.43e+00 | 7.98e+01 | 4726     | 2.53296547e-05
  L  |337.0   |37390    | 212   | 2.43e+00 | 1.37e+02 | 4815     | 2.57711432e-05
  L  |340.2   |37590    | 213   | 2.43e+00 | 1.51e+02 | 4681     | 2.60882206e-05
  L  |343.6   |37790    | 214   | 2.43e+00 | 9.22e+01 | 4747     | 2.65037663e-05
  L  |346.8   |37990    | 215   | 2.43e+00 | 9.76e+01 | 4930     | 2.67706211e-05
  L  |349.7   |38190    | 216   | 2.46e+00 | 1.51e+02 | 4741     | 5.62040150e-05
  L  |352.6   |38390    | 217   | 2.47e+00 | 1.02e+02 | 4690     | 5.67967010e-05
  L  |355.6   |38590    | 218   | 2.47e+00 | 8.40e+01 | 4737     | 5.72797587e-05
  L  |358.7   |38790    | 219   | 2.47e+00 | 5.85e+01 | 4944     | 5.76293532e-05
  L  |361.9   |38990    | 220   | 2.47e+00 | 1.32e+02 | 4659     | 5.79089033e-05
  L  |365.1   |39190    | 221   | 2.49e+00 | 2.54e+02 | 4746     | 5.82500055e-05
  L  |368.3   |39390    | 222   | 2.49e+00 | 5.75e+01 | 4613     | 5.85795933e-05
  L  |371.5   |39590    | 223   | 2.50e+00 | 8.69e+01 | 4668     | 5.89073536e-05
  L  |374.4   |39790    | 224   | 2.50e+00 | 8.82e+01 | 4693     | 5.92510886e-05
  L  |377.6   |39990    | 225   | 2.50e+00 | 9.82e+01 | 4715     | 5.96306479e-05
  E  |377.7   |39996    | 225   | 8.13e+01 | 0.00e+00 | 0        | 0.00000000e+00
  L  |378.6   |39996    | 226   | 0.00e+00 | 8.11e+01 | 4747     | 0.00000000e+00
  L  |386.2   |40187    | 226   | 2.18e+00 | 2.08e+02 | 4747     | 7.46016671e-07
  L  |389.7   |40387    | 227   | 2.38e+00 | 1.67e+02 | 4892     | 1.72029397e-06
  L  |394.2   |40587    | 228   | 2.43e+00 | 1.38e+02 | 4903     | 2.56172632e-06
  L  |399.4   |40787    | 229   | 2.49e+00 | 1.43e+02 | 4878     | 2.95937973e-06
  L  |403.3   |40987    | 230   | 2.49e+00 | 1.18e+02 | 4841     | 3.46748631e-06
  L  |406.9   |41187    | 231   | 2.53e+00 | 9.46e+01 | 4826     | 3.82049028e-06
  L  |410.2   |41387    | 232   | 2.53e+00 | 9.10e+01 | 4872     | 4.41783384e-06
  L  |413.6   |41587    | 233   | 2.62e+00 | 8.69e+01 | 4898     | 5.18515808e-06
  L  |417.0   |41787    | 234   | 2.66e+00 | 1.21e+02 | 4882     | 6.16919624e-06
type |   time |   iters | facts |    shift | viol sum | viol num | obj value
  L  |420.6   |41987    | 235   | 2.66e+00 | 1.31e+02 | 4793     | 6.64853087e-06
  L  |424.9   |42187    | 236   | 2.69e+00 | 1.36e+02 | 4796     | 7.45916961e-06
  L  |429.0   |42387    | 237   | 2.69e+00 | 9.17e+01 | 4769     | 7.84285114e-06
  L  |434.4   |42587    | 239   | 1.35e+00 | 1.36e+02 | 4794     | 8.24818590e-06
  L  |438.5   |42787    | 240   | 1.82e+00 | 1.19e+02 | 4860     | 8.32286289e-06
  L  |442.6   |42987    | 241   | 1.82e+00 | 1.26e+02 | 4931     | 8.34085371e-06
  L  |446.1   |43187    | 242   | 1.87e+00 | 1.08e+02 | 4969     | 8.74349520e-06
  L  |450.1   |43387    | 243   | 2.15e+00 | 1.30e+02 | 4960     | 9.21099554e-06
  L  |454.4   |43587    | 244   | 2.17e+00 | 1.01e+02 | 4770     | 9.75208477e-06
  L  |457.8   |43787    | 245   | 2.27e+00 | 1.27e+02 | 4814     | 1.07238089e-05
  L  |460.2   |43987    | 246   | 2.27e+00 | 6.72e+01 | 4906     | 1.11084749e-05
  L  |462.8   |44187    | 247   | 2.27e+00 | 1.18e+02 | 4827     | 1.14965322e-05
  L  |465.2   |44387    | 248   | 2.31e+00 | 8.85e+01 | 4884     | 5.13974317e-05
  L  |467.8   |44587    | 249   | 2.33e+00 | 9.43e+01 | 4744     | 5.21055822e-05
  L  |470.4   |44787    | 250   | 2.34e+00 | 7.04e+01 | 4795     | 5.26545302e-05
  L  |473.1   |44987    | 251   | 2.36e+00 | 1.03e+02 | 4860     | 5.30899934e-05
  L  |475.6   |45187    | 252   | 2.36e+00 | 6.06e+01 | 4916     | 5.34504588e-05
  L  |478.4   |45387    | 253   | 2.36e+00 | 7.92e+01 | 4793     | 5.40630449e-05
  L  |480.8   |45587    | 254   | 2.36e+00 | 9.95e+01 | 4756     | 5.43026419e-05
  L  |483.4   |45787    | 255   | 2.36e+00 | 8.50e+01 | 4760     | 5.46900615e-05
  L  |486.2   |45987    | 256   | 2.36e+00 | 8.22e+01 | 4883     | 5.49950692e-05
  L  |488.8   |46187    | 257   | 2.36e+00 | 8.39e+01 | 4780     | 5.52722728e-05
  L  |491.3   |46387    | 258   | 2.38e+00 | 6.97e+01 | 4833     | 5.56492672e-05
  L  |493.8   |46587    | 259   | 2.41e+00 | 1.52e+02 | 4726     | 5.60313142e-05
  L  |496.7   |46787    | 260   | 2.41e+00 | 9.13e+01 | 4694     | 5.63260821e-05
  L  |499.3   |46987    | 261   | 2.41e+00 | 6.66e+01 | 4912     | 5.67286036e-05
  L  |501.8   |47187    | 262   | 2.42e+00 | 5.91e+01 | 4870     | 5.70851622e-05
  L  |504.6   |47387    | 263   | 2.45e+00 | 7.29e+01 | 4873     | 5.76507948e-05
  L  |507.1   |47587    | 264   | 2.46e+00 | 5.62e+01 | 4882     | 5.80920928e-05
  L  |509.7   |47787    | 265   | 2.46e+00 | 1.08e+02 | 4778     | 5.84076555e-05
type |   time |   iters | facts |    shift | viol sum | viol num | obj value
  L  |512.4   |47987    | 266   | 2.46e+00 | 7.07e+01 | 4752     | 5.88653427e-05
  L  |515.2   |48187    | 267   | 2.49e+00 | 1.08e+02 | 4806     | 5.94263242e-05
  L  |517.9   |48387    | 268   | 2.50e+00 | 1.07e+02 | 4692     | 5.98082577e-05
  L  |520.5   |48587    | 269   | 2.51e+00 | 6.39e+01 | 4795     | 6.01559934e-05
  L  |523.0   |48787    | 270   | 2.51e+00 | 6.92e+01 | 4773     | 6.05266171e-05
  L  |525.7   |48987    | 271   | 2.51e+00 | 6.30e+01 | 4803     | 6.09201858e-05
  L  |528.5   |49187    | 272   | 2.53e+00 | 7.93e+01 | 4766     | 6.12780020e-05
  L  |531.2   |49387    | 273   | 2.53e+00 | 8.68e+01 | 4735     | 6.16956567e-05
  L  |533.9   |49587    | 274   | 2.54e+00 | 1.21e+02 | 4790     | 6.22066197e-05
  L  |536.7   |49787    | 275   | 2.54e+00 | 7.50e+01 | 4830     | 6.25308449e-05
  L  |539.6   |49987    | 276   | 2.56e+00 | 1.12e+02 | 4705     | 6.29211457e-05
  E  |539.7   |49995    | 276   | 1.21e+02 | 0.00e+00 | 0        | 0.00000000e+00
  L  |540.7   |49995    | 277   | 0.00e+00 | 1.21e+02 | 4879     | 0.00000000e+00
  L  |545.9   |50184    | 277   | 1.90e+00 | 2.07e+02 | 4879     | 4.74995422e-05
  L  |549.2   |50384    | 278   | 2.24e+00 | 1.16e+02 | 5021     | 4.87952984e-05
  L  |552.2   |50584    | 279   | 2.32e+00 | 1.30e+02 | 4961     | 4.99184874e-05
  L  |555.2   |50784    | 280   | 2.36e+00 | 1.40e+02 | 4915     | 5.08389034e-05
  L  |558.5   |50984    | 281   | 2.40e+00 | 3.02e+02 | 5025     | 5.15196169e-05
  L  |561.6   |51184    | 282   | 2.48e+00 | 1.38e+02 | 4922     | 5.22493578e-05
  L  |564.6   |51384    | 283   | 2.54e+00 | 8.71e+01 | 4871     | 5.32929239e-05
  L  |567.7   |51584    | 284   | 2.54e+00 | 1.12e+02 | 4793     | 5.38212586e-05
  L  |570.7   |51784    | 285   | 2.59e+00 | 1.07e+02 | 4769     | 5.44759673e-05
  L  |573.9   |51984    | 286   | 2.61e+00 | 9.31e+01 | 4740     | 5.50848784e-05
  L  |576.9   |52184    | 287   | 2.61e+00 | 1.44e+02 | 4915     | 5.54927967e-05
  L  |580.5   |52384    | 288   | 2.64e+00 | 9.53e+01 | 4892     | 5.60284178e-05
  L  |583.9   |52584    | 289   | 2.68e+00 | 9.45e+01 | 4802     | 5.72083899e-05
  L  |587.3   |52784    | 290   | 2.69e+00 | 1.62e+02 | 4881     | 5.78923340e-05
  L  |590.7   |52984    | 291   | 2.71e+00 | 7.44e+01 | 4918     | 5.86613762e-05
  L  |595.4   |53184    | 293   | 1.79e+00 | 1.18e+02 | 4812     | 5.89709213e-05
  L  |599.2   |53384    | 294   | 1.93e+00 | 1.01e+02 | 4810     | 5.99823721e-05
  L  |602.7   |53584    | 295   | 1.93e+00 | 9.53e+01 | 4815     | 6.05495186e-05
  L  |606.1   |53784    | 296   | 1.95e+00 | 1.50e+02 | 4968     | 6.08569372e-05
type |   time |   iters | facts |    shift | viol sum | viol num | obj value
  L  |609.7   |53984    | 297   | 1.98e+00 | 8.40e+01 | 4942     | 6.14785097e-05
  L  |613.1   |54184    | 298   | 1.98e+00 | 1.18e+02 | 4773     | 6.19163834e-05
  L  |616.4   |54384    | 299   | 2.03e+00 | 7.08e+01 | 4837     | 6.23664766e-05
  L  |619.8   |54584    | 300   | 2.03e+00 | 8.07e+01 | 4854     | 6.26507169e-05
  L  |623.1   |54784    | 301   | 2.03e+00 | 5.35e+01 | 4844     | 6.29309747e-05
  L  |626.8   |54984    | 302   | 2.03e+00 | 7.24e+01 | 4859     | 6.32000643e-05
  L  |630.2   |55184    | 303   | 2.09e+00 | 6.64e+01 | 5062     | 6.36278480e-05
  L  |633.8   |55384    | 304   | 2.13e+00 | 9.73e+01 | 4912     | 6.42211426e-05
  L  |637.5   |55584    | 305   | 2.13e+00 | 6.65e+01 | 4811     | 6.47939844e-05
  L  |640.9   |55784    | 306   | 2.14e+00 | 7.77e+01 | 4833     | 6.52814347e-05
  L  |644.5   |55984    | 307   | 2.16e+00 | 6.59e+01 | 4796     | 6.57812539e-05
  L  |648.2   |56184    | 308   | 2.17e+00 | 1.08e+02 | 4791     | 6.65420747e-05
  L  |651.9   |56384    | 309   | 2.17e+00 | 8.67e+01 | 4687     | 6.70872074e-05
  L  |655.7   |56584    | 310   | 2.18e+00 | 7.67e+01 | 4834     | 6.74537614e-05
  L  |659.2   |56784    | 311   | 2.18e+00 | 2.04e+02 | 4915     | 6.79688722e-05
  L  |662.7   |56984    | 312   | 2.20e+00 | 5.49e+01 | 4726     | 6.84426370e-05
  L  |666.2   |57184    | 313   | 2.20e+00 | 1.23e+02 | 4773     | 6.89144158e-05
  L  |669.7   |57384    | 314   | 2.20e+00 | 7.69e+01 | 4882     | 6.93530917e-05
  L  |673.1   |57584    | 315   | 2.21e+00 | 1.17e+02 | 4657     | 6.95700792e-05
  L  |676.6   |57784    | 316   | 2.23e+00 | 9.08e+01 | 4706     | 7.01460003e-05
  L  |680.1   |57984    | 317   | 2.23e+00 | 5.87e+01 | 4737     | 7.04480874e-05
  L  |683.7   |58184    | 318   | 2.24e+00 | 6.04e+01 | 4813     | 7.08826306e-05
  L  |687.2   |58384    | 319   | 2.25e+00 | 6.62e+01 | 4744     | 7.13561591e-05
  L  |690.8   |58584    | 320   | 2.25e+00 | 5.99e+01 | 4823     | 7.16981657e-05
  L  |694.2   |58784    | 321   | 2.25e+00 | 5.53e+01 | 4774     | 7.19703769e-05
  L  |697.7   |58984    | 322   | 2.25e+00 | 5.76e+01 | 4768     | 7.23287958e-05
  L  |701.0   |59184    | 323   | 2.27e+00 | 5.84e+01 | 4714     | 7.27823157e-05
  L  |704.8   |59384    | 324   | 2.27e+00 | 6.29e+01 | 4749     | 7.32014272e-05
  L  |708.4   |59584    | 325   | 2.27e+00 | 5.05e+01 | 4882     | 7.34837645e-05
  L  |711.9   |59784    | 326   | 2.27e+00 | 5.65e+01 | 4738     | 7.36953637e-05
type |   time |   iters | facts |    shift | viol sum | viol num | obj value
  L  |715.4   |59984    | 327   | 2.29e+00 | 1.44e+02 | 4691     | 7.41287716e-05
  E  |715.5   |59994    | 327   | 5.78e+01 | 0.00e+00 | 0        | 0.00000000e+00
  L  |717.0   |59994    | 328   | 0.00e+00 | 5.76e+01 | 4640     | 0.00000000e+00
  L  |721.8   |60181    | 328   | 1.97e+00 | 3.25e+02 | 4640     | 1.55818930e-06
  L  |725.8   |60381    | 329   | 2.10e+00 | 1.33e+02 | 4908     | 2.55675466e-06
  L  |730.0   |60581    | 330   | 2.44e+00 | 1.57e+02 | 4879     | 3.08616341e-06
  L  |733.8   |60781    | 331   | 2.51e+00 | 1.95e+02 | 4914     | 4.28587932e-06
  L  |737.8   |60981    | 332   | 2.56e+00 | 1.35e+02 | 4943     | 3.92136589e-05
  L  |741.4   |61181    | 333   | 2.56e+00 | 9.07e+01 | 4764     | 3.97331306e-05
  L  |745.3   |61381    | 334   | 2.60e+00 | 1.16e+02 | 4835     | 4.04931237e-05
  L  |749.0   |61581    | 335   | 2.64e+00 | 1.27e+02 | 4769     | 4.12705402e-05
  L  |753.0   |61781    | 336   | 2.67e+00 | 1.18e+02 | 4776     | 4.21667141e-05
  L  |756.8   |61981    | 337   | 2.67e+00 | 1.03e+02 | 4824     | 4.25432311e-05
  L  |760.6   |62181    | 338   | 2.69e+00 | 1.64e+02 | 4771     | 4.30521348e-05
  L  |764.4   |62381    | 339   | 2.69e+00 | 1.81e+02 | 4855     | 4.34481558e-05
  L  |768.2   |62581    | 340   | 2.69e+00 | 1.10e+02 | 4780     | 4.38977916e-05
  L  |772.0   |62781    | 341   | 2.71e+00 | 1.33e+02 | 4765     | 4.44934331e-05
  L  |775.8   |62981    | 342   | 2.76e+00 | 8.78e+01 | 4879     | 4.51931652e-05
  L  |779.5   |63181    | 343   | 2.76e+00 | 1.02e+02 | 4761     | 4.58396331e-05
  L  |783.8   |63381    | 344   | 2.79e+00 | 1.24e+02 | 4793     | 4.67946295e-05
  L  |788.5   |63581    | 345   | 2.79e+00 | 1.09e+02 | 4765     | 4.74437723e-05
  L  |795.9   |63781    | 347   | 2.09e+00 | 1.61e+02 | 4804     | 4.78686473e-05
  L  |800.7   |63981    | 348   | 2.13e+00 | 8.44e+01 | 4747     | 4.85353274e-05
  L  |805.5   |64181    | 349   | 2.18e+00 | 7.62e+01 | 4707     | 4.89636808e-05
  L  |810.7   |64381    | 350   | 2.21e+00 | 7.25e+01 | 4804     | 4.96010550e-05
  L  |815.9   |64581    | 351   | 2.23e+00 | 5.65e+01 | 4701     | 4.99121028e-05
  L  |820.6   |64781    | 352   | 2.26e+00 | 8.70e+01 | 4693     | 5.04004882e-05
  L  |825.3   |64981    | 353   | 2.26e+00 | 1.32e+02 | 4649     | 5.07551430e-05
  L  |830.8   |65181    | 354   | 2.26e+00 | 7.13e+01 | 4712     | 5.11085153e-05
  L  |835.6   |65381    | 355   | 2.26e+00 | 6.45e+01 | 4682     | 5.12971701e-05
  L  |840.4   |65581    | 356   | 2.31e+00 | 6.55e+01 | 4799     | 5.19082169e-05
  L  |845.3   |65781    | 357   | 2.31e+00 | 8.30e+01 | 4680     | 5.22781989e-05
type |   time |   iters | facts |    shift | viol sum | viol num | obj value
  L  |850.2   |65981    | 358   | 2.31e+00 | 5.85e+01 | 4761     | 5.26196023e-05
  L  |854.7   |66181    | 359   | 2.32e+00 | 6.22e+01 | 4740     | 5.30220627e-05
  L  |860.0   |66381    | 360   | 2.35e+00 | 8.68e+01 | 4751     | 5.37361509e-05
  L  |864.9   |66581    | 361   | 2.35e+00 | 6.03e+01 | 4592     | 5.40537712e-05
  L  |869.6   |66781    | 362   | 2.35e+00 | 6.48e+01 | 4653     | 5.44063668e-05
  L  |874.2   |66981    | 363   | 2.36e+00 | 6.52e+01 | 4600     | 5.48394883e-05
  L  |878.2   |67181    | 364   | 2.39e+00 | 6.94e+01 | 4704     | 5.52381940e-05
  L  |882.1   |67381    | 365   | 2.39e+00 | 5.59e+01 | 4606     | 5.55573024e-05
  L  |885.9   |67581    | 366   | 2.39e+00 | 5.73e+01 | 4683     | 5.58980410e-05
  L  |889.9   |67781    | 367   | 2.39e+00 | 7.38e+01 | 4717     | 5.61876422e-05
  L  |894.0   |67981    | 368   | 2.41e+00 | 6.71e+01 | 4606     | 5.66577763e-05
  L  |898.0   |68181    | 369   | 2.41e+00 | 4.22e+01 | 4722     | 5.68868074e-05
 --- timelimit (8.99770000e+02) reached
  L  |901.3   |68290    | 370   | 2.41e+00 | 4.64e+01 | 4542     | 5.70408145e-05
 --- unscaling internal solution
 --- unsimplifying solution and basis
 --- unscaling external solution

SoPlex status       : solving aborted [time limit reached]
Solving time (sec)  : 901.52
Iterations          : 68290
Objective value     : 5.70408145e-05

Could not check primal solution.
Could not check dual solution.
