type_counts {'1:0': 1, '1:1': 1, '2:0': 2, '2:1': 2, '2:2': 2, '3:0': 4, '3:1': 6, '3:2': 6, '3:3': 4, '4:0': 10, '4:1': 20, '4:2': 28, '4:3': 20, '4:4': 10, '5:0': 28, '5:1': 84, '5:2': 146, '5:3': 146, '5:4': 84, '5:5': 28, '6:0': 114, '6:1': 468, '6:2': 1071, '6:3': 1364, '6:4': 1071, '6:5': 468, '6:6': 114, '7:0': 627, '7:1': 3848, '7:2': 11314, '7:3': 18726, '7:4': 18726, '7:5': 11314, '7:6': 3848, '7:7': 627}
variables 84341 equalities 10617 inequalities 2
Running HiGHS 1.15.1 (git hash: 04024d7): Copyright (c) 2026 under MIT licence terms
Includes third-party software components, see THIRD_PARTY_NOTICES.md for full details
LP has 10619 rows; 84341 cols; 574669 nonzeros
Coefficient ranges:
  Matrix  [1e-02, 1e+00]
  Cost    [0e+00, 0e+00]
  Bound   [0e+00, 0e+00]
  RHS     [5e-01, 1e+00]
Presolving model
10611 rows, 84336 cols, 574653 nonzeros 0s
Dependent equations search running on 10563 equations with time limit of 9.00s
Dependent equations search terminated after 0.175s due to expected time exceeding limit
10563 rows, 84290 cols, 574863 nonzeros 0s
Presolve reductions: rows 10563(-56); columns 84290(-51); nonzeros 574863(+194)
Solving the presolved LP
Using dual simplex solver
  Iteration        Objective     Infeasibilities num(sum)
          0     6.0161371098e-07 Pr: 23(36.5362) 0.8s
       3038     1.4203272303e-05 Pr: 2386(275.814); Du: 0(5.75844e-06) 5.9s
       4720     1.4404381791e-05 Pr: 3533(304.233); Du: 0(8.51644e-06) 11.5s
       5961     1.4485826272e-05 Pr: 3837(259.946); Du: 0(4.62721e-06) 16.9s
       6966     1.4551209702e-05 Pr: 4158(121.96); Du: 0(9.34859e-06) 22.4s
       7817     1.4581904013e-05 Pr: 4211(177.473); Du: 0(7.71455e-06) 27.9s
       8807     1.4612392284e-05 Pr: 4202(309.092); Du: 0(4.94303e-06) 35.4s
      10003     1.4643096347e-05 Pr: 4284(67.6539); Du: 0(6.86707e-06) 45.9s
      10676     1.4653750175e-05 Pr: 4236(51.0722); Du: 0(7.43505e-06) 52.9s
      11383     1.4666928869e-05 Pr: 4262(49.7552); Du: 0(1.01057e-05) 60.9s
      11893     1.4671491736e-05 Pr: 4307(87.8048); Du: 0(7.45692e-06) 67.3s
      12407     1.4677522899e-05 Pr: 4238(42.9352); Du: 0(8.90305e-06) 74.2s
      12985     1.4686208639e-05 Pr: 4304(48.3685); Du: 0(1.1778e-05) 82.0s
      13628     1.4688978434e-05 Pr: 4330(225.911); Du: 0(8.50492e-06) 91.0s
      14186     1.4696035728e-05 Pr: 4322(41.7816); Du: 0(1.08332e-05) 99.8s
      14731     1.4699713196e-05 Pr: 4368(47.2427); Du: 0(1.04644e-05) 108.8s
      15275     1.4702861711e-05 Pr: 4276(59.4112); Du: 0(8.70871e-06) 117.6s
      15640     1.4705188592e-05 Pr: 4234(54.4746); Du: 0(8.78408e-06) 124.0s
      16001     1.4705964358e-05 Pr: 4289(103.607); Du: 0(8.22266e-06) 131.9s
      16502     1.4710232157e-05 Pr: 4216(28.151); Du: 0(1.05501e-05) 140.2s
      17006     1.4711658062e-05 Pr: 4136(20.8293); Du: 0(8.45079e-06) 149.0s
      17404     1.4714940595e-05 Pr: 4264(40.2496); Du: 0(1.03166e-05) 157.6s
      17742     1.4716045163e-05 Pr: 4414(57.8366); Du: 0(1.09438e-05) 164.8s
      18156     1.4717174631e-05 Pr: 4191(22.6802); Du: 0(1.05596e-05) 173.0s
      18564     1.4717561431e-05 Pr: 4366(87.9269); Du: 0(1.03565e-05) 181.7s
      18925     1.4719902590e-05 Pr: 4258(34.588); Du: 0(1.18954e-05) 191.3s
      19337     1.4720244262e-05 Pr: 4343(58.9626); Du: 0(1.21091e-05) 200.3s
      19738     1.4722047834e-05 Pr: 4242(30.4561); Du: 0(1.20539e-05) 210.0s
      20153     1.4723710602e-05 Pr: 4263(28.4433); Du: 0(1.19632e-05) 221.3s
      20486     1.4724717357e-05 Pr: 4354(40.8967); Du: 0(1.29628e-05) 230.7s
      20934     1.4724720454e-05 Pr: 4348(91.5068); Du: 0(1.09702e-05) 240.9s
      21298     1.4726848985e-05 Pr: 4115(19.1704); Du: 0(1.13751e-05) 249.9s
      21581     1.4727176537e-05 Pr: 4178(21.0838); Du: 0(1.18296e-05) 257.6s
      21993     1.4729534083e-05 Pr: 4176(21.311); Du: 0(1.35218e-05) 268.4s
      22391     1.4730624766e-05 Pr: 4317(42.1822); Du: 0(1.30362e-05) 278.1s
      22817     1.4730627243e-05 Pr: 4359(77.16); Du: 0(1.19763e-05) 287.3s
      23085     1.4730627246e-05 Pr: 4332(70.9554); Du: 0(1.18118e-05) 295.9s
      23514     1.4731767571e-05 Pr: 4323(91.7794); Du: 0(1.09916e-05) 307.2s
      23926     1.4731769577e-05 Pr: 4282(43.3775); Du: 0(1.06667e-05) 317.7s
      24183     1.4733289372e-05 Pr: 4263(40.6282); Du: 0(1.144e-05) 327.4s
      24482     1.4733755823e-05 Pr: 4257(31.8017); Du: 0(1.13183e-05) 337.0s
      24778     1.4734498111e-05 Pr: 4303(56.6226); Du: 0(1.25968e-05) 346.0s
      25059     1.4734501342e-05 Pr: 4254(42.8318); Du: 0(1.21866e-05) 355.0s
      25264     1.4734502064e-05 Pr: 4271(69.0582); Du: 0(1.1445e-05) 364.1s
      25493     1.4734528103e-05 Pr: 4239(69.9286); Du: 0(1.12702e-05) 371.7s
      25831     1.4734528103e-05 Pr: 4318(317.502); Du: 0(1.04465e-05) 381.3s
      26160     1.4735683626e-05 Pr: 4141(24.4244); Du: 0(1.03104e-05) 390.6s
      26443     1.4735895315e-05 Pr: 4106(30.112); Du: 0(1.07805e-05) 400.5s
      26823     1.4736358956e-05 Pr: 4218(40.2978); Du: 0(1.10054e-05) 411.2s
      27240     1.4737820261e-05 Pr: 4263(66.401); Du: 0(1.19998e-05) 423.6s
      27536     1.4738586251e-05 Pr: 4048(15.6557); Du: 0(1.22903e-05) 432.9s
      27859     1.4739235209e-05 Pr: 4097(15.2731); Du: 0(1.2217e-05) 443.4s
      28158     1.4739330237e-05 Pr: 3980(12.5483); Du: 0(1.17877e-05) 453.1s
      28721     1.4739444258e-05 Pr: 4222(63.1196); Du: 0(1.028e-05) 466.7s
      28970     1.4740002804e-05 Pr: 4108(19.9853); Du: 0(9.92408e-06) 474.4s
      29425     1.4740410538e-05 Pr: 4265(78.5564); Du: 0(9.94305e-06) 485.1s
      29799     1.4740410538e-05 Pr: 4278(138.259); Du: 0(9.51399e-06) 496.1s
      30091     1.4741787850e-05 Pr: 4130(17.485); Du: 0(1.22016e-05) 504.5s
      30370     1.4741840275e-05 Pr: 4178(28.8871); Du: 0(1.25672e-05) 514.7s
      30790     1.4742364110e-05 Pr: 4150(35.0987); Du: 0(1.17573e-05) 525.4s
      31141     1.4743048079e-05 Pr: 4135(24.75); Du: 0(1.18118e-05) 535.1s
      31423     1.4743059081e-05 Pr: 4184(45.2739); Du: 0(1.06681e-05) 544.4s
      31816     1.4744389873e-05 Pr: 4221(55.8522); Du: 0(1.21137e-05) 555.2s
      32097     1.4744400655e-05 Pr: 4137(30.3224); Du: 0(1.25756e-05) 563.8s
      32596     1.4744977208e-05 Pr: 4198(29.7219); Du: 0(1.22175e-05) 576.6s
      32823     1.4744977208e-05 Pr: 4214(68.6203); Du: 0(1.21689e-05) 585.5s
      33152     1.4745644407e-05 Pr: 4194(36.914); Du: 0(1.20338e-05) 599.1s
      33466     1.4745839076e-05 Pr: 4209(59.908); Du: 0(1.18836e-05) 612.7s
      33649     1.4746032509e-05 Pr: 4080(18.7156); Du: 0(1.13004e-05) 624.1s
      33882     1.4746078283e-05 Pr: 4338(100.276); Du: 0(1.15552e-05) 635.4s
      34061     1.4746297282e-05 Pr: 4147(25.6111); Du: 0(1.08165e-05) 649.1s
      34264     1.4746361718e-05 Pr: 4266(100.093); Du: 0(1.05618e-05) 661.6s
      34561     1.4746370457e-05 Pr: 4255(70.1429); Du: 0(1.07608e-05) 673.7s
      35083     1.4747906689e-05 Pr: 3957(13.74); Du: 0(1.19304e-05) 691.4s
      35333     1.4748192021e-05 Pr: 3967(13.9376); Du: 0(1.18381e-05) 705.1s
      35563     1.4748196264e-05 Pr: 4013(14.2412); Du: 0(1.22587e-05) 720.9s
      35866     1.4748196360e-05 Pr: 4243(54.3827); Du: 0(1.26806e-05) 735.4s
      36219     1.4748197785e-05 Pr: 4105(27.1025); Du: 0(1.27252e-05) 751.6s
      36600     1.4748205989e-05 Pr: 4202(152.726); Du: 0(1.21028e-05) 761.7s
      36867     1.4748210457e-05 Pr: 4205(69.0372); Du: 0(1.17029e-05) 770.9s
      37261     1.4748967442e-05 Pr: 4005(20.0097); Du: 0(1.13355e-05) 782.1s
      37579     1.4749064077e-05 Pr: 4188(47.2836); Du: 0(1.13069e-05) 791.4s
      37938     1.4749075462e-05 Pr: 4146(61.2191); Du: 0(1.03669e-05) 801.5s
      38268     1.4749075492e-05 Pr: 4099(60.4751); Du: 0(1.07328e-05) 811.2s
      38593     1.4749075501e-05 Pr: 4234(164.722); Du: 0(1.00659e-05) 821.6s
      38967     1.4749736267e-05 Pr: 4104(21.0436); Du: 0(9.92048e-06) 833.3s
      39259     1.4749861659e-05 Pr: 3956(18.0139); Du: 0(9.80243e-06) 844.4s
      39523     1.4749861659e-05 Pr: 4139(38.0849); Du: 0(1.0312e-05) 852.8s
      39685     1.4749861659e-05 Pr: 4104(24.1455); Du: 0(1.05043e-05) 862.0s
      39990     1.4749861660e-05 Pr: 4269(78.0496); Du: 0(1.01857e-05) 872.5s
      40283     1.4750695389e-05 Pr: 4045(25.2669); Du: 0(1.10441e-05) 881.7s
      40896     1.4752047473e-05 Pr: 4092(18.6279); Du: 0(1.52443e-05) 895.3s
      41220     1.4752238009e-05 Pr: 4126(18.2193); Du: 0(1.46602e-05) 907.1s
      41220     1.4752238009e-05 Pr: 4126(18.2193); Du: 0(1.46602e-05) 907.1s
Model status        : Time limit reached
Simplex   iterations: 41220
Objective value     :  0.0000000000e+00
HiGHS run time      :        907.08
Solving LP to try to compute dual ray
LP has 10619 rows; 84341 cols; 574669 nonzeros
Coefficient ranges:
  Matrix  [1e-02, 1e+00]
  Cost    [0e+00, 0e+00]
  Bound   [0e+00, 0e+00]
  RHS     [5e-01, 1e+00]
Solving LP without presolve or useful basis
Using dual simplex solver
  Iteration        Objective     Infeasibilities num(sum)
      41220     1.4752238009e-05 Pr: 4126(18.2193); Du: 0(1.46602e-05) 907.1s

Model status        : Time limit reached
Objective value     :  0.0000000000e+00
P-D objective error :  0.0000000000e+00
HiGHS run time      :        907.15
No dual ray found
highspy_status Not Set
dual_ray HighsStatus.kOk False nonzero 0
