type_counts {'1:0': 1, '1:1': 1, '2:0': 2, '2:1': 2, '2:2': 2, '3:0': 4, '3:1': 6, '3:2': 6, '3:3': 4, '4:0': 10, '4:1': 20, '4:2': 28, '4:3': 20, '4:4': 10, '5:0': 28, '5:1': 84, '5:2': 146, '5:3': 146, '5:4': 84, '5:5': 28, '6:0': 114, '6:1': 468, '6:2': 1071, '6:3': 1364, '6:4': 1071, '6:5': 468, '6:6': 114, '7:0': 627, '7:1': 3848, '7:2': 11314, '7:3': 18726, '7:4': 18726, '7:5': 11314, '7:6': 3848, '7:7': 627}
variables 84341 equalities 10617 inequalities 2
Running HiGHS 1.15.1 (git hash: 04024d7): Copyright (c) 2026 under MIT licence terms
Includes third-party software components, see THIRD_PARTY_NOTICES.md for full details
LP has 10619 rows; 84341 cols; 574669 nonzeros
Coefficient ranges:
  Matrix  [1e+00, 3e+03]
  Cost    [0e+00, 0e+00]
  Bound   [0e+00, 0e+00]
  RHS     [1e+00, 1e+02]
Solving LP without presolve or useful basis
Using dual simplex solver
  Iteration        Objective     Infeasibilities num(sum)
          0     0.0000000000e+00 Pr: 4(6304) 0.2s
       2132     4.7492402093e+00 Pr: 1408(4.97459e+08); Du: 0(4.30172e-06) 5.4s
       3339     5.4504445347e+00 Pr: 2400(1.92178e+09); Du: 0(5.60554e-06) 10.6s
       4409     6.0662838358e+00 Pr: 3076(1.16978e+09); Du: 0(5.83769e-06) 15.8s
       5485     6.7038131529e+00 Pr: 3555(1.39788e+09); Du: 0(6.66714e-06) 22.4s
       6332     7.1418957426e+00 Pr: 3894(1.94653e+09); Du: 0(6.60379e-06) 29.3s
       7434     7.6733859721e+00 Pr: 4126(4.3391e+08); Du: 0(7.93213e-06) 35.0s
       8353     8.0972782165e+00 Pr: 4333(1.54823e+09); Du: 0(7.57048e-06) 40.7s
       9471     8.5258137212e+00 Pr: 4491(1.43661e+09); Du: 0(9.34037e-06) 49.5s
      10103     8.6892095254e+00 Pr: 4476(9.06982e+08); Du: 0(7.67277e-06) 55.3s
      10721     8.8356590599e+00 Pr: 4476(1.42891e+09); Du: 0(8.14965e-06) 61.6s
      11366     8.9518209223e+00 Pr: 4476(1.18313e+09); Du: 0(5.91052e-06) 69.0s
      12056     9.1849327895e+00 Pr: 4483(3.40085e+08); Du: 0(1.16817e-05) 77.9s
      12792     9.3157085308e+00 Pr: 4563(1.77328e+09); Du: 0(7.49841e-06) 87.7s
      13354     9.4406318118e+00 Pr: 4520(6.21213e+08); Du: 0(8.78511e-06) 96.5s
      13901     9.5502666958e+00 Pr: 4490(5.30338e+08); Du: 0(9.36561e-06) 105.4s
      14361     9.6481725172e+00 Pr: 4493(5.28583e+08); Du: 0(9.40858e-06) 113.5s
      14830     9.7047719836e+00 Pr: 4551(6.22175e+08); Du: 0(8.59415e-06) 122.5s
      15257     9.7793963417e+00 Pr: 4542(4.51128e+08); Du: 0(1.04714e-05) 131.3s
      15777     9.8210334708e+00 Pr: 4466(3.00411e+08); Du: 0(9.69835e-06) 141.0s
      16046     9.8614551668e+00 Pr: 4546(6.31414e+08); Du: 0(1.19045e-05) 147.9s
      16524     9.9151626867e+00 Pr: 4497(2.38313e+08); Du: 0(1.42386e-05) 157.5s
      16940     9.9288536093e+00 Pr: 4538(3.94017e+08); Du: 0(1.28621e-05) 167.7s
      17236     9.9322275083e+00 Pr: 4553(7.82713e+08); Du: 0(1.18457e-05) 175.5s
      17633     9.9430885985e+00 Pr: 4568(4.47498e+08); Du: 0(1.1267e-05) 184.6s
      18129     9.9823387160e+00 Pr: 4460(2.09279e+08); Du: 0(1.21252e-05) 195.4s
      18572     1.0014660018e+01 Pr: 4504(2.38986e+08); Du: 0(1.19799e-05) 205.8s
      19062     1.0037272577e+01 Pr: 4470(3.5443e+08); Du: 0(1.18126e-05) 216.4s
      19461     1.0065900238e+01 Pr: 4527(3.92491e+08); Du: 0(1.19448e-05) 225.9s
      20111     1.0116249332e+01 Pr: 4536(3.07434e+08); Du: 0(1.28098e-05) 239.9s
      20466     1.0144173188e+01 Pr: 4486(1.69407e+08); Du: 0(1.43145e-05) 249.3s
      20957     1.0166870501e+01 Pr: 4532(2.79185e+08); Du: 0(1.45048e-05) 260.9s
      21334     1.0187820172e+01 Pr: 4620(4.21252e+08); Du: 0(1.39171e-05) 271.0s
      21671     1.0205719994e+01 Pr: 4499(1.63171e+08); Du: 0(1.30704e-05) 280.8s
      21976     1.0222533664e+01 Pr: 4556(3.53515e+08); Du: 0(1.27254e-05) 291.1s
      22402     1.0244528055e+01 Pr: 4451(1.45291e+08); Du: 0(1.33873e-05) 303.5s
      22813     1.0268141084e+01 Pr: 4637(2.62328e+08); Du: 0(1.37402e-05) 313.9s
      23410     1.0308637860e+01 Pr: 4545(2.04344e+08); Du: 0(1.54763e-05) 327.8s
      23779     1.0319044427e+01 Pr: 4622(3.57286e+08); Du: 0(1.5408e-05) 337.7s
      24099     1.0322562169e+01 Pr: 4494(1.99417e+08); Du: 0(1.43743e-05) 347.7s
      24309     1.0326638263e+01 Pr: 4550(4.05452e+08); Du: 0(1.37346e-05) 355.8s
      24652     1.0342604687e+01 Pr: 4573(2.20353e+08); Du: 0(1.39523e-05) 368.0s
      25072     1.0351256169e+01 Pr: 4569(2.6005e+08); Du: 0(1.38435e-05) 382.0s
      25412     1.0362399538e+01 Pr: 4466(1.57218e+08); Du: 0(1.40713e-05) 394.0s
      25812     1.0377894643e+01 Pr: 4603(2.51071e+08); Du: 0(1.68576e-05) 404.8s
      26262     1.0399426090e+01 Pr: 4457(1.22682e+08); Du: 0(1.65869e-05) 418.0s
      26723     1.0413956325e+01 Pr: 4517(1.42474e+08); Du: 0(1.65563e-05) 429.1s
      27109     1.0424814875e+01 Pr: 4525(1.44755e+08); Du: 0(1.66085e-05) 439.9s
      27377     1.0431418460e+01 Pr: 4586(2.1077e+08); Du: 0(1.5231e-05) 449.6s
      27851     1.0437883745e+01 Pr: 4492(1.54503e+08); Du: 0(1.46931e-05) 461.1s
      28151     1.0445093141e+01 Pr: 4673(2.3697e+08); Du: 0(1.43321e-05) 471.6s
      28651     1.0471164098e+01 Pr: 4508(1.8825e+08); Du: 0(1.41302e-05) 483.7s
      28988     1.0481477285e+01 Pr: 4557(2.16856e+08); Du: 0(1.39752e-05) 496.0s
      29441     1.0494284132e+01 Pr: 4631(3.28976e+08); Du: 0(1.43204e-05) 508.1s
      29731     1.0495665919e+01 Pr: 4717(4.61459e+08); Du: 0(1.37604e-05) 519.5s
      30039     1.0499355062e+01 Pr: 4561(1.98972e+08); Du: 0(1.3148e-05) 530.2s
      30411     1.0518552163e+01 Pr: 4455(1.14212e+08); Du: 0(1.49786e-05) 541.8s
      30585     1.0522142038e+01 Pr: 4554(2.10433e+08); Du: 0(1.46001e-05) 550.5s
      30804     1.0533750001e+01 Pr: 4516(1.56502e+08); Du: 0(1.51208e-05) 561.2s
      31201     1.0534972438e+01 Pr: 4537(1.66197e+08); Du: 0(1.53779e-05) 572.6s
      31647     1.0541945994e+01 Pr: 4465(1.18511e+08); Du: 0(1.55672e-05) 584.8s
      32072     1.0553658844e+01 Pr: 4630(2.60244e+08); Du: 0(1.63753e-05) 597.8s
      32344     1.0565466025e+01 Pr: 4517(1.574e+08); Du: 0(1.77299e-05) 608.0s
      32738     1.0570280157e+01 Pr: 4505(1.22399e+08); Du: 0(1.75785e-05) 619.2s
      32940     1.0571479288e+01 Pr: 4514(1.6824e+08); Du: 0(1.75636e-05) 629.3s
      33342     1.0574775150e+01 Pr: 4610(3.03326e+08); Du: 0(1.69359e-05) 645.6s
      33676     1.0579554704e+01 Pr: 4668(3.17579e+08); Du: 0(1.58102e-05) 660.9s
      34040     1.0583579363e+01 Pr: 4728(5.46731e+08); Du: 0(1.51272e-05) 680.1s
      34302     1.0589883288e+01 Pr: 4595(2.00717e+08); Du: 0(1.51491e-05) 698.5s
      34751     1.0597874029e+01 Pr: 4518(1.27708e+08); Du: 0(1.60598e-05) 715.9s
      35072     1.0600654330e+01 Pr: 4510(1.55211e+08); Du: 0(1.54222e-05) 726.4s
      35579     1.0612397174e+01 Pr: 4594(3.5014e+08); Du: 0(1.55542e-05) 739.5s
      35981     1.0615552137e+01 Pr: 4524(1.75391e+08); Du: 0(1.4958e-05) 751.1s
      36412     1.0622409535e+01 Pr: 4599(2.60524e+08); Du: 0(1.46695e-05) 761.9s
      36810     1.0629532804e+01 Pr: 4382(9.11641e+07); Du: 0(1.53183e-05) 772.5s
      37231     1.0636866874e+01 Pr: 4561(1.66792e+08); Du: 0(1.48379e-05) 784.8s
      37696     1.0643786413e+01 Pr: 4570(2.59797e+08); Du: 0(1.51412e-05) 797.6s
      38034     1.0655709807e+01 Pr: 4555(1.57221e+08); Du: 0(1.73937e-05) 810.5s
      38467     1.0662276894e+01 Pr: 4492(1.02126e+08); Du: 0(1.72819e-05) 823.7s
      38819     1.0671188084e+01 Pr: 4488(1.13229e+08); Du: 0(1.72414e-05) 835.8s
      39266     1.0673207285e+01 Pr: 4543(1.65978e+08); Du: 0(1.60947e-05) 847.5s
      39676     1.0675077788e+01 Pr: 4653(1.94149e+08); Du: 0(1.49398e-05) 859.1s
      40100     1.0683064672e+01 Pr: 4297(6.8676e+07); Du: 0(1.51394e-05) 873.0s
      40404     1.0683124029e+01 Pr: 4415(7.12156e+07); Du: 0(1.56176e-05) 883.1s
      40790     1.0687271454e+01 Pr: 4382(7.5681e+07); Du: 0(1.54158e-05) 896.6s
      41078     1.0688991486e+01 900.0s

Model status        : Time limit reached
Simplex   iterations: 41078
Objective value     :  0.0000000000e+00
P-D objective error :  0.0000000000e+00
HiGHS run time      :        900.04
Solving LP to try to compute dual ray
LP has 10619 rows; 84341 cols; 574669 nonzeros
Coefficient ranges:
  Matrix  [1e+00, 3e+03]
  Cost    [0e+00, 0e+00]
  Bound   [0e+00, 0e+00]
  RHS     [1e+00, 1e+02]
Solving LP with useful basis
Using dual simplex solver
  Iteration        Objective     Infeasibilities num(sum)
      41078     1.0688991486e+01 900.1s

Model status        : Time limit reached
Objective value     :  0.0000000000e+00
P-D objective error :  0.0000000000e+00
HiGHS run time      :        900.10
No dual ray found
highspy_status Not Set
dual_ray HighsStatus.kOk False nonzero 0
