c --- [ banner ] -------------------------------------------------------------
c 
c CaDiCaL SAT Solver
c Copyright (c) 2016-2026
c A. Biere, M. Fleury, N. Froleyks, K. Fazekas, F. Pollitt, T. Faller
c JKU Linz, University of Freiburg, TU Wien
c 
c Version 3.0.1 c60730422e758ef1cebe7aeddf2dda31c996bf04
c g++ (Debian 12.2.0-14+deb12u1) 12.2.0 -Wall -Wextra -O3 -DNDEBUG
c Sun Sep 13 05:25:53 UTC 2026 Linux discovery-workbench 6.1.0-52-cloud-amd64 x86_64
c 
c --- [ limit ] --------------------------------------------------------------
c 
c setting time limit to 600 seconds real time (due to '-t 600')
c 
c --- [ parsing input ] ------------------------------------------------------
c 
c reading DIMACS file from 'degree22_paired220_e113.cnf'
c opening file to read 'degree22_paired220_e113.cnf'
c found 'p cnf 165638 2516008' header
c parsed 2516008 clauses in 4.28 seconds process time
c 
c --- [ options ] ------------------------------------------------------------
c 
c   --seed=113                     (different from default '0')
c 
c --- [ solving ] ------------------------------------------------------------
c 
c time measured in process time since initialization
c 
c  seconds   reduction conflicts       size tier2         variables
c          MB    restarts   redundant    glue  trail            remaining
c           level     rate       size/glu tier1   irredundant
c 
c *  4.28 317  0 0   0  0    0    0 0.0 0 0 2 6  0% 2516008 165638 100%
c )  4.53 347  0 0   0  0    0    0 0.0 0 0 2 6  0% 2516008 165638 100%
c {  4.61 348  0 0   0  0    0    0 0.0 0 0 2 6  0% 2516008 165638 100%
c -  5.21 363 3244 1  33 101  300   71 1.3 27 20 2 6 21% 2516008 165638 100%
c }  6.50 372 10344 1 112 94 1003  694 1.3 31 24 2 6 41% 2516008 165638 100%
c [  6.50 372  0 1 112  0 1003  694 0.0 0 0 2 6  0% 2516008 165638 100%
c O  6.51 372 10 1 112 11 1004  695 1.1 11 10 2 6  4% 2516008 165638 100%
c -  7.90 549 88 2 112  2 1341  291 1.4 42 29 2 6 52% 2516008 165638 100%
c ]  9.02 549 94 2 113  1 2584 1486 1.6 74 48 2 6 56% 2516008 165638 100%
c {  9.02 549 10344 2 113 94 2584 1486 1.3 31 24 2 6 41% 2516008 165638 100%
c O 10.10 549 7292 2 150 69 3006 1874 1.3 32 24 2 6 42% 2516008 165638 100%
c - 12.01 549 5287 3 218 54 3537  667 1.3 33 25 2 6 43% 2516008 165638 100%
c p 13.58 549 4128 3 289 45 4097 1199 1.3 33 25 2 6 45% 2516008 165637 100%
c } 17.10 549 2797 3 367 33 5303 2317 1.3 34 25 14 30 43% 2516006 165637 100%
c [ 17.10 549 94 3 367  1 5303 2317 1.6 74 48 2 6 56% 2516006 165637 100%
c I 17.47 549 98 3 368  1 6008 3001 1.5 73 48 17 61 57% 2516006 165637 100%
c - 18.67 549 97 4 368  1 7108 2766 1.4 73 52 18 66 56% 2516006 165637 100%
c s 20.28 549 97 4 368  1 7852 3401 1.4 74 54 18 66 57% 2497594 165637 100%
c e 21.91 552 97 4 368  1 7852 2731 1.4 74 54 18 66 57% 2327091 40436 24%
c s 22.58 553 97 4 368  1 7852 2731 1.4 74 54 18 66 57% 2311164 40436 24%
c 
c  seconds    reductions conflicts       size    tier2          variables
c          MB     restarts    redundant     glue     trail           remaining
c            level     rate        size/glue  tier1     irredundant
c 
c B 24.43 546 101 4 371  1 10010 4637 1.3 77 59 18 69 44% 2311164 40436 24%
c - 25.33 547 97 5 372  1 12167 4248 1.4 75 56 18 69 43% 2311164 40436 24%
c W 28.04 547 95 5 372  1 15011 6830 1.4 78 56 18 68 44% 2311164 40436 24%
c - 29.85 547 99 6 375  1 18684 5820 1.4 78 57 18 68 44% 2311164 40436 24%
c ] 30.69 547 102 6 376  1 20632 7688 1.4 80 59 18 68 45% 2311164 40436 24%
c { 30.69 547 2797 6 376 33 20632 7688 1.3 34 25 14 30 177% 2311164 40436 24%
c # 31.22 547 2540 6 441 32 21013 8060 1.3 34 26 14 30 164% 2311164 40436 24%
c - 33.53 547 1059 7 645 16 26762 9786 1.5 34 23 14 31 81% 2311164 40436 24%
c B 34.81 547 942 7 682 14 28014 10928 1.5 34 23 14 31 75% 2311164 40436 24%
c W 39.52 547 549 7 1169 11 36015 17997 1.5 32 22 14 31 51% 2311164 40436 24%
c - 40.07 548 537 8 1169 11 36427 15799 1.4 32 22 14 31 50% 2311164 40436 24%
c F 41.33 548 364 8 1169  8 45018 21581 1.4 28 20 11 20 37% 2311164 40436 24%
c - 45.35 548 338 9 1748  9 47705 16789 1.4 29 21 11 20 37% 2311164 40436 24%
c } 48.02 548 304 9 2129 10 51699 20504 1.4 29 21 11 20 36% 2311164 40436 24%
c [ 48.02 548 102 9 2129  1 51699 20504 1.4 80 59 18 68 45% 2311164 40436 24%
c O 48.97 548 105 9 2131  1 55019 23609 1.3 79 59 18 68 44% 2311164 40436 24%
c - 50.83 548 97 10 2133  1 60613 18324 1.4 78 56 18 68 45% 2311164 40436 24%
c B 52.87 548 95 10 2133  1 66021 23029 1.4 80 56 18 68 45% 2311164 40436 24%
c - 55.63 548 99 11 2139  1 75160 16808 1.4 80 58 17 65 43% 2311164 40436 24%
c W 59.01 548 100 11 2140  1 78022 19453 1.4 80 59 17 65 43% 2311164 40436 24%
c 
c  seconds    reductions   conflicts        size    tier2          variables
c          MB      restarts      redundant     glue     trail           remaining
c            level       rate         size/glue  tier1     irredundant
c 
c ] 63.19 548 104 11 2147  1 90564 30519 1.3 83 64 17 65 43% 2311164 40436 24%
c { 63.19 548 304 11 2147 10 90564 30519 1.4 29 21 11 20 36% 2311164 40436 24%
c B 63.84 548 300 11 2237 10 91025 30955 1.4 29 21 11 20 36% 2311164 40436 24%
c - 64.78 548 298 12 2301 10 91359 16464 1.4 29 21 11 20 36% 2311164 40436 24%
c W 71.86 548 218 12 3054  9 105026 27154 1.5 29 19 11 20 30% 2311164 40436 24%
c - 72.98 548 199 13 3081  8 109220 23927 1.5 29 19 11 20 29% 2311164 40436 24%
c # 74.00 548 161 13 3086  7 120029 31425 1.5 27 18 11 20 25% 2311164 40436 24%
c s 78.38 548 144 13 3500  7 127410 37811 1.5 27 18 11 20 23% 2301693 40436 24%
c s 80.73 549 144 13 3500  7 127410 37811 1.5 27 18 11 20 23% 2299008 40436 24%
c - 84.10 549 143 14 3825  7 128749 34566 1.5 27 18 11 20 24% 2299008 40436 24%
c u 84.45 549 143 14 3825  7 128749 34561 1.5 27 18 11 20 24% 2299008 40436 24%
c v 85.27 549 143 14 3825  7 128749 33987 1.5 27 18 11 20 24% 2299008 40436 24%
c w 85.44 549 143 14 3825  7 128749 33929 1.5 27 18 11 20 24% 2299008 40436 24%
c i 91.06 549 137 14 4597  8 134137 38827 1.5 27 18 11 20 24% 2299008 40434 24%
c B 93.32 549 135 14 4940  8 136031 40586 1.5 27 19 11 20 25% 2299008 40383 24%
c } 97.63 549 134 14 5544  9 138659 43105 1.5 28 19 9 17 25% 2299008 40383 24%
c [ 97.63 549 104 14 5544  1 138659 43105 1.3 83 64 17 65 43% 2299008 40383 24%
c - 101.48 549 102 15 5546  1 149932 33348 1.3 84 64 17 65 44% 2298849 40383 24%
c I 103.51 549 103 15 5546  1 153032 36263 1.3 84 64 17 65 45% 2298849 40383 24%
c s 107.50 549 100 15 5546  1 162387 44000 1.3 84 63 17 65 45% 2297237 40383 24%
c 
c  seconds     reductions   conflicts         size    tier2          variables
c           MB      restarts       redundant     glue     trail           remaining
c             level       rate          size/glue  tier1     irredundant
c 
c s 109.61 549 100 15 5546  1 162387 44000 1.3 84 63 17 65 45% 2296219 40383 24%
c B 113.02 549 99 15 5550  1 171034 50923 1.3 84 64 17 65 45% 2296219 40383 24%
c - 114.06 548 100 16 5552  1 172791 29571 1.3 84 64 17 65 45% 2296219 40383 24%
c W 123.04 548 103 16 5560  1 190036 45206 1.3 86 66 17 65 45% 2296219 40383 24%
c - 126.36 548 105 17 5561  1 197326 27461 1.3 86 67 17 65 44% 2296219 40383 24%
c O 131.42 548 107 17 5568  1 210037 39019 1.3 87 69 18 73 44% 2296219 40383 24%
c ] 132.07 548 106 17 5569  1 212590 41367 1.3 86 68 18 73 44% 2296219 40383 24%
c { 132.07 548 134 17 5569  9 212590 41367 1.5 28 19 9 17 25% 2296219 40383 24%
c - 148.78 548 127 18 7738 11 223545 30828 1.4 29 20 9 17 27% 2296219 40383 24%
c i 150.83 548 127 18 7993 11 224562 31796 1.4 29 20 9 17 27% 2296219 40331 24%
c s 152.06 548 127 18 7993 11 224562 31796 1.4 29 20 9 17 27% 2295064 40331 24%
c s 154.38 548 127 18 7993 11 224562 31796 1.4 29 20 9 17 27% 2293805 40331 24%
c W 161.53 549 119 18 8524 11 231038 37622 1.4 29 20 9 17 26% 2293805 40331 24%
c - 169.00 549 103 19 9463 10 251453 41154 1.5 28 19 9 17 25% 2293805 40331 24%
c u 169.36 549 103 19 9463 10 251453 41151 1.5 28 19 9 17 25% 2293805 40331 24%
c v 170.87 549 103 19 9463 10 251453 40782 1.5 28 19 9 17 25% 2293805 40331 24%
c w 171.24 549 103 19 9463 10 251453 40642 1.5 28 19 9 17 25% 2293805 40331 24%
c F 171.71 549 101 19 9495 10 253040 42031 1.5 28 19 9 17 25% 2293805 40331 24%
c } 184.12 549 101 19 11061 11 260201 48859 1.5 29 19 9 17 26% 2293805 40331 24%
c [ 184.12 549 106 19 11061  1 260201 48859 1.3 86 68 18 73 44% 2293805 40331 24%
c 
c  seconds     reductions    conflicts         size    tier2          variables
c           MB       restarts       redundant     glue     trail           remaining
c             level        rate          size/glue  tier1     irredundant
c 
c B 188.82 549 108 19 11068  1 276041 63108 1.3 87 68 18 74 44% 2293805 40331 24%
c - 190.56 550 109 20 11069  1 281045 45817 1.3 87 68 18 74 44% 2293805 40331 24%
c s 194.22 550 109 20 11069  1 282862 47508 1.3 87 68 18 74 44% 2292988 40331 24%
c s 197.02 550 109 20 11069  1 282862 47508 1.3 87 68 18 74 44% 2292181 40331 24%
c W 210.66 550 109 20 11070  1 300042 63368 1.3 88 69 18 74 44% 2292181 40331 24%
c - 217.70 549 110 21 11070  1 312330 42133 1.3 87 68 18 74 44% 2292181 40331 24%
c I 224.89 549 109 21 11070  1 325044 53911 1.3 87 68 18 74 44% 2292181 40331 24%
c - 234.40 549 106 22 11080  1 345306 40113 1.3 85 66 17 72 44% 2292181 40331 24%
c B 237.22 549 106 22 11084  1 351047 45036 1.3 85 66 17 72 44% 2292181 40331 24%
c ] 243.78 549 107 22 11087  1 364900 57646 1.3 86 67 17 72 44% 2292181 40331 24%
c { 243.78 549 101 22 11087 11 364900 57646 1.5 29 19 9 17 26% 2292181 40331 24%
c B 270.77 549 101 22 13774 13 378048 70200 1.5 30 20 9 17 28% 2292181 40331 24%
c - 275.87 549 101 23 14179 13 379979 44920 1.4 30 21 9 17 28% 2292181 40331 24%
c p 276.06 549 101 23 14179 13 379979 44929 1.4 30 21 9 17 28% 2292181 40331 24%
c u 277.15 549 101 23 14179 13 379979 44923 1.4 30 21 9 17 28% 2292181 40331 24%
c v 278.63 549 101 23 14179 13 379979 44843 1.4 30 21 9 17 28% 2292181 40331 24%
c w 278.82 549 101 23 14179 13 379979 44788 1.4 30 21 9 17 28% 2292181 40331 24%
c W 297.27 549 82 23 14946 10 406052 67006 1.4 29 20 9 16 24% 2292181 40331 24%
c - 309.17 550 81 24 16011 11 416352 56890 1.5 29 20 9 16 25% 2292181 40331 24%
c # 320.12 550 75 24 16993 10 435053 73306 1.5 29 20 9 16 24% 2292181 40331 24%
c 
c  seconds    reductions    conflicts         size   tier2          variables
c           MB      restarts       redundant     glue    trail           remaining
c            level        rate          size/glue  tier1    irredundant
c 
c - 329.42 552 68 25 17780  9 454427 71447 1.5 28 19 9 16 21% 2292181 40331 24%
c } 331.39 552 68 25 17966  9 455466 72434 1.5 28 19 9 16 21% 2292181 40331 24%
c [ 331.39 552 107 25 17966  1 455466 72434 1.3 86 67 17 72 44% 2292181 40331 24%
c W 338.82 552 107 25 17971  1 465056 81406 1.3 85 66 17 71 44% 2292181 40331 24%
c - 354.00 551 109 26 17980  1 494203 69509 1.3 85 67 17 71 44% 2292181 40331 24%
c O 356.97 551 109 26 17980  1 496057 71230 1.3 85 67 17 71 44% 2292181 40331 24%
c B 375.80 551 106 26 17994  1 528059 100224 1.3 89 67 17 71 45% 2292181 40331 24%
c - 381.45 550 106 27 17995  1 535684 59913 1.3 89 67 16 68 44% 2292181 40331 24%
c p 381.55 550 106 27 17995  1 535684 59925 1.3 89 67 16 68 44% 2292181 40326 24%
c u 382.27 550 106 27 17995  1 535684 59917 1.3 89 67 16 68 44% 2292181 40326 24%
c v 384.62 550 106 27 17995  1 535684 59784 1.3 89 67 16 68 44% 2292181 40326 24%
c w 384.99 550 106 27 17995  1 535684 59697 1.3 89 67 16 68 44% 2292181 40326 24%
c s 387.28 550 106 27 17995  1 535684 59697 1.3 89 67 16 68 44% 2291387 40326 24%
c s 390.29 550 106 27 17995  1 535684 59697 1.3 89 67 16 68 44% 2290566 40326 24%
c W 411.48 559 109 27 18009  1 561062 82343 1.3 91 70 16 68 44% 2290566 40326 24%
c - 422.25 550 110 28 18011  1 578869 57153 1.3 91 71 16 68 44% 2290566 40326 24%
c p 422.37 550 110 28 18011  1 578869 57179 1.3 91 71 16 68 44% 2290566 40324 24%
c ] 428.84 550 110 28 18012  1 589968 67245 1.3 91 71 16 68 44% 2290566 40324 24%
c { 428.84 550 68 28 18012  9 589968 67245 1.5 28 19 9 16 21% 2290566 40324 24%
c B 440.19 550 70 28 19113 10 595063 72121 1.4 28 19 9 15 22% 2290566 40324 24%
c 
c  seconds    reductions    conflicts         size   tier2          variables
c           MB      restarts       redundant     glue    trail           remaining
c            level        rate          size/glue  tier1    irredundant
c 
c s 493.74 550 75 28 23219 12 617274 93207 1.4 29 21 9 15 25% 2289974 40324 24%
c s 496.37 550 75 28 23219 12 617274 93207 1.4 29 21 9 15 25% 2289343 40324 24%
c - 513.59 550 76 29 24349 12 623755 65505 1.4 30 21 9 15 26% 2289343 40324 24%
c p 514.11 550 76 29 24349 12 623755 65565 1.4 30 21 9 15 26% 2289343 40315 24%
c u 514.70 550 76 29 24349 12 623755 65562 1.4 30 21 9 15 26% 2289343 40315 24%
c v 517.17 550 76 29 24349 12 623755 65521 1.4 30 21 9 15 26% 2289343 40315 24%
c w 517.53 550 76 29 24349 12 623755 65384 1.4 30 21 9 15 26% 2289343 40315 24%
c W 532.71 551 75 29 24823 12 630064 70975 1.4 30 21 9 15 25% 2289312 40315 24%
c } 567.51 551 71 29 27698 12 664549 102040 1.4 28 20 9 15 24% 2289312 40315 24%
c [ 567.51 551 110 29 27698  1 664549 102040 1.3 91 71 16 68 44% 2289312 40315 24%
c I 568.30 551 110 29 27698  1 666067 103512 1.3 91 71 16 68 44% 2289312 40315 24%
c - 570.97 552 110 30 27698  1 670346 84897 1.3 91 70 16 68 44% 2289312 40315 24%
c p 571.13 552 110 30 27698  1 670346 84907 1.3 91 70 16 68 44% 2289312 40315 24%
c B 587.74 552 106 30 27699  1 703068 113223 1.3 91 70 16 68 44% 2289312 40315 24%
c s 593.08 552 106 30 27699  1 710511 120150 1.3 91 70 16 68 44% 2288704 40315 24%
c s 595.81 552 106 30 27699  1 710511 120150 1.3 91 70 16 68 44% 2285102 40315 24%
c ] 599.68 552 107 30 27699  1 714870 124200 1.3 91 70 16 68 44% 2285102 40315 24%
c ? 599.69 552 107 30 27699  1 714870 124200 1.3 91 70 16 68 44% 2285102 40315 24%
c 
c --- [ result ] -------------------------------------------------------------
c 
c UNKNOWN
c 
c --- [ run-time profiling ] -------------------------------------------------
c 
c process time taken by individual solving procedures
c (percentage relative to process time for solving)
c 
c       529.38   88.91% search
c       288.43   48.44% unstable
c       201.01   33.76% stable
c        66.02   11.09% simplify
c        39.61    6.65% walk
c        25.18    4.23% subsume
c        13.70    2.30% vivify
c        10.43    1.75% elim
c         6.19    1.04% sweep
c         4.28    0.72% parse
c         3.32    0.56% congruence
c         1.05    0.18% probe
c         0.59    0.10% ternary
c         0.51    0.09% backbone
c         0.32    0.05% lucky
c   =================================
c       595.40   99.29% solve
c 
c last line shows process time for solving
c (percentage relative to total process time)
c 
c --- [ statistics ] ---------------------------------------------------------
c 
c chronological:            140234        19.62 %  of conflicts
c conflicts:                714870      1200.65    per second
c backbone:                4147253      2503.81 %  of vars
c decisions:               3710981      6232.72    per second
c eliminated:               125201        75.59 %  of all variables
c fixed:                       122         0.07 %  of all variables
c learned:                  699439        97.84 %  per conflict
c learned_lits:           51023597       100.00 %  learned literals
c minimized:                     0         0.00 %  learned literals
c shrunken:                3621767         7.10 %  learned literals
c minishrunken:            2824239         5.54 %  learned literals
c otfs:                       2483         0.35 %  of conflict
c propagations:          986457498         1.66 M  per second
c reduced:                  508290        71.10 %  per conflict
c rephased:                     37     19320.81    interval
c restarts:                  27699        25.81    interval
c stabilizing:                   7        58.58 %  of conflicts
c subsumed:                 125447         3.71 %  of all clauses
c strengthened:               3512         0.10 %  of all clauses
c ticks:                7192631379         7.52    propagation
c vivified:                   1481         0.04 %  of all clauses
c walked:                       11     64988.18    interval
c weakened:                 331778         2.63    average size
c 
c seconds are measured in process time for solving
c 
c --- [ glue usage ] ---------------------------------------------------------
c 
c focused glue 9 used 58480 clauses 8.865% accumulated 55.18% tier1
c focused glue 10 used 43928 clauses 6.659% accumulated 61.84%
c focused glue 11-13 used 95617 clauses 14.49% accumulated 76.33%
c focused glue 14 used 22555 clauses 3.419% accumulated 79.75%
c focused glue 15 used 18585 clauses 2.817% accumulated 82.57% tier2
c 
c stable glue 16 used 58372 clauses 2.718% accumulated 51.65% tier1
c stable glue 17 used 54290 clauses 2.528% accumulated 54.17%
c stable glue 18-65 used 702384 clauses 32.71% accumulated 86.89%
c stable glue 66 used 4925 clauses 0.229% accumulated 87.12%
c stable glue 67 used 5093 clauses 0.237% accumulated 87.36% tier2
c 
c 
c --- [ resources ] ----------------------------------------------------------
c 
c total process time since initialization:       599.69    seconds
c total real time since initialization:          600.00    seconds
c maximum resident set size of process:          712.79    MB
c 
c --- [ shutting down ] ------------------------------------------------------
c 
c exit 0
