c --- [ banner ] -------------------------------------------------------------
c 
c CaDiCaL SAT Solver
c Copyright (c) 2016-2026
c A. Biere, M. Fleury, N. Froleyks, K. Fazekas, F. Pollitt, T. Faller
c JKU Linz, University of Freiburg, TU Wien
c 
c Version 3.0.1 c60730422e758ef1cebe7aeddf2dda31c996bf04
c g++ (Debian 12.2.0-14+deb12u1) 12.2.0 -Wall -Wextra -O3 -DNDEBUG
c Sun Sep 13 05:25:53 UTC 2026 Linux discovery-workbench 6.1.0-52-cloud-amd64 x86_64
c 
c --- [ limit ] --------------------------------------------------------------
c 
c setting time limit to 600 seconds real time (due to '-t 600')
c 
c --- [ parsing input ] ------------------------------------------------------
c 
c reading DIMACS file from 'degree22_paired220.cnf'
c opening file to read 'degree22_paired220.cnf'
c found 'p cnf 140338 2465397' header
c parsed 2465397 clauses in 2.23 seconds process time
c 
c --- [ options ] ------------------------------------------------------------
c 
c   --seed=2                       (different from default '0')
c 
c --- [ solving ] ------------------------------------------------------------
c 
c time measured in process time since initialization
c 
c  seconds   reduction conflicts       size tier2         variables
c          MB    restarts   redundant    glue  trail            remaining
c           level     rate       size/glu tier1   irredundant
c 
c *  2.23 309  0 0   0  0    0    0 0.0 0 0 2 6  0% 2465397 140338 100%
c )  2.38 339  0 0   0  0    0    0 0.0 0 0 2 6  0% 2465397 140338 100%
c {  2.44 339  0 0   0  0    0    0 0.0 0 0 2 6  0% 2465397 140338 100%
c -  2.96 354 3244 1  33 101  300   71 1.3 27 20 2 6 25% 2465397 140338 100%
c }  4.07 361 10344 1 112 94 1003  694 1.3 31 24 2 6 47% 2465397 140338 100%
c [  4.07 361  0 1 112  0 1003  694 0.0 0 0 2 6  0% 2465397 140338 100%
c O  4.07 361 10 1 112 11 1004  695 1.1 11 10 2 6  3% 2465397 140338 100%
c -  4.97 536 82 2 112  2 1336  293 1.6 43 27 2 6 49% 2465397 140338 100%
c I  5.67 537 89 2 113  1 3005 1861 1.6 76 46 2 6 54% 2465397 140338 100%
c ]  5.75 537 89 2 114  1 3249 2092 1.6 73 45 2 6 54% 2465397 140338 100%
c {  5.75 537 10344 2 114 94 3249 2092 1.3 31 24 2 6 47% 2465397 140338 100%
c -  6.65 537 8137 3 136 76 3521  632 1.4 33 24 2 6 48% 2465397 140338 100%
c O 11.42 538 2761 3 377 33 6007 2913 1.3 36 26 15 33 43% 2465397 140338 100%
c } 12.20 538 2553 3 424 32 6321 3214 1.3 36 27 14 31 43% 2465397 140338 100%
c [ 12.20 538 89 3 424  1 6321 3214 1.6 73 45 2 6 54% 2465397 140338 100%
c - 12.91 539 94 4 424  1 7068 3033 1.6 72 46 18 60 53% 2465397 140338 100%
c s 15.18 536 102 4 425  1 8271 4186 1.5 73 49 18 60 53% 2454971 140338 100%
c e 16.33 538 102 4 425  1 8271 3426 1.5 73 49 18 60 53% 2308568 33865 24%
c s 16.91 543 102 4 425  1 8271 3426 1.5 73 49 18 60 53% 2296903 33865 24%
c B 18.29 537 107 4 426  1 10009 5080 1.4 73 51 18 64 44% 2296903 33865 24%
c 
c  seconds    reductions conflicts       size    tier2          variables
c          MB     restarts    redundant     glue     trail           remaining
c            level     rate        size/glue  tier1     irredundant
c 
c - 18.91 537 103 5 427  1 12096 4569 1.4 73 51 18 64 43% 2296903 33865 24%
c W 21.16 537 113 5 428  1 15010 7350 1.5 76 52 18 65 45% 2296903 33865 24%
c - 22.35 537 122 6 430  1 18586 6122 1.4 76 55 18 65 44% 2296903 33865 24%
c O 23.05 537 120 6 432  1 21011 8344 1.4 78 57 18 65 43% 2296903 33865 24%
c ] 23.83 537 128 6 434  1 24433 11640 1.4 83 60 20 72 45% 2296903 33865 24%
c { 23.83 537 2553 6 434 32 24433 11640 1.3 36 27 14 31 180% 2296903 33865 24%
c - 25.91 538 1672 7 706 26 26632 8314 1.3 37 28 14 31 129% 2296903 33865 24%
c # 27.02 538 1383 7 897 24 28014 9634 1.3 38 28 14 31 112% 2296903 33865 24%
c B 27.67 538 675 7 924 12 36015 16076 1.5 34 22 14 31 62% 2296903 33865 24%
c - 28.43 541 666 8 978 12 36263 13575 1.5 34 22 14 31 61% 2296903 33865 24%
c W 33.73 541 436 8 1609 11 45016 21296 1.6 34 22 10 19 46% 2296903 33865 24%
c - 36.11 541 401 9 1975 12 47503 15400 1.5 34 22 10 19 45% 2296903 33865 24%
c } 38.77 541 371 9 2517 13 50140 17919 1.5 35 23 10 19 44% 2296903 33865 24%
c [ 38.77 541 128 9 2517  1 50140 17919 1.4 83 60 20 72 45% 2296903 33865 24%
c B 39.88 541 151 9 2519  1 55017 22626 1.4 94 68 20 72 46% 2296903 33865 24%
c - 41.41 540 163 10 2519  1 60367 15200 1.4 93 68 20 72 45% 2296903 33865 24%
c W 43.81 540 179 10 2522  1 66020 20589 1.4 103 75 20 72 47% 2296903 33865 24%
c - 46.38 540 169 11 2526  1 74869 13613 1.3 100 74 24 95 46% 2296903 33865 24%
c I 47.31 540 164 11 2529  1 78021 16430 1.3 99 74 24 95 45% 2296903 33865 24%
c - 50.41 540 146 12 2534  1 91019 13128 1.3 94 71 24 95 45% 2296903 33865 24%
c 
c  seconds    reductions   conflicts        size    tier2          variables
c          MB      restarts      redundant     glue     trail           remaining
c            level       rate         size/glue  tier1     irredundant
c 
c B 51.75 540 146 12 2534  1 91022 13131 1.3 94 71 24 95 45% 2296903 33865 24%
c ] 53.29 540 169 12 2535  1 98861 20611 1.3 108 82 24 95 46% 2296903 33865 24%
c { 53.29 540 371 12 2535 13 98861 20611 1.5 35 23 10 19 44% 2296903 33865 24%
c F 55.86 540 310 12 2992 12 105024 25911 1.5 34 23 10 19 39% 2296903 33865 24%
c s 58.68 540 298 12 3375 13 106935 27733 1.5 34 23 10 19 39% 2281844 33865 24%
c s 60.41 540 298 12 3375 13 106935 27733 1.5 34 23 10 19 39% 2276906 33865 24%
c - 62.67 520 286 13 3626 13 108827 16539 1.4 34 24 10 19 38% 2276906 33865 24%
c B 68.73 520 230 13 4796 13 120025 25939 1.5 34 23 10 19 35% 2276906 33865 24%
c - 76.97 520 208 14 6283 14 128268 23677 1.4 34 24 10 19 35% 2276906 33865 24%
c k 77.06 520 208 14 6283 14 128268 23677 1.4 34 24 10 19 35% 2276906 33813 24%
c u 77.25 520 208 14 6283 14 128268 23675 1.4 34 24 10 19 35% 2276906 33813 24%
c v 77.71 520 208 14 6283 14 128268 23256 1.4 34 24 10 19 35% 2276906 33813 24%
c w 78.44 520 208 14 6283 14 128268 22503 1.4 34 24 10 19 35% 2276906 33813 24%
c t 79.04 520 208 14 6283 14 128268 22502 1.4 34 24 10 19 35% 2276906 33813 24%
c } 80.66 520 204 14 6592 14 130037 24192 1.4 35 24 10 19 35% 2276906 33813 24%
c [ 80.66 520 169 14 6592  1 130037 24192 1.3 108 82 24 95 46% 2276906 33813 24%
c W 85.04 522 161 14 6592  1 136026 29966 1.3 105 78 24 95 46% 2276750 33813 24%
c s 87.35 522 156 14 6592  1 143363 36962 1.3 102 76 21 90 45% 2274861 33813 24%
c s 88.89 522 156 14 6592  1 143363 36962 1.3 102 76 21 90 45% 2273579 33813 24%
c - 91.06 520 152 15 6596  1 149373 24791 1.3 100 76 21 90 45% 2273579 33813 24%
c 
c  seconds    reductions   conflicts          size    tier2          variables
c          MB      restarts       redundant      glue     trail           remaining
c            level       rate          size/glue   tier1     irredundant
c 
c O 92.03 520 150 15 6599  1 153027 28037 1.3 100 75 21 90 45% 2273579 33813 24%
c B 96.29 520 166 15 6607  1 171030 45161 1.3 104 78 21 90 46% 2273579 33813 24%
c - 97.15 520 167 16 6607  1 172145 21959 1.3 104 78 21 90 45% 2273579 33813 24%
c W 102.84 520 154 16 6615  1 190032 38513 1.3 99 75 21 90 44% 2273579 33813 24%
c - 104.77 520 151 17 6620  1 196589 22089 1.3 97 74 21 90 44% 2273579 33813 24%
c I 108.28 520 146 17 6622  1 210034 33739 1.3 97 75 21 89 43% 2273579 33813 24%
c ] 108.88 520 144 17 6623  1 213026 36443 1.3 96 74 21 89 43% 2273579 33813 24%
c { 108.88 520 204 17 6623 14 213026 36443 1.4 35 24 10 19 35% 2273579 33813 24%
c - 116.01 520 181 18 7581 14 222710 24867 1.4 35 24 10 19 34% 2273579 33813 24%
c W 118.47 520 162 18 7619 12 231035 31697 1.5 34 23 10 19 31% 2273579 33813 24%
c - 123.28 521 127 19 8184 10 250514 35011 1.4 32 22 10 19 26% 2273579 33813 24%
c # 123.76 521 123 19 8184  9 253037 36897 1.4 32 22 10 19 25% 2273579 33813 24%
c B 125.07 521 92 19 8184  7 276040 55575 1.6 30 19 9 16 20% 2273579 33813 24%
c - 130.47 523 93 20 9154  8 280001 45054 1.5 30 20 9 16 21% 2273579 33813 24%
c } 144.93 523 94 20 11983 11 293892 58239 1.5 31 21 9 16 23% 2273579 33813 24%
c [ 144.93 523 144 20 11983  1 293892 58239 1.3 96 74 21 89 43% 2273579 33813 24%
c B 146.08 523 141 20 11983  1 300041 64081 1.3 95 73 21 89 42% 2273579 33813 24%
c - 149.39 523 154 21 11984  1 311175 48004 1.3 104 79 21 89 43% 2273579 33813 24%
c u 151.16 523 154 21 11984  1 311175 48001 1.3 104 79 21 89 43% 2273579 33813 24%
c v 152.78 523 154 21 11984  1 311175 47529 1.3 104 79 21 89 43% 2273579 33813 24%
c 
c  seconds     reductions    conflicts          size    tier2          variables
c           MB       restarts       redundant      glue     trail           remaining
c             level        rate          size/glue   tier1     irredundant
c 
c w 153.62 523 154 21 11984  1 311175 47110 1.3 104 79 21 89 43% 2273579 33813 24%
c W 161.73 523 171 21 11984  1 325043 60207 1.3 115 87 21 89 45% 2273579 33813 24%
c - 168.36 522 174 22 11987  1 344040 39307 1.3 109 83 22 94 43% 2273579 33813 24%
c O 171.17 522 169 22 11991  1 351046 45997 1.3 107 82 22 94 43% 2273579 33813 24%
c B 183.08 522 184 22 12002  1 378047 71669 1.3 113 85 22 94 45% 2273579 33813 24%
c - 184.16 521 184 23 12002  1 378600 35916 1.3 113 85 22 94 45% 2273579 33813 24%
c W 198.99 521 168 23 12014  1 406050 60457 1.3 109 84 21 93 44% 2273579 33813 24%
c ] 201.00 521 165 23 12015  1 410636 64693 1.3 107 83 21 93 44% 2273579 33813 24%
c { 201.00 521 94 23 12015 11 410636 64693 1.5 31 21 9 16 23% 2273579 33813 24%
c - 208.77 521 94 24 12698 11 414852 36403 1.5 32 21 9 16 24% 2273579 33813 24%
c W 229.16 521 88 24 14580 11 435051 54612 1.5 31 21 9 16 23% 2273579 33813 24%
c - 265.87 522 91 25 18210 14 452803 48042 1.4 32 23 9 16 26% 2273579 33813 24%
c p 266.32 522 91 25 18210 14 452803 48043 1.4 32 23 9 16 26% 2273579 33812 24%
c u 266.79 522 91 25 18210 14 452803 48043 1.4 32 23 9 16 26% 2273579 33812 24%
c v 268.56 522 91 25 18210 14 452803 47986 1.4 32 23 9 16 26% 2273579 33812 24%
c w 269.01 522 91 25 18210 14 452803 47731 1.4 32 23 9 16 26% 2273579 33812 24%
c s 272.59 522 91 25 18210 14 452803 47731 1.4 32 23 9 16 26% 2272383 33812 24%
c s 275.55 522 91 25 18210 14 452803 47731 1.4 32 23 9 16 26% 2271364 33812 24%
c F 295.24 522 92 25 20404 14 465052 59276 1.4 33 23 9 17 27% 2271364 33812 24%
c } 296.87 522 91 25 20580 14 466816 60772 1.4 33 23 9 17 27% 2271364 33812 24%
c 
c  seconds     reductions    conflicts          size    tier2          variables
c           MB       restarts       redundant      glue     trail           remaining
c             level        rate          size/glue   tier1     irredundant
c 
c [ 296.87 522 165 25 20580  1 466816 60772 1.3 107 83 21 93 44% 2271364 33812 24%
c - 308.05 523 151 26 20587  1 492447 54399 1.3 103 79 21 93 43% 2271364 33812 24%
c p 308.19 523 151 26 20587  1 492447 54407 1.3 103 79 21 93 43% 2271364 33807 24%
c I 309.66 523 150 26 20590  1 496053 57769 1.3 103 79 21 93 43% 2271364 33807 24%
c s 316.85 523 141 26 20595  1 513505 73150 1.3 100 76 21 93 43% 2270477 33807 24%
c s 319.77 523 141 26 20595  1 513505 73150 1.3 100 76 21 93 43% 2269634 33807 24%
c B 325.50 523 134 26 20604  1 528056 85471 1.3 100 76 21 93 44% 2269634 33807 24%
c - 328.80 522 140 27 20608  1 533783 49281 1.3 100 76 19 86 44% 2269634 33807 24%
c W 347.22 522 161 27 20611  1 561058 75476 1.3 105 80 19 86 45% 2269634 33807 24%
c - 354.76 522 163 28 20612  1 576815 47173 1.3 106 80 19 86 45% 2269634 33807 24%
c s 360.06 522 170 28 20612  1 586333 56324 1.3 111 82 19 86 46% 2268903 33807 24%
c s 363.18 522 170 28 20612  1 586333 56324 1.3 111 82 19 86 46% 2268233 33807 24%
c O 367.37 522 176 28 20612  1 595060 64580 1.3 116 86 20 90 47% 2268233 33807 24%
c - 377.74 522 174 29 20613  1 621547 47146 1.5 126 87 20 90 48% 2268233 33807 24%
c u 378.35 522 174 29 20613  1 621547 47145 1.5 126 87 20 90 48% 2268233 33807 24%
c v 380.12 522 174 29 20613  1 621547 47120 1.5 126 87 20 90 48% 2268233 33807 24%
c w 380.75 522 174 29 20613  1 621547 46866 1.5 126 87 20 90 48% 2268233 33807 24%
c B 384.54 522 175 29 20613  1 630061 55010 1.5 126 86 20 90 48% 2268233 33807 24%
c ] 395.44 522 184 29 20613  1 650476 74374 1.4 126 89 20 90 47% 2268233 33807 24%
c { 395.44 522 91 29 20613 14 650476 74374 1.4 33 23 9 17 27% 2268233 33807 24%
c 
c  seconds    reductions    conflicts         size   tier2          variables
c           MB      restarts       redundant     glue    trail           remaining
c            level        rate          size/glue  tier1    irredundant
c 
c B 407.19 522 88 29 21799 14 666064 88322 1.4 33 23 9 17 26% 2268233 33807 24%
c - 408.69 522 88 30 21837 13 667975 51927 1.4 33 23 9 17 26% 2268233 33807 24%
c p 408.84 522 88 30 21837 13 667975 51927 1.4 33 23 9 17 26% 2268233 33806 24%
c s 413.74 522 86 30 22039 13 671288 54890 1.4 33 23 9 17 26% 2267522 33806 24%
c s 416.96 522 86 30 22039 13 671288 54890 1.4 33 23 9 17 26% 2266785 33806 24%
c W 461.79 527 88 30 26669 14 703066 84219 1.4 34 24 9 17 27% 2266785 33806 24%
c - 471.42 523 85 31 27840 14 716107 65581 1.4 34 24 9 17 27% 2266785 33806 24%
c p 471.75 523 85 31 27840 14 716107 65595 1.4 34 24 9 17 27% 2266785 33802 24%
c u 472.12 523 85 31 27840 14 716107 65591 1.4 34 24 9 17 27% 2266785 33802 24%
c v 473.45 523 85 31 27840 14 716107 65570 1.4 34 24 9 17 27% 2266785 33802 24%
c w 474.14 523 85 31 27840 14 716107 65237 1.4 34 24 9 17 27% 2266785 33802 24%
c # 485.05 523 80 31 29206 12 741068 87356 1.4 34 24 10 19 25% 2266785 33802 24%
c } 498.84 523 82 31 30922 13 750441 96271 1.4 34 25 10 19 26% 2266785 33802 24%
c [ 498.84 523 184 31 30922  1 750441 96271 1.4 126 89 20 90 47% 2266785 33802 24%
c - 503.21 525 183 32 30924  1 765935 82018 1.4 125 88 20 90 47% 2266772 33802 24%
c p 503.32 525 183 32 30924  1 765935 82038 1.4 125 88 20 90 47% 2266772 33798 24%
c s 505.69 525 184 32 30926  1 768364 84355 1.4 126 88 20 90 47% 2265945 33798 24%
c s 507.69 525 184 32 30926  1 768364 84355 1.4 126 88 20 90 47% 2265469 33798 24%
c W 516.77 534 193 32 30932  1 780070 95327 1.4 131 94 20 90 48% 2265469 33798 24%
c - 529.39 525 167 33 30950  1 817469 80368 1.4 118 85 21 93 47% 2265469 33798 24%
c 
c  seconds     reductions    conflicts          size    tier2          variables
c           MB       restarts       redundant      glue     trail           remaining
c             level        rate          size/glue   tier1     irredundant
c 
c I 530.24 525 165 33 30951  1 820072 82787 1.4 117 84 21 93 46% 2265469 33798 24%
c B 543.53 525 142 33 30962  1 861073 117493 1.3 106 79 20 89 45% 2265469 33798 24%
c - 547.69 524 152 34 30967  1 870705 73888 1.3 107 80 20 89 45% 2265469 33798 24%
c u 549.57 524 152 34 30967  1 870705 73887 1.3 107 80 20 89 45% 2265469 33798 24%
c v 550.87 524 152 34 30967  1 870705 73876 1.3 107 80 20 89 45% 2265469 33798 24%
c w 551.11 524 152 34 30967  1 870705 73809 1.3 107 80 20 89 45% 2265469 33798 24%
c s 556.26 524 158 34 30968  1 877570 80356 1.3 109 81 20 89 45% 2264905 33798 24%
c s 559.35 524 158 34 30968  1 877570 80356 1.3 109 81 20 89 45% 2258989 33798 24%
c W 575.94 524 180 34 30982  1 903078 104879 1.3 115 87 20 89 45% 2258989 33798 24%
c - 587.21 524 192 35 30984  1 925643 74800 1.3 123 92 21 92 45% 2258989 33798 24%
c p 587.33 524 192 35 30984  1 925643 74803 1.3 123 92 21 92 45% 2258989 33796 24%
c O 596.66 524 186 35 30985  1 946079 93189 1.3 120 92 21 92 45% 2258989 33796 24%
c ] 599.67 524 182 35 30985  1 955376 101705 1.3 121 91 21 92 45% 2258989 33796 24%
c ? 599.67 524 182 35 30985  1 955376 101705 1.3 121 91 21 92 45% 2258989 33796 24%
c 
c --- [ result ] -------------------------------------------------------------
c 
c UNKNOWN
c 
c --- [ run-time profiling ] -------------------------------------------------
c 
c process time taken by individual solving procedures
c (percentage relative to process time for solving)
c 
c       524.20   87.74% search
c       245.49   41.09% unstable
c       234.16   39.19% stable
c        73.23   12.26% simplify
c        44.35    7.42% walk
c        29.17    4.88% subsume
c        16.39    2.74% vivify
c        10.28    1.72% elim
c         6.84    1.14% sweep
c         2.99    0.50% congruence
c         2.23    0.37% parse
c         1.22    0.21% probe
c         0.50    0.08% ternary
c         0.47    0.08% backbone
c         0.21    0.03% lucky
c   =================================
c       597.44   99.63% solve
c 
c last line shows process time for solving
c (percentage relative to total process time)
c 
c --- [ statistics ] ---------------------------------------------------------
c 
c chronological:            182274        19.08 %  of conflicts
c conflicts:                955376      1599.13    per second
c backbone:                4009985      2857.38 %  of vars
c decisions:               4506250      7542.65    per second
c eliminated:               106473        75.87 %  of all variables
c fixed:                        69         0.05 %  of all variables
c learned:                  935024        97.87 %  per conflict
c learned_lits:           92575766       100.00 %  learned literals
c minimized:                     0         0.00 %  learned literals
c shrunken:                5118583         5.53 %  learned literals
c minishrunken:            5005154         5.41 %  learned literals
c otfs:                       2898         0.30 %  of conflict
c propagations:          844214567         1.41 M  per second
c reduced:                  770210        80.62 %  per conflict
c rephased:                     43     22218.05    interval
c restarts:                  30985        30.83    interval
c stabilizing:                   7        68.75 %  of conflicts
c subsumed:                 119925         3.39 %  of all clauses
c strengthened:               4496         0.13 %  of all clauses
c ticks:                8034429974         9.75    propagation
c vivified:                   2064         0.06 %  of all clauses
c walked:                       13     73490.46    interval
c weakened:                 280616         2.61    average size
c 
c seconds are measured in process time for solving
c 
c --- [ glue usage ] ---------------------------------------------------------
c 
c focused glue 10 used 41378 clauses 6.613% accumulated 54.36% tier1
c focused glue 11 used 34385 clauses 5.495% accumulated 59.85%
c focused glue 12-17 used 128926 clauses 20.60% accumulated 80.46%
c focused glue 18 used 11756 clauses 1.878% accumulated 82.34%
c focused glue 19 used 10530 clauses 1.682% accumulated 84.02% tier2
c 
c stable glue 21 used 52975 clauses 1.836% accumulated 50.88% tier1
c stable glue 22 used 47173 clauses 1.635% accumulated 52.52%
c stable glue 23-90 used 1011125 clauses 35.05% accumulated 87.58%
c stable glue 91 used 8877 clauses 0.307% accumulated 87.89%
c stable glue 92 used 9319 clauses 0.323% accumulated 88.21% tier2
c 
c 
c --- [ resources ] ----------------------------------------------------------
c 
c total process time since initialization:       599.67    seconds
c total real time since initialization:          600.00    seconds
c maximum resident set size of process:          698.75    MB
c 
c --- [ shutting down ] ------------------------------------------------------
c 
c exit 0
