c --- [ banner ] -------------------------------------------------------------
c 
c CaDiCaL SAT Solver
c Copyright (c) 2016-2026
c A. Biere, M. Fleury, N. Froleyks, K. Fazekas, F. Pollitt, T. Faller
c JKU Linz, University of Freiburg, TU Wien
c 
c Version 3.0.1 c60730422e758ef1cebe7aeddf2dda31c996bf04
c g++ (Debian 12.2.0-14+deb12u1) 12.2.0 -Wall -Wextra -O3 -DNDEBUG
c Sun Sep 13 05:25:53 UTC 2026 Linux discovery-workbench 6.1.0-52-cloud-amd64 x86_64
c 
c --- [ limit ] --------------------------------------------------------------
c 
c setting time limit to 1800 seconds real time (due to '-t 1800')
c 
c --- [ proof tracing ] ------------------------------------------------------
c 
c opening file to write 'degree22_paired220.drat'
c writing binary proof trace to 'degree22_paired220.drat'
c 
c --- [ parsing input ] ------------------------------------------------------
c 
c reading DIMACS file from 'degree22_paired220.cnf'
c opening file to read 'degree22_paired220.cnf'
c found 'p cnf 140338 2465397' header
c parsed 2465397 clauses in 2.49 seconds process time
c 
c --- [ options ] ------------------------------------------------------------
c 
c all options are set to their default value
c 
c --- [ solving ] ------------------------------------------------------------
c 
c time measured in process time since initialization
c 
c  seconds   reduction conflicts       size tier2         variables
c          MB    restarts   redundant    glue  trail            remaining
c           level     rate       size/glu tier1   irredundant
c 
c *  2.49 309  0 0   0  0    0    0 0.0 0 0 2 6  0% 2465397 140338 100%
c )  2.65 339  0 0   0  0    0    0 0.0 0 0 2 6  0% 2465397 140338 100%
c {  2.72 339  0 0   0  0    0    0 0.0 0 0 2 6  0% 2465397 140338 100%
c -  3.33 354 3244 1  33 101  300   71 1.3 27 20 2 6 25% 2465397 140338 100%
c }  4.56 360 10344 1 112 94 1003  694 1.3 31 24 2 6 47% 2465397 140338 100%
c [  4.56 360  0 1 112  0 1003  694 0.0 0 0 2 6  0% 2465397 140338 100%
c O  4.56 361 10 1 112 11 1004  695 1.1 11 10 2 6  3% 2465397 140338 100%
c -  5.62 535 82 2 112  2 1336  293 1.6 43 27 2 6 49% 2465397 140338 100%
c I  6.45 536 89 2 113  1 3005 1861 1.6 76 46 2 6 54% 2465397 140338 100%
c ]  6.55 536 89 2 114  1 3249 2092 1.6 73 45 2 6 54% 2465397 140338 100%
c {  6.55 536 10344 2 114 94 3249 2092 1.3 31 24 2 6 47% 2465397 140338 100%
c -  7.59 536 8137 3 136 76 3521  632 1.4 33 24 2 6 48% 2465397 140338 100%
c O 13.23 538 2761 3 377 33 6007 2913 1.3 36 26 15 33 43% 2465397 140338 100%
c } 14.16 538 2553 3 424 32 6321 3214 1.3 36 27 14 31 43% 2465397 140338 100%
c [ 14.16 538 89 3 424  1 6321 3214 1.6 73 45 2 6 54% 2465397 140338 100%
c - 15.11 538 94 4 424  1 7068 3033 1.6 72 46 18 60 53% 2465397 140338 100%
c s 17.84 539 102 4 425  1 8271 4186 1.5 73 49 18 60 53% 2454971 140338 100%
c e 19.12 542 102 4 425  1 8271 3426 1.5 73 49 18 60 53% 2308568 33865 24%
c s 19.73 542 102 4 425  1 8271 3426 1.5 73 49 18 60 53% 2296903 33865 24%
c B 21.33 523 107 4 426  1 10009 5080 1.4 73 51 18 64 44% 2296903 33865 24%
c 
c  seconds    reductions conflicts       size    tier2          variables
c          MB     restarts    redundant     glue     trail           remaining
c            level     rate        size/glue  tier1     irredundant
c 
c - 22.06 523 103 5 427  1 12096 4569 1.4 73 51 18 64 43% 2296903 33865 24%
c W 24.54 523 113 5 428  1 15010 7350 1.5 76 52 18 65 45% 2296903 33865 24%
c - 26.18 523 123 6 430  1 18587 5990 1.4 79 58 18 65 44% 2296903 33865 24%
c O 27.28 523 123 6 432  1 21011 8184 1.3 81 61 18 65 43% 2296903 33865 24%
c ] 27.95 523 123 6 434  1 23257 10328 1.4 82 60 20 76 44% 2296903 33865 24%
c { 27.95 523 2553 6 434 32 23257 10328 1.3 36 27 14 31 180% 2296903 33865 24%
c - 30.40 523 1421 7 725 22 26633 8532 1.4 37 27 14 31 113% 2296903 33865 24%
c # 31.58 523 1207 7 896 21 28012 9863 1.4 38 28 14 31 101% 2296903 33865 24%
c B 35.31 523 651 7 1474 15 36013 17222 1.4 38 28 14 31 66% 2296903 33865 24%
c - 36.02 524 643 8 1504 15 36264 13331 1.4 38 28 14 31 66% 2296903 33865 24%
c W 41.48 524 431 8 1883 12 45015 21307 1.5 37 26 14 33 50% 2296903 33865 24%
c - 43.79 524 397 9 2160 12 47503 19745 1.4 37 26 14 33 48% 2296903 33865 24%
c } 45.52 524 359 9 2405 12 50838 22829 1.4 37 25 14 33 46% 2296903 33865 24%
c [ 45.52 524 123 9 2405  1 50838 22829 1.4 82 60 20 76 44% 2296903 33865 24%
c B 46.27 524 122 9 2406  1 55017 26744 1.4 82 61 20 76 44% 2296903 33865 24%
c - 48.31 525 149 10 2407  1 60366 22731 1.4 97 71 20 76 46% 2296903 33865 24%
c W 51.33 525 166 10 2409  1 66018 28047 1.4 110 81 20 76 47% 2296903 33865 24%
c - 54.22 525 157 11 2414  1 74869 22984 1.3 103 77 23 96 46% 2296903 33865 24%
c I 54.98 525 153 11 2415  1 78019 25947 1.3 101 76 23 96 45% 2296903 33865 24%
c - 57.88 525 138 12 2422  1 91019 24366 1.3 94 71 23 96 45% 2296903 33865 24%
c 
c  seconds    reductions   conflicts        size    tier2          variables
c          MB      restarts      redundant     glue     trail           remaining
c            level       rate         size/glue  tier1     irredundant
c 
c B 59.21 525 138 12 2422  1 91020 24367 1.3 94 71 23 96 45% 2296903 33865 24%
c ] 60.76 525 168 12 2423  1 99649 32498 1.3 111 86 23 96 46% 2296903 33865 24%
c { 60.76 525 359 12 2423 12 99649 32498 1.4 37 25 14 33 46% 2296903 33865 24%
c F 64.19 525 315 12 3045 12 105024 37486 1.4 37 26 14 33 43% 2296903 33865 24%
c - 68.43 525 292 13 3793 13 108826 29047 1.4 37 26 14 33 43% 2296903 33865 24%
c B 70.31 525 229 13 3964 10 120027 38978 1.5 37 24 14 33 36% 2296903 33865 24%
c - 75.31 527 203 14 4717 11 128299 39961 1.5 37 25 14 33 34% 2296903 33865 24%
c u 75.62 527 203 14 4717 11 128299 39956 1.5 37 25 14 33 34% 2296903 33865 24%
c v 76.35 527 203 14 4717 11 128299 39301 1.5 37 25 14 33 34% 2296903 33865 24%
c w 76.85 527 203 14 4717 11 128299 38986 1.5 37 25 14 33 34% 2296903 33865 24%
c W 82.43 527 180 14 5109 10 136029 45619 1.5 36 24 14 33 32% 2296903 33865 24%
c } 86.73 527 170 14 5797 10 141804 51068 1.5 36 25 11 23 32% 2296903 33865 24%
c [ 86.73 527 168 14 5797  1 141804 51068 1.3 111 86 23 96 46% 2296903 33865 24%
c - 88.74 526 160 15 5797  1 149442 36596 1.3 108 83 23 96 46% 2296903 33865 24%
c k 88.83 526 160 15 5797  1 149442 36596 1.3 108 83 23 96 46% 2296903 33813 24%
c s 90.05 526 160 15 5797  1 149442 36596 1.3 108 83 23 96 46% 2281975 33813 24%
c s 91.72 526 160 15 5797  1 149442 36596 1.3 108 83 23 96 46% 2276797 33813 24%
c W 94.07 526 157 15 5797  1 153030 39970 1.3 107 82 23 96 45% 2276797 33813 24%
c O 97.59 526 145 15 5806  1 171032 56524 1.3 100 77 23 96 44% 2276797 33813 24%
c - 98.42 524 144 16 5807  1 172260 32533 1.3 99 77 23 96 44% 2276797 33813 24%
c 
c  seconds     reductions   conflicts          size    tier2          variables
c           MB      restarts       redundant      glue     trail           remaining
c             level       rate          size/glue   tier1     irredundant
c 
c s 104.04 524 162 16 5812  1 185883 45439 1.3 105 81 23 96 45% 2274908 33813 24%
c s 105.78 524 162 16 5812  1 185883 45439 1.3 105 81 23 96 45% 2273585 33813 24%
c B 107.56 524 167 16 5812  1 190033 49342 1.3 108 84 23 96 45% 2273585 33813 24%
c - 109.49 524 163 17 5818  1 196719 29798 1.3 106 83 23 96 45% 2273585 33813 24%
c W 114.95 524 154 17 5825  1 210034 41830 1.3 104 82 21 92 45% 2273585 33813 24%
c ] 116.79 524 150 17 5827  1 218584 49619 1.3 102 81 21 92 44% 2273585 33813 24%
c { 116.79 524 170 17 5827 10 218584 49619 1.5 36 25 11 23 32% 2273585 33813 24%
c - 121.66 524 164 18 6449 11 222851 30894 1.4 36 25 11 23 32% 2273585 33813 24%
c # 129.69 524 157 18 7873 12 231036 38728 1.4 36 25 11 23 32% 2273585 33813 24%
c - 139.62 525 134 19 9249 11 250664 40408 1.4 36 25 11 23 31% 2273585 33813 24%
c u 140.06 525 134 19 9249 11 250664 40407 1.4 36 25 11 23 31% 2273585 33813 24%
c v 141.03 525 134 19 9249 11 250664 40086 1.4 36 25 11 23 31% 2273585 33813 24%
c w 141.68 525 134 19 9249 11 250664 39639 1.4 36 25 11 23 31% 2273585 33813 24%
c B 141.91 525 131 19 9249 11 253037 41540 1.4 36 25 11 23 30% 2273585 33813 24%
c } 154.39 525 116 19 11233 11 275531 62230 1.4 36 25 12 24 29% 2273585 33813 24%
c [ 154.39 525 150 19 11233  1 275531 62230 1.3 102 81 21 92 44% 2273585 33813 24%
c I 154.48 525 150 19 11233  1 276038 62724 1.3 102 80 21 92 44% 2273585 33813 24%
c - 155.66 526 147 20 11233  1 280160 53901 1.3 101 79 21 92 44% 2273585 33813 24%
c B 159.76 526 137 20 11235  1 300040 71014 1.3 98 77 21 92 44% 2273585 33813 24%
c - 162.81 526 134 21 11235  1 311344 54491 1.3 97 76 21 92 44% 2273585 33813 24%
c 
c  seconds     reductions    conflicts         size    tier2          variables
c           MB       restarts       redundant     glue     trail           remaining
c             level        rate          size/glue  tier1     irredundant
c 
c W 170.77 526 131 21 11235  1 325041 66744 1.3 95 75 21 92 44% 2273585 33813 24%
c - 175.45 526 134 22 11244  1 344218 52528 1.3 96 74 19 84 44% 2273585 33813 24%
c O 177.85 526 143 22 11248  1 351042 58891 1.3 100 78 19 84 44% 2273585 33813 24%
c B 184.21 526 166 22 11259  1 378045 84431 1.3 118 89 19 84 47% 2273585 33813 24%
c - 184.99 526 166 23 11260  1 378784 53209 1.3 118 89 19 84 47% 2273585 33813 24%
c ] 190.42 526 155 23 11266  1 399873 71547 1.3 113 87 20 90 46% 2273585 33813 24%
c { 190.42 526 116 23 11266 11 399873 71547 1.4 36 25 12 24 29% 2273585 33813 24%
c W 200.38 526 116 23 12325 12 406046 77450 1.4 36 26 12 24 30% 2273585 33813 24%
c - 204.16 527 109 24 12687 11 415045 59420 1.4 35 25 12 24 29% 2273585 33813 24%
c u 204.50 527 109 24 12687 11 415045 59419 1.4 35 25 12 24 29% 2273585 33813 24%
c v 205.70 527 109 24 12687 11 415045 59132 1.4 35 25 12 24 29% 2273585 33813 24%
c w 205.89 527 109 24 12687 11 415045 59017 1.4 35 25 12 24 29% 2273585 33813 24%
c F 219.47 527 103 24 14563 11 435047 77443 1.4 36 25 12 24 29% 2273585 33813 24%
c - 231.21 528 99 25 16060 11 452999 75471 1.4 36 25 12 24 29% 2273585 33813 24%
c B 243.23 528 99 25 17696 11 465048 86886 1.4 36 25 11 24 29% 2273585 33813 24%
c } 247.78 528 99 25 18295 12 468129 89842 1.4 36 26 11 24 30% 2273585 33813 24%
c [ 247.78 528 155 25 18295  1 468129 89842 1.3 113 87 20 90 46% 2273585 33813 24%
c - 254.30 528 167 26 18302  1 492653 75776 1.3 123 94 20 90 47% 2273585 33813 24%
c p 254.53 528 167 26 18302  1 492653 75778 1.3 123 94 20 90 47% 2273585 33812 24%
c s 255.75 528 167 26 18302  1 492653 75778 1.3 123 94 20 90 47% 2272406 33812 24%
c 
c  seconds     reductions    conflicts          size    tier2          variables
c           MB       restarts       redundant      glue     trail           remaining
c             level        rate          size/glue   tier1     irredundant
c 
c s 257.33 528 167 26 18302  1 492653 75778 1.3 123 94 20 90 47% 2271364 33812 24%
c W 263.62 530 170 26 18304  1 496051 79044 1.3 123 94 20 90 47% 2271364 33812 24%
c I 271.45 530 154 26 18318  1 528052 108174 1.3 114 88 20 90 45% 2271364 33812 24%
c - 273.32 527 151 27 18323  1 534007 68341 1.3 112 86 20 94 45% 2271364 33812 24%
c u 274.68 527 151 27 18323  1 534007 68338 1.3 112 86 20 94 45% 2271364 33812 24%
c v 276.46 527 151 27 18323  1 534007 68128 1.3 112 86 20 94 45% 2271364 33812 24%
c w 276.78 527 151 27 18323  1 534007 67951 1.3 112 86 20 94 45% 2271364 33812 24%
c s 282.33 527 141 27 18326  1 553352 83404 1.3 108 83 20 94 45% 2270477 33812 24%
c s 283.97 527 141 27 18326  1 553352 83404 1.3 108 83 20 94 45% 2269652 33812 24%
c B 286.63 527 138 27 18326  1 561053 89412 1.3 107 83 20 94 45% 2269652 33812 24%
c - 290.42 526 159 28 18327  1 577056 62646 1.3 119 93 20 94 46% 2269652 33812 24%
c W 297.68 526 175 28 18327  1 595055 79438 1.3 130 101 21 96 47% 2269652 33812 24%
c - 305.49 526 165 29 18328  1 621798 62736 1.3 121 96 21 96 46% 2269652 33812 24%
c O 307.72 526 161 29 18328  1 630057 69944 1.3 119 94 21 96 46% 2269652 33812 24%
c ] 311.40 526 161 29 18328  1 646620 85274 1.3 123 94 21 96 46% 2269652 33812 24%
c { 311.40 526 99 29 18328 12 646620 85274 1.4 36 26 11 24 30% 2269652 33812 24%
c W 321.38 526 92 29 19280 11 666058 102654 1.4 35 25 12 25 28% 2269652 33812 24%
c - 325.08 529 93 30 19702 11 668241 81406 1.4 35 25 12 25 28% 2269652 33812 24%
c p 325.15 529 93 30 19702 11 668241 81422 1.4 35 25 12 25 28% 2269652 33807 24%
c s 326.87 529 93 30 19702 11 668241 81422 1.4 35 25 12 25 28% 2268918 33807 24%
c 
c  seconds    reductions    conflicts         size    tier2          variables
c           MB      restarts       redundant     glue     trail           remaining
c            level        rate          size/glue  tier1     irredundant
c 
c s 328.55 529 93 30 19702 11 668241 81422 1.4 35 25 12 25 28% 2268227 33807 24%
c # 351.25 529 86 30 22318 10 703063 113575 1.4 35 25 12 25 27% 2268227 33807 24%
c - 363.65 531 85 31 23550 11 716391 106946 1.4 35 25 12 25 27% 2268227 33807 24%
c u 364.21 531 85 31 23550 11 716391 106943 1.4 35 25 12 25 27% 2268227 33807 24%
c v 366.81 531 85 31 23550 11 716391 106805 1.4 35 25 12 25 27% 2268227 33807 24%
c w 367.76 531 85 31 23550 11 716391 106472 1.4 35 25 12 25 27% 2268227 33807 24%
c B 392.69 531 85 31 26369 11 741064 128812 1.4 36 25 11 24 27% 2268227 33807 24%
c } 398.87 531 84 31 26975 11 749379 136485 1.4 36 25 11 24 27% 2268227 33807 24%
c [ 398.87 531 161 31 26975  1 749379 136485 1.3 123 94 21 96 46% 2268227 33807 24%
c s 400.72 531 157 31 26975  1 753196 139901 1.3 120 91 21 96 45% 2267521 33807 24%
c s 402.86 531 157 31 26975  1 753196 139901 1.3 120 91 21 96 45% 2266788 33807 24%
c - 407.52 532 169 32 26975  1 766235 109875 1.3 128 97 21 96 46% 2266788 33807 24%
c p 407.87 532 169 32 26975  1 766235 109876 1.3 128 97 21 96 46% 2266788 33807 24%
c B 413.08 532 181 32 26982  1 780069 122933 1.3 132 100 21 96 47% 2266788 33807 24%
c - 432.82 530 211 33 27001  1 817779 98406 1.3 153 118 22 101 49% 2266788 33807 24%
c W 444.77 530 211 33 27003  1 820071 100602 1.3 153 118 22 101 49% 2266788 33807 24%
c I 464.68 530 208 33 27013  1 861075 138879 1.3 148 115 23 105 47% 2266788 33807 24%
c - 470.06 528 198 34 27019  1 871029 88378 1.3 142 110 23 105 47% 2266788 33807 24%
c p 470.16 528 198 34 27019  1 871029 88387 1.3 142 110 23 105 47% 2266788 33803 24%
c u 472.56 528 198 34 27019  1 871029 88373 1.3 142 110 23 105 47% 2266775 33803 24%
c 
c  seconds     reductions    conflicts          size      tier2          variables
c           MB       restarts       redundant       glue      trail           remaining
c             level        rate          size/glue    tier1      irredundant
c 
c v 474.49 528 198 34 27019  1 871029 88340 1.3 142 110 23 105 47% 2266775 33803 24%
c w 474.80 528 198 34 27019  1 871029 88226 1.3 142 110 23 105 47% 2266775 33803 24%
c s 478.29 528 198 34 27019  1 871029 88226 1.3 142 110 23 105 47% 2265948 33803 24%
c s 481.33 528 198 34 27019  1 871029 88226 1.3 142 110 23 105 47% 2265466 33803 24%
c B 496.57 528 173 34 27034  1 903076 116539 1.3 128 100 23 105 45% 2265466 33803 24%
c - 507.74 528 190 35 27037  1 925985 87647 1.3 135 105 22 103 46% 2265466 33803 24%
c W 521.82 528 202 35 27038  1 946078 106271 1.3 145 113 22 103 47% 2265466 33803 24%
c ] 533.72 528 198 35 27038  1 966038 125223 1.3 137 106 22 103 47% 2265466 33803 24%
c { 533.72 528 84 35 27038 11 966038 125223 1.4 36 25 11 24 27% 2265466 33803 24%
c s 561.08 528 86 35 29108 12 980227 138709 1.4 36 26 11 24 28% 2264915 33803 24%
c s 564.25 528 86 35 29108 12 980227 138709 1.4 36 26 11 24 28% 2259005 33803 24%
c - 569.84 528 86 36 29398 12 982643 94181 1.4 36 26 11 24 28% 2259005 33803 24%
c u 570.71 528 86 36 29398 12 982643 94178 1.4 36 26 11 24 28% 2259005 33803 24%
c v 572.96 528 86 36 29398 12 982643 94133 1.4 36 26 11 24 28% 2259005 33803 24%
c w 573.32 528 86 36 29398 12 982643 94012 1.4 36 26 11 24 28% 2259005 33803 24%
c W 578.06 528 83 36 29398 11 990080 100251 1.4 36 26 12 25 27% 2259005 33803 24%
c F 591.54 528 66 36 29924  8 1035081 137854 1.4 34 24 12 25 22% 2259005 33803 24%
c - 596.71 533 66 37 30266  8 1040980 132104 1.4 33 23 12 25 21% 2259005 33803 24%
c B 619.00 533 58 37 31857  7 1081084 167171 1.5 33 22 11 23 20% 2259005 33803 24%
c - 654.26 536 63 38 35008  9 1101023 152481 1.5 33 22 11 23 21% 2259005 33803 24%
c 
c  seconds    reductions     conflicts          size    tier2          variables
c           MB      restarts        redundant      glue     trail           remaining
c            level        rate            size/glue  tier1     irredundant
c 
c p 654.42 536 63 38 35008  9 1101023 152491 1.5 33 22 11 23 21% 2259005 33799 24%
c u 655.34 536 63 38 35008  9 1101023 152489 1.5 33 22 11 23 21% 2259004 33799 24%
c v 657.71 536 63 38 35008  9 1101023 152391 1.5 33 22 11 23 21% 2259004 33799 24%
c w 658.14 536 63 38 35008  9 1101023 152294 1.5 33 22 11 23 21% 2259004 33799 24%
c s 660.13 536 63 38 35060  9 1101475 152678 1.5 33 22 11 23 21% 2246191 33799 24%
c s 662.32 536 63 38 35060  9 1101475 152678 1.5 33 22 11 23 21% 2232869 33799 24%
c } 680.76 536 65 38 36983 10 1116847 166863 1.5 33 23 11 23 22% 2232869 33799 24%
c [ 680.76 536 198 38 36983  1 1116847 166863 1.3 137 106 22 103 47% 2232869 33799 24%
c O 683.68 536 203 38 36990  1 1128086 177669 1.3 137 105 22 104 47% 2232869 33799 24%
c - 694.47 533 213 39 37005  1 1162770 148815 1.3 139 106 22 104 48% 2232869 33799 24%
c B 698.94 533 221 39 37012  1 1176091 161285 1.3 145 111 22 104 49% 2232869 33799 24%
c W 732.20 533 235 39 37028  1 1225092 207373 1.3 153 117 23 106 50% 2232869 33799 24%
c - 733.50 532 235 40 37028  1 1226088 128402 1.3 152 117 23 106 50% 2232869 33799 24%
c s 737.23 532 234 40 37029  1 1234484 136538 1.3 152 115 23 106 50% 2218821 33799 24%
c s 739.67 532 234 40 37029  1 1234484 136538 1.3 152 115 23 106 50% 2200492 33799 24%
c I 752.85 532 231 40 37045  1 1275094 174869 1.3 142 110 23 108 48% 2200492 33799 24%
c - 757.68 529 211 41 37046  1 1291112 120367 1.3 134 103 23 108 47% 2200492 33799 24%
c p 757.92 529 211 41 37046  1 1291112 120380 1.3 134 103 23 108 47% 2200492 33794 24%
c u 758.47 529 211 41 37046  1 1291112 120377 1.3 134 103 23 108 47% 2200492 33794 24%
c v 761.08 529 211 41 37046  1 1291112 120263 1.3 134 103 23 108 47% 2200492 33794 24%
c 
c  seconds     reductions     conflicts           size      tier2          variables
c           MB       restarts        redundant        glue      trail           remaining
c             level        rate            size/glue    tier1      irredundant
c 
c w 761.57 529 211 41 37046  1 1291112 120114 1.3 134 103 23 108 47% 2200492 33794 24%
c B 773.33 529 180 41 37047  1 1326095 149809 1.3 121 94 22 105 47% 2200492 33794 24%
c - 781.62 529 209 42 37047  1 1357653 117373 1.3 147 114 22 105 49% 2200476 33794 24%
c W 793.13 529 219 42 37047  1 1378097 136432 1.3 159 122 22 105 50% 2200476 33794 24%
c s 794.92 529 219 42 37047  1 1379077 137380 1.3 158 122 22 105 50% 2173880 33794 24%
c s 796.92 529 219 42 37047  1 1379077 137380 1.3 158 122 22 105 50% 2137658 33794 24%
c - 821.47 506 180 43 37048  1 1425889 116980 1.3 133 103 23 110 47% 2137658 33794 24%
c O 824.56 524 178 43 37048  1 1431099 121917 1.3 131 101 23 110 47% 2137658 33794 24%
c ] 828.45 524 176 43 37048  1 1442849 133062 1.3 133 99 23 110 47% 2137658 33794 24%
c { 828.45 524 65 43 37048 10 1442849 133062 1.5 33 23 11 23 22% 2137658 33794 24%
c W 883.84 524 60 43 40155  9 1485101 169839 1.5 33 22 10 21 21% 2137658 33794 24%
c - 925.36 525 64 44 42437 11 1495442 123924 1.5 33 23 10 21 22% 2137658 33794 24%
c p 925.78 525 64 44 42437 11 1495442 123934 1.5 33 23 10 21 22% 2137658 33790 24%
c u 926.72 525 64 44 42437 11 1495442 123932 1.5 33 23 10 21 22% 2137658 33790 24%
c v 930.71 525 64 44 42437 11 1495442 123849 1.5 33 23 10 21 22% 2137658 33790 24%
c w 931.38 525 64 44 42437 11 1495442 123705 1.5 33 23 10 21 22% 2137658 33790 24%
c s 1011.87 525 76 44 49313 14 1534639 161092 1.4 35 25 10 21 27% 2119296 33790 24%
c s 1013.80 525 76 44 49313 14 1534639 161092 1.4 35 25 10 21 27% 2099675 33790 24%
c # 1021.57 525 77 44 50039 14 1540103 166173 1.4 35 25 10 21 27% 2099675 33790 24%
c } 1038.58 525 72 44 51633 13 1565170 188708 1.4 33 23 10 21 25% 2099675 33790 24%
c 
c   seconds     reductions     conflicts           size     tier2          variables
c            MB       restarts        redundant       glue      trail           remaining
c              level        rate            size/glue   tier1      irredundant
c 
c [ 1038.58 525 176 44 51633  1 1565170 188708 1.3 133 99 23 110 47% 2099675 33790 24%
c - 1039.66 507 175 45 51633  1 1566673 151359 1.3 132 99 23 110 47% 2099675 33790 24%
c p 1040.11 526 175 45 51633  1 1566673 151371 1.3 132 99 23 110 47% 2099675 33780 24%
c u 1040.61 526 175 45 51633  1 1566673 151365 1.3 132 99 23 110 47% 2099675 33780 24%
c v 1043.43 526 175 45 51633  1 1566673 151330 1.3 132 99 23 110 47% 2099675 33780 24%
c w 1043.93 526 175 45 51633  1 1566673 151180 1.3 132 99 23 110 47% 2099675 33780 24%
c B 1052.43 527 161 45 51633  1 1596104 178483 1.3 121 92 23 107 45% 2099675 33780 24%
c - 1064.02 507 206 46 51633  1 1639335 139464 1.3 154 119 23 107 48% 2099641 33780 24%
c p 1064.14 525 206 46 51633  1 1639335 139466 1.3 154 119 23 107 48% 2099641 33780 24%
c W 1078.69 525 213 46 51641  1 1653105 152506 1.3 154 119 23 111 49% 2099641 33780 24%
c s 1093.65 525 222 46 51663  1 1701449 197821 1.3 156 120 23 111 50% 2079819 33780 24%
c s 1095.69 525 222 46 51663  1 1701449 197821 1.3 156 120 23 111 50% 2062767 33780 24%
c I 1099.70 525 222 46 51664  1 1711107 207043 1.3 153 118 23 112 49% 2062767 33780 24%
c - 1101.45 502 221 47 51664  1 1713664 118500 1.3 151 117 23 112 49% 2062767 33780 24%
c p 1101.62 502 221 47 51664  1 1713664 118521 1.3 151 117 23 112 49% 2062767 33772 24%
c B 1121.65 502 176 47 51688  1 1770108 167943 1.3 128 101 23 112 47% 2062762 33772 24%
c - 1130.33 502 190 48 51695  1 1789408 113734 1.3 137 108 23 110 48% 2062738 33772 24%
c u 1131.12 502 190 48 51695  1 1789408 113733 1.3 137 108 23 110 48% 2062738 33772 24%
c v 1133.20 502 190 48 51695  1 1789408 113710 1.3 137 108 23 110 48% 2062738 33772 24%
c w 1133.61 502 190 48 51695  1 1789408 113484 1.3 137 108 23 110 48% 2062738 33772 24%
c 
c   seconds     reductions     conflicts           size      tier2          variables
c            MB       restarts        redundant        glue      trail           remaining
c              level        rate            size/glue    tier1      irredundant
c 
c W 1151.27 502 213 48 51696  1 1830109 152009 1.3 156 121 23 110 49% 2062738 33772 24%
c - 1160.65 502 220 49 51711  1 1866808 113801 1.3 148 114 23 111 49% 2062738 33772 24%
c s 1164.60 502 223 49 51717  1 1879418 126011 1.3 146 112 23 111 49% 2045643 33772 24%
c s 1167.17 502 223 49 51717  1 1879418 126011 1.3 146 112 23 111 49% 2030335 33772 24%
c O 1171.39 502 227 49 51723  1 1891110 137309 1.3 144 111 23 111 49% 2030335 33772 24%
c - 1186.75 500 243 50 51741  1 1945864 112787 1.3 164 127 23 112 51% 2030335 33772 24%
c p 1186.85 500 243 50 51741  1 1945864 112796 1.3 164 127 23 112 51% 2030335 33767 24%
c B 1189.25 500 245 50 51742  1 1953113 119590 1.3 166 129 23 112 51% 2030335 33767 24%
c ] 1193.40 500 247 50 51749  1 1966372 131717 1.3 167 130 23 112 51% 2030335 33767 24%
c { 1193.40 500 72 50 51749 13 1966372 131717 1.4 33 23 10 21 25% 2030335 33767 24%
c B 1247.50 500 80 50 58839 14 2016114 178213 1.4 34 25 10 20 27% 2030335 33767 24%
c - 1253.61 501 79 51 59373 13 2026337 127663 1.4 34 25 10 20 27% 2030318 33767 24%
c p 1253.91 501 79 51 59373 13 2026337 127675 1.4 34 25 10 20 27% 2030318 33726 24%
c u 1255.44 501 79 51 59373 13 2026337 127660 1.4 34 25 10 20 27% 2030157 33726 24%
c v 1257.67 501 79 51 59373 13 2026337 127635 1.4 34 25 10 20 27% 2030157 33726 24%
c w 1259.84 501 79 51 59373 13 2026337 126847 1.4 34 25 10 20 27% 2030157 33726 24%
c s 1282.36 501 73 51 61797 11 2068530 165050 1.5 35 24 10 21 25% 2017694 33726 24%
c s 1284.17 501 73 51 61797 11 2068530 165050 1.5 35 24 10 21 25% 2007790 33726 24%
c W 1320.09 508 76 51 63850 12 2080115 176126 1.4 35 24 10 21 27% 2007790 33726 24%
c - 1330.74 504 68 52 64611 10 2108457 157810 1.5 34 23 10 20 24% 2007790 33726 24%
c 
c   seconds    reductions     conflicts          size    tier2          variables
c            MB      restarts        redundant      glue     trail           remaining
c             level        rate            size/glue  tier1     irredundant
c 
c p 1331.23 504 68 52 64611 10 2108457 157837 1.5 34 23 10 20 24% 2007790 33717 24%
c u 1331.89 504 68 52 64611 10 2108457 157833 1.5 34 23 10 20 24% 2007790 33717 24%
c v 1333.68 504 68 52 64611 10 2108457 157820 1.5 34 23 10 20 24% 2007790 33717 24%
c w 1334.00 504 68 52 64611 10 2108457 157757 1.5 34 23 10 20 24% 2007790 33717 24%
c F 1359.04 504 68 52 66789  9 2145116 189970 1.5 35 22 10 20 24% 2007790 33717 24%
c } 1376.68 504 70 52 68443 10 2156818 200875 1.5 35 23 10 20 25% 2007790 33717 24%
c [ 1376.68 504 247 52 68443  1 2156818 200875 1.3 167 130 23 112 51% 2007790 33717 24%
c - 1389.16 505 204 53 68452  1 2192049 170862 1.3 144 112 24 115 49% 2007760 33717 24%
c p 1389.43 505 204 53 68452  1 2192049 170893 1.3 144 112 24 115 49% 2007760 33710 24%
c u 1390.13 505 204 53 68452  1 2192049 170886 1.3 144 112 24 115 49% 2007760 33710 24%
c v 1391.25 505 204 53 68452  1 2192049 170874 1.3 144 112 24 115 49% 2007760 33710 24%
c w 1391.48 505 204 53 68452  1 2192049 170809 1.3 144 112 24 115 49% 2007760 33710 24%
c W 1404.76 512 189 53 68453  1 2211119 188209 1.3 136 106 24 115 48% 2007735 33710 24%
c s 1421.67 512 187 53 68454  1 2268981 242081 1.3 143 108 23 111 48% 1998504 33710 24%
c s 1423.80 512 187 53 68454  1 2268981 242081 1.3 143 108 23 111 48% 1991295 33710 24%
c - 1427.95 502 192 54 68454  1 2277279 155905 1.3 149 113 23 111 48% 1991295 33710 24%
c I 1428.46 502 193 54 68454  1 2278122 156723 1.3 148 112 23 111 48% 1991295 33710 24%
c B 1453.47 502 154 54 68480  1 2346125 217616 1.3 122 93 23 113 46% 1991295 33710 24%
c - 1459.12 500 166 55 68485  1 2364016 140114 1.3 125 95 23 113 46% 1991295 33710 24%
c p 1459.46 500 166 55 68485  1 2364016 140161 1.3 125 95 23 113 46% 1991295 33701 24%
c 
c   seconds     reductions     conflicts           size     tier2          variables
c            MB       restarts        redundant       glue      trail           remaining
c              level        rate            size/glue   tier1      irredundant
c 
c u 1460.07 500 166 55 68485  1 2364016 140158 1.3 125 95 23 113 46% 1991295 33701 24%
c v 1462.00 500 166 55 68485  1 2364016 140138 1.3 125 95 23 113 46% 1991295 33701 24%
c w 1462.35 500 166 55 68485  1 2364016 140082 1.3 125 95 23 113 46% 1991295 33701 24%
c W 1483.01 527 193 55 68503  1 2415127 188935 1.3 131 100 23 111 47% 1991263 33701 24%
c - 1495.07 499 168 56 68516  1 2452390 136230 1.3 118 91 23 111 46% 1991263 33701 24%
c s 1505.34 499 151 56 68517  1 2480820 161502 1.3 112 85 23 111 45% 1985867 33701 24%
c s 1507.66 499 151 56 68517  1 2480820 161502 1.3 112 85 23 111 45% 1982637 33701 24%
c O 1509.88 499 149 56 68517  1 2485128 165441 1.3 111 84 23 111 45% 1982637 33701 24%
c - 1524.42 499 184 57 68541  1 2542400 136126 1.3 128 96 22 108 48% 1982637 33701 24%
c p 1524.59 499 184 57 68541  1 2542400 136172 1.3 128 96 22 108 48% 1982637 33696 24%
c u 1525.54 499 184 57 68541  1 2542400 136167 1.3 128 96 22 108 48% 1982635 33696 24%
c v 1527.24 499 184 57 68541  1 2542400 136153 1.3 128 96 22 108 48% 1982635 33696 24%
c w 1527.56 499 184 57 68541  1 2542400 136100 1.3 128 96 22 108 48% 1982635 33696 24%
c B 1530.30 499 190 57 68547  1 2556130 149321 1.4 131 97 22 108 49% 1982635 33696 24%
c ] 1541.87 499 204 57 68563  1 2605959 196999 1.4 131 97 22 108 49% 1982635 33696 24%
c { 1541.87 499 70 57 68563 10 2605959 196999 1.5 35 23 10 20 25% 1982635 33696 24%
c B 1569.23 499 74 57 71948 12 2628132 217935 1.5 35 24 10 20 26% 1982635 33696 24%
c - 1579.18 500 76 58 73071 12 2633978 146776 1.5 35 24 10 20 26% 1982620 33696 24%
c p 1579.55 500 76 58 73071 12 2633978 146916 1.5 35 24 10 20 26% 1982620 33683 24%
c u 1580.10 500 76 58 73071 12 2633978 146908 1.5 35 24 10 20 26% 1982620 33683 24%
c 
c   seconds    reductions     conflicts          size    tier2          variables
c            MB      restarts        redundant      glue     trail           remaining
c             level        rate            size/glue  tier1     irredundant
c 
c v 1581.48 500 76 58 73071 12 2633978 146896 1.5 35 24 10 20 26% 1982620 33683 24%
c w 1581.75 500 76 58 73071 12 2633978 146839 1.5 35 24 10 20 26% 1982620 33683 24%
c W 1677.38 510 77 58 79633 12 2701133 208946 1.5 35 24 10 20 27% 1982572 33683 24%
c s 1688.86 510 78 58 80151 13 2704203 211876 1.5 36 24 10 20 27% 1974493 33683 24%
c - 1700.92 504 72 59 80773 11 2727184 184023 1.5 34 22 10 20 25% 1974493 33683 24%
c p 1701.39 504 72 59 80773 11 2727184 184213 1.5 34 22 10 20 25% 1974493 33666 24%
c u 1702.60 504 72 59 80773 11 2727184 184207 1.5 34 22 10 20 25% 1974493 33666 24%
c v 1706.10 504 72 59 80773 11 2727184 184179 1.5 34 22 10 20 25% 1974493 33666 24%
c w 1706.74 504 72 59 80773 11 2727184 184124 1.5 34 22 10 20 25% 1974493 33666 24%
c # 1787.15 504 79 59 87789 13 2775137 228968 1.5 35 24 10 20 28% 1974493 33666 24%
c } 1789.47 504 79 59 88036 13 2776306 230076 1.5 35 24 10 20 28% 1974493 33666 24%
c [ 1789.47 504 204 59 88036  1 2776306 230076 1.4 131 97 22 108 49% 1974493 33666 24%
c ] 1798.90 504 177 59 88051  1 2813302 263936 1.3 118 89 22 108 47% 1974493 33666 24%
c ? 1798.90 504 177 59 88051  1 2813302 263936 1.3 118 89 22 108 47% 1974493 33666 24%
c 
c --- [ closing proof ] ------------------------------------------------------
c 
c DRAT proof file 'degree22_paired220.drat' closed
c DRAT 2900237 added clauses 48.12%
c DRAT 3127006 deleted clauses 51.88%
c DRAT 1009225756 bytes (962.47 MB)
c 
c --- [ result ] -------------------------------------------------------------
c 
c UNKNOWN
c 
c --- [ run-time profiling ] -------------------------------------------------
c 
c process time taken by individual solving procedures
c (percentage relative to process time for solving)
c 
c      1632.13   90.85% search
c       897.66   49.97% unstable
c       603.70   33.61% stable
c       164.28    9.15% simplify
c       130.53    7.27% walk
c        63.11    3.51% vivify
c        51.96    2.89% subsume
c        20.01    1.11% elim
c         9.07    0.50% sweep
c         4.80    0.27% probe
c         3.97    0.22% congruence
c         2.49    0.14% parse
c         1.57    0.09% ternary
c         0.75    0.04% backbone
c         0.24    0.01% lucky
c   =================================
c      1796.41   99.86% solve
c 
c last line shows process time for solving
c (percentage relative to total process time)
c 
c --- [ statistics ] ---------------------------------------------------------
c 
c chronological:            541633        19.25 %  of conflicts
c conflicts:               2813302      1566.07    per second
c backbone:                6461106      4603.96 %  of vars
c decisions:              12816983      7134.77    per second
c eliminated:               106473        75.87 %  of all variables
c fixed:                       199         0.14 %  of all variables
c learned:                 2751005        97.79 %  per conflict
c learned_lits:          310867687       100.00 %  learned literals
c minimized:                     0         0.00 %  learned literals
c shrunken:               18562987         5.97 %  learned literals
c minishrunken:           17178972         5.53 %  learned literals
c otfs:                      11258         0.40 %  of conflict
c propagations:         2257634229         1.26 M  per second
c reduced:                 2309888        82.11 %  per conflict
c rephased:                     74     38017.59    interval
c restarts:                  88051        31.95    interval
c stabilizing:                  11        66.69 %  of conflicts
c subsumed:                 516143         9.64 %  of all clauses
c strengthened:              13656         0.26 %  of all clauses
c ticks:               25924875410        11.72    propagation
c vivified:                   3271         0.06 %  of all clauses
c walked:                       23    122317.48    interval
c weakened:                 280616         2.61    average size
c 
c seconds are measured in process time for solving
c 
c --- [ glue usage ] ---------------------------------------------------------
c 
c focused glue 10 used 136251 clauses 6.518% accumulated 55.42% tier1
c focused glue 11 used 107384 clauses 5.137% accumulated 60.56%
c focused glue 12-18 used 434216 clauses 20.77% accumulated 81.33%
c focused glue 19 used 40258 clauses 1.926% accumulated 83.26%
c focused glue 20 used 36331 clauses 1.738% accumulated 85.00% tier2
c 
c stable glue 22 used 151350 clauses 1.619% accumulated 50.16% tier1
c stable glue 23 used 137966 clauses 1.476% accumulated 51.64%
c stable glue 24-106 used 3407152 clauses 36.46% accumulated 88.10%
c stable glue 107 used 21775 clauses 0.233% accumulated 88.33%
c stable glue 108 used 20953 clauses 0.224% accumulated 88.56% tier2
c 
c 
c --- [ resources ] ----------------------------------------------------------
c 
c total process time since initialization:      1798.90    seconds
c total real time since initialization:         1800.00    seconds
c maximum resident set size of process:          683.34    MB
c 
c --- [ shutting down ] ------------------------------------------------------
c 
c exit 0
