c --- [ banner ] -------------------------------------------------------------
c 
c CaDiCaL SAT Solver
c Copyright (c) 2016-2026
c A. Biere, M. Fleury, N. Froleyks, K. Fazekas, F. Pollitt, T. Faller
c JKU Linz, University of Freiburg, TU Wien
c 
c Version 3.0.1 c60730422e758ef1cebe7aeddf2dda31c996bf04
c g++ (Debian 12.2.0-14+deb12u1) 12.2.0 -Wall -Wextra -O3 -DNDEBUG
c Sun Sep 13 05:25:53 UTC 2026 Linux discovery-workbench 6.1.0-52-cloud-amd64 x86_64
c 
c --- [ limit ] --------------------------------------------------------------
c 
c setting time limit to 600 seconds real time (due to '-t 600')
c 
c --- [ parsing input ] ------------------------------------------------------
c 
c reading DIMACS file from 'degree22_paired220_e110.cnf'
c opening file to read 'degree22_paired220_e110.cnf'
c found 'p cnf 165638 2516008' header
c parsed 2516008 clauses in 4.78 seconds process time
c 
c --- [ options ] ------------------------------------------------------------
c 
c   --seed=110                     (different from default '0')
c 
c --- [ solving ] ------------------------------------------------------------
c 
c time measured in process time since initialization
c 
c  seconds   reduction conflicts       size tier2         variables
c          MB    restarts   redundant    glue  trail            remaining
c           level     rate       size/glu tier1   irredundant
c 
c *  4.78 317  0 0   0  0    0    0 0.0 0 0 2 6  0% 2516008 165638 100%
c )  5.10 348  0 0   0  0    0    0 0.0 0 0 2 6  0% 2516008 165638 100%
c {  5.20 348  0 0   0  0    0    0 0.0 0 0 2 6  0% 2516008 165638 100%
c -  6.01 363 3244 1  33 101  300   71 1.3 27 20 2 6 21% 2516008 165638 100%
c }  7.73 372 10344 1 112 94 1003  694 1.3 31 24 2 6 41% 2516008 165638 100%
c [  7.73 372  0 1 112  0 1003  694 0.0 0 0 2 6  0% 2516008 165638 100%
c O  7.74 373 10 1 112 11 1004  695 1.1 11 10 2 6  4% 2516008 165638 100%
c -  9.40 550 82 2 112  2 1340  297 1.6 43 27 2 6 52% 2516008 165638 100%
c ] 10.87 550 86 2 113  1 2807 1690 1.7 72 43 2 6 57% 2516008 165638 100%
c { 10.87 550 10344 2 113 94 2807 1690 1.3 31 24 2 6 41% 2516008 165638 100%
c O 12.22 550 8652 2 154 82 3006 1876 1.3 34 26 2 6 43% 2516008 165638 100%
c - 14.25 550 5982 3 190 59 3536  655 1.4 34 25 2 6 42% 2516008 165638 100%
c p 14.90 550 4514 3 190 45 4096 1166 1.4 34 24 2 6 38% 2516008 165637 100%
c } 21.80 552 3119 3 378 37 5152 2152 1.4 36 26 14 32 42% 2516008 165637 100%
c [ 21.80 552 86 3 378  1 5152 2152 1.7 72 43 2 6 57% 2516008 165637 100%
c I 22.29 552 95 3 379  1 6007 2976 1.6 72 46 18 60 57% 2516008 165637 100%
c - 23.62 552 94 4 379  1 7105 2831 1.5 71 48 18 65 57% 2516006 165637 100%
c s 25.97 552 95 4 380  1 7852 3487 1.5 72 49 18 65 58% 2501859 165637 100%
c e 27.40 553 95 4 380  1 7852 2935 1.5 72 49 18 65 58% 2331260 40412 24%
c s 28.06 554 95 4 380  1 7852 2935 1.5 72 49 18 65 58% 2320509 40412 24%
c 
c  seconds   reductions conflicts       size    tier2          variables
c          MB    restarts    redundant     glue     trail           remaining
c           level     rate        size/glue  tier1     irredundant
c 
c B 30.06 531 97 4 382  1 10008 4881 1.4 74 53 17 63 45% 2320509 40412 24%
c - 31.08 531 97 5 383  1 12165 4400 1.4 76 54 17 63 44% 2320509 40412 24%
c W 33.76 531 102 5 383  1 15011 6961 1.3 80 60 18 73 45% 2320509 40412 24%
c - 35.43 531 105 6 386  1 18686 5483 1.3 81 62 18 73 42% 2320509 40412 24%
c ] 36.14 531 105 6 386  1 19827 6494 1.3 81 62 18 73 42% 2320509 40412 24%
c { 36.14 531 3119 6 386 37 19827 6494 1.4 36 26 14 32 170% 2320509 40412 24%
c # 37.09 531 2313 6 508 30 21012 7619 1.4 36 26 14 32 134% 2320509 40412 24%
c - 41.41 531 1037 7 1042 20 26772 9241 1.3 37 27 14 33 77% 2320509 40412 24%
c B 42.90 531 924 7 1114 18 28014 10337 1.3 36 27 14 33 71% 2320509 40412 24%
c W 48.18 531 560 7 1564 14 36019 17682 1.4 36 26 14 33 54% 2320509 40412 24%
c - 49.04 532 548 8 1579 13 36447 15335 1.4 36 26 14 33 53% 2320509 40412 24%
c F 51.71 532 384 8 1731 10 45020 22970 1.4 35 25 13 28 42% 2320509 40412 24%
c - 53.72 533 353 9 1946 10 47736 19925 1.4 35 25 13 28 41% 2320509 40412 24%
c } 54.02 533 334 9 1946  9 49392 21256 1.4 34 24 13 28 39% 2320509 40412 24%
c [ 54.02 533 105 9 1946  1 49392 21256 1.3 81 62 18 73 42% 2320509 40412 24%
c O 55.01 533 109 9 1950  1 55023 26319 1.4 78 58 18 73 41% 2320509 40412 24%
c - 57.42 533 129 10 1951  1 60656 22196 1.4 90 64 18 73 45% 2320509 40412 24%
c B 59.46 533 151 10 1951  1 66024 27233 1.4 99 72 18 73 48% 2320509 40412 24%
c - 62.57 533 176 11 1958  1 75221 21774 1.4 108 79 22 92 50% 2320509 40412 24%
c W 65.68 533 183 11 1958  1 78025 24382 1.4 113 83 22 92 51% 2320509 40412 24%
c 
c  seconds    reductions   conflicts         size    tier2          variables
c          MB      restarts      redundant      glue     trail           remaining
c            level       rate         size/glue   tier1     irredundant
c 
c ] 70.00 533 165 11 1965  1 90612 35805 1.3 107 80 22 92 50% 2320509 40412 24%
c { 70.00 533 334 11 1965  9 90612 35805 1.4 34 24 13 28 39% 2320509 40412 24%
c B 70.71 533 331 11 2049 10 91026 36192 1.4 34 24 13 28 39% 2320509 40412 24%
c - 71.82 532 327 12 2109 10 91440 21009 1.4 34 24 13 28 39% 2320509 40412 24%
c W 80.00 532 237 12 2797  9 105027 33163 1.4 34 24 13 28 33% 2320509 40412 24%
c - 84.52 533 221 13 3309  9 109321 28721 1.4 34 24 13 28 33% 2320509 40412 24%
c v 85.59 533 221 13 3309  9 109321 28432 1.4 34 24 13 28 33% 2320509 40412 24%
c w 86.24 533 221 13 3309  9 109321 28060 1.4 34 24 13 28 33% 2320509 40412 24%
c # 92.46 533 186 13 3974  9 120029 37721 1.4 34 24 13 28 31% 2320509 40412 24%
c } 101.39 533 176 13 5081 10 126199 43612 1.4 34 25 13 28 32% 2320509 40412 24%
c [ 101.39 533 165 13 5081  1 126199 43612 1.3 107 80 22 92 50% 2320509 40412 24%
c - 102.84 534 163 14 5082  1 128873 37820 1.3 105 78 22 92 49% 2320509 40412 24%
c I 104.94 534 155 14 5083  1 136031 44586 1.3 101 75 22 92 49% 2320509 40412 24%
c - 110.21 534 140 15 5083  1 150101 38262 1.3 97 73 21 90 48% 2320509 40412 24%
c B 111.97 534 138 15 5085  1 153034 40801 1.3 96 72 21 90 48% 2320509 40412 24%
c W 121.74 534 166 15 5096  1 171035 57849 1.3 110 82 21 90 50% 2320509 40412 24%
c - 123.25 534 166 16 5097  1 173012 36105 1.3 109 82 21 90 50% 2320509 40412 24%
c O 130.28 534 155 16 5102  1 190039 50869 1.3 106 82 21 90 48% 2320509 40412 24%
c ] 131.84 534 157 16 5105  1 195603 56180 1.3 107 82 21 90 49% 2320509 40412 24%
c { 131.84 534 176 16 5105 10 195603 56180 1.4 34 25 13 28 32% 2320509 40412 24%
c 
c  seconds     reductions   conflicts         size    tier2          variables
c           MB      restarts       redundant     glue     trail           remaining
c             level       rate          size/glue  tier1     irredundant
c 
c - 135.68 534 173 17 5506 11 197609 36623 1.4 35 25 13 28 32% 2320509 40412 24%
c B 138.92 534 147 17 5758  9 210041 46320 1.4 34 23 12 25 29% 2320509 40412 24%
c - 150.28 535 132 18 7036 10 223899 44422 1.5 34 23 12 25 29% 2320509 40412 24%
c u 150.74 535 132 18 7036 10 223899 44420 1.5 34 23 12 25 29% 2320509 40412 24%
c v 151.92 535 132 18 7036 10 223899 43902 1.5 34 23 12 25 29% 2320509 40412 24%
c w 152.64 535 132 18 7036 10 223899 43441 1.5 34 23 12 25 29% 2320509 40412 24%
c W 160.17 535 126 18 7589 10 231042 49613 1.5 34 23 12 25 29% 2320509 40412 24%
c - 169.84 537 107 19 8552  9 251883 58697 1.5 34 22 12 25 27% 2320509 40412 24%
c F 170.42 537 106 19 8583  9 253043 59644 1.5 34 22 12 25 27% 2320509 40412 24%
c } 180.05 537 105 19 9550  9 258376 64734 1.5 34 23 12 25 28% 2320509 40412 24%
c [ 180.05 537 157 19 9550  1 258376 64734 1.3 107 82 21 90 49% 2320509 40412 24%
c B 186.16 537 146 19 9558  1 276045 81452 1.3 104 78 20 87 49% 2320509 40412 24%
c - 187.70 537 155 20 9559  1 281563 60608 1.3 106 80 20 87 49% 2320509 40412 24%
c k 187.80 537 155 20 9559  1 281563 60608 1.3 106 80 20 87 49% 2320509 40360 24%
c s 190.70 537 155 20 9559  1 281563 60608 1.3 106 80 20 87 49% 2307555 40360 24%
c s 192.53 537 155 20 9559  1 281563 60608 1.3 106 80 20 87 49% 2303945 40360 24%
c W 202.05 547 170 20 9560  1 300046 78168 1.4 119 88 20 87 51% 2303945 40360 24%
c - 207.80 535 175 21 9560  1 312942 53738 1.3 116 87 20 87 50% 2303945 40360 24%
c s 210.68 535 173 21 9560  1 316574 57008 1.3 115 87 20 87 49% 2302227 40360 24%
c s 212.39 535 173 21 9560  1 316574 57008 1.3 115 87 20 87 49% 2301072 40360 24%
c 
c  seconds     reductions   conflicts          size    tier2          variables
c           MB      restarts       redundant      glue     trail           remaining
c             level       rate          size/glue   tier1     irredundant
c 
c I 216.54 535 169 21 9560  1 325049 64646 1.3 114 87 20 87 49% 2301072 40360 24%
c - 223.91 534 153 22 9570  1 345981 51430 1.3 107 82 20 89 48% 2301072 40360 24%
c u 224.38 534 153 22 9570  1 345981 51426 1.3 107 82 20 89 48% 2301072 40360 24%
c v 225.58 534 153 22 9570  1 345981 51183 1.3 107 82 20 89 48% 2301072 40360 24%
c w 225.78 534 153 22 9570  1 345981 51077 1.3 107 82 20 89 48% 2301072 40360 24%
c B 228.38 534 151 22 9573  1 351054 55502 1.3 106 81 20 89 48% 2301072 40360 24%
c ] 230.71 534 160 22 9575  1 358889 62952 1.3 111 85 20 89 49% 2301072 40360 24%
c { 230.71 534 105 22 9575  9 358889 62952 1.5 34 23 12 25 28% 2301072 40360 24%
c B 262.60 534 106 22 13370 12 378055 81205 1.4 35 24 12 25 31% 2301072 40360 24%
c - 267.37 535 106 23 13835 13 380713 59738 1.4 35 25 12 25 31% 2301072 40360 24%
c p 267.49 535 106 23 13835 13 380713 59743 1.4 35 25 12 25 31% 2301072 40360 24%
c W 279.63 535 93 23 14162 10 406057 81004 1.6 35 23 10 20 28% 2301072 40360 24%
c s 281.52 535 93 23 14191 10 406325 81256 1.6 35 23 10 20 28% 2299868 40360 24%
c s 283.95 535 93 23 14191 10 406325 81256 1.6 35 23 10 20 28% 2298791 40360 24%
c - 292.33 536 89 24 14908 10 417146 65080 1.6 35 22 10 20 28% 2298791 40360 24%
c } 303.32 536 90 24 16039 11 422684 70378 1.5 35 23 10 20 28% 2298791 40360 24%
c [ 303.32 536 160 24 16039  1 422684 70378 1.3 111 85 20 89 49% 2298791 40360 24%
c W 312.17 536 154 24 16045  1 435058 81647 1.3 108 83 20 89 48% 2298791 40360 24%
c - 323.66 536 148 25 16054  1 455275 64343 1.3 104 82 20 89 46% 2298791 40360 24%
c p 323.81 536 148 25 16054  1 455275 64369 1.3 104 82 20 89 46% 2298791 40352 24%
c 
c  seconds     reductions    conflicts          size    tier2          variables
c           MB       restarts       redundant      glue     trail           remaining
c             level        rate          size/glue   tier1     irredundant
c 
c u 324.32 536 148 25 16054  1 455275 64367 1.3 104 82 20 89 46% 2298791 40352 24%
c v 327.45 536 148 25 16054  1 455275 64086 1.3 104 82 20 89 46% 2298791 40352 24%
c w 327.92 536 148 25 16054  1 455275 63874 1.3 104 82 20 89 46% 2298791 40352 24%
c s 335.02 536 146 25 16055  1 464645 72334 1.3 104 82 20 88 46% 2297932 40352 24%
c s 338.08 536 146 25 16055  1 464645 72334 1.3 104 82 20 88 46% 2297046 40352 24%
c O 339.23 536 147 25 16055  1 465059 72733 1.3 104 82 20 88 46% 2297046 40352 24%
c - 352.53 534 163 26 16066  1 495109 54601 1.3 115 86 20 88 49% 2297046 40352 24%
c B 354.96 534 164 26 16067  1 496060 55512 1.3 116 86 20 88 49% 2297046 40352 24%
c W 372.39 534 157 26 16080  1 528063 84377 1.3 112 85 20 88 48% 2297046 40352 24%
c s 376.74 534 154 26 16084  1 534620 90287 1.3 110 85 20 90 47% 2296187 40352 24%
c s 378.88 534 154 26 16084  1 534620 90287 1.3 110 85 20 90 47% 2295629 40352 24%
c - 381.08 533 153 27 16085  1 536642 51815 1.3 110 84 20 90 47% 2295629 40352 24%
c I 391.97 533 145 27 16086  1 561067 73871 1.3 106 83 20 90 47% 2295629 40352 24%
c ] 392.90 533 143 27 16087  1 563496 76096 1.3 105 82 20 90 47% 2295629 40352 24%
c { 392.90 533 90 27 16087 11 563496 76096 1.5 35 23 10 20 28% 2295629 40352 24%
c - 401.01 534 81 28 16782 10 579877 58938 1.5 33 22 10 20 26% 2295629 40352 24%
c # 402.33 534 72 28 16782  8 595069 71122 1.5 31 21 10 19 23% 2295629 40352 24%
c - 436.54 536 74 29 20346 10 624822 76136 1.5 32 22 10 19 24% 2295629 40352 24%
c p 436.79 536 74 29 20346 10 624822 76155 1.5 32 22 10 19 24% 2295629 40352 24%
c u 437.11 536 74 29 20346 10 624822 76153 1.5 32 22 10 19 24% 2295629 40352 24%
c 
c  seconds    reductions    conflicts         size    tier2          variables
c           MB      restarts       redundant     glue     trail           remaining
c            level        rate          size/glue  tier1     irredundant
c 
c v 439.32 536 74 29 20346 10 624822 75859 1.5 32 22 10 19 24% 2295629 40352 24%
c w 440.13 536 74 29 20346 10 624822 75542 1.5 32 22 10 19 24% 2295629 40352 24%
c B 448.98 536 75 29 21464 11 630071 80562 1.5 33 22 10 19 25% 2295629 40352 24%
c W 494.15 536 72 29 24245 10 666072 112376 1.5 33 22 10 19 25% 2295629 40352 24%
c } 499.95 536 73 29 24532 10 667535 113783 1.5 33 22 10 19 25% 2295629 40352 24%
c [ 499.95 536 143 29 24532  1 667535 113783 1.3 105 82 20 90 47% 2295629 40352 24%
c - 504.41 538 141 30 24532  1 671475 90600 1.3 105 81 20 90 47% 2295629 40352 24%
c p 504.79 538 141 30 24532  1 671475 90630 1.3 105 81 20 90 47% 2295629 40346 24%
c s 509.49 538 141 30 24532  1 671475 90630 1.3 105 81 20 90 47% 2295020 40346 24%
c s 514.17 538 141 30 24532  1 671475 90630 1.3 105 81 20 90 47% 2294316 40346 24%
c B 529.35 538 173 30 24533  1 703073 119846 1.3 131 103 20 90 50% 2294316 40346 24%
c - 535.58 538 182 31 24533  1 719838 82768 1.3 136 104 20 90 52% 2294316 40346 24%
c W 547.32 538 197 31 24533  1 741075 102853 1.3 146 112 21 99 53% 2294316 40346 24%
c s 566.77 538 197 31 24533  1 764747 125074 1.3 136 104 21 99 51% 2293562 40346 24%
c s 569.63 538 197 31 24533  1 764747 125074 1.3 136 104 21 99 51% 2292732 40346 24%
c - 573.69 537 196 32 24537  1 769908 70742 1.3 134 103 21 99 51% 2292732 40346 24%
c p 573.85 537 196 32 24537  1 769908 70793 1.3 134 103 21 99 51% 2292732 40340 24%
c u 574.41 537 196 32 24537  1 769908 70789 1.3 134 103 21 99 51% 2292732 40340 24%
c v 576.60 537 196 32 24537  1 769908 70695 1.3 134 103 21 99 51% 2292732 40340 24%
c w 577.07 537 196 32 24537  1 769908 70574 1.3 134 103 21 99 51% 2292732 40340 24%
c 
c  seconds     reductions    conflicts          size     tier2          variables
c           MB       restarts       redundant       glue     trail           remaining
c             level        rate          size/glue    tier1     irredundant
c 
c O 584.86 537 198 32 24543  1 780076 79883 1.3 135 104 21 99 51% 2292732 40340 24%
c ] 599.73 537 210 32 24558  1 813232 111898 1.3 134 103 22 101 50% 2292732 40340 24%
c ? 599.73 537 210 32 24558  1 813232 111898 1.3 134 103 22 101 50% 2292732 40340 24%
c 
c --- [ result ] -------------------------------------------------------------
c 
c UNKNOWN
c 
c --- [ run-time profiling ] -------------------------------------------------
c 
c process time taken by individual solving procedures
c (percentage relative to process time for solving)
c 
c       521.82   87.71% search
c       247.34   41.57% unstable
c       230.18   38.69% stable
c        73.12   12.29% simplify
c        43.88    7.38% walk
c        27.27    4.58% subsume
c        18.33    3.08% vivify
c        10.13    1.70% elim
c         5.80    0.98% sweep
c         4.78    0.80% parse
c         3.74    0.63% congruence
c         1.21    0.20% probe
c         0.57    0.10% backbone
c         0.42    0.07% ternary
c         0.41    0.07% lucky
c   =================================
c       594.94   99.20% solve
c 
c last line shows process time for solving
c (percentage relative to total process time)
c 
c --- [ statistics ] ---------------------------------------------------------
c 
c chronological:            153487        18.87 %  of conflicts
c conflicts:                813232      1366.91    per second
c backbone:                4403662      2658.61 %  of vars
c decisions:               3651211      6137.08    per second
c eliminated:               125225        75.60 %  of all variables
c fixed:                        73         0.04 %  of all variables
c learned:                  795327        97.80 %  per conflict
c learned_lits:           79012045       100.00 %  learned literals
c minimized:                     0         0.00 %  learned literals
c shrunken:                4417815         5.59 %  learned literals
c minishrunken:            4272623         5.41 %  learned literals
c otfs:                       3350         0.41 %  of conflict
c propagations:          911535828         1.53 M  per second
c reduced:                  624382        76.78 %  per conflict
c rephased:                     39     20852.10    interval
c restarts:                  24558        33.11    interval
c stabilizing:                   7        63.16 %  of conflicts
c subsumed:                 108260         3.12 %  of all clauses
c strengthened:               4283         0.12 %  of all clauses
c ticks:                7760704507         8.75    propagation
c vivified:                   1246         0.04 %  of all clauses
c walked:                       12     67769.33    interval
c weakened:                 331766         2.62    average size
c 
c seconds are measured in process time for solving
c 
c --- [ glue usage ] ---------------------------------------------------------
c 
c focused glue 10 used 47354 clauses 6.643% accumulated 56.00% tier1
c focused glue 11 used 40132 clauses 5.629% accumulated 61.63%
c focused glue 12-17 used 138349 clauses 19.40% accumulated 81.04%
c focused glue 18 used 16773 clauses 2.353% accumulated 83.39%
c focused glue 19 used 15237 clauses 2.137% accumulated 85.53% tier2
c 
c stable glue 22 used 39939 clauses 1.698% accumulated 50.85% tier1
c stable glue 23 used 33990 clauses 1.445% accumulated 52.30%
c stable glue 24-100 used 836831 clauses 35.59% accumulated 87.89%
c stable glue 101 used 5661 clauses 0.240% accumulated 88.13%
c stable glue 102 used 5826 clauses 0.247% accumulated 88.38% tier2
c 
c 
c --- [ resources ] ----------------------------------------------------------
c 
c total process time since initialization:       599.73    seconds
c total real time since initialization:          600.00    seconds
c maximum resident set size of process:          713.73    MB
c 
c --- [ shutting down ] ------------------------------------------------------
c 
c exit 0
