c --- [ banner ] -------------------------------------------------------------
c 
c CaDiCaL SAT Solver
c Copyright (c) 2016-2026
c A. Biere, M. Fleury, N. Froleyks, K. Fazekas, F. Pollitt, T. Faller
c JKU Linz, University of Freiburg, TU Wien
c 
c Version 3.0.1 c60730422e758ef1cebe7aeddf2dda31c996bf04
c g++ (Debian 12.2.0-14+deb12u1) 12.2.0 -Wall -Wextra -O3 -DNDEBUG
c Sun Sep 13 05:25:53 UTC 2026 Linux discovery-workbench 6.1.0-52-cloud-amd64 x86_64
c 
c --- [ limit ] --------------------------------------------------------------
c 
c setting time limit to 600 seconds real time (due to '-t 600')
c 
c --- [ parsing input ] ------------------------------------------------------
c 
c reading DIMACS file from 'degree22_paired220_e111.cnf'
c opening file to read 'degree22_paired220_e111.cnf'
c found 'p cnf 165638 2516008' header
c parsed 2516008 clauses in 3.08 seconds process time
c 
c --- [ options ] ------------------------------------------------------------
c 
c   --seed=111                     (different from default '0')
c 
c --- [ solving ] ------------------------------------------------------------
c 
c time measured in process time since initialization
c 
c  seconds   reduction conflicts       size tier2         variables
c          MB    restarts   redundant    glue  trail            remaining
c           level     rate       size/glu tier1   irredundant
c 
c *  3.08 318  0 0   0  0    0    0 0.0 0 0 2 6  0% 2516008 165638 100%
c )  3.34 348  0 0   0  0    0    0 0.0 0 0 2 6  0% 2516008 165638 100%
c {  3.42 348  0 0   0  0    0    0 0.0 0 0 2 6  0% 2516008 165638 100%
c -  4.03 363 3244 1  33 101  300   71 1.3 27 20 2 6 21% 2516008 165638 100%
c }  5.27 370 10344 1 112 94 1003  694 1.3 31 24 2 6 41% 2516008 165638 100%
c [  5.27 370  0 1 112  0 1003  694 0.0 0 0 2 6  0% 2516008 165638 100%
c O  5.28 371 10 1 112 11 1004  695 1.1 11 10 2 6  4% 2516008 165638 100%
c -  6.54 548 81 2 112  1 1339  301 1.6 50 31 2 6 52% 2516008 165638 100%
c ]  7.63 548 86 2 113  1 2713 1617 1.7 73 43 2 6 57% 2516008 165638 100%
c {  7.63 548 10344 2 113 94 2713 1617 1.3 31 24 2 6 41% 2516008 165638 100%
c O  8.88 548 7982 2 167 77 3006 1902 1.3 34 25 2 6 44% 2516008 165638 100%
c - 11.37 549 5706 3 254 60 3533  650 1.3 37 27 2 6 47% 2516008 165638 100%
c p 13.10 549 4375 3 326 50 4096 1189 1.4 38 28 2 6 49% 2516008 165637 100%
c } 15.98 547 3283 3 378 39 4882 1938 1.4 38 28 2 6 47% 2516006 165637 100%
c [ 15.98 547 86 3 378  1 4882 1938 1.7 73 43 2 6 57% 2516006 165637 100%
c I 16.71 547 96 3 379  1 6008 3018 1.5 71 47 18 61 57% 2516006 165637 100%
c - 17.94 547 96 4 379  1 7099 1057 1.4 72 51 18 64 56% 2516006 165637 100%
c s 19.67 550 98 4 380  1 7851 1712 1.4 74 53 18 64 56% 2497608 165637 100%
c e 21.28 552 98 4 380  1 7851 1410 1.4 74 53 18 64 56% 2327049 40422 24%
c s 22.10 552 98 4 380  1 7851 1410 1.4 74 53 18 64 56% 2316484 40422 24%
c 
c  seconds    reductions conflicts       size    tier2          variables
c          MB     restarts    redundant     glue     trail           remaining
c            level     rate        size/glue  tier1     irredundant
c 
c B 23.92 529 100 4 382  1 10010 3328 1.3 76 56 18 69 48% 2316484 40422 24%
c - 24.77 529 98 5 383  1 12154 1434 1.4 74 54 18 69 47% 2316484 40422 24%
c W 27.14 529 97 5 383  1 15013 4115 1.4 74 53 18 65 47% 2316484 40422 24%
c - 28.69 529 99 6 386  1 18672 2002 1.4 76 54 18 65 46% 2316484 40422 24%
c ] 29.39 529 101 6 387  1 20311 3529 1.4 78 56 18 65 46% 2316484 40422 24%
c { 29.39 529 3283 6 387 39 20311 3529 1.4 38 28 2 6 194% 2316484 40422 24%
c # 29.99 529 2698 6 451 34 21014 4200 1.4 40 29 2 6 166% 2316484 40422 24%
c - 33.51 530 1112 7 805 18 26751 7807 1.4 40 29 17 41 88% 2316484 40422 24%
c B 35.16 530 987 7 890 17 28017 9003 1.4 40 29 17 41 82% 2316484 40422 24%
c W 38.72 530 582 7 1177 12 36019 16351 1.4 39 27 17 41 59% 2316484 40422 24%
c - 39.43 531 571 8 1189 12 36422 15433 1.4 39 27 17 41 58% 2316484 40422 24%
c F 44.57 531 404 8 1727 10 45020 23412 1.4 37 26 14 31 48% 2316484 40422 24%
c - 45.59 531 370 9 1741  9 47704 20723 1.4 37 26 14 31 45% 2316484 40422 24%
c } 47.34 531 346 9 1924  9 50052 22885 1.4 37 26 14 31 44% 2316484 40422 24%
c [ 47.34 531 101 9 1924  1 50052 22885 1.4 78 56 18 65 46% 2316484 40422 24%
c O 48.31 531 102 9 1927  1 55021 27629 1.4 78 56 18 65 47% 2316484 40422 24%
c - 50.43 531 109 10 1928  1 60618 23162 1.4 81 57 18 65 47% 2316484 40422 24%
c B 52.01 531 134 10 1928  1 66023 28363 1.4 91 65 18 65 50% 2316484 40422 24%
c - 54.80 531 164 11 1935  1 75173 22472 1.4 107 78 21 83 52% 2316484 40422 24%
c W 58.19 531 172 11 1935  1 78024 25207 1.4 110 80 21 83 52% 2316484 40422 24%
c 
c  seconds    reductions   conflicts         size    tier2          variables
c          MB      restarts      redundant      glue     trail           remaining
c            level       rate         size/glue   tier1     irredundant
c 
c ] 62.58 531 161 11 1942  1 90612 36839 1.3 106 79 21 83 50% 2316484 40422 24%
c { 62.58 531 346 11 1942  9 90612 36839 1.4 37 26 14 31 44% 2316484 40422 24%
c B 63.12 531 342 11 1988 10 91026 37234 1.4 37 26 14 31 44% 2316484 40422 24%
c - 64.32 531 340 12 2057 10 91383 22643 1.4 37 26 14 31 44% 2316484 40422 24%
c W 69.78 531 244 12 2372  8 105027 33659 1.4 34 23 14 31 36% 2316484 40422 24%
c - 74.94 532 228 13 2952  8 109254 30796 1.4 34 24 14 31 36% 2316484 40422 24%
c # 80.44 532 194 13 3566  8 120028 39314 1.4 33 24 14 31 33% 2316484 40422 24%
c - 87.66 533 175 14 4326  9 128795 41582 1.4 34 24 14 31 33% 2316484 40422 24%
c u 88.00 533 175 14 4326  9 128795 41579 1.4 34 24 14 31 33% 2316484 40422 24%
c v 89.13 533 175 14 4326  9 128795 41136 1.4 34 24 14 31 33% 2316484 40422 24%
c w 89.82 533 175 14 4326  9 128795 40770 1.4 34 24 14 31 33% 2316484 40422 24%
c B 94.91 533 161 14 4785  8 136029 47188 1.4 33 23 14 31 31% 2316484 40422 24%
c } 95.99 533 161 14 4894  9 136514 47656 1.4 33 23 11 22 31% 2316484 40422 24%
c [ 95.99 533 161 14 4894  1 136514 47656 1.3 106 79 21 83 50% 2316484 40422 24%
c - 100.93 532 150 15 4896  1 150012 34914 1.3 101 78 21 83 47% 2316484 40422 24%
c I 102.66 532 157 15 4896  1 153031 37807 1.3 104 80 21 83 48% 2316484 40422 24%
c B 109.49 532 148 15 4903  1 171032 54187 1.3 100 77 21 83 47% 2316484 40422 24%
c - 110.41 532 151 16 4903  1 172908 30647 1.3 101 78 21 83 47% 2316484 40422 24%
c W 119.06 532 176 16 4911  1 190033 46939 1.3 121 93 21 83 50% 2316484 40422 24%
c - 122.79 531 177 17 4914  1 197492 28714 1.3 118 91 21 83 50% 2316484 40422 24%
c 
c  seconds     reductions   conflicts          size     tier2          variables
c           MB      restarts       redundant      glue      trail           remaining
c             level       rate          size/glue   tier1      irredundant
c 
c ] 126.09 531 171 17 4918  1 205354 35726 1.3 115 90 22 103 49% 2316484 40422 24%
c { 126.09 531 161 17 4918  9 205354 35726 1.4 33 23 11 22 31% 2316484 40422 24%
c W 128.67 531 152 17 5028  8 210037 39951 1.4 33 23 11 22 31% 2316484 40422 24%
c - 143.12 532 139 18 6738  9 223768 35363 1.4 33 24 11 22 31% 2316484 40422 24%
c s 148.77 532 136 18 7260 10 227591 38990 1.4 34 24 11 22 31% 2305704 40422 24%
c s 150.61 532 136 18 7260 10 227591 38990 1.4 34 24 11 22 31% 2302825 40422 24%
c F 155.33 532 134 18 7846 10 231039 42279 1.4 34 24 11 22 31% 2302825 40422 24%
c - 166.59 533 117 19 9060 10 251734 47534 1.5 34 24 11 22 30% 2302825 40422 24%
c u 166.95 533 117 19 9060 10 251734 47532 1.5 34 24 11 22 30% 2302825 40422 24%
c v 168.55 533 117 19 9060 10 251734 47045 1.5 34 24 11 22 30% 2302825 40422 24%
c w 169.28 533 117 19 9060 10 251734 46637 1.5 34 24 11 22 30% 2302825 40422 24%
c B 170.89 533 117 19 9230 10 253041 47858 1.4 34 24 11 22 30% 2302825 40422 24%
c } 174.99 533 113 19 9584  9 258886 53114 1.4 34 24 11 22 30% 2302825 40422 24%
c [ 174.99 533 171 19 9584  1 258886 53114 1.3 115 90 22 103 49% 2302825 40422 24%
c O 181.44 533 183 19 9592  1 276042 69596 1.3 118 92 22 102 51% 2302825 40422 24%
c - 183.41 533 181 20 9592  1 281363 49398 1.3 117 90 22 102 51% 2302825 40422 24%
c B 192.41 533 197 20 9594  1 300044 67117 1.3 124 99 22 102 49% 2302825 40422 24%
c - 195.27 532 203 21 9594  1 312687 44517 1.3 127 98 22 102 51% 2302825 40422 24%
c W 204.75 532 209 21 9594  1 325045 56433 1.3 132 102 22 102 52% 2302825 40422 24%
c - 213.10 532 192 22 9603  1 345710 42484 1.3 123 95 23 107 50% 2302825 40422 24%
c 
c  seconds     reductions   conflicts          size     tier2          variables
c           MB      restarts       redundant      glue      trail           remaining
c             level       rate          size/glue   tier1      irredundant
c 
c I 215.15 532 188 22 9607  1 351046 47509 1.3 122 93 23 107 50% 2302825 40422 24%
c ] 219.54 532 175 22 9609  1 364182 58647 1.3 116 89 23 107 49% 2302825 40422 24%
c { 219.54 532 113 22 9609  9 364182 58647 1.4 34 24 11 22 30% 2302825 40422 24%
c W 239.97 532 110 22 11494 11 378047 71836 1.4 35 24 11 22 31% 2302825 40422 24%
c - 244.49 532 109 23 11875 11 380433 48458 1.4 35 24 11 22 31% 2302825 40422 24%
c p 244.67 532 109 23 11875 11 380433 48458 1.4 35 24 11 22 31% 2302825 40421 24%
c k 245.16 532 109 23 11875 11 380433 48458 1.4 35 24 11 22 31% 2302825 40369 24%
c u 245.43 532 109 23 11875 11 380433 48455 1.4 35 24 11 22 31% 2302825 40369 24%
c v 246.78 532 109 23 11875 11 380433 48320 1.4 35 24 11 22 31% 2302825 40369 24%
c w 246.96 532 109 23 11875 11 380433 48212 1.4 35 24 11 22 31% 2302825 40369 24%
c s 249.01 532 109 23 11875 11 380433 48212 1.4 35 24 11 22 31% 2301147 40369 24%
c s 250.92 532 109 23 11875 11 380433 48212 1.4 35 24 11 22 31% 2299610 40369 24%
c # 256.02 532 90 23 12223  8 406052 69579 1.5 34 23 11 21 27% 2299610 40369 24%
c - 270.55 534 91 24 13855 10 416856 64723 1.5 34 23 11 21 28% 2299610 40369 24%
c p 270.62 534 91 24 13855 10 416856 64745 1.5 34 23 11 21 28% 2299610 40364 24%
c t 270.75 534 91 24 13855 10 416856 64744 1.5 34 23 11 21 28% 2299610 40364 24%
c s 286.32 534 91 24 15349 10 427089 74469 1.5 34 24 11 21 29% 2298533 40364 24%
c s 288.24 534 91 24 15349 10 427089 74469 1.5 34 24 11 21 29% 2297630 40364 24%
c } 295.68 534 92 24 16129 11 431742 78915 1.5 35 24 11 21 29% 2297630 40364 24%
c [ 295.68 534 175 24 16129  1 431742 78915 1.3 116 89 23 107 49% 2297630 40364 24%
c 
c  seconds     reductions    conflicts          size     tier2          variables
c           MB       restarts       redundant      glue      trail           remaining
c             level        rate          size/glue   tier1      irredundant
c 
c B 296.81 534 172 24 16132  1 435057 82099 1.3 115 88 23 107 49% 2297630 40364 24%
c - 305.35 535 188 25 16143  1 454975 72104 1.3 121 92 23 107 51% 2297630 40364 24%
c p 305.73 535 188 25 16143  1 454975 72106 1.3 121 92 23 107 51% 2297630 40364 24%
c W 316.49 535 192 25 16144  1 465058 81634 1.3 125 95 22 102 51% 2297630 40364 24%
c s 329.57 535 178 25 16148  1 485399 100137 1.3 118 91 22 102 49% 2296762 40364 24%
c s 332.57 535 178 25 16148  1 485399 100137 1.3 118 91 22 102 49% 2295938 40364 24%
c - 339.72 534 172 26 16152  1 494791 63951 1.3 115 89 22 102 48% 2295938 40364 24%
c u 342.08 534 172 26 16152  1 494791 63948 1.3 115 89 22 102 48% 2295938 40364 24%
c v 344.52 534 172 26 16152  1 494791 63817 1.3 115 89 22 102 48% 2295938 40364 24%
c w 344.91 534 172 26 16152  1 494791 63629 1.3 115 89 22 102 48% 2295938 40364 24%
c O 345.77 534 171 26 16153  1 496059 64777 1.3 114 88 22 102 48% 2295938 40364 24%
c B 359.35 534 187 26 16167  1 528062 95301 1.3 124 94 22 102 50% 2295938 40364 24%
c - 364.67 533 184 27 16173  1 536308 60031 1.3 122 93 22 101 50% 2295938 40364 24%
c W 386.40 533 168 27 16176  1 561064 81115 1.3 117 91 22 101 49% 2295938 40364 24%
c ] 393.96 533 160 27 16177  1 574362 93214 1.3 113 88 22 101 48% 2295938 40364 24%
c { 393.96 533 92 27 16177 11 574362 93214 1.5 35 24 11 21 29% 2295938 40364 24%
c - 405.75 533 92 28 16909 11 579534 60704 1.4 35 24 11 21 30% 2295938 40364 24%
c p 405.89 533 92 28 16909 11 579534 60710 1.4 35 24 11 21 30% 2295938 40364 24%
c B 421.04 533 89 28 18072 11 595065 74499 1.5 34 24 11 21 29% 2295938 40364 24%
c - 447.14 535 83 29 19939 10 624466 78084 1.5 34 23 11 21 28% 2295938 40364 24%
c 
c  seconds    reductions    conflicts         size    tier2          variables
c           MB      restarts       redundant     glue     trail           remaining
c            level        rate          size/glue  tier1     irredundant
c 
c p 447.34 535 83 29 19939 10 624466 78141 1.5 34 23 11 21 28% 2295938 40356 24%
c u 447.91 535 83 29 19939 10 624466 78133 1.5 34 23 11 21 28% 2295938 40356 24%
c v 450.63 535 83 29 19939 10 624466 77992 1.5 34 23 11 21 28% 2295938 40356 24%
c w 451.09 535 83 29 19939 10 624466 77812 1.5 34 23 11 21 28% 2295938 40356 24%
c s 453.37 535 83 29 19939 10 624466 77812 1.5 34 23 11 21 28% 2295148 40356 24%
c s 455.73 535 83 29 19939 10 624466 77812 1.5 34 23 11 21 28% 2294308 40356 24%
c W 468.43 536 83 29 20639 10 630066 82963 1.5 34 23 11 21 28% 2294308 40356 24%
c F 498.09 536 76 29 22537  9 666067 114035 1.5 33 23 10 20 26% 2294308 40356 24%
c - 503.00 536 75 30 22759  9 671106 90048 1.5 33 22 10 20 26% 2294308 40356 24%
c p 503.37 536 75 30 22759  9 671106 90054 1.5 33 22 10 20 26% 2294308 40356 24%
c } 522.80 536 77 30 24243 10 680003 98447 1.5 33 23 10 20 27% 2294308 40356 24%
c [ 522.80 536 160 30 24243  1 680003 98447 1.3 113 88 22 101 48% 2294308 40356 24%
c I 540.57 536 150 30 24243  1 703068 120323 1.3 108 84 22 101 47% 2294308 40356 24%
c s 546.43 536 149 30 24244  1 706074 122934 1.3 107 83 22 101 47% 2293483 40356 24%
c s 551.11 536 149 30 24244  1 706074 122934 1.3 107 83 22 101 47% 2293004 40356 24%
c - 563.81 536 142 31 24244  1 719452 87933 1.3 104 81 22 101 47% 2293004 40356 24%
c p 564.08 536 142 31 24244  1 719452 87991 1.3 104 81 22 101 47% 2293004 40349 24%
c u 564.99 536 142 31 24244  1 719452 87982 1.3 104 81 22 101 47% 2293004 40349 24%
c v 567.30 536 142 31 24244  1 719452 87924 1.3 104 81 22 101 47% 2293004 40349 24%
c w 567.66 536 142 31 24244  1 719452 87855 1.3 104 81 22 101 47% 2293004 40349 24%
c 
c  seconds     reductions    conflicts           size    tier2          variables
c           MB       restarts       redundant       glue     trail           remaining
c             level        rate           size/glue   tier1     irredundant
c 
c B 587.27 536 134 31 24244  1 741070 106004 1.3 101 79 21 94 47% 2293004 40349 24%
c ] 599.72 536 149 31 24244  1 768219 131097 1.3 114 88 21 94 48% 2293004 40349 24%
c ? 599.72 536 149 31 24244  1 768219 131097 1.3 114 88 21 94 48% 2293004 40349 24%
c 
c --- [ result ] -------------------------------------------------------------
c 
c UNKNOWN
c 
c --- [ run-time profiling ] -------------------------------------------------
c 
c process time taken by individual solving procedures
c (percentage relative to process time for solving)
c 
c       527.95   88.49% search
c       268.13   44.94% unstable
c       223.88   37.52% stable
c        68.69   11.51% simplify
c        35.60    5.97% walk
c        24.04    4.03% subsume
c        19.33    3.24% vivify
c         8.59    1.44% elim
c         5.87    0.98% sweep
c         3.24    0.54% congruence
c         3.08    0.52% parse
c         1.32    0.22% probe
c         0.56    0.09% ternary
c         0.53    0.09% backbone
c         0.34    0.06% lucky
c   =================================
c       596.64   99.49% solve
c 
c last line shows process time for solving
c (percentage relative to total process time)
c 
c --- [ statistics ] ---------------------------------------------------------
c 
c chronological:            149906        19.51 %  of conflicts
c conflicts:                768219      1287.57    per second
c backbone:                4232897      2555.51 %  of vars
c decisions:               3546379      5943.90    per second
c eliminated:               125215        75.60 %  of all variables
c fixed:                        74         0.04 %  of all variables
c learned:                  750387        97.68 %  per conflict
c learned_lits:           69342363       100.00 %  learned literals
c minimized:                     0         0.00 %  learned literals
c shrunken:                3555965         5.13 %  learned literals
c minishrunken:            3686503         5.32 %  learned literals
c otfs:                       3683         0.48 %  of conflict
c propagations:          890737959         1.49 M  per second
c reduced:                  565840        73.66 %  per conflict
c rephased:                     38     20216.29    interval
c restarts:                  24244        31.69    interval
c stabilizing:                   7        60.17 %  of conflicts
c subsumed:                 103327         3.01 %  of all clauses
c strengthened:               4404         0.13 %  of all clauses
c ticks:                7444092786         8.58    propagation
c vivified:                   1078         0.03 %  of all clauses
c walked:                       11     69838.09    interval
c weakened:                 331766         2.62    average size
c 
c seconds are measured in process time for solving
c 
c --- [ glue usage ] ---------------------------------------------------------
c 
c focused glue 10 used 47003 clauses 7.071% accumulated 51.28% tier1
c focused glue 11 used 37391 clauses 5.625% accumulated 56.90%
c focused glue 12-18 used 153130 clauses 23.03% accumulated 79.94%
c focused glue 19 used 13966 clauses 2.101% accumulated 82.04%
c focused glue 20 used 12634 clauses 1.900% accumulated 83.94% tier2
c 
c stable glue 21 used 41617 clauses 1.954% accumulated 50.83% tier1
c stable glue 22 used 35286 clauses 1.657% accumulated 52.49%
c stable glue 23-94 used 748049 clauses 35.13% accumulated 87.62%
c stable glue 95 used 6464 clauses 0.303% accumulated 87.92%
c stable glue 96 used 6820 clauses 0.320% accumulated 88.24% tier2
c 
c 
c --- [ resources ] ----------------------------------------------------------
c 
c total process time since initialization:       599.72    seconds
c total real time since initialization:          600.00    seconds
c maximum resident set size of process:          693.02    MB
c 
c --- [ shutting down ] ------------------------------------------------------
c 
c exit 0
