c --- [ banner ] -------------------------------------------------------------
c 
c CaDiCaL SAT Solver
c Copyright (c) 2016-2026
c A. Biere, M. Fleury, N. Froleyks, K. Fazekas, F. Pollitt, T. Faller
c JKU Linz, University of Freiburg, TU Wien
c 
c Version 3.0.1 c60730422e758ef1cebe7aeddf2dda31c996bf04
c g++ (Debian 12.2.0-14+deb12u1) 12.2.0 -Wall -Wextra -O3 -DNDEBUG
c Sun Sep 13 05:25:53 UTC 2026 Linux discovery-workbench 6.1.0-52-cloud-amd64 x86_64
c 
c --- [ limit ] --------------------------------------------------------------
c 
c setting time limit to 600 seconds real time (due to '-t 600')
c 
c --- [ parsing input ] ------------------------------------------------------
c 
c reading DIMACS file from 'degree22_paired220_e114.cnf'
c opening file to read 'degree22_paired220_e114.cnf'
c found 'p cnf 165638 2516008' header
c parsed 2516008 clauses in 3.49 seconds process time
c 
c --- [ options ] ------------------------------------------------------------
c 
c   --seed=114                     (different from default '0')
c 
c --- [ solving ] ------------------------------------------------------------
c 
c time measured in process time since initialization
c 
c  seconds   reduction conflicts       size tier2         variables
c          MB    restarts   redundant    glue  trail            remaining
c           level     rate       size/glu tier1   irredundant
c 
c *  3.49 318  0 0   0  0    0    0 0.0 0 0 2 6  0% 2516008 165638 100%
c )  3.78 348  0 0   0  0    0    0 0.0 0 0 2 6  0% 2516008 165638 100%
c {  3.85 348  0 0   0  0    0    0 0.0 0 0 2 6  0% 2516008 165638 100%
c -  4.46 363 3244 1  33 101  300   71 1.3 27 20 2 6 21% 2516008 165638 100%
c }  5.65 372 10344 1 112 94 1003  694 1.3 31 24 2 6 41% 2516008 165638 100%
c [  5.65 372  0 1 112  0 1003  694 0.0 0 0 2 6  0% 2516008 165638 100%
c O  5.65 372 10 1 112 11 1004  695 1.1 11 10 2 6  4% 2516008 165638 100%
c -  6.98 549 88 2 112  2 1339  288 1.5 46 31 2 6 51% 2516008 165638 100%
c I  7.97 549 97 2 113  1 3005 1876 1.5 69 46 2 6 58% 2516008 165638 100%
c ]  8.05 549 97 2 113  1 3069 1934 1.5 68 46 2 6 58% 2516008 165638 100%
c {  8.05 549 10344 2 113 94 3069 1934 1.3 31 24 2 6 41% 2516008 165638 100%
c - 10.43 550 7090 3 168 68 3533  647 1.3 34 25 2 6 44% 2516008 165638 100%
c p 13.81 550 5139 3 276 55 4098 1187 1.3 35 26 2 6 46% 2516008 165637 100%
c } 18.77 553 3246 3 394 39 5282 2328 1.4 38 27 16 37 48% 2516008 165637 100%
c [ 18.77 553 97 3 394  1 5282 2328 1.5 68 46 2 6 58% 2516008 165637 100%
c B 19.65 553 103 3 395  1 6006 3003 1.4 71 50 22 59 57% 2516008 165637 100%
c - 21.24 554 102 4 395  1 7098 3003 1.4 69 48 21 67 56% 2516006 165637 100%
c s 25.16 551 101 4 396  1 7853 3699 1.4 68 49 21 67 56% 2498422 165637 100%
c e 27.22 552 101 4 396  1 7853 3031 1.4 68 49 21 67 56% 2327935 40440 24%
c s 28.31 552 101 4 396  1 7853 3031 1.4 68 49 21 67 56% 2312832 40440 24%
c 
c  seconds   reductions conflicts       size    tier2          variables
c          MB    restarts    redundant     glue     trail           remaining
c           level     rate        size/glue  tier1     irredundant
c 
c W 32.25 528 99 4 398  1 10007 5005 1.4 71 51 21 67 45% 2312832 40440 24%
c - 34.06 529 105 5 399  1 12155 4558 1.4 74 55 21 67 43% 2312832 40440 24%
c O 36.50 529 107 5 399  1 15008 7186 1.3 78 58 20 73 43% 2312832 40440 24%
c - 38.62 529 101 6 402  1 18671 6548 1.4 76 55 20 73 44% 2312832 40440 24%
c ] 39.60 529 102 6 403  1 19896 7691 1.4 77 56 20 73 44% 2312832 40440 24%
c { 39.60 529 3246 6 403 39 19896 7691 1.4 38 27 16 37 198% 2312832 40440 24%
c O 40.10 529 2408 6 425 30 21010 8702 1.4 37 26 16 37 154% 2312832 40440 24%
c - 44.01 529 1046 7 721 16 26746 9762 1.4 35 25 13 30 80% 2312832 40440 24%
c # 44.46 529 925 7 721 15 28014 10752 1.4 34 24 13 30 72% 2312832 40440 24%
c B 51.45 529 560 7 1434 13 36017 18297 1.4 35 25 13 30 55% 2312832 40440 24%
c - 52.77 530 550 8 1514 13 36410 15129 1.4 35 25 13 30 55% 2312832 40440 24%
c W 60.21 530 385 8 1831 10 45019 22464 1.4 33 23 13 28 43% 2312832 40440 24%
c - 62.34 531 354 9 1935 10 47687 20090 1.4 33 23 13 28 42% 2312832 40440 24%
c } 64.19 531 341 9 2093 10 49104 21421 1.4 33 23 13 28 41% 2312832 40440 24%
c [ 64.19 531 102 9 2093  1 49104 21421 1.4 77 56 20 73 44% 2312832 40440 24%
c B 66.30 531 104 9 2096  1 55023 27026 1.4 77 56 20 73 45% 2312832 40440 24%
c - 68.90 531 109 10 2097  1 60592 22107 1.3 80 60 20 73 45% 2312832 40440 24%
c W 71.32 531 111 10 2098  1 66024 27066 1.3 83 63 20 73 46% 2312832 40440 24%
c - 75.40 531 112 11 2104  1 75140 21547 1.3 82 64 16 68 44% 2312832 40440 24%
c I 76.56 531 111 11 2104  1 78025 24193 1.3 82 64 16 68 44% 2312832 40440 24%
c 
c  seconds    reductions   conflicts        size    tier2          variables
c          MB      restarts      redundant     glue     trail           remaining
c            level       rate         size/glue  tier1     irredundant
c 
c ] 80.18 531 108 11 2111  1 90236 34348 1.3 83 65 16 68 44% 2312832 40440 24%
c { 80.18 531 341 11 2111 10 90236 34348 1.4 33 23 13 28 41% 2312832 40440 24%
c F 81.02 531 334 11 2208 10 91026 35104 1.4 33 23 13 28 41% 2312832 40440 24%
c - 82.11 531 332 12 2277 10 91339 22142 1.4 33 23 13 28 41% 2312832 40440 24%
c B 88.22 531 239 12 2807  8 105028 34651 1.5 33 22 13 28 35% 2312832 40440 24%
c - 90.23 532 219 13 2988  8 109201 32402 1.5 32 22 13 28 33% 2312832 40440 24%
c W 99.30 532 186 13 3829  8 120029 42291 1.4 31 22 13 28 31% 2312832 40440 24%
c - 103.01 533 163 14 4155  8 128731 44710 1.4 31 21 13 28 29% 2312832 40440 24%
c u 103.36 533 163 14 4155  8 128731 44704 1.4 31 21 13 28 29% 2312832 40440 24%
c v 104.71 533 163 14 4155  8 128731 44230 1.4 31 21 13 28 29% 2312832 40440 24%
c w 104.92 533 163 14 4155  8 128731 44127 1.4 31 21 13 28 29% 2312832 40440 24%
c # 106.39 533 145 14 4155  7 136031 49833 1.4 30 21 13 28 27% 2312832 40440 24%
c - 113.02 533 124 15 4837  7 149936 43739 1.5 30 20 11 19 25% 2312832 40440 24%
c k 113.13 533 124 15 4837  7 149936 43739 1.5 30 20 11 19 25% 2312832 40386 24%
c s 114.53 533 124 15 4837  7 149936 43739 1.5 30 20 11 19 25% 2303024 40386 24%
c s 116.36 533 124 15 4837  7 149936 43739 1.5 30 20 11 19 25% 2300408 40386 24%
c } 117.37 533 123 15 4907  7 150406 44157 1.5 30 20 11 19 25% 2300408 40386 24%
c [ 117.37 533 108 15 4907  1 150406 44157 1.3 83 65 16 68 44% 2300408 40386 24%
c B 117.86 533 109 15 4908  1 153033 46625 1.3 82 65 16 68 44% 2300408 40386 24%
c W 125.43 539 111 15 4909  1 171036 63083 1.3 85 67 16 68 44% 2300408 40386 24%
c 
c  seconds     reductions   conflicts         size    tier2          variables
c           MB      restarts       redundant     glue     trail           remaining
c             level       rate          size/glue  tier1     irredundant
c 
c - 126.42 532 111 16 4909  1 172820 42245 1.3 85 67 16 68 44% 2300408 40386 24%
c s 132.02 532 112 16 4916  1 184928 53123 1.3 86 68 16 68 44% 2298885 40386 24%
c s 133.74 532 112 16 4916  1 184928 53123 1.3 86 68 16 68 44% 2297753 40386 24%
c O 135.92 532 111 16 4918  1 190037 57706 1.3 87 68 16 68 45% 2297753 40386 24%
c - 138.63 531 110 17 4923  1 197363 37182 1.3 86 67 16 68 45% 2297753 40386 24%
c B 144.00 531 109 17 4926  1 210039 49041 1.3 88 68 18 70 45% 2297753 40386 24%
c ] 148.19 531 110 17 4932  1 221950 59598 1.3 89 69 18 70 45% 2297753 40386 24%
c { 148.19 531 123 17 4932  7 221950 59598 1.5 30 20 11 19 25% 2297753 40386 24%
c - 151.67 531 123 18 5274  7 223587 37055 1.5 30 20 11 19 25% 2297753 40386 24%
c B 155.09 531 115 18 5684  7 231041 43366 1.5 30 20 11 19 25% 2297753 40386 24%
c s 172.38 531 112 18 7788  9 242503 54268 1.5 30 21 11 19 26% 2296706 40386 24%
c s 175.17 531 112 18 7788  9 242503 54268 1.5 30 21 11 19 26% 2295783 40386 24%
c - 186.94 532 108 19 9020 10 251499 47982 1.5 30 21 11 19 27% 2295783 40386 24%
c u 187.61 532 108 19 9020 10 251499 47972 1.5 30 21 11 19 27% 2295783 40386 24%
c v 188.99 532 108 19 9020 10 251499 47537 1.5 30 21 11 19 27% 2295783 40386 24%
c w 189.37 532 108 19 9020 10 251499 47329 1.5 30 21 11 19 27% 2295783 40386 24%
c t 189.40 532 108 19 9020 10 251499 47327 1.5 30 21 11 19 27% 2295783 40386 24%
c W 193.84 532 106 19 9020 10 253042 48609 1.4 30 21 11 19 26% 2295783 40386 24%
c } 201.98 532 91 19 9941  9 275092 67615 1.5 31 20 10 18 24% 2295783 40386 24%
c [ 201.98 532 110 19 9941  1 275092 67615 1.3 89 69 18 70 45% 2295783 40386 24%
c 
c  seconds     reductions   conflicts         size    tier2          variables
c           MB      restarts       redundant     glue     trail           remaining
c             level       rate          size/glue  tier1     irredundant
c 
c W 203.27 532 110 19 9942  1 276044 68484 1.3 89 69 18 70 44% 2295783 40386 24%
c - 205.31 533 109 20 9946  1 281098 57857 1.3 88 68 18 70 44% 2295783 40386 24%
c I 211.52 533 108 20 9949  1 300048 75393 1.3 87 67 18 70 45% 2295783 40386 24%
c - 216.26 533 105 21 9950  1 312390 56184 1.3 86 66 18 70 44% 2295783 40386 24%
c B 221.20 533 105 21 9950  1 325049 67355 1.3 86 66 18 70 44% 2295783 40386 24%
c - 227.88 532 106 22 9951  1 345377 49053 1.3 88 66 17 67 44% 2295783 40386 24%
c W 232.38 532 107 22 9955  1 351050 54284 1.3 88 67 17 67 44% 2295783 40386 24%
c O 242.06 532 109 22 9965  1 378052 78646 1.3 88 68 17 67 44% 2295783 40386 24%
c ] 242.13 532 109 22 9965  1 378215 78802 1.3 88 68 17 67 44% 2295783 40386 24%
c { 242.13 532 91 22 9965  9 378215 78802 1.5 31 20 10 18 24% 2295783 40386 24%
c - 244.73 532 90 23 10175  9 380063 48923 1.5 30 20 10 18 24% 2295783 40386 24%
c F 255.84 532 75 23 11590  8 406053 71682 1.5 28 19 9 16 21% 2295783 40386 24%
c - 274.43 532 78 24 13891 10 416450 58216 1.5 29 20 9 16 23% 2295783 40386 24%
c p 274.54 532 78 24 13891 10 416450 58218 1.5 29 20 9 16 23% 2295783 40385 24%
c u 274.95 532 78 24 13891 10 416450 58205 1.5 29 20 9 16 23% 2295783 40385 24%
c v 276.52 532 78 24 13891 10 416450 58100 1.5 29 20 9 16 23% 2295783 40385 24%
c w 276.77 532 78 24 13891 10 416450 57955 1.5 29 20 9 16 23% 2295783 40385 24%
c s 278.99 532 78 24 13891 10 416450 57955 1.5 29 20 9 16 23% 2294813 40385 24%
c s 280.89 532 78 24 13891 10 416450 57955 1.5 29 20 9 16 23% 2294044 40385 24%
c B 301.68 532 78 24 16162 11 435055 74837 1.5 29 20 9 16 24% 2294044 40385 24%
c 
c  seconds    reductions    conflicts         size   tier2          variables
c           MB      restarts       redundant     glue    trail           remaining
c            level        rate          size/glue  tier1    irredundant
c 
c } 311.21 532 79 24 17405 11 442829 81946 1.5 29 20 9 16 25% 2294044 40385 24%
c [ 311.21 532 109 24 17405  1 442829 81946 1.3 88 68 17 67 44% 2294044 40385 24%
c - 315.18 533 109 25 17412  1 454539 70024 1.3 88 67 17 67 44% 2294044 40385 24%
c p 315.46 533 109 25 17412  1 454539 70058 1.3 88 67 17 67 44% 2294044 40380 24%
c B 318.34 533 110 25 17419  1 465056 79942 1.3 88 68 17 68 44% 2294044 40380 24%
c s 326.83 533 111 25 17421  1 486386 98632 1.3 90 71 17 68 44% 2293396 40380 24%
c s 328.66 533 111 25 17421  1 486386 98632 1.3 90 71 17 68 44% 2292759 40380 24%
c - 332.77 533 110 26 17423  1 494327 62242 1.3 89 71 17 68 43% 2292759 40380 24%
c W 340.88 533 110 26 17424  1 496057 63829 1.3 89 71 17 68 43% 2292759 40380 24%
c I 354.02 533 110 26 17438  1 528062 92379 1.3 89 70 17 68 43% 2292759 40380 24%
c - 356.96 532 108 27 17443  1 535815 55169 1.3 88 69 17 69 43% 2292759 40380 24%
c u 358.96 532 108 27 17443  1 535815 55155 1.3 88 69 17 69 43% 2292759 40380 24%
c v 360.57 532 108 27 17443  1 535815 55114 1.3 88 69 17 69 43% 2292759 40380 24%
c w 360.85 532 108 27 17443  1 535815 54962 1.3 88 69 17 69 43% 2292759 40380 24%
c B 368.64 532 108 27 17452  1 561064 76159 1.3 89 71 17 69 44% 2292759 40380 24%
c s 372.80 532 108 27 17452  1 567975 81747 1.2 89 72 17 69 44% 2292133 40380 24%
c s 375.26 532 108 27 17452  1 567975 81747 1.2 89 72 17 69 44% 2291525 40380 24%
c - 381.98 532 107 28 17453  1 579008 53816 1.2 90 73 17 69 44% 2291525 40380 24%
c ] 384.31 532 107 28 17453  1 585228 59195 1.2 90 73 17 69 44% 2291525 40380 24%
c { 384.31 532 79 28 17453 11 585228 59195 1.5 29 20 9 16 25% 2291525 40380 24%
c 
c  seconds    reductions    conflicts         size   tier2          variables
c           MB      restarts       redundant     glue    trail           remaining
c            level        rate          size/glue  tier1    irredundant
c 
c W 404.30 532 79 28 18977 12 595065 68549 1.5 30 20 9 16 25% 2291525 40380 24%
c - 409.55 533 64 29 19028  9 623904 66248 1.5 28 19 9 16 21% 2291525 40380 24%
c # 410.57 533 62 29 19028  8 630067 71104 1.5 28 19 9 16 21% 2291525 40380 24%
c B 446.24 533 63 29 23347 10 666069 102899 1.4 28 20 9 16 22% 2291525 40380 24%
c - 452.65 535 64 30 24042 10 670508 87119 1.4 28 20 9 16 22% 2291525 40380 24%
c p 452.91 535 64 30 24042 10 670508 87119 1.4 28 20 9 16 22% 2291525 40379 24%
c u 453.79 535 64 30 24042 10 670508 87107 1.4 28 20 9 16 22% 2291525 40379 24%
c v 455.64 535 64 30 24042 10 670508 87062 1.4 28 20 9 16 22% 2291525 40379 24%
c w 455.97 535 64 30 24042 10 670508 86923 1.4 28 20 9 16 22% 2291525 40379 24%
c s 457.42 535 64 30 24042 10 670508 86923 1.4 28 20 9 16 22% 2290882 40379 24%
c s 459.24 535 64 30 24042 10 670508 86923 1.4 28 20 9 16 22% 2286482 40379 24%
c } 493.72 535 68 30 27005 12 688541 103832 1.4 29 21 9 16 24% 2286482 40379 24%
c [ 493.72 535 107 30 27005  1 688541 103832 1.2 90 73 17 69 44% 2286482 40379 24%
c W 515.58 544 107 30 27005  1 703073 117561 1.3 91 72 17 69 45% 2286482 40379 24%
c - 526.92 536 110 31 27006  1 718823 91019 1.2 91 73 17 69 45% 2286482 40379 24%
c p 527.19 536 110 31 27006  1 718823 91060 1.2 91 73 17 69 45% 2286482 40374 24%
c O 540.19 536 112 31 27006  1 741075 110751 1.2 93 76 15 65 45% 2286482 40374 24%
c - 557.31 535 103 32 27006  1 768825 81259 1.3 91 69 15 65 45% 2286466 40374 24%
c p 557.51 535 103 32 27006  1 768825 81327 1.3 91 69 15 65 45% 2286466 40363 24%
c u 558.47 535 103 32 27006  1 768825 81315 1.3 91 69 15 65 45% 2286466 40363 24%
c 
c  seconds     reductions    conflicts         size    tier2          variables
c           MB       restarts       redundant     glue     trail           remaining
c             level        rate          size/glue  tier1     irredundant
c 
c v 559.86 535 103 32 27006  1 768825 81308 1.3 91 69 15 65 45% 2286466 40363 24%
c w 560.12 535 103 32 27006  1 768825 81261 1.3 91 69 15 65 45% 2286466 40363 24%
c s 566.93 535 103 32 27006  1 775329 87312 1.3 90 69 15 65 45% 2273715 40363 24%
c s 570.35 535 103 32 27006  1 775329 87312 1.3 90 69 15 65 45% 2261720 40363 24%
c B 574.42 535 103 32 27008  1 780078 91520 1.3 90 69 15 65 45% 2261720 40363 24%
c ] 599.82 551 110 32 27027  1 820078 125089 1.3 95 76 15 62 46% 2261720 40363 24%
c ? 599.83 551 110 32 27027  1 820078 125089 1.3 95 76 15 62 46% 2261720 40363 24%
c 
c --- [ result ] -------------------------------------------------------------
c 
c UNKNOWN
c 
c --- [ run-time profiling ] -------------------------------------------------
c 
c process time taken by individual solving procedures
c (percentage relative to process time for solving)
c 
c       525.41   88.11% search
c       258.33   43.32% unstable
c       219.54   36.82% stable
c        70.93   11.89% simplify
c        47.17    7.91% walk
c        25.94    4.35% subsume
c        15.97    2.68% vivify
c        10.60    1.78% elim
c         6.73    1.13% sweep
c         3.65    0.61% congruence
c         3.49    0.58% parse
c         1.27    0.21% probe
c         0.57    0.10% backbone
c         0.49    0.08% ternary
c         0.37    0.06% lucky
c   =================================
c       596.34   99.42% solve
c 
c last line shows process time for solving
c (percentage relative to total process time)
c 
c --- [ statistics ] ---------------------------------------------------------
c 
c chronological:            155579        18.97 %  of conflicts
c conflicts:                820078      1375.19    per second
c backbone:                4405235      2659.56 %  of vars
c decisions:               3747420      6284.07    per second
c eliminated:               125197        75.58 %  of all variables
c fixed:                        78         0.05 %  of all variables
c learned:                  803098        97.93 %  per conflict
c learned_lits:           61965044       100.00 %  learned literals
c minimized:                     0         0.00 %  learned literals
c shrunken:                4573777         7.38 %  learned literals
c minishrunken:            3582412         5.78 %  learned literals
c otfs:                       2873         0.35 %  of conflict
c propagations:         1058867282         1.78 M  per second
c reduced:                  602751        73.50 %  per conflict
c rephased:                     40     20501.95    interval
c restarts:                  27027        30.34    interval
c stabilizing:                   7        61.69 %  of conflicts
c subsumed:                 157106         4.51 %  of all clauses
c strengthened:               3549         0.10 %  of all clauses
c ticks:                7848215247         7.61    propagation
c vivified:                   1176         0.03 %  of all clauses
c walked:                       12     68339.83    interval
c weakened:                 331778         2.63    average size
c 
c seconds are measured in process time for solving
c 
c --- [ glue usage ] ---------------------------------------------------------
c 
c focused glue 9 used 57473 clauses 8.162% accumulated 51.04% tier1
c focused glue 10 used 44118 clauses 6.266% accumulated 57.30%
c focused glue 11-14 used 141304 clauses 20.06% accumulated 77.37%
c focused glue 15 used 24015 clauses 3.410% accumulated 80.78%
c focused glue 16 used 20007 clauses 2.841% accumulated 83.62% tier2
c 
c stable glue 14 used 103310 clauses 3.360% accumulated 50.07% tier1
c stable glue 15 used 85463 clauses 2.779% accumulated 52.85%
c stable glue 16-58 used 1029476 clauses 33.48% accumulated 86.34%
c stable glue 59 used 7551 clauses 0.245% accumulated 86.58%
c stable glue 60 used 7354 clauses 0.239% accumulated 86.82% tier2
c 
c 
c --- [ resources ] ----------------------------------------------------------
c 
c total process time since initialization:       599.83    seconds
c total real time since initialization:          600.19    seconds
c maximum resident set size of process:          698.07    MB
c 
c --- [ shutting down ] ------------------------------------------------------
c 
c exit 0
