c --- [ banner ] -------------------------------------------------------------
c 
c CaDiCaL SAT Solver
c Copyright (c) 2016-2026
c A. Biere, M. Fleury, N. Froleyks, K. Fazekas, F. Pollitt, T. Faller
c JKU Linz, University of Freiburg, TU Wien
c 
c Version 3.0.1 c60730422e758ef1cebe7aeddf2dda31c996bf04
c g++ (Debian 12.2.0-14+deb12u1) 12.2.0 -Wall -Wextra -O3 -DNDEBUG
c Sun Sep 13 05:25:53 UTC 2026 Linux discovery-workbench 6.1.0-52-cloud-amd64 x86_64
c 
c --- [ limit ] --------------------------------------------------------------
c 
c setting time limit to 600 seconds real time (due to '-t 600')
c 
c --- [ parsing input ] ------------------------------------------------------
c 
c reading DIMACS file from 'degree22_paired220_e112.cnf'
c opening file to read 'degree22_paired220_e112.cnf'
c found 'p cnf 165638 2516008' header
c parsed 2516008 clauses in 3.21 seconds process time
c 
c --- [ options ] ------------------------------------------------------------
c 
c   --seed=112                     (different from default '0')
c 
c --- [ solving ] ------------------------------------------------------------
c 
c time measured in process time since initialization
c 
c  seconds   reduction conflicts       size tier2         variables
c          MB    restarts   redundant    glue  trail            remaining
c           level     rate       size/glu tier1   irredundant
c 
c *  3.21 317  0 0   0  0    0    0 0.0 0 0 2 6  0% 2516008 165638 100%
c )  3.47 347  0 0   0  0    0    0 0.0 0 0 2 6  0% 2516008 165638 100%
c {  3.57 347  0 0   0  0    0    0 0.0 0 0 2 6  0% 2516008 165638 100%
c -  4.32 363 3244 1  33 101  300   71 1.3 27 20 2 6 21% 2516008 165638 100%
c }  5.57 371 10344 1 112 94 1003  694 1.3 31 24 2 6 41% 2516008 165638 100%
c [  5.57 371  0 1 112  0 1003  694 0.0 0 0 2 6  0% 2516008 165638 100%
c O  5.58 371 10 1 112 11 1004  695 1.1 11 10 2 6  4% 2516008 165638 100%
c -  6.81 549 81 2 112  1 1341  300 1.6 50 32 2 6 51% 2516008 165638 100%
c ]  7.90 549 103 2 113  1 2905 1785 1.4 72 53 2 6 57% 2516008 165638 100%
c {  7.90 549 10344 2 113 94 2905 1785 1.3 31 24 2 6 41% 2516008 165638 100%
c O  8.16 549 9391 2 121 86 3006 1883 1.3 31 24 2 6 42% 2516008 165638 100%
c -  9.21 549 6336 3 121 59 3537  731 1.5 31 21 2 6 38% 2516008 165638 100%
c p  9.76 552 4707 3 122 44 4097 1255 1.6 32 20 2 6 36% 2516008 165637 100%
c } 15.64 553 3252 3 364 39 5085 2215 1.5 35 24 12 30 41% 2516008 165637 100%
c [ 15.64 553 103 3 364  1 5085 2215 1.4 72 53 2 6 57% 2516008 165637 100%
c I 16.26 553 102 3 365  1 6007 3078 1.4 70 51 16 65 57% 2516008 165637 100%
c - 17.36 554 100 4 365  1 7106 2941 1.4 69 50 17 67 57% 2516006 165637 100%
c s 20.19 552 98 4 366  1 7852 3638 1.4 68 49 17 67 57% 2500223 165637 100%
c e 21.52 554 98 4 366  1 7852 3158 1.4 68 49 17 67 57% 2329696 40430 24%
c s 22.56 555 98 4 366  1 7852 3158 1.4 68 49 17 67 57% 2318068 40430 24%
c 
c  seconds   reductions conflicts       size    tier2          variables
c          MB    restarts    redundant     glue     trail           remaining
c           level     rate        size/glue  tier1     irredundant
c 
c B 25.10 531 96 4 368  1 10008 5063 1.4 71 52 16 64 46% 2318068 40430 24%
c - 26.42 532 93 5 369  1 12165 4598 1.5 74 50 16 64 46% 2318068 40430 24%
c W 29.85 532 100 5 369  1 15009 7170 1.4 80 57 16 63 46% 2318068 40430 24%
c - 32.14 532 103 6 372  1 18685 5705 1.4 79 58 16 63 46% 2318068 40430 24%
c ] 33.33 532 103 6 373  1 20426 7294 1.3 80 60 16 63 45% 2318068 40430 24%
c { 33.33 532 3252 6 373 39 20426 7294 1.5 35 24 12 30 167% 2318068 40430 24%
c # 34.22 532 2751 6 451 35 21011 7858 1.4 35 24 12 30 147% 2318068 40430 24%
c - 40.09 532 1111 7 1000 21 26766 9174 1.4 36 25 13 30 77% 2318068 40430 24%
c B 43.11 532 989 7 1199 20 28012 10364 1.4 37 26 13 30 73% 2318068 40430 24%
c W 45.43 532 565 7 1294 12 36013 17272 1.6 34 22 13 30 49% 2318068 40430 24%
c - 46.30 533 554 8 1328 12 36439 15468 1.6 34 22 13 30 49% 2318068 40430 24%
c } 52.44 533 437 8 2172 13 42251 20931 1.5 34 23 9 18 45% 2318068 40430 24%
c [ 52.44 533 103 8 2172  1 42251 20931 1.3 80 60 16 63 45% 2318068 40430 24%
c O 53.04 533 105 8 2174  1 45014 23558 1.3 80 60 16 63 46% 2318068 40430 24%
c - 54.30 533 101 9 2175  1 47725 14824 1.4 77 57 16 63 45% 2318068 40430 24%
c B 56.49 533 95 9 2176  1 55015 21446 1.4 78 56 16 63 44% 2318068 40430 24%
c - 58.77 532 95 10 2179  1 60643 12795 1.4 80 57 16 63 45% 2318068 40430 24%
c W 62.40 532 98 10 2182  1 66016 17681 1.4 82 60 16 63 45% 2318068 40430 24%
c - 65.78 532 103 11 2187  1 75202 11915 1.3 83 62 17 67 44% 2318068 40430 24%
c I 67.67 532 104 11 2189  1 78017 14464 1.3 83 63 17 67 44% 2318068 40430 24%
c 
c  seconds    reductions   conflicts        size    tier2          variables
c          MB      restarts      redundant     glue     trail           remaining
c            level       rate         size/glue  tier1     irredundant
c 
c ] 68.57 532 104 11 2190  1 81137 17192 1.3 82 62 17 67 43% 2318068 40430 24%
c { 68.57 532 437 11 2190 13 81137 17192 1.5 34 23 9 18 45% 2318068 40430 24%
c F 74.06 532 320 11 2888 12 91018 26179 1.5 34 23 9 18 39% 2318068 40430 24%
c - 75.15 533 317 12 2957 12 91416 15249 1.5 34 23 9 18 39% 2318068 40430 24%
c B 80.34 533 233 12 3488 10 105022 26693 1.5 33 22 9 18 33% 2318068 40430 24%
c s 81.91 533 232 12 3522 10 105282 26946 1.5 33 22 9 18 33% 2305185 40430 24%
c s 83.88 533 232 12 3522 10 105282 26946 1.5 33 22 9 18 33% 2301911 40430 24%
c - 90.73 532 220 13 4330 11 109292 21761 1.5 34 23 9 18 34% 2301911 40430 24%
c u 91.04 532 220 13 4330 11 109292 21755 1.5 34 23 9 18 34% 2301911 40430 24%
c v 91.94 532 220 13 4330 11 109292 21163 1.5 34 23 9 18 34% 2301911 40430 24%
c w 92.25 532 220 13 4330 11 109292 20969 1.5 34 23 9 18 34% 2301911 40430 24%
c } 101.50 532 201 13 5521 12 116764 28072 1.5 34 23 9 18 34% 2301911 40430 24%
c [ 101.50 532 104 13 5521  1 116764 28072 1.3 82 62 17 67 43% 2301911 40430 24%
c B 102.30 532 103 13 5522  1 120023 31171 1.3 81 62 17 67 44% 2301911 40430 24%
c - 105.15 532 106 14 5523  1 128812 23741 1.3 83 63 17 67 44% 2301911 40430 24%
c W 111.47 532 109 14 5523  1 136024 30414 1.3 85 66 17 67 44% 2301911 40430 24%
c - 117.37 532 110 15 5528  1 150004 21358 1.3 86 67 18 71 44% 2301911 40430 24%
c O 119.30 532 111 15 5530  1 153026 24131 1.3 85 67 18 71 44% 2301911 40430 24%
c B 124.94 532 112 15 5538  1 171027 40928 1.3 86 64 18 71 45% 2301911 40430 24%
c - 125.98 532 116 16 5538  1 172873 20714 1.3 87 65 18 71 45% 2301911 40430 24%
c 
c  seconds     reductions   conflicts          size    tier2          variables
c           MB      restarts       redundant      glue     trail           remaining
c             level       rate          size/glue   tier1     irredundant
c 
c ] 131.84 532 143 16 5545  1 188898 35654 1.3 102 77 18 71 48% 2301911 40430 24%
c { 131.84 532 201 16 5545 12 188898 35654 1.5 34 23 9 18 34% 2301911 40430 24%
c W 135.71 532 198 16 5721 12 190028 36725 1.5 34 23 9 18 34% 2301911 40430 24%
c - 137.28 532 176 17 5772 11 197424 23570 1.5 33 23 9 18 32% 2301911 40430 24%
c i 140.68 532 166 17 6090 11 202257 27856 1.5 33 23 10 20 31% 2301911 40421 24%
c s 141.84 532 166 17 6090 11 202257 27856 1.5 33 23 10 20 31% 2300238 40377 24%
c s 143.64 532 166 17 6090 11 202257 27856 1.5 33 23 10 20 31% 2298777 40377 24%
c # 152.36 532 157 17 7274 12 210029 35251 1.4 33 23 10 20 32% 2298777 40377 24%
c - 159.42 533 136 18 8088 11 223662 35676 1.5 33 22 10 20 30% 2298777 40377 24%
c u 159.95 533 136 18 8088 11 223662 35671 1.5 33 22 10 20 30% 2298777 40377 24%
c v 161.24 533 136 18 8088 11 223662 35385 1.5 33 22 10 20 30% 2298777 40377 24%
c w 161.58 533 136 18 8088 11 223662 35069 1.5 33 22 10 20 30% 2298777 40377 24%
c B 163.03 533 125 18 8216 10 231030 41229 1.4 32 22 10 20 28% 2298777 40377 24%
c s 171.54 533 112 18 9019  9 248910 57170 1.5 33 22 10 20 28% 2297621 40377 24%
c s 174.50 533 112 18 9019  9 248910 57170 1.5 33 22 10 20 28% 2296753 40377 24%
c - 180.00 535 111 19 9440  9 251581 46252 1.5 33 22 10 20 28% 2296753 40377 24%
c W 183.97 535 110 19 9518  9 253034 47586 1.5 33 22 10 20 28% 2296753 40377 24%
c } 189.03 535 109 19 10169 10 257658 51955 1.5 33 22 10 20 28% 2296753 40377 24%
c [ 189.03 535 143 19 10169  1 257658 51955 1.3 102 77 18 71 48% 2296753 40377 24%
c W 196.18 535 138 19 10177  1 276035 68068 1.3 100 77 19 77 47% 2296753 40377 24%
c 
c  seconds     reductions    conflicts         size    tier2          variables
c           MB       restarts       redundant     glue     trail           remaining
c             level        rate          size/glue  tier1     irredundant
c 
c - 197.98 534 137 20 10178  1 281188 46100 1.3 99 77 19 77 47% 2296753 40377 24%
c I 205.42 534 133 20 10179  1 300036 63332 1.3 98 77 19 77 46% 2296753 40377 24%
c - 210.01 534 128 21 10179  1 312487 41201 1.3 96 75 19 77 46% 2296753 40377 24%
c B 214.74 534 124 21 10179  1 325038 51501 1.3 94 74 19 77 46% 2296753 40377 24%
c - 220.94 534 152 22 10189  1 345484 40434 1.3 102 79 18 76 48% 2296753 40377 24%
c W 225.26 534 156 22 10193  1 351039 45798 1.3 103 79 18 76 48% 2296753 40377 24%
c ] 232.51 534 148 22 10201  1 372217 65610 1.3 100 77 18 76 48% 2296753 40377 24%
c { 232.51 534 109 22 10201 10 372217 65610 1.5 33 22 10 20 28% 2296753 40377 24%
c F 235.44 534 105 22 10489  9 378040 70870 1.5 33 22 10 20 28% 2296753 40377 24%
c - 238.67 534 105 23 10815 10 380179 45038 1.5 33 22 10 20 28% 2296753 40377 24%
c u 239.71 534 105 23 10815 10 380179 45032 1.5 33 22 10 20 28% 2296753 40377 24%
c v 240.97 534 105 23 10815 10 380179 44854 1.5 33 22 10 20 28% 2296753 40377 24%
c w 241.16 534 105 23 10815 10 380179 44714 1.5 33 22 10 20 28% 2296753 40377 24%
c B 257.39 534 93 23 12600  9 406042 67962 1.5 33 22 11 21 27% 2296753 40377 24%
c - 259.53 536 85 24 12682  8 416573 65219 1.5 32 21 11 21 26% 2296753 40377 24%
c W 264.43 536 73 24 12683  7 435045 79770 1.5 30 20 11 21 23% 2296753 40377 24%
c - 298.20 538 78 25 16587 10 454670 84976 1.5 31 21 11 21 25% 2296753 40377 24%
c p 298.51 538 78 25 16587 10 454670 84977 1.5 31 21 11 21 25% 2296753 40376 24%
c s 300.20 538 78 25 16587 10 454670 84977 1.5 31 21 11 21 25% 2295924 40376 24%
c s 302.00 538 78 25 16587 10 454670 84977 1.5 31 21 11 21 25% 2295092 40376 24%
c 
c  seconds    reductions    conflicts         size    tier2          variables
c           MB      restarts       redundant     glue     trail           remaining
c            level        rate          size/glue  tier1     irredundant
c 
c } 303.62 538 78 25 16723 10 455354 85637 1.5 31 21 11 21 25% 2295092 40376 24%
c [ 303.62 538 148 25 16723  1 455354 85637 1.3 100 77 18 76 48% 2295092 40376 24%
c O 306.22 538 145 25 16729  1 465048 94738 1.3 98 76 18 76 48% 2295092 40376 24%
c - 316.90 538 131 26 16732  1 494473 83603 1.4 96 71 18 76 48% 2295092 40376 24%
c u 318.44 538 131 26 16732  1 494473 83599 1.4 96 71 18 76 48% 2295092 40376 24%
c v 320.51 538 131 26 16732  1 494473 83496 1.4 96 71 18 76 48% 2295092 40376 24%
c w 320.85 538 131 26 16732  1 494473 83351 1.4 96 71 18 76 48% 2295092 40376 24%
c B 321.57 538 133 26 16733  1 496051 84872 1.4 96 71 18 76 48% 2295092 40376 24%
c s 330.88 538 163 26 16747  1 524618 112200 1.3 111 82 18 76 51% 2294288 40376 24%
c s 333.11 538 163 26 16747  1 524618 112200 1.3 111 82 18 76 51% 2293473 40376 24%
c W 339.75 538 166 26 16747  1 528052 115484 1.3 113 84 18 76 51% 2293473 40376 24%
c - 343.69 536 164 27 16753  1 535974 74309 1.3 112 84 19 77 50% 2293473 40376 24%
c k 343.80 536 164 27 16753  1 535974 74309 1.3 112 84 19 77 50% 2293473 40325 24%
c I 354.08 536 152 27 16762  1 561053 95694 1.3 107 82 19 77 48% 2293473 40325 24%
c - 361.98 536 143 28 16764  1 579176 71428 1.3 103 80 19 77 48% 2293269 40325 24%
c p 362.06 536 143 28 16764  1 579176 71455 1.3 103 80 19 77 48% 2293269 40320 24%
c B 369.91 536 137 28 16764  1 595056 84598 1.3 101 79 18 74 47% 2293269 40320 24%
c ] 370.84 536 141 28 16764  1 598352 87789 1.3 102 79 18 74 47% 2293269 40320 24%
c { 370.84 536 78 28 16764 10 598352 87789 1.5 31 21 11 21 25% 2293269 40320 24%
c s 391.99 536 80 28 18219 11 606209 95252 1.4 31 22 11 21 26% 2292681 40320 24%
c 
c  seconds    reductions    conflicts         size    tier2          variables
c           MB      restarts       redundant     glue     trail           remaining
c            level        rate          size/glue  tier1     irredundant
c 
c t 392.38 536 80 28 18219 11 606209 95251 1.4 31 22 11 21 26% 2292681 40320 24%
c s 395.44 536 80 28 18219 11 606209 95251 1.4 31 22 11 21 26% 2292059 40320 24%
c - 424.52 537 78 29 20205 11 624083 80584 1.4 31 22 11 21 27% 2292059 40320 24%
c p 424.70 537 78 29 20205 11 624083 80588 1.4 31 22 11 21 27% 2292059 40320 24%
c u 425.30 537 78 29 20205 11 624083 80580 1.4 31 22 11 21 27% 2292059 40320 24%
c v 428.26 537 78 29 20205 11 624083 80529 1.4 31 22 11 21 27% 2292059 40320 24%
c w 428.78 537 78 29 20205 11 624083 80344 1.4 31 22 11 21 27% 2292059 40320 24%
c # 429.89 537 75 29 20206 11 630057 85267 1.4 31 22 11 21 26% 2292059 40320 24%
c B 482.18 537 74 29 24377 11 666059 117811 1.4 31 22 10 19 26% 2292059 40320 24%
c i 482.46 537 74 29 24395 11 666161 117905 1.4 31 22 10 19 26% 2292059 40318 24%
c i 482.46 537 74 29 24395 11 666164 117906 1.4 31 22 10 19 26% 2292059 40317 24%
c i 482.46 537 74 29 24395 11 666165 117906 1.4 31 22 10 19 26% 2292059 40313 24%
c - 495.16 538 76 30 25252 12 670695 89327 1.4 32 23 10 19 27% 2291321 40109 24%
c p 495.54 538 76 30 25252 12 670695 89447 1.4 32 23 10 19 27% 2291321 40094 24%
c } 501.12 538 76 30 25662 12 672817 91471 1.4 32 23 10 19 27% 2291315 40094 24%
c [ 501.12 538 141 30 25662  1 672817 91471 1.3 102 79 18 74 47% 2291315 40094 24%
c s 515.37 538 133 30 25663  1 699475 116491 1.3 98 75 18 74 47% 2290698 40094 24%
c s 518.67 538 133 30 25663  1 699475 116491 1.3 98 75 18 74 47% 2289948 40094 24%
c W 535.86 548 137 30 25663  1 703063 119943 1.3 100 76 18 74 47% 2289948 40094 24%
c - 546.66 537 150 31 25663  1 719016 88844 1.3 100 77 18 74 47% 2289948 40094 24%
c 
c  seconds     reductions    conflicts          size    tier2          variables
c           MB       restarts       redundant      glue     trail           remaining
c             level        rate          size/glue   tier1     irredundant
c 
c u 547.60 537 150 31 25663  1 719016 88841 1.3 100 77 18 74 47% 2289948 40094 24%
c v 549.64 537 150 31 25663  1 719016 88799 1.3 100 77 18 74 47% 2289948 40094 24%
c w 549.98 537 150 31 25663  1 719016 88715 1.3 100 77 18 74 47% 2289948 40094 24%
c O 563.28 537 144 31 25663  1 741065 108800 1.3 98 76 18 74 46% 2289948 40094 24%
c - 582.44 536 128 32 25673  1 769040 78757 1.3 94 71 18 74 45% 2289948 40094 24%
c p 582.64 536 128 32 25673  1 769040 78759 1.3 94 71 18 74 45% 2289948 40094 24%
c B 587.56 536 135 32 25678  1 780068 89088 1.3 99 74 18 74 46% 2289948 40094 24%
c ] 599.58 536 152 32 25687  1 799762 107928 1.3 105 78 18 73 48% 2289948 40094 24%
c ? 599.58 536 152 32 25687  1 799762 107928 1.3 105 78 18 73 48% 2289948 40094 24%
c 
c --- [ result ] -------------------------------------------------------------
c 
c UNKNOWN
c 
c --- [ run-time profiling ] -------------------------------------------------
c 
c process time taken by individual solving procedures
c (percentage relative to process time for solving)
c 
c       527.65   88.48% search
c       271.40   45.51% unstable
c       215.71   36.17% stable
c        68.72   11.52% simplify
c        40.19    6.74% walk
c        24.98    4.19% subsume
c        17.24    2.89% vivify
c         9.44    1.58% elim
c         5.94    1.00% sweep
c         3.39    0.57% congruence
c         3.21    0.54% parse
c         1.19    0.20% probe
c         0.55    0.09% backbone
c         0.54    0.09% ternary
c         0.35    0.06% lucky
c   =================================
c       596.37   99.46% solve
c 
c last line shows process time for solving
c (percentage relative to total process time)
c 
c --- [ statistics ] ---------------------------------------------------------
c 
c chronological:            155885        19.49 %  of conflicts
c conflicts:                799762      1341.05    per second
c backbone:                4403653      2658.60 %  of vars
c decisions:               3690187      6187.75    per second
c eliminated:               125207        75.59 %  of all variables
c fixed:                       337         0.20 %  of all variables
c learned:                  782021        97.78 %  per conflict
c learned_lits:           67184986       100.00 %  learned literals
c minimized:                     0         0.00 %  learned literals
c shrunken:                4405734         6.56 %  learned literals
c minishrunken:            3569123         5.31 %  learned literals
c otfs:                       2985         0.37 %  of conflict
c propagations:          981946317         1.65 M  per second
c reduced:                  613984        76.77 %  per conflict
c rephased:                     39     20506.72    interval
c restarts:                  25687        31.13    interval
c stabilizing:                   7        64.06 %  of conflicts
c subsumed:                 112221         3.24 %  of all clauses
c strengthened:               3535         0.10 %  of all clauses
c ticks:                7819234115         8.17    propagation
c vivified:                    898         0.03 %  of all clauses
c walked:                       11     72705.64    interval
c weakened:                 331778         2.63    average size
c 
c seconds are measured in process time for solving
c 
c --- [ glue usage ] ---------------------------------------------------------
c 
c focused glue 10 used 43977 clauses 6.999% accumulated 52.97% tier1
c focused glue 11 used 36408 clauses 5.795% accumulated 58.77%
c focused glue 12-17 used 136307 clauses 21.69% accumulated 80.47%
c focused glue 18 used 13492 clauses 2.147% accumulated 82.61%
c focused glue 19 used 12228 clauses 1.946% accumulated 84.56% tier2
c 
c stable glue 18 used 68401 clauses 2.753% accumulated 50.94% tier1
c stable glue 19 used 57678 clauses 2.321% accumulated 53.26%
c stable glue 20-71 used 831385 clauses 33.46% accumulated 86.72%
c stable glue 72 used 7188 clauses 0.289% accumulated 87.01%
c stable glue 73 used 7394 clauses 0.297% accumulated 87.31% tier2
c 
c 
c --- [ resources ] ----------------------------------------------------------
c 
c total process time since initialization:       599.58    seconds
c total real time since initialization:          600.00    seconds
c maximum resident set size of process:          698.14    MB
c 
c --- [ shutting down ] ------------------------------------------------------
c 
c exit 0
