c ---- [ banner ] ------------------------------------------------------------
c
c Kissat SAT Solver
c 
c Copyright (c) 2021-2024 Armin Biere University of Freiburg
c Copyright (c) 2019-2021 Armin Biere Johannes Kepler University Linz
c 
c Version 4.0.4 8af8e56f174b778aef3aa45af9f739b2a5f492c2
c gcc (Debian 12.2.0-14+deb12u1) 12.2.0 -W -Wall -O3 -DNDEBUG
c Sun Sep 13 05:36:52 UTC 2026 Linux discovery-workbench 6.1.0-52-cloud-amd64 x86_64
c
c ---- [ parsing ] -----------------------------------------------------------
c
c opened and reading DIMACS file:
c
c   degree22_paired220_e114.cnf
c
c parsed 'p cnf 165638 2516008' header
c closing input after reading 105855632 bytes (101 MB)
c finished parsing after 2.88 seconds
c
c ---- [ options ] -----------------------------------------------------------
c
c --seed=114                       (different from default '0')
c
c ---- [ solving ] -----------------------------------------------------------
c
c seconds  switched rate     size/glue tier1   binary             remaining
c         MB reductions conflicts size  tier2       irredundant
c          level restarts redundant glue  trail             variables
c
c *  2.88 218 0 0 0  0 0   0   0 0.0 0 0 0 0 0% 166061 2349947 165638 100%
c (  3.07 244 0 0 0  0 0   0   0 0.0 0 0 0 0 0% 166061 2349947 165638 100%
c .  3.07 244 0 0 0  0 0   0   0 0.0 0 0 0 0 0% 166061 2349947 165638 100%
c )  4.64 329 0 0 0  0 0   0   0 0.0 0 0 0 0 0% 166061 2349947 165638 100%
c {  4.72 331 0 0 0  0 0   0   0 0.0 0 0 2 6 0% 166061 2349947 165638 100%
c -  6.16 265 6680 0 1 101 137 1000 641 1.3 19 14 6 19 68% 166061 2349947 165638 100%
c }  6.16 265 6680 1 1 101 137 1000 641 1.3 19 14 6 19 68% 166061 2349947 165638 100%
c [  6.16 265 0 1 1 101 0 1000 641 0.0 0 0 2 6 0% 166061 2349947 165638 100%
c B  6.18 265 3422 1 1 101 2069 1001 642 1.3 13 10 2 6 90% 166061 2349947 165638 100%
c -  6.57 267 39811 1 2 101 49 2001 1420 1.5 34 23 12 28 69% 166061 2349947 165638 100%
c W  7.47 350 39811 1 2 101 49 2002 1421 1.5 34 23 12 28 69% 166061 2349947 165638 100%
c u 10.07 258 16880 1 2 103 29 3383 2724 1.3 58 44 16 53 64% 166061 2349947 165638 100%
c v 10.46 260 16880 1 2 103 29 3383 2705 1.3 58 44 16 53 64% 166061 2349947 165638 100%
c w 10.83 260 16880 1 2 103 29 3383 2705 1.3 58 44 16 53 64% 166061 2349947 165638 100%
c x 11.39 268 16880 1 2 103 29 3383 2705 1.3 58 44 16 53 64% 166063 2349945 165638 100%
c - 12.20 268 16646 1 3 103 28 3416 2245 1.3 58 44 17 58 64% 166063 2349945 165638 100%
c ] 12.39 268 15834 2 3 103 27 3538 2357 1.3 59 45 17 58 64% 166063 2349945 165638 100%
c { 12.39 268 6680 2 3 103 137 3538 2357 1.3 19 14 6 19 68% 166063 2349945 165638 100%
c i 12.45 268 6614 2 3 103 135 3548 2366 1.3 19 14 6 19 68% 166063 2349945 165454 100%
c i 13.89 274 4287 2 3 155 90 4097 2913 1.4 20 14 6 19 55% 166064 2349945 165223 100%
c
c seconds     switched   rate       size/glue  tier1      binary             remaining
c         MB   reductions conflicts       size   tier2         irredundant
c           level  restarts    redundant     glue    trail             variables
c
c i 13.93 274 4269 2 3 155 90 4104 2916 1.4 20 14 6 19 55% 166067 2349945 165218 100%
c } 14.15 274 3358 3 3 155 71 4538 3280 1.4 17 12 7 19 47% 166085 2349945 165218 100%
c [ 14.15 274 15834 3 3 155 27 4538 3280 1.3 59 45 17 58 64% 166085 2349945 165218 100%
c I 14.15 274 15834 3 3 155 27 4538 3280 1.3 59 45 17 58 64% 166085 2349945 165218 100%
c - 15.00 274 12721 3 4 155 22 5148 3138 1.3 60 46 18 67 62% 165251 2349945 165218 100%
c ] 16.46 274 9097 4 4 156 16 6381 4271 1.3 66 52 18 67 60% 165251 2349945 165218 100%
c { 16.46 274 3358 4 4 156 71 6381 4271 1.4 17 12 7 19 47% 165251 2349945 165218 100%
c - 19.15 276 2435 4 5 377 57 7148 3905 1.3 19 14 6 20 43% 165253 2349945 165218 100%
c } 20.29 276 1547 5 5 614 38 8733 5460 1.3 19 15 6 20 35% 165253 2349945 165218 100%
c [ 20.29 276 9097 5 5 614 16 8733 5460 1.3 66 52 18 67 60% 165253 2349945 165218 100%
c B 20.29 276 9097 5 5 614 16 8733 5460 1.3 66 52 18 67 60% 165253 2349945 165218 100%
c - 20.71 276 7904 5 6 614 14 9385 4941 1.2 67 54 20 87 58% 165253 2349945 165218 100%
c u 22.44 267 6539 5 6 615 12 10420 5665 1.2 70 57 20 87 57% 165679 2349527 165022 100%
c v 22.88 267 6539 5 6 615 12 10420 5579 1.2 70 57 20 87 57% 165679 2349527 165022 100%
c w 23.21 268 6539 5 6 615 12 10420 5575 1.2 70 57 20 87 57% 165679 2349527 165022 100%
c t 25.97 356 6539 5 6 615 12 10420 5574 1.2 70 57 20 87 57% 165862 2349136 165022 100%
c u 27.14 257 6539 5 6 615 12 10420 5493 1.2 70 57 20 87 57% 165864 2349136 165022 100%
c v 27.58 257 6539 5 6 615 12 10420 5448 1.2 70 57 20 87 57% 165864 2349136 165022 100%
c w 27.82 257 6539 5 6 615 12 10420 5448 1.2 70 57 20 87 57% 165864 2349136 165022 100%
c x 28.22 257 6539 5 6 615 12 10420 5448 1.2 70 57 20 87 57% 165870 2349130 165022 100%
c
c seconds     switched   rate        size/glue  tier1       binary             remaining
c         MB   reductions  conflicts       size    tier2         irredundant
c           level  restarts     redundant     glue     trail             variables
c
c i 28.60 257 6539 5 6 615 12 10420 5448 1.2 70 57 20 87 57% 165870 2349130 165022 100%
c o 28.78 257 6539 5 6 615 12 10420 5448 1.2 70 57 20 87 57% 165870 2349130 165022 100%
c - 29.85 257 5284 5 7 616 10 11835 5178 1.2 72 59 20 92 57% 165668 2349130 165022 100%
c W 32.72 345 3968 5 7 618 8 14263 7518 1.2 76 62 21 93 56% 165668 2349130 165022 100%
c - 32.90 231 3881 5 8 618 8 14481 5473 1.2 76 62 21 94 56% 165668 2349130 165022 100%
c ] 33.32 231 3573 6 8 619 7 15338 6316 1.2 76 62 21 94 56% 165668 2349130 165022 100%
c { 33.32 231 1547 6 8 619 38 15338 6316 1.3 19 15 6 20 35% 165668 2349130 165022 100%
c i 34.54 247 1265 6 8 797 33 16338 7241 1.3 18 14 6 20 34% 165725 2349130 164139 99%
c i 34.83 249 1228 6 8 845 33 16503 7405 1.3 18 14 6 20 33% 165725 2349130 163928 99%
c i 34.83 249 1227 6 8 845 33 16504 7405 1.3 18 14 6 20 33% 165725 2349130 163899 99%
c s 35.84 272 1144 6 8 871 31 16914 7790 1.3 18 14 6 20 32% 165736 2332561 163899 99%
c e 43.69 702 1144 6 8 871 31 16914 7790 1.3 18 14 6 20 32% 41869 2287747 41367 25%
c s 44.20 711 1144 6 8 871 31 16914 7790 1.3 18 14 6 20 32% 41869 2286943 41367 25%
c ^ 44.70 711 1144 6 8 871 31 16914 7790 1.3 18 14 6 20 32% 41869 2286943 41367 25%
c - 45.24 389 1076 6 9 954 30 17309 4550 1.3 18 14 8 21 31% 40888 2286828 41367 25%
c i 45.25 389 1058 6 9 954 30 17424 4640 1.3 18 13 8 21 31% 40898 2286828 41320 25%
c i 45.40 394 999 6 9 1043 29 17813 5007 1.3 18 13 8 21 30% 40905 2286828 41315 25%
c i 45.72 404 926 6 9 1202 28 18360 5553 1.3 18 14 8 21 29% 40905 2286828 41279 25%
c i 45.73 404 926 6 9 1202 28 18364 5556 1.3 18 14 8 21 29% 40905 2286828 41275 25%
c i 45.73 404 925 6 9 1202 28 18373 5564 1.3 18 14 8 21 29% 40905 2286828 41185 25%
c
c seconds    switched    rate        size/glue  tier1     binary            remaining
c         MB  reductions   conflicts       size   tier2        irredundant
c           level  restarts     redundant     glue    trail            variables
c
c } 46.31 406 815 7 9 1404 26 19407 6528 1.3 18 14 8 21 28% 40929 2286827 41185 25%
c [ 46.31 406 3573 7 9 1404 7 19407 6528 1.2 76 62 21 94 56% 40929 2286827 41185 25%
c - 46.54 406 3293 7 10 1404 7 20309 5954 1.2 76 62 20 92 56% 40458 2286827 41185 25%
c u 47.24 408 3021 7 10 1405 6 21347 6650 1.2 76 61 20 92 55% 40786 2286442 41184 25%
c v 47.70 408 3021 7 10 1405 6 21347 6333 1.2 76 61 20 92 55% 40786 2286442 41184 25%
c w 47.92 408 3021 7 10 1405 6 21347 6333 1.2 76 61 20 92 55% 40786 2286442 41184 25%
c t 48.18 408 3021 7 10 1405 6 21347 6333 1.2 76 61 20 92 55% 40753 2286441 41184 25%
c b 48.19 408 3021 7 10 1405 6 21347 6333 1.2 76 61 20 92 55% 40753 2286441 41128 25%
c f 48.38 329 3021 7 10 1405 6 21347 6333 1.2 76 61 20 92 55% 41658 2250915 41780 25%
c u 49.19 395 3021 7 10 1405 6 21347 6194 1.2 76 61 20 92 55% 41666 2250747 41746 25%
c v 49.65 395 3021 7 10 1405 6 21347 5842 1.2 76 61 20 92 55% 41666 2250747 41746 25%
c w 49.88 395 3021 7 10 1405 6 21347 5842 1.2 76 61 20 92 55% 41666 2250747 41746 25%
c t 51.32 483 3021 7 10 1405 6 21347 5836 1.2 76 61 20 92 55% 41700 2250708 41746 25%
c i 51.49 483 3021 7 10 1405 6 21347 5836 1.2 76 61 20 92 55% 41700 2250708 41746 25%
c o 51.58 483 3021 7 10 1405 6 21347 5836 1.2 76 61 20 92 55% 41700 2250708 41746 25%
c O 51.67 387 2918 7 10 1406 6 21792 6279 1.2 76 61 20 92 54% 41700 2250708 41746 25%
c - 51.97 387 2580 7 11 1406 5 23471 6354 1.3 76 59 20 88 53% 41630 2250708 41746 25%
c - 52.53 387 2098 7 12 1409 5 26787 7226 1.3 78 59 19 85 51% 41630 2250708 41746 25%
c - 53.23 387 1751 7 13 1410 4 30255 7563 1.4 81 60 18 82 51% 41630 2250708 41746 25%
c B 53.47 387 1648 7 13 1410 4 31553 8832 1.4 82 60 18 82 50% 41630 2250708 41746 25%
c
c seconds     switched    rate         size/glue  tier1      binary            remaining
c         MB    reductions  conflicts        size    tier2        irredundant
c           level    restarts     redundant     glue     trail            variables
c
c s 54.08 387 1507 7 13 1412 4 33620 10809 1.4 82 60 18 82 50% 41630 2250686 41746 25%
c e 55.27 477 1507 7 13 1412 4 33620 10809 1.4 82 60 18 82 50% 40943 2252016 41067 25%
c s 55.65 477 1507 7 13 1412 4 33620 10809 1.4 82 60 18 82 50% 40943 2252015 41067 25%
c ^ 56.05 477 1507 7 13 1412 4 33620 10809 1.4 82 60 18 82 50% 40943 2252015 41067 25%
c - 56.34 387 1492 7 14 1413 4 33862 7528 1.4 82 60 18 82 50% 40943 2252015 41067 25%
c ] 56.65 387 1413 8 14 1413 3 35196 8830 1.4 82 59 18 82 49% 40943 2252015 41067 25%
c { 56.65 387 815 8 14 1413 26 35196 8830 1.3 18 14 8 21 28% 40943 2252015 41067 25%
c b 58.89 411 740 8 14 1658 27 36179 9794 1.3 19 15 8 21 29% 40945 2252015 41063 25%
c u 59.17 411 740 8 14 1658 27 36179 9716 1.3 19 15 8 21 29% 40946 2252015 41063 25%
c v 59.42 411 740 8 14 1658 27 36179 9571 1.3 19 15 8 21 29% 40946 2252015 41063 25%
c w 59.63 413 740 8 14 1658 27 36179 9571 1.3 19 15 8 21 29% 40946 2252015 41063 25%
c x 59.91 415 740 8 14 1658 27 36179 9571 1.3 19 15 8 21 29% 40959 2251999 40981 25%
c t 60.16 415 740 8 14 1658 27 36179 9567 1.3 19 15 8 21 29% 41042 2251708 40981 25%
c f 60.29 325 740 8 14 1658 27 36179 9567 1.3 19 15 8 21 29% 41089 2251475 41032 25%
c u 60.91 393 740 8 14 1658 27 36179 9515 1.3 19 15 8 21 29% 41095 2251475 41032 25%
c v 61.23 395 740 8 14 1658 27 36179 9285 1.3 19 15 8 21 29% 41095 2251475 41032 25%
c w 61.45 397 740 8 14 1658 27 36179 9285 1.3 19 15 8 21 29% 41095 2251475 41032 25%
c t 61.75 397 740 8 14 1658 27 36179 9285 1.3 19 15 8 21 29% 41094 2251475 41032 25%
c i 61.95 397 740 8 14 1658 27 36179 9285 1.3 19 15 8 21 29% 41094 2251475 41032 25%
c - 62.97 411 676 8 15 1872 26 37603 8332 1.3 19 15 8 21 30% 40997 2251475 41032 25%
c
c seconds    switched     rate         size/glue  tier1     binary            remaining
c         MB   reductions   conflicts        size   tier2        irredundant
c           level   restarts      redundant     glue    trail            variables
c
c } 63.19 411 501 9 15 2118 20 41355 11827 1.3 20 15 9 23 25% 40997 2251475 41032 25%
c [ 63.19 411 1413 9 15 2118 3 41355 11827 1.4 82 59 18 82 49% 40997 2251475 41032 25%
c - 63.22 411 1406 9 16 2118 3 41475 9362 1.4 81 59 18 81 49% 40997 2251475 41032 25%
c W 64.05 458 1282 9 16 2120 3 43776 11103 1.4 76 55 18 81 46% 40997 2251475 41032 25%
c o 64.15 458 1282 9 16 2120 3 43776 11103 1.4 76 55 18 81 46% 40997 2251475 41032 25%
c - 64.51 362 1208 9 17 2121 3 45477 9648 1.4 76 55 17 80 45% 40997 2251475 41032 25%
c - 65.18 362 1059 9 18 2124 3 49600 9945 1.4 77 56 17 79 45% 40997 2251475 41032 25%
c - 65.93 362 939 9 19 2125 3 53842 10584 1.4 79 57 17 78 45% 40997 2251475 41032 25%
c ] 66.14 362 912 10 19 2126 3 54920 11646 1.4 80 58 17 78 45% 40997 2251475 41032 25%
c { 66.14 362 501 10 19 2126 20 54920 11646 1.3 20 15 9 23 25% 40997 2251475 41032 25%
c u 67.20 380 491 10 19 2213 20 55276 11813 1.3 20 15 9 23 25% 40998 2251475 41032 25%
c v 67.56 380 491 10 19 2213 20 55276 11676 1.3 20 15 9 23 25% 40998 2251475 41032 25%
c w 67.78 382 491 10 19 2213 20 55276 11675 1.3 20 15 9 23 25% 40998 2251475 41032 25%
c - 68.96 392 560 10 20 2310 18 58202 10907 1.3 19 14 7 18 34% 40998 2251475 41032 25%
c - 72.16 402 585 10 21 2846 19 62674 11828 1.3 19 15 6 17 40% 40999 2251475 41032 25%
c } 72.49 402 594 11 21 2891 18 63548 12641 1.3 19 14 6 17 41% 40999 2251475 41032 25%
c [ 72.49 402 912 11 21 2891 3 63548 12641 1.4 80 58 17 78 45% 40999 2251475 41032 25%
c I 72.50 402 912 11 21 2891 3 63548 12641 1.4 80 58 17 78 45% 40999 2251475 41032 25%
c - 73.31 402 829 11 22 2893 2 67257 12235 1.4 80 58 17 79 45% 40999 2251475 41032 25%
c s 74.28 421 781 11 22 2896 2 69749 14677 1.4 81 58 17 79 45% 40999 2250268 41032 25%
c
c seconds     switched    rate         size/glue  tier1      binary            remaining
c         MB    reductions  conflicts        size    tier2        irredundant
c           level    restarts     redundant     glue     trail            variables
c
c e 74.98 487 781 11 22 2896 2 69749 14677 1.4 81 58 17 79 45% 40895 2250395 40934 25%
c s 75.42 487 781 11 22 2896 2 69749 14677 1.4 81 58 17 79 45% 40895 2250393 40934 25%
c ^ 75.67 487 781 11 22 2896 2 69749 14677 1.4 81 58 17 79 45% 40895 2250393 40934 25%
c - 76.33 381 743 11 23 2897 2 71948 10638 1.4 82 59 16 79 45% 40895 2250393 40934 25%
c - 77.16 381 671 11 24 2898 2 76746 10918 1.4 84 61 16 80 44% 40895 2250393 40934 25%
c u 78.49 395 644 11 24 2900 2 78774 12583 1.4 84 62 16 80 44% 40895 2250393 40934 25%
c v 78.93 395 644 11 24 2900 2 78774 12302 1.4 84 62 16 80 44% 40895 2250393 40934 25%
c w 79.18 399 644 11 24 2900 2 78774 12302 1.4 84 62 16 80 44% 40895 2250393 40934 25%
c f 80.55 325 644 11 24 2900 2 78774 12302 1.4 84 62 16 80 44% 40896 2250382 40936 25%
c u 81.21 393 644 11 24 2900 2 78774 11900 1.4 84 62 16 80 44% 40897 2250382 40936 25%
c v 81.51 395 644 11 24 2900 2 78774 11759 1.4 84 62 16 80 44% 40897 2250382 40936 25%
c w 81.72 397 644 11 24 2900 2 78774 11758 1.4 84 62 16 80 44% 40897 2250382 40936 25%
c t 82.27 399 644 11 24 2900 2 78774 11758 1.4 84 62 16 80 44% 40896 2250382 40936 25%
c o 82.56 399 644 11 24 2900 2 78774 11758 1.4 84 62 16 80 44% 40896 2250382 40936 25%
c B 83.03 401 614 11 24 2902 2 81351 14250 1.4 84 62 16 80 44% 40896 2250382 40936 25%
c - 83.11 401 611 11 25 2902 2 81645 10658 1.4 84 62 16 80 44% 40896 2250382 40936 25%
c ] 83.33 401 594 12 25 2903 2 83148 12122 1.4 84 62 16 80 44% 40896 2250382 40936 25%
c { 83.33 401 594 12 25 2903 18 83148 12122 1.3 19 14 6 17 41% 40896 2250382 40936 25%
c - 85.07 417 614 12 26 3192 18 86645 12478 1.3 19 14 6 16 44% 40899 2250382 40936 25%
c - 86.26 423 635 12 27 3341 16 91744 13817 1.3 17 13 5 15 47% 40899 2250382 40936 25%
c
c seconds     switched     rate         size/glue  tier1     binary            remaining
c         MB    reductions   conflicts        size   tier2        irredundant
c           level    restarts      redundant     glue    trail            variables
c
c } 88.06 427 621 13 27 3639 16 94628 16523 1.3 18 13 5 15 48% 40903 2250382 40936 25%
c [ 88.06 427 594 13 27 3639 2 94628 16523 1.4 84 62 16 80 44% 40903 2250382 40936 25%
c - 88.47 427 570 13 28 3641 2 96940 15427 1.4 84 62 16 80 44% 40903 2250382 40936 25%
c - 89.48 427 521 13 29 3644 2 102231 16543 1.4 84 61 16 80 45% 40903 2250382 40936 25%
c W 90.12 460 521 13 29 3644 2 102263 16575 1.4 84 61 16 80 45% 40903 2250382 40936 25%
c u 91.66 370 486 13 29 3645 2 106835 20366 1.4 83 61 16 80 44% 40906 2250382 40936 25%
c v 92.15 370 486 13 29 3645 2 106835 19965 1.4 83 61 16 80 44% 40906 2250382 40936 25%
c w 92.42 374 486 13 29 3645 2 106835 19929 1.4 83 61 16 80 44% 40906 2250382 40936 25%
c - 93.03 374 480 13 30 3646 2 107618 15997 1.4 83 61 16 80 44% 40906 2250382 40936 25%
c - 93.89 374 444 13 31 3651 2 113095 16291 1.4 83 61 16 80 44% 40906 2250382 40936 25%
c ] 94.45 374 423 14 31 3652 2 116738 19828 1.4 83 61 16 80 44% 40906 2250382 40936 25%
c { 94.45 374 621 14 31 3652 16 116738 19828 1.3 18 13 5 15 48% 40906 2250382 40936 25%
c - 97.52 394 590 14 32 4181 18 118662 17106 1.3 18 14 5 15 47% 40906 2250382 40936 25%
c o 97.76 394 589 14 32 4212 18 118775 17219 1.3 19 14 5 15 47% 40906 2250382 40936 25%
c i 100.79 398 574 14 32 4750 19 121431 19836 1.3 19 14 5 15 47% 40907 2250382 40922 25%
c - 102.77 402 586 14 33 5072 19 124318 18586 1.3 19 14 5 15 48% 40876 2250382 40922 25%
c s 104.99 425 614 14 33 5298 18 127933 21997 1.3 19 14 5 15 50% 40880 2247384 40922 25%
c e 106.31 489 614 14 33 5298 18 127933 21997 1.3 19 14 5 15 50% 23936 2315154 23979 14%
c s 107.04 489 614 14 33 5298 18 127933 21997 1.3 19 14 5 15 50% 23936 2315069 23979 14%
c ^ 107.35 489 614 14 33 5298 18 127933 21997 1.3 19 14 5 15 50% 23936 2315069 23979 14%
c
c seconds      switched     rate          size/glue  tier1     binary            remaining
c          MB    reductions   conflicts         size   tier2        irredundant
c            level    restarts       redundant     glue    trail            variables
c
c - 110.37 413 586 14 34 5792 19 130062 10375 1.3 19 15 5 15 49% 23947 2315058 23979 14%
c } 110.47 413 566 15 34 5951 18 131455 11727 1.3 19 15 5 15 48% 23947 2315058 23979 14%
c [ 110.47 413 423 15 34 5951 2 131455 11727 1.4 83 61 16 80 44% 23947 2315058 23979 14%
c O 110.47 413 423 15 34 5951 2 131455 11727 1.4 83 61 16 80 44% 23947 2315058 23979 14%
c - 111.11 413 397 15 35 5954 2 135892 13130 1.4 82 60 17 79 44% 23947 2315058 23979 14%
c u 112.75 415 377 15 35 5956 2 139627 16147 1.4 82 59 16 77 44% 23951 2315058 23979 14%
c v 113.63 415 377 15 35 5956 2 139627 15594 1.4 82 59 16 77 44% 23951 2315058 23979 14%
c w 114.09 417 377 15 35 5956 2 139627 15594 1.4 82 59 16 77 44% 23951 2315058 23979 14%
c t 114.49 417 377 15 35 5956 2 139627 15594 1.4 82 59 16 77 44% 23948 2315058 23979 14%
c f 114.76 321 377 15 35 5956 2 139627 15594 1.4 82 59 16 77 44% 24486 2301505 24311 15%
c u 115.64 391 377 15 35 5956 2 139627 15513 1.4 82 59 16 77 44% 24487 2301505 24311 15%
c v 116.73 391 377 15 35 5956 2 139627 14983 1.4 82 59 16 77 44% 24487 2301505 24311 15%
c w 117.09 395 377 15 35 5956 2 139627 14981 1.4 82 59 16 77 44% 24487 2301505 24311 15%
c - 117.98 395 367 15 36 5957 2 141808 14146 1.4 82 59 16 76 44% 24487 2301505 24311 15%
c - 119.27 395 341 15 37 5960 2 147808 14356 1.4 82 59 16 76 44% 24487 2301505 24311 15%
c - 120.69 395 319 15 38 5964 2 153890 13300 1.4 83 60 16 75 44% 24487 2301505 24311 15%
c B 121.89 395 301 15 38 5965 2 159195 18326 1.4 84 60 16 75 44% 24487 2301505 24311 15%
c - 122.06 395 299 15 39 5965 2 160054 13325 1.4 84 60 16 75 44% 24487 2301505 24311 15%
c - 123.08 397 284 15 40 5967 2 166298 12805 1.4 84 62 17 76 43% 24487 2301505 24311 15%
c - 124.11 397 269 15 41 5972 2 172622 12259 1.3 84 62 17 77 43% 24487 2301505 24311 15%
c
c seconds      switched    rate          size/glue  tier1      binary            remaining
c          MB    reductions  conflicts         size    tier2        irredundant
c            level    restarts      redundant     glue     trail            variables
c
c u 125.95 396 258 15 41 5973 1 177342 16797 1.3 84 62 17 77 43% 24487 2301505 24311 15%
c v 126.40 396 258 15 41 5973 1 177342 16535 1.3 84 62 17 77 43% 24487 2301505 24311 15%
c w 126.68 402 258 15 41 5973 1 177342 16535 1.3 84 62 17 77 43% 24487 2301505 24311 15%
c o 128.08 487 258 15 41 5973 1 177342 16535 1.3 84 62 17 77 43% 24487 2301505 24311 15%
c - 128.41 387 255 15 42 5975 1 179025 12697 1.3 84 63 17 77 43% 24487 2301505 24311 15%
c - 129.65 387 243 15 43 5979 1 185505 12935 1.3 85 63 17 78 43% 24487 2301505 24311 15%
c ] 130.45 387 237 16 43 5979 1 188643 15948 1.3 85 63 17 78 43% 24487 2301505 24311 15%
c { 130.45 387 566 16 43 5979 18 188643 15948 1.3 19 15 5 15 48% 24487 2301505 24311 15%
c - 135.21 428 530 16 44 6790 19 192063 13778 1.3 20 15 5 16 47% 24487 2301505 24311 15%
c - 141.71 439 516 16 45 7631 20 198696 16370 1.3 20 16 5 16 48% 24487 2301505 24311 15%
c - 145.90 447 531 16 46 8225 19 205404 17673 1.3 20 16 5 16 49% 24487 2301505 24311 15%
c } 148.49 449 519 17 46 8627 20 206981 19236 1.3 21 16 5 16 49% 24487 2301505 24311 15%
c [ 148.49 449 237 17 46 8627 1 206981 19236 1.3 85 63 17 78 43% 24487 2301505 24311 15%
c W 149.35 460 237 17 46 8627 1 206981 19236 1.3 85 63 17 78 43% 24487 2301505 24311 15%
c s 151.00 384 231 17 46 8629 1 210883 23019 1.3 85 64 17 78 43% 24487 2295474 24311 15%
c e 151.80 473 231 17 46 8629 1 210883 23019 1.3 85 64 17 78 43% 23103 2305794 22929 14%
c s 152.66 473 231 17 46 8629 1 210883 23019 1.3 85 64 17 78 43% 23103 2305698 22929 14%
c e 152.95 473 231 17 46 8629 1 210883 23019 1.3 85 64 17 78 43% 23102 2305707 22928 14%
c ^ 152.95 473 231 17 46 8629 1 210883 23019 1.3 85 64 17 78 43% 23102 2305707 22928 14%
c - 153.35 381 229 17 47 8631 1 212187 12728 1.3 85 64 17 79 43% 23102 2305707 22928 14%
c
c seconds      switched    rate          size/glue  tier1      binary            remaining
c          MB    reductions  conflicts         size    tier2        irredundant
c            level    restarts      redundant     glue     trail            variables
c
c - 154.67 382 219 17 48 8633 1 219043 13504 1.3 85 64 17 79 44% 23102 2305707 22928 14%
c u 155.75 390 218 17 48 8634 1 220033 14029 1.3 85 64 17 79 44% 23102 2305707 22928 14%
c v 156.48 390 218 17 48 8634 1 220033 13508 1.3 85 64 17 79 44% 23102 2305707 22928 14%
c w 156.92 392 218 17 48 8634 1 220033 13481 1.3 85 64 17 79 44% 23102 2305707 22928 14%
c f 157.89 321 218 17 48 8634 1 220033 13481 1.3 85 64 17 79 44% 23167 2304381 22993 14%
c u 158.82 390 218 17 48 8634 1 220033 13227 1.3 85 64 17 79 44% 23167 2304381 22993 14%
c v 160.13 392 218 17 48 8634 1 220033 12448 1.3 85 64 17 79 44% 23167 2304381 22993 14%
c w 160.49 394 218 17 48 8634 1 220033 12391 1.3 85 64 17 79 44% 23167 2304381 22993 14%
c - 161.87 394 209 17 49 8639 1 225974 12330 1.3 86 65 17 79 44% 23167 2304381 22993 14%
c - 163.28 394 201 17 50 8641 1 232975 12796 1.3 86 66 17 80 44% 23167 2304381 22993 14%
c - 164.69 394 193 17 51 8642 1 240047 13052 1.3 87 67 17 80 44% 23167 2304381 22993 14%
c I 165.13 394 190 17 51 8644 1 242336 15203 1.3 88 67 17 80 44% 23167 2304381 22993 14%
c o 165.23 394 190 17 51 8644 1 242336 15203 1.3 88 67 17 80 44% 23167 2304381 22993 14%
c - 165.75 396 185 17 52 8647 1 247190 14497 1.3 86 66 17 79 43% 23167 2304381 22993 14%
c - 167.02 396 178 17 53 8651 1 254401 15271 1.3 86 66 17 80 44% 23167 2304381 22993 14%
c - 168.46 396 172 17 54 8655 1 261681 14317 1.3 87 66 17 79 44% 23167 2304381 22993 14%
c u 170.23 396 167 17 54 8656 1 267841 20139 1.3 87 67 17 79 44% 23167 2304381 22993 14%
c v 170.74 396 167 17 54 8656 1 267841 19657 1.3 87 67 17 79 44% 23167 2304381 22993 14%
c w 171.15 405 167 17 54 8656 1 267841 19656 1.3 87 67 17 79 44% 23167 2304381 22993 14%
c - 171.83 405 166 17 55 8656 1 269029 14135 1.3 87 67 17 79 44% 23167 2304381 22993 14%
c
c seconds      switched    rate          size/glue  tier1      binary            remaining
c          MB    reductions  conflicts         size    tier2        irredundant
c            level    restarts      redundant     glue     trail            variables
c
c - 173.20 405 161 17 56 8657 1 276447 14464 1.3 88 67 17 78 44% 23167 2304381 22993 14%
c ] 174.06 405 157 18 56 8657 1 281292 19087 1.3 88 67 17 78 44% 23167 2304381 22993 14%
c { 174.07 405 519 18 56 8657 20 281292 19087 1.3 21 16 5 16 49% 23167 2304381 22993 14%
c i 174.50 407 511 18 56 8717 19 282269 20060 1.3 21 16 5 16 48% 23169 2304381 22987 14%
c i 174.62 409 505 18 56 8717 19 282858 20464 1.3 21 16 5 16 48% 23187 2304381 22962 14%
c i 174.65 409 504 18 56 8724 19 283032 20632 1.3 21 16 5 16 48% 23187 2304381 22961 14%
c i 174.74 411 502 18 56 8760 19 283212 20811 1.3 21 16 5 16 48% 23187 2304381 22946 14%
c i 174.75 411 502 18 56 8760 19 283214 20812 1.3 21 16 5 16 48% 23187 2304381 22933 14%
c i 174.77 411 502 18 56 8760 19 283236 20823 1.3 21 16 5 16 48% 23195 2304381 22928 14%
c i 174.77 411 502 18 56 8760 19 283267 20846 1.3 21 16 5 16 48% 23201 2304380 22916 14%
c - 174.97 411 496 18 57 8881 19 283930 15079 1.3 21 16 5 16 47% 23083 2304380 22916 14%
c i 175.06 411 494 18 57 8934 19 284161 15309 1.3 21 16 5 16 47% 23083 2304380 22910 14%
c - 175.69 413 436 18 58 8934 17 291479 17738 1.3 20 15 5 16 42% 23110 2304380 22910 14%
c - 176.22 413 385 18 59 8934 15 299095 19333 1.3 19 14 6 15 38% 23110 2304380 22910 14%
c } 176.61 413 359 19 59 8934 14 303640 23405 1.3 19 14 6 15 36% 23110 2304380 22910 14%
c [ 176.61 413 157 19 59 8934 1 303640 23405 1.3 88 67 17 78 44% 23110 2304380 22910 14%
c B 176.61 413 157 19 59 8934 1 303640 23405 1.3 88 67 17 78 44% 23110 2304380 22910 14%
c - 177.16 413 156 19 60 8936 1 306776 20829 1.3 88 67 17 78 44% 23110 2304380 22910 14%
c - 178.58 413 153 19 61 8940 1 314521 20796 1.3 88 67 17 78 44% 23110 2304380 22910 14%
c ] 179.42 413 151 20 61 8943 1 319236 25363 1.3 87 67 17 78 44% 23110 2304380 22910 14%
c
c seconds      switched     rate          size/glue  tier1     binary            remaining
c          MB    reductions   conflicts         size   tier2        irredundant
c            level    restarts       redundant     glue    trail            variables
c
c { 179.42 413 359 20 61 8943 14 319236 25363 1.3 19 14 6 15 36% 23110 2304380 22910 14%
c o 179.57 415 359 20 61 8947 14 319255 25382 1.3 19 14 6 15 36% 23110 2304380 22910 14%
c s 181.99 423 357 20 61 9280 14 320604 26711 1.3 19 14 6 15 36% 23110 2303904 22910 14%
c e 182.82 487 357 20 61 9280 14 320604 26711 1.3 19 14 6 15 36% 22075 2316995 21922 13%
c s 183.54 487 357 20 61 9280 14 320604 26711 1.3 19 14 6 15 36% 22077 2316855 21922 13%
c e 183.83 487 357 20 61 9280 14 320604 26711 1.3 19 14 6 15 36% 22073 2316935 21916 13%
c ! 183.83 487 357 20 61 9280 14 320604 26711 1.3 19 14 6 15 36% 22073 2316935 21916 13%
c b 184.43 381 356 20 61 9339 14 320826 22357 1.3 19 14 6 15 36% 22141 2316867 21907 13%
c u 184.85 381 356 20 61 9339 14 320826 22010 1.3 19 14 6 15 36% 22141 2316867 21907 13%
c v 185.26 381 356 20 61 9339 14 320826 20720 1.3 19 14 6 15 36% 22141 2316867 21907 13%
c w 185.57 381 356 20 61 9339 14 320826 20710 1.3 19 14 6 15 36% 22141 2316867 21907 13%
c t 185.85 381 356 20 61 9339 14 320826 20710 1.3 19 14 6 15 36% 22133 2316795 21907 13%
c f 186.07 321 356 20 61 9339 14 320826 20710 1.3 19 14 6 15 36% 22179 2315930 21949 13%
c u 186.93 391 356 20 61 9339 14 320826 20492 1.3 19 14 6 15 36% 22181 2315930 21938 13%
c v 187.41 391 356 20 61 9339 14 320826 20115 1.3 19 14 6 15 36% 22181 2315930 21938 13%
c w 187.70 397 356 20 61 9339 14 320826 20103 1.3 19 14 6 15 36% 22181 2315930 21938 13%
c t 187.96 397 356 20 61 9339 14 320826 20100 1.3 19 14 6 15 36% 22203 2315894 21938 13%
c i 188.16 397 356 20 61 9339 14 320826 20100 1.3 19 14 6 15 36% 22203 2315894 21938 13%
c - 189.80 411 351 20 62 9572 15 322332 17136 1.3 19 15 6 15 36% 22138 2315894 21938 13%
c - 196.89 425 339 20 63 10820 16 330206 20805 1.3 20 15 6 15 37% 22138 2315894 21938 13%
c
c seconds      switched      rate          size/glue  tier1     binary            remaining
c          MB    reductions    conflicts         size   tier2        irredundant
c            level    restarts        redundant     glue    trail            variables
c
c - 199.00 427 369 20 64 11103 15 338143 22365 1.3 19 15 6 15 40% 22138 2315894 21938 13%
c } 205.70 433 367 21 64 12236 16 345975 29907 1.3 20 15 6 15 40% 22141 2315894 21938 13%
c [ 205.70 433 151 21 64 12236 1 345975 29907 1.3 87 67 17 78 44% 22141 2315894 21938 13%
c - 205.74 433 151 21 65 12236 1 346144 24009 1.3 87 67 17 78 44% 22141 2315894 21938 13%
c W 206.58 464 151 21 65 12237 1 347351 25207 1.3 87 67 17 78 44% 22141 2315894 21938 13%
c - 207.80 362 148 21 66 12242 1 354207 25053 1.3 87 67 17 79 44% 22141 2315894 21938 13%
c - 209.30 362 146 21 67 12245 1 362331 23514 1.3 88 68 17 79 44% 22141 2315894 21938 13%
c - 211.13 362 143 21 68 12249 1 370517 23032 1.3 89 69 17 79 44% 22141 2315894 21938 13%
c - 212.70 362 141 21 69 12250 1 378763 23770 1.3 90 70 17 79 44% 22141 2315894 21938 13%
c u 214.27 399 141 21 69 12251 1 379167 23348 1.3 91 70 17 79 44% 22176 2315894 21938 13%
c v 215.17 399 141 21 69 12251 1 379167 22359 1.3 91 70 17 79 44% 22176 2315894 21938 13%
c w 215.62 405 141 21 69 12251 1 379167 22355 1.3 91 70 17 79 44% 22176 2315894 21938 13%
c t 217.20 483 141 21 69 12251 1 379167 22355 1.3 91 70 17 79 44% 22155 2315894 21938 13%
c - 219.16 379 139 21 70 12257 1 387070 23127 1.3 91 70 17 79 44% 22155 2315894 21938 13%
c - 221.06 379 137 21 71 12261 1 395437 22877 1.3 91 71 17 79 44% 22155 2315894 21938 13%
c O 221.07 379 137 21 71 12261 1 395513 22953 1.3 91 71 17 79 44% 22155 2315894 21938 13%
c o 222.55 379 134 21 71 12265 1 403437 30601 1.3 91 70 17 79 44% 22155 2315894 21938 13%
c - 222.65 379 134 21 72 12265 1 403863 24364 1.3 91 70 17 79 44% 22155 2315894 21938 13%
c - 224.29 379 132 21 73 12266 1 412348 24282 1.3 91 70 17 79 44% 22155 2315894 21938 13%
c - 225.83 379 131 21 74 12266 1 420893 23244 1.3 91 70 17 80 44% 22155 2315894 21938 13%
c
c seconds      switched     rate          size/glue  tier1      binary            remaining
c          MB    reductions   conflicts         size    tier2        irredundant
c            level    restarts       redundant     glue     trail            variables
c
c - 227.54 379 129 21 75 12268 1 429495 22974 1.3 92 71 17 80 44% 22155 2315894 21938 13%
c ] 228.08 379 129 22 75 12269 1 432068 25460 1.3 92 71 17 80 44% 22155 2315894 21938 13%
c { 228.08 379 367 22 75 12269 16 432068 25460 1.3 20 15 6 15 40% 22155 2315894 21938 13%
c i 229.24 393 357 22 75 12670 16 434274 27626 1.3 20 15 6 15 40% 22170 2315893 21902 13%
c i 229.24 393 357 22 75 12670 16 434276 27626 1.3 20 15 6 15 40% 22171 2315893 21901 13%
c i 229.77 395 353 22 75 12825 16 435146 28482 1.3 20 15 6 15 39% 22182 2315893 21898 13%
c i 230.25 395 349 22 75 12986 16 436237 29555 1.3 20 15 6 15 39% 22190 2315893 21889 13%
c i 230.25 395 349 22 75 12986 16 436260 29569 1.3 20 15 6 15 39% 22194 2315893 21888 13%
c i 230.80 395 345 22 75 13157 16 437130 30438 1.3 20 15 6 15 39% 22194 2315893 21886 13%
c - 230.89 397 341 22 76 13157 16 438155 25169 1.3 20 15 6 15 39% 22059 2315893 21870 13%
c i 230.90 397 341 22 76 13157 16 438160 25173 1.3 20 15 6 15 39% 22059 2315893 21862 13%
c i 230.93 397 341 22 76 13157 16 438296 25306 1.3 20 15 6 15 39% 22060 2315893 21813 13%
c i 231.36 397 337 22 76 13322 15 439239 26236 1.3 20 15 6 15 38% 22066 2315893 21810 13%
c b 232.30 399 322 22 76 13508 15 442889 29701 1.3 20 15 6 15 37% 22179 2315218 21807 13%
c u 232.99 399 322 22 76 13508 15 442889 29348 1.3 20 15 6 15 37% 22183 2315218 21807 13%
c v 233.50 399 322 22 76 13508 15 442889 28993 1.3 20 15 6 15 37% 22183 2315218 21807 13%
c w 233.80 401 322 22 76 13508 15 442889 28992 1.3 20 15 6 15 37% 22183 2315218 21807 13%
c x 234.37 403 322 22 76 13508 15 442889 28992 1.3 20 15 6 15 37% 22189 2311622 21807 13%
c t 234.71 403 322 22 76 13508 15 442889 28992 1.3 20 15 6 15 37% 22171 2311622 21807 13%
c u 235.80 403 322 22 76 13508 15 442889 28754 1.3 20 15 6 15 37% 22172 2311622 21807 13%
c
c seconds      switched      rate          size/glue  tier1     binary            remaining
c          MB    reductions    conflicts         size   tier2        irredundant
c            level    restarts        redundant     glue    trail            variables
c
c v 236.47 403 322 22 76 13508 15 442889 28258 1.3 20 15 6 15 37% 22172 2311622 21807 13%
c w 237.01 403 322 22 76 13508 15 442889 28254 1.3 20 15 6 15 37% 22172 2311622 21807 13%
c t 237.42 403 322 22 76 13508 15 442889 28254 1.3 20 15 6 15 37% 22172 2311622 21799 13%
c i 238.35 403 319 22 76 13688 15 443961 29274 1.3 20 15 6 15 37% 22192 2311622 21689 13%
c i 238.35 403 319 22 76 13688 15 443963 29274 1.3 20 15 6 15 37% 22193 2311622 21687 13%
c i 239.11 405 314 22 76 13895 15 445326 30594 1.3 20 15 6 15 36% 22200 2311621 21617 13%
c i 239.12 405 314 22 76 13895 15 445367 30617 1.3 20 15 6 15 36% 22207 2311621 21608 13%
c i 239.50 405 311 22 76 14010 15 445989 31235 1.3 20 15 6 15 36% 22209 2311621 21596 13%
c - 239.90 405 308 22 77 14176 15 446873 25535 1.3 20 15 5 15 36% 21753 2311621 21596 13%
c i 240.06 405 307 22 77 14206 15 447350 25914 1.3 20 15 5 15 36% 21769 2311620 21564 13%
c i 240.63 405 304 22 77 14342 15 448222 26772 1.3 20 15 5 15 36% 21772 2311620 21561 13%
c i 240.63 405 304 22 77 14342 15 448223 26772 1.3 20 15 5 15 36% 21772 2311620 21560 13%
c i 240.63 405 304 22 77 14342 15 448265 26807 1.3 20 15 5 15 36% 21774 2311620 21559 13%
c i 240.64 405 303 22 77 14342 15 448436 26939 1.3 19 15 5 15 36% 21782 2311620 21556 13%
c - 241.21 405 278 22 78 14470 14 455649 27244 1.3 19 14 5 15 33% 21686 2311620 21556 13%
c i 241.34 405 268 22 78 14471 13 458991 30322 1.3 19 14 5 15 32% 21710 2311620 21555 13%
c s 242.55 412 267 22 78 14471 13 459323 30616 1.3 19 14 5 15 32% 21716 2305708 21540 13%
c e 243.33 498 267 22 78 14471 13 459323 30616 1.3 19 14 5 15 32% 21643 2306125 21467 13%
c s 244.48 498 267 22 78 14471 13 459323 30616 1.3 19 14 5 15 32% 21643 2305436 21467 13%
c e 244.85 498 267 22 78 14471 13 459323 30616 1.3 19 14 5 15 32% 21599 2305550 21455 13%
c
c seconds      switched      rate          size/glue  tier1     binary            remaining
c          MB    reductions    conflicts         size   tier2        irredundant
c            level    restarts        redundant     glue    trail            variables
c
c } 245.11 386 254 23 78 14472 12 463584 33401 1.3 18 14 5 15 31% 21651 2305550 21455 13%
c [ 245.11 386 129 23 78 14472 1 463584 33401 1.3 92 71 17 80 44% 21651 2305550 21455 13%
c B 245.11 386 129 23 78 14472 1 463584 33401 1.3 92 71 17 80 44% 21651 2305550 21455 13%
c - 245.29 386 129 23 79 14472 1 464480 28126 1.3 92 71 17 80 44% 21631 2305550 21455 13%
c - 246.90 387 128 23 80 14478 1 473368 27725 1.3 92 71 17 80 44% 21631 2305550 21455 13%
c - 248.53 387 127 23 81 14484 1 482313 27922 1.3 93 72 17 81 44% 21631 2305550 21455 13%
c - 250.05 388 125 23 82 14486 1 491313 28574 1.3 93 72 17 81 44% 21631 2305550 21455 13%
c - 251.99 388 124 23 83 14489 1 500369 28925 1.3 93 72 17 81 44% 21631 2305550 21455 13%
c ] 253.25 390 123 24 83 14493 1 506517 34766 1.3 94 73 17 81 44% 21631 2305550 21455 13%
c { 253.25 390 254 24 83 14493 12 506517 34766 1.3 18 14 5 15 31% 21631 2305550 21455 13%
c o 253.45 408 254 24 83 14494 12 506537 34782 1.3 18 14 5 15 31% 21631 2305550 21455 13%
c - 257.18 430 249 24 84 15135 13 509479 30792 1.3 19 14 5 14 31% 21631 2305550 21455 13%
c b 260.27 434 249 24 84 15572 14 512073 33322 1.3 19 14 5 14 31% 21762 2305420 21446 13%
c u 260.99 434 249 24 84 15572 14 512073 32667 1.3 19 14 5 14 31% 21780 2305420 21446 13%
c v 261.80 434 249 24 84 15572 14 512073 31729 1.3 19 14 5 14 31% 21784 2305420 21446 13%
c w 262.21 434 249 24 84 15572 14 512073 31729 1.3 19 14 5 14 31% 21784 2305420 21446 13%
c t 262.47 434 249 24 84 15572 14 512073 31729 1.3 19 14 5 14 31% 21750 2305365 21446 13%
c f 262.64 327 249 24 84 15572 14 512073 31729 1.3 19 14 5 14 31% 21758 2305203 21454 13%
c u 263.63 402 249 24 84 15572 14 512073 30845 1.3 19 14 5 14 31% 21780 2305203 21454 13%
c v 264.23 402 249 24 84 15572 14 512073 30484 1.3 19 14 5 14 31% 21780 2305203 21454 13%
c
c seconds      switched      rate          size/glue  tier1     binary            remaining
c          MB    reductions    conflicts         size   tier2        irredundant
c            level    restarts        redundant     glue    trail            variables
c
c w 264.55 404 249 24 84 15572 14 512073 30484 1.3 19 14 5 14 31% 21780 2305203 21454 13%
c x 264.96 406 249 24 84 15572 14 512073 30484 1.3 19 14 5 14 31% 21780 2298031 21454 13%
c t 265.22 406 249 24 84 15572 14 512073 30484 1.3 19 14 5 14 31% 21762 2298031 21454 13%
c - 268.79 418 269 24 85 16084 14 518646 31545 1.3 19 14 5 14 33% 21736 2298031 21454 13%
c - 271.83 422 314 24 86 16587 13 527865 34225 1.3 19 14 5 14 37% 21738 2298031 21454 13%
c - 276.78 428 308 24 87 17504 14 537139 36211 1.3 19 14 5 14 37% 21740 2298031 21454 13%
c } 281.41 430 315 25 87 18311 14 543196 42016 1.3 20 15 5 14 38% 21740 2298031 21454 13%
c [ 281.41 430 123 25 87 18311 1 543196 42016 1.3 94 73 17 81 44% 21740 2298031 21454 13%
c W 282.18 464 123 25 87 18311 1 543196 42016 1.3 94 73 17 81 44% 21740 2298031 21454 13%
c - 282.72 362 123 25 88 18313 1 546466 38009 1.3 93 72 17 81 44% 21740 2298031 21454 13%
c - 284.27 362 122 25 89 18318 1 555847 36675 1.3 93 72 17 81 44% 21740 2298031 21454 13%
c - 286.01 362 122 25 90 18324 1 565280 34414 1.3 94 73 17 81 44% 21740 2298031 21454 13%
c - 288.24 362 121 25 91 18325 1 574767 33736 1.3 94 73 17 81 44% 21740 2298031 21454 13%
c - 290.06 362 120 25 92 18332 1 584306 34461 1.3 94 73 17 80 44% 21740 2298031 21454 13%
c u 291.65 366 120 25 92 18332 1 586734 35571 1.3 94 73 17 80 44% 21791 2298031 21450 13%
c v 292.33 366 120 25 92 18332 1 586734 34690 1.3 94 73 17 80 44% 21795 2298031 21450 13%
c w 293.39 372 120 25 92 18332 1 586734 34687 1.3 94 73 17 80 44% 21795 2298031 21450 13%
c t 293.65 372 120 25 92 18332 1 586734 34675 1.3 94 73 17 80 44% 21770 2298013 21450 13%
c u 294.94 374 120 25 92 18332 1 586734 34401 1.3 94 73 17 80 44% 21770 2298013 21450 13%
c v 295.40 374 120 25 92 18332 1 586734 34334 1.3 94 73 17 80 44% 21770 2298013 21450 13%
c
c seconds      switched     rate          size/glue  tier1      binary            remaining
c          MB    reductions   conflicts         size    tier2        irredundant
c            level    restarts       redundant     glue     trail            variables
c
c w 296.10 374 120 25 92 18332 1 586734 34327 1.3 94 73 17 80 44% 21770 2298013 21450 13%
c x 296.62 395 120 25 92 18332 1 586734 34327 1.3 94 73 17 80 44% 21770 2289967 21450 13%
c i 296.95 395 120 25 92 18332 1 586734 34327 1.3 94 73 17 80 44% 21770 2289967 21450 13%
c - 298.37 395 119 25 93 18337 1 593899 32617 1.3 94 74 17 81 44% 21751 2289967 21450 13%
c - 300.08 395 119 25 94 18340 1 603543 31234 1.3 94 74 17 81 43% 21751 2289967 21450 13%
c I 300.46 395 119 25 94 18340 1 605746 33307 1.3 94 75 17 81 43% 21751 2289967 21450 13%
c - 301.56 395 117 25 95 18341 1 613238 30736 1.3 93 73 17 81 43% 21751 2289967 21450 13%
c - 303.37 395 115 25 96 18341 1 622986 31611 1.3 93 72 17 81 43% 21751 2289967 21450 13%
c s 305.78 402 114 25 96 18344 1 628830 37090 1.3 93 72 17 81 43% 21751 2289228 21450 13%
c e 306.50 484 114 25 96 18344 1 628830 37090 1.3 93 72 17 81 43% 21721 2289416 21433 13%
c s 307.80 484 114 25 96 18344 1 628830 37090 1.3 93 72 17 81 43% 21721 2289175 21433 13%
c o 308.35 484 114 25 96 18344 1 628830 36454 1.3 93 72 17 81 43% 21721 2289175 21433 13%
c - 309.12 380 114 25 97 18347 1 632784 30957 1.3 93 72 17 81 43% 21721 2289175 21433 13%
c ] 310.56 380 113 26 97 18352 1 641789 39595 1.3 93 72 17 81 44% 21721 2289175 21433 13%
c { 310.56 380 315 26 97 18352 14 641789 39595 1.3 20 15 5 14 38% 21721 2289175 21433 13%
c - 311.20 400 313 26 98 18462 14 642632 31396 1.3 20 15 5 14 38% 21725 2289175 21433 13%
c - 313.12 420 314 26 99 18660 13 652531 33337 1.3 19 14 5 14 39% 21725 2289175 21433 13%
c - 322.24 444 305 26 100 19983 14 662483 36792 1.3 20 15 5 14 40% 21725 2289175 21433 13%
c u 324.94 400 310 26 100 20205 14 666993 39964 1.3 20 15 5 14 40% 21736 2289175 21433 13%
c v 325.54 400 310 26 100 20205 14 666993 38953 1.3 20 15 5 14 40% 21736 2289175 21433 13%
c
c seconds      switched       rate          size/glue  tier1     binary            remaining
c          MB    reductions     conflicts         size   tier2        irredundant
c            level     restarts        redundant     glue    trail            variables
c
c w 325.93 402 310 26 100 20205 14 666993 38942 1.3 20 15 5 14 40% 21736 2289175 21433 13%
c x 326.54 408 310 26 100 20205 14 666993 38942 1.3 20 15 5 14 40% 21736 2283260 21433 13%
c t 329.33 488 310 26 100 20205 14 666993 38942 1.3 20 15 5 14 40% 21728 2283260 21433 13%
c f 329.47 326 310 26 100 20205 14 666993 38942 1.3 20 15 5 14 40% 21729 2283242 21434 13%
c u 330.40 398 310 26 100 20205 14 666993 38124 1.3 20 15 5 14 40% 21749 2283242 21434 13%
c v 331.12 398 310 26 100 20205 14 666993 37532 1.3 20 15 5 14 40% 21749 2283242 21434 13%
c w 331.46 398 310 26 100 20205 14 666993 37326 1.3 20 15 5 14 40% 21749 2283242 21434 13%
c x 332.20 402 310 26 100 20205 14 666993 37326 1.3 20 15 5 14 40% 21749 2276321 21434 13%
c t 332.47 402 310 26 100 20205 14 666993 37326 1.3 20 15 5 14 40% 21732 2276321 21432 13%
c - 335.59 422 319 26 101 20660 14 672483 36266 1.3 20 15 5 14 41% 21725 2276321 21432 13%
c - 339.08 430 344 26 102 21101 13 682533 38441 1.4 20 15 5 14 42% 21725 2276321 21432 13%
c } 339.58 432 351 27 102 21160 13 684007 39813 1.4 20 15 5 14 43% 21725 2276321 21432 13%
c [ 339.58 432 113 27 102 21160 1 684007 39813 1.3 93 72 17 81 44% 21725 2276321 21432 13%
c B 339.58 432 113 27 102 21160 1 684007 39813 1.3 93 72 17 81 44% 21725 2276321 21432 13%
c - 340.95 432 113 27 103 21166 1 692632 39561 1.3 92 71 17 81 43% 21725 2276321 21432 13%
c - 342.80 432 112 27 104 21172 1 702781 39238 1.3 91 70 17 81 43% 21725 2276321 21432 13%
c - 344.73 432 112 27 105 21174 1 712979 38682 1.3 91 70 17 81 43% 21725 2276321 21432 13%
c - 346.87 432 112 27 106 21180 1 723225 37492 1.3 91 70 17 81 43% 21725 2276321 21432 13%
c - 348.82 432 111 27 107 21185 1 733520 37884 1.3 90 70 17 81 43% 21725 2276321 21432 13%
c - 350.95 432 111 27 108 21189 1 743865 37517 1.3 90 69 17 81 43% 21725 2276321 21432 13%
c
c seconds      switched      rate          size/glue  tier1      binary            remaining
c          MB    reductions    conflicts         size    tier2        irredundant
c            level     restarts       redundant     glue     trail            variables
c
c u 353.72 432 110 27 108 21190 1 752878 45695 1.3 90 69 17 81 43% 21750 2276314 21432 13%
c v 354.49 432 110 27 108 21190 1 752878 44669 1.3 90 69 17 81 43% 21750 2276314 21432 13%
c w 355.17 444 110 27 108 21190 1 752878 44666 1.3 90 69 17 81 43% 21750 2276314 21432 13%
c x 355.96 446 110 27 108 21190 1 752878 44666 1.3 90 69 17 81 43% 21750 2271040 21432 13%
c t 356.24 446 110 27 108 21190 1 752878 44666 1.3 90 69 17 81 43% 21733 2271040 21432 13%
c o 356.53 446 110 27 108 21190 1 752878 44666 1.3 90 69 17 81 43% 21733 2271040 21432 13%
c - 357.01 446 111 27 109 21190 1 754257 35561 1.3 90 69 17 81 43% 21733 2271040 21432 13%
c W 358.46 458 111 27 109 21190 1 756982 38205 1.3 89 69 17 81 43% 21733 2271040 21432 13%
c - 359.90 362 111 27 110 21190 1 764697 32160 1.3 89 69 17 81 43% 21733 2271040 21432 13%
c - 362.07 362 112 27 111 21197 1 775185 29771 1.3 91 70 17 81 43% 21733 2271040 21432 13%
c ] 362.27 362 112 28 111 21197 1 776306 30837 1.3 91 70 17 81 43% 21733 2271040 21432 13%
c { 362.27 362 351 28 111 21197 13 776306 30837 1.4 20 15 5 14 43% 21733 2271040 21432 13%
c - 373.89 408 342 28 112 22885 15 785720 31805 1.3 21 15 5 15 43% 21733 2271040 21432 13%
c - 380.36 412 366 28 113 23704 15 796304 36302 1.3 21 15 5 15 44% 21733 2271040 21432 13%
c - 386.51 414 389 28 114 24466 14 806935 37917 1.3 20 15 5 15 46% 21733 2271040 21432 13%
c - 392.95 416 406 28 115 25410 14 817612 39879 1.3 20 15 5 15 47% 21734 2271040 21432 13%
c } 396.72 418 415 29 115 25977 15 824446 46268 1.3 20 15 5 15 48% 21734 2271040 21432 13%
c [ 396.72 418 112 29 115 25977 1 824446 46268 1.3 91 70 17 81 43% 21734 2271040 21432 13%
c - 396.86 418 120 29 116 25979 1 828336 40499 1.3 88 68 16 81 42% 21734 2271040 21432 13%
c s 398.81 436 117 29 116 25982 1 830916 42470 1.3 87 67 16 81 42% 21734 2268809 21432 13%
c
c seconds      switched      rate          size/glue  tier1      binary            remaining
c          MB    reductions    conflicts         size    tier2        irredundant
c            level     restarts       redundant     glue     trail            variables
c
c e 399.31 494 117 29 116 25982 1 830916 42470 1.3 87 67 16 81 42% 21733 2268809 21431 13%
c O 401.79 380 114 29 116 25983 1 835410 45367 1.3 84 65 16 81 40% 21733 2268809 21431 13%
c - 402.18 380 114 29 117 25986 1 839107 39470 1.3 83 64 16 80 40% 21733 2268809 21431 13%
c u 403.75 382 112 29 117 25989 1 844497 42118 1.3 82 64 16 80 39% 21853 2268809 21423 13%
c v 404.64 384 112 29 117 25989 1 844497 40985 1.3 82 64 16 80 39% 21854 2268809 21423 13%
c w 405.13 388 112 29 117 25989 1 844497 40904 1.3 82 64 16 80 39% 21854 2268809 21423 13%
c x 406.10 412 112 29 117 25989 1 844497 40904 1.3 82 64 16 80 39% 21869 2261496 21423 13%
c t 406.39 412 112 29 117 25989 1 844497 40897 1.3 82 64 16 80 39% 21806 2261496 21423 13%
c u 407.81 412 112 29 117 25989 1 844497 39090 1.3 82 64 16 80 39% 21809 2261496 21423 13%
c v 408.86 412 112 29 117 25989 1 844497 38012 1.3 82 64 16 80 39% 21809 2261496 21423 13%
c w 409.33 414 112 29 117 25989 1 844497 37694 1.3 82 64 16 80 39% 21809 2261496 21423 13%
c x 410.05 416 112 29 117 25989 1 844497 37694 1.3 82 64 16 80 39% 21809 2255766 21423 13%
c t 410.32 416 112 29 117 25989 1 844497 37694 1.3 82 64 16 80 39% 21806 2255766 21423 13%
c i 410.51 416 112 29 117 25989 1 844497 37694 1.3 82 64 16 80 39% 21806 2255766 21423 13%
c - 411.35 416 111 29 118 25991 1 849924 35637 1.3 81 63 16 79 39% 21779 2255766 21423 13%
c - 413.38 416 110 29 119 25994 1 860786 37685 1.3 81 62 16 79 40% 21779 2255766 21423 13%
c - 415.68 416 109 29 120 26000 1 871694 37716 1.3 81 61 16 79 40% 21779 2255766 21423 13%
c - 418.01 416 109 29 121 26006 1 882648 35916 1.3 83 62 16 79 40% 21779 2255766 21423 13%
c - 420.52 416 110 29 122 26007 1 893648 33381 1.3 84 64 16 79 41% 21779 2255766 21423 13%
c - 423.77 416 111 29 123 26007 1 904693 32136 1.3 86 66 16 79 41% 21779 2255766 21423 13%
c
c seconds      switched      rate          size/glue  tier1      binary            remaining
c          MB    reductions    conflicts         size    tier2        irredundant
c            level     restarts       redundant     glue     trail            variables
c
c - 426.49 418 112 29 124 26014 1 915783 32224 1.3 88 67 16 79 41% 21779 2255766 21423 13%
c B 427.61 418 113 29 124 26015 1 919447 35766 1.3 88 68 16 79 42% 21779 2255766 21423 13%
c o 427.71 418 113 29 124 26015 1 919447 35766 1.3 88 68 16 79 42% 21779 2255766 21423 13%
c - 429.08 418 112 29 125 26020 1 926920 33749 1.3 88 67 16 79 42% 21779 2255766 21423 13%
c - 431.92 418 111 29 126 26022 1 938100 33415 1.3 88 68 16 79 42% 21779 2255766 21423 13%
c u 433.65 418 111 29 126 26025 1 941845 36334 1.3 88 68 16 79 42% 21786 2255766 21423 13%
c v 434.39 418 111 29 126 26025 1 941845 35303 1.3 88 68 16 79 42% 21786 2255766 21423 13%
c w 434.78 426 111 29 126 26025 1 941845 35292 1.3 88 68 16 79 42% 21786 2255766 21423 13%
c x 435.36 426 111 29 126 26025 1 941845 35292 1.3 88 68 16 79 42% 21786 2250092 21423 13%
c t 435.73 426 111 29 126 26025 1 941845 35292 1.3 88 68 16 79 42% 21781 2250092 21421 13%
c u 436.96 426 111 29 126 26025 1 941845 35167 1.3 88 68 16 79 42% 21785 2250084 21421 13%
c v 437.58 426 111 29 126 26025 1 941845 34660 1.3 88 68 16 79 42% 21785 2250084 21421 13%
c w 438.07 426 111 29 126 26025 1 941845 34637 1.3 88 68 16 79 42% 21785 2250084 21421 13%
c t 439.00 428 111 29 126 26025 1 941845 34637 1.3 88 68 16 79 42% 21783 2250084 21421 13%
c - 441.09 428 111 29 127 26029 1 949326 30028 1.3 89 69 16 79 42% 21776 2250084 21421 13%
c ] 442.97 428 110 30 127 26033 1 956788 36773 1.3 89 69 16 79 42% 21776 2250084 21421 13%
c { 442.97 428 415 30 127 26033 15 956788 36773 1.3 20 15 5 15 48% 21776 2250084 21421 13%
c - 448.11 448 409 30 128 26741 15 960595 31956 1.3 21 16 5 15 48% 21776 2250084 21421 13%
c - 452.79 454 424 30 129 27343 14 971908 36787 1.3 20 15 5 14 49% 21777 2250084 21421 13%
c - 457.70 408 434 30 130 28014 14 983267 38981 1.3 20 15 5 14 50% 21778 2250084 21421 13%
c
c seconds      switched       rate          size/glue  tier1     binary            remaining
c          MB    reductions     conflicts         size   tier2        irredundant
c            level     restarts        redundant     glue    trail            variables
c
c - 464.31 422 444 30 131 29011 14 994668 40597 1.3 20 15 5 15 50% 21778 2250084 21421 13%
c - 470.23 426 444 30 132 29930 14 1006113 41237 1.3 21 15 5 15 50% 21779 2250084 21421 13%
c } 472.65 428 450 31 132 30329 14 1011223 45987 1.3 20 15 5 15 50% 21779 2250084 21421 13%
c [ 472.65 428 110 31 132 30329 1 1011223 45987 1.3 89 69 16 79 42% 21779 2250084 21421 13%
c W 473.70 462 110 31 132 30329 1 1011223 45987 1.3 89 69 16 79 42% 21779 2250084 21421 13%
c - 474.91 366 110 31 133 30334 1 1017602 40522 1.3 88 69 16 79 42% 21779 2250084 21421 13%
c - 477.03 368 110 31 134 30340 1 1029135 37427 1.3 89 70 16 79 42% 21779 2250084 21421 13%
c - 479.47 368 111 31 135 30343 1 1040710 34900 1.3 90 71 16 79 42% 21779 2250084 21421 13%
c u 482.19 370 111 31 135 30344 1 1045045 37143 1.3 90 72 16 79 42% 21787 2250084 21421 13%
c v 482.71 370 111 31 135 30344 1 1045045 36429 1.3 90 72 16 79 42% 21787 2250084 21421 13%
c w 484.41 378 111 31 135 30344 1 1045045 36081 1.3 90 72 16 79 42% 21787 2250084 21421 13%
c t 484.67 378 111 31 135 30344 1 1045045 36081 1.3 90 72 16 79 42% 21779 2250084 21421 13%
c - 486.32 380 111 31 136 30350 1 1052330 32471 1.3 91 72 16 79 42% 21779 2250084 21421 13%
c - 488.78 380 110 31 137 30356 1 1063991 33566 1.2 91 73 16 79 42% 21779 2250084 21421 13%
c s 491.16 398 110 31 137 30357 1 1067173 36528 1.2 91 73 16 79 42% 21779 2250008 21421 13%
c e 491.58 478 110 31 137 30357 1 1067173 36528 1.2 91 73 16 79 42% 21777 2250040 21419 13%
c s 493.26 478 110 31 137 30357 1 1067173 36528 1.2 91 73 16 79 42% 21777 2250018 21419 13%
c o 493.76 478 110 31 137 30357 1 1067173 36528 1.2 91 73 16 79 42% 21777 2250018 21419 13%
c - 495.35 380 111 31 138 30358 1 1075696 35176 1.2 90 72 16 80 42% 21777 2250018 21419 13%
c - 498.00 380 111 31 139 30359 1 1087444 35308 1.2 91 73 16 80 42% 21777 2250018 21419 13%
c
c seconds      switched      rate           size/glue  tier1      binary            remaining
c          MB    reductions     conflicts         size    tier2        irredundant
c            level     restarts        redundant     glue     trail            variables
c
c - 500.21 380 112 31 140 30364 1 1099233 35753 1.3 91 73 16 80 42% 21777 2250018 21419 13%
c I 501.31 380 112 31 140 30368 1 1106937 43214 1.3 91 72 16 80 42% 21777 2250018 21419 13%
c - 501.99 380 111 31 141 30371 1 1111065 37423 1.3 91 72 16 80 42% 21777 2250018 21419 13%
c - 504.11 380 110 31 142 30374 1 1122940 36989 1.3 90 72 16 80 42% 21777 2250018 21419 13%
c - 506.67 380 110 31 143 30381 1 1134857 35602 1.3 90 71 16 80 42% 21777 2250018 21419 13%
c ] 506.77 380 109 32 143 30381 1 1135384 36089 1.3 90 71 16 80 42% 21777 2250018 21419 13%
c { 506.77 380 450 32 143 30381 14 1135384 36089 1.3 20 15 5 15 50% 21777 2250018 21419 13%
c - 512.73 434 438 32 144 31179 14 1146815 38697 1.3 20 15 5 15 49% 21780 2250018 21419 13%
c u 514.33 402 407 32 144 31179 13 1154201 44064 1.3 20 15 5 15 46% 21795 2250018 21419 13%
c v 514.83 404 407 32 144 31179 13 1154201 43739 1.3 20 15 5 15 46% 21795 2250018 21419 13%
c w 515.15 404 407 32 144 31179 13 1154201 43685 1.3 20 15 5 15 46% 21795 2250018 21419 13%
c x 515.79 412 407 32 144 31179 13 1154201 43685 1.3 20 15 5 15 46% 21795 2244112 21419 13%
c t 518.57 482 407 32 144 31179 13 1154201 43685 1.3 20 15 5 15 46% 21786 2244112 21419 13%
c f 518.70 326 407 32 144 31179 13 1154201 43685 1.3 20 15 5 15 46% 21787 2244076 21421 13%
c u 519.80 396 407 32 144 31179 13 1154201 41560 1.3 20 15 5 15 46% 21805 2244076 21421 13%
c v 520.32 396 407 32 144 31179 13 1154201 41006 1.3 20 15 5 15 46% 21805 2244076 21421 13%
c w 520.59 396 407 32 144 31179 13 1154201 40895 1.3 20 15 5 15 46% 21805 2244076 21421 13%
c x 521.18 402 407 32 144 31179 13 1154201 40895 1.3 20 15 5 15 46% 21805 2242645 21421 13%
c t 521.45 402 407 32 144 31179 13 1154201 40895 1.3 20 15 5 15 46% 21791 2242645 21421 13%
c - 524.96 422 413 32 145 31626 13 1158815 37609 1.3 20 15 5 15 47% 21791 2242645 21421 13%
c
c seconds      switched       rate           size/glue  tier1     binary            remaining
c          MB    reductions      conflicts         size   tier2        irredundant
c            level     restarts         redundant     glue    trail            variables
c
c - 532.39 432 413 32 146 32788 13 1170856 39939 1.3 21 15 5 15 47% 21792 2242645 21421 13%
c - 539.98 438 414 32 147 33945 14 1182940 40660 1.3 21 16 5 15 47% 21792 2242645 21421 13%
c - 543.30 440 429 32 148 34443 13 1195064 41798 1.3 20 15 5 15 48% 21792 2242645 21421 13%
c } 543.34 440 428 33 148 34443 13 1196490 42955 1.3 20 15 5 15 48% 21792 2242645 21421 13%
c [ 543.34 440 109 33 148 34443 1 1196490 42955 1.3 90 71 16 80 42% 21792 2242645 21421 13%
c - 544.83 442 111 33 149 34449 1 1207229 41524 1.3 89 70 16 80 42% 21792 2242645 21421 13%
c B 545.01 442 111 33 149 34449 1 1208715 42990 1.3 89 70 16 80 43% 21792 2242645 21421 13%
c o 545.11 442 111 33 149 34449 1 1208715 42990 1.3 89 70 16 80 43% 21792 2242645 21421 13%
c - 547.02 442 111 33 150 34456 1 1219435 40260 1.3 89 70 16 80 43% 21792 2242645 21421 13%
c - 549.38 442 112 33 151 34460 1 1231684 38865 1.3 90 70 16 80 43% 21792 2242645 21421 13%
c - 551.60 442 112 33 152 34467 1 1243973 37866 1.3 90 71 16 80 43% 21792 2242645 21421 13%
c - 554.17 442 112 33 153 34472 1 1256301 37859 1.3 90 71 16 80 43% 21792 2242645 21421 13%
c - 556.42 442 112 33 154 34473 1 1268672 38942 1.3 90 72 16 80 43% 21792 2242645 21421 13%
c u 557.62 442 112 33 154 34473 1 1269320 38495 1.3 90 72 16 80 43% 21792 2242645 21421 13%
c v 558.11 442 112 33 154 34473 1 1269320 37479 1.3 90 72 16 80 43% 21792 2242645 21421 13%
c w 559.10 444 112 33 154 34473 1 1269320 37437 1.3 90 72 16 80 43% 21792 2242645 21421 13%
c x 560.11 446 112 33 154 34473 1 1269320 37437 1.3 90 72 16 80 43% 21792 2241836 21421 13%
c - 562.80 446 112 33 155 34476 1 1281083 37610 1.3 90 72 16 80 43% 21792 2241836 21421 13%
c - 565.18 446 111 33 156 34483 1 1293534 38277 1.3 90 71 16 80 43% 21792 2241836 21421 13%
c - 567.64 446 110 33 157 34488 1 1306023 38125 1.3 90 71 16 80 43% 21792 2241836 21421 13%
c
c seconds      switched      rate           size/glue  tier1      binary            remaining
c          MB    reductions     conflicts         size    tier2        irredundant
c            level     restarts        redundant     glue     trail            variables
c
c W 571.09 456 109 33 157 34493 1 1316701 48148 1.3 91 71 16 80 43% 21792 2241836 21421 13%
c - 571.53 362 110 33 158 34494 1 1318552 38119 1.3 90 71 16 80 43% 21792 2241836 21421 13%
c ] 572.27 362 109 34 158 34495 1 1322691 42037 1.3 90 71 16 80 43% 21792 2241836 21421 13%
c { 572.27 362 428 34 158 34495 13 1322691 42037 1.3 20 15 5 15 48% 21792 2241836 21421 13%
c i 572.29 368 428 34 158 34495 13 1322701 42045 1.3 20 15 5 15 48% 21793 2241836 21417 13%
c i 572.31 370 428 34 158 34497 13 1322709 42052 1.3 20 15 5 15 48% 21793 2241836 21412 13%
c i 572.31 370 428 34 158 34497 13 1322713 42053 1.3 20 15 5 15 48% 21795 2241836 21409 13%
c i 572.60 378 423 34 158 34714 13 1323916 43250 1.3 20 15 5 15 48% 21797 2241836 21406 13%
c i 572.62 378 423 34 158 34714 13 1323928 43257 1.3 20 15 5 15 48% 21801 2241836 21385 13%
c i 572.63 378 423 34 158 34714 13 1323938 43263 1.3 20 15 5 15 48% 21804 2241836 21370 13%
c i 572.78 380 412 34 158 34715 12 1327512 46659 1.3 20 15 5 15 48% 21817 2241836 21364 13%
c i 572.79 380 412 34 158 34715 12 1327516 46660 1.3 20 15 5 15 48% 21817 2241836 21358 13%
c i 572.79 380 412 34 158 34715 12 1327517 46660 1.3 20 15 5 15 48% 21817 2241836 21357 13%
c i 572.83 380 407 34 158 34715 12 1328736 47431 1.3 20 15 5 15 47% 21829 2241836 21354 13%
c - 573.03 382 401 34 159 34715 12 1331121 40914 1.3 20 15 5 15 47% 21628 2241836 21354 13%
c s 575.09 400 374 34 159 34715 11 1339260 48566 1.4 19 14 5 15 44% 21634 2241397 21354 13%
c e 575.59 482 374 34 159 34715 11 1339260 48566 1.4 19 14 5 15 44% 21610 2241436 21347 13%
c s 577.28 482 374 34 159 34715 11 1339260 48566 1.4 19 14 5 15 44% 21610 2241380 21347 13%
c e 577.53 482 374 34 159 34715 11 1339260 48566 1.4 19 14 5 15 44% 21605 2241409 21345 13%
c i 577.67 380 374 34 159 34715 11 1339263 48559 1.4 19 14 5 15 44% 21607 2241409 21338 13%
c
c seconds      switched       rate           size/glue  tier1     binary            remaining
c          MB    reductions      conflicts         size   tier2        irredundant
c            level     restarts         redundant     glue    trail            variables
c
c i 577.67 380 374 34 159 34715 11 1339268 48562 1.4 19 14 5 15 44% 21608 2241409 21336 13%
c - 578.04 384 359 34 160 34715 11 1343730 43861 1.4 19 14 5 14 43% 21611 2241409 21336 13%
c i 578.07 386 359 34 160 34716 11 1343815 43933 1.4 19 14 5 14 43% 21613 2241409 21332 13%
c i 578.09 386 359 34 160 34716 11 1343828 43944 1.4 19 14 5 14 43% 21613 2241409 21331 13%
c i 578.11 388 359 34 160 34716 11 1343938 44040 1.4 19 14 5 14 43% 21617 2241409 21327 13%
c i 578.12 388 359 34 160 34716 11 1343942 44040 1.4 19 14 5 14 43% 21618 2241409 21324 13%
c i 578.12 388 359 34 160 34716 11 1343981 44063 1.4 19 14 5 14 43% 21622 2241409 21322 13%
c i 578.33 394 355 34 160 34929 11 1345033 45101 1.4 19 14 5 14 42% 21622 2241409 21321 13%
c - 580.26 398 322 34 161 34930 10 1356379 47390 1.4 19 13 5 14 41% 21571 2241409 21320 13%
c - 582.62 398 288 34 162 34930 9 1369068 51514 1.5 20 13 5 14 40% 21571 2241409 21320 13%
c - 585.25 400 259 34 163 34930 8 1381796 53560 1.6 20 13 5 13 38% 21571 2241409 21320 13%
c o 586.43 400 245 34 163 34931 7 1388391 60017 1.7 21 12 5 13 38% 21571 2241409 21320 13%
c i 586.44 400 245 34 163 34931 7 1388392 60017 1.7 21 12 5 13 38% 21571 2241409 21314 13%
c i 586.46 400 245 34 163 34931 7 1388404 60024 1.7 21 12 5 13 38% 21575 2241409 21313 13%
c i 587.16 404 243 34 163 35093 7 1389650 61263 1.7 21 12 5 13 37% 21575 2241409 21310 13%
c b 587.51 404 241 34 163 35093 7 1390521 62093 1.7 21 12 5 13 37% 21664 2241184 21300 13%
c u 588.34 404 241 34 163 35093 7 1390521 61513 1.7 21 12 5 13 37% 21664 2241184 21300 13%
c v 589.04 408 241 34 163 35093 7 1390521 61464 1.7 21 12 5 13 37% 21664 2241184 21300 13%
c w 589.38 408 241 34 163 35093 7 1390521 61445 1.7 21 12 5 13 37% 21664 2241184 21300 13%
c x 589.94 414 241 34 163 35093 7 1390521 61445 1.7 21 12 5 13 37% 21666 2234547 21300 13%
c
c seconds      switched      rate           size/glue  tier1     binary            remaining
c          MB    reductions     conflicts         size   tier2        irredundant
c            level     restarts        redundant     glue    trail            variables
c
c t 590.19 414 241 34 163 35093 7 1390521 61445 1.7 21 12 5 13 37% 21661 2234547 21300 13%
c u 591.30 414 241 34 163 35093 7 1390521 60742 1.7 21 12 5 13 37% 21663 2234547 21300 13%
c v 592.00 414 241 34 163 35093 7 1390521 60668 1.7 21 12 5 13 37% 21663 2234547 21300 13%
c w 592.32 414 241 34 163 35093 7 1390521 60655 1.7 21 12 5 13 37% 21663 2234547 21300 13%
c x 592.94 416 241 34 163 35093 7 1390521 60655 1.7 21 12 5 13 37% 21663 2234525 21300 13%
c t 593.21 416 241 34 163 35093 7 1390521 60655 1.7 21 12 5 13 37% 21662 2234525 21300 13%
c } 593.43 416 241 35 163 35093 7 1390839 60962 1.7 21 12 5 13 37% 21664 2234525 21300 13%
c [ 593.43 416 109 35 163 35093 1 1390839 60962 1.3 90 71 16 80 43% 21664 2234525 21300 13%
c - 593.79 416 107 35 164 35095 1 1394563 53564 1.3 88 69 16 80 42% 21598 2234525 21300 13%
c - 594.94 416 99 35 165 35103 1 1407370 53360 1.3 81 64 16 79 38% 21598 2234525 21300 13%
c - 595.94 418 91 35 166 35107 1 1420217 54672 1.3 76 59 16 78 35% 21598 2234525 21300 13%
c O 596.87 418 86 35 166 35113 1 1431041 64445 1.3 72 56 16 78 33% 21598 2234525 21300 13%
c - 597.08 418 85 35 167 35114 1 1433101 56461 1.3 71 55 16 77 33% 21598 2234525 21300 13%
c - 598.69 418 83 35 168 35121 1 1446024 57455 1.3 69 53 16 77 32% 21598 2234525 21300 13%
c ] 599.83 418 85 35 168 35122 1 1452589 63800 1.3 71 54 16 77 33% 21598 2234525 21300 13%
c ? 599.84 418 241 35 168 35122 7 1452589 63800 1.7 21 12 5 13 37% 21598 2234525 21300 13%
c
c ---- [ result ] ------------------------------------------------------------
c
s UNKNOWN
c
c ---- [ profiling ] ---------------------------------------------------------
c
c         424.71   70.81 %  search
c         229.80   38.31 %  focused
c         194.92   32.50 %  stable
c         170.40   28.41 %  simplify
c         121.12   20.19 %  probe
c          76.28   12.72 %  vivify
c          43.35    7.23 %  eliminate
c          22.76    3.79 %  subsume
c          21.40    3.57 %  substitute
c          12.31    2.05 %  sweep
c           7.49    1.25 %  walking
c           6.79    1.13 %  factor
c           5.11    0.85 %  reduce
c           2.88    0.48 %  parse
c           2.49    0.42 %  congruence
c           1.57    0.26 %  preprocess
c           1.23    0.21 %  transitive
c           0.61    0.10 %  backbone
c           0.27    0.05 %  lucky
c =============================================
c         599.84  100.00 %  total
c
c ---- [ statistics ] --------------------------------------------------------
c
c chronological:                         2620                0 %  conflicts
c conflicts:                          1452589             2421.64 per second
c decisions:                          6847369                4.71 per conflict
c eliminated:                          142743               86 %  variables
c factored:                              1155                1 %  variables
c iterations:                              61                0 %  variables
c propagations:                    1209739184          2016777    per second
c reductions:                             168             8646    interval
c reordered:                               16            90787    interval
c rephased:                                30            48420    interval
c restarts:                             35122               41    interval
c strengthened:                             6                0 %  checks
c subsumed:                             35639                0 %  checks
c switched:                                35            41503    interval
c vivified:                            153591               37 %  checks
c walks:                                   10           145259    interval
c
c ---- [ glue usage ] --------------------------------------------------------
c
c focused glue 5    used 106908 clauses  9.86% accumulated 52.33% tier1
c focused glue 6    used  89751 clauses  8.28% accumulated 60.60%
c focused glue 7-11 used 268897 clauses 24.79% accumulated 85.39%
c focused glue 12   used  30078 clauses  2.77% accumulated 88.17%
c focused glue 13   used  23800 clauses  2.19% accumulated 90.36% tier2
c
c stable glue 16    used  135628 clauses  2.54% accumulated 51.94% tier1
c stable glue 17    used  129909 clauses  2.43% accumulated 54.37%
c stable glue 18-75 used 1892830 clauses 35.41% accumulated 89.79%
c stable glue 76    used    9933 clauses  0.19% accumulated 89.97%
c stable glue 77    used   10159 clauses  0.19% accumulated 90.16% tier2
c
c ---- [ resources ] ---------------------------------------------------------
c
c maximum-resident-set-size:        747466752 bytes        713 MB
c process-time:                            10m             599.84 seconds
c
c ---- [ shutting down ] -----------------------------------------------------
c
c exit 0
