c ---- [ banner ] ------------------------------------------------------------
c
c Kissat SAT Solver
c 
c Copyright (c) 2021-2024 Armin Biere University of Freiburg
c Copyright (c) 2019-2021 Armin Biere Johannes Kepler University Linz
c 
c Version 4.0.4 8af8e56f174b778aef3aa45af9f739b2a5f492c2
c gcc (Debian 12.2.0-14+deb12u1) 12.2.0 -W -Wall -O3 -DNDEBUG
c Sun Sep 13 05:36:52 UTC 2026 Linux discovery-workbench 6.1.0-52-cloud-amd64 x86_64
c
c ---- [ parsing ] -----------------------------------------------------------
c
c opened and reading DIMACS file:
c
c   degree22_paired220_e111.cnf
c
c parsed 'p cnf 165638 2516008' header
c closing input after reading 105854951 bytes (101 MB)
c finished parsing after 2.37 seconds
c
c ---- [ options ] -----------------------------------------------------------
c
c --seed=111                       (different from default '0')
c
c ---- [ solving ] -----------------------------------------------------------
c
c seconds  switched rate     size/glue tier1   binary             remaining
c         MB reductions conflicts size  tier2       irredundant
c          level restarts redundant glue  trail             variables
c
c *  2.37 218 0 0 0  0 0   0   0 0.0 0 0 0 0 0% 166061 2349947 165638 100%
c (  2.62 245 0 0 0  0 0   0   0 0.0 0 0 0 0 0% 166061 2349947 165638 100%
c .  2.62 245 0 0 0  0 0   0   0 0.0 0 0 0 0 0% 166061 2349947 165638 100%
c )  4.22 330 0 0 0  0 0   0   0 0.0 0 0 0 0 0% 166061 2349947 165638 100%
c {  4.30 332 0 0 0  0 0   0   0 0.0 0 0 2 6 0% 166061 2349947 165638 100%
c -  5.86 268 6787 0 1 104 137 1001 655 1.4 18 13 5 20 67% 166061 2349947 165638 100%
c }  5.86 268 6787 1 1 104 137 1001 655 1.4 18 13 5 20 67% 166061 2349947 165638 100%
c [  5.86 268 0 1 1 104 0 1001 655 0.0 0 0 2 6 0% 166061 2349947 165638 100%
c B  5.87 268 0 1 1 104 0 1001 655 0.0 0 0 2 6 0% 166061 2349947 165638 100%
c -  6.22 270 41715 1 2 104 48 2001 1412 1.6 30 19 11 28 70% 166061 2349947 165638 100%
c W  7.12 351 41715 1 2 104 48 2004 1414 1.6 30 19 11 28 70% 166061 2349947 165638 100%
c u  8.92 259 17362 1 2 106 29 3383 2674 1.3 56 45 11 30 64% 166061 2349947 165638 100%
c v  9.17 259 17362 1 2 106 29 3383 2645 1.3 56 45 11 30 64% 166061 2349947 165638 100%
c w  9.44 259 17362 1 2 106 29 3383 2645 1.3 56 45 11 30 64% 166061 2349947 165638 100%
c x  9.93 265 17362 1 2 106 29 3383 2645 1.3 56 45 11 30 64% 166063 2349945 165638 100%
c - 10.39 267 17123 1 3 106 28 3415 2302 1.3 56 45 15 93 63% 166063 2349945 165638 100%
c ] 10.46 267 16567 2 3 106 27 3493 2379 1.3 56 45 15 93 63% 166063 2349945 165638 100%
c { 10.46 267 6787 2 3 106 137 3493 2379 1.4 18 13 5 20 67% 166063 2349945 165638 100%
c i 10.48 267 6727 2 3 106 136 3502 2386 1.4 18 13 5 20 67% 166064 2349945 165579 100%
c i 11.37 271 4375 2 3 166 91 4045 2928 1.4 19 14 5 20 54% 166064 2349945 164943 100%
c
c seconds     switched   rate       size/glue  tier1      binary             remaining
c         MB   reductions conflicts       size   tier2         irredundant
c           level  restarts    redundant     glue    trail             variables
c
c i 11.52 271 3834 2 3 166 80 4276 3142 1.4 17 12 5 20 52% 166067 2349945 164692 99%
c i 11.54 271 3832 2 3 166 80 4277 3142 1.4 17 12 5 20 52% 166067 2349945 164517 99%
c } 11.78 273 3423 3 3 173 72 4493 3352 1.4 17 13 6 18 49% 166067 2349945 164517 99%
c [ 11.78 273 16567 3 3 173 27 4493 3352 1.3 56 45 15 93 63% 166067 2349945 164517 99%
c I 11.78 273 16567 3 3 173 27 4493 3352 1.3 56 45 15 93 63% 166067 2349945 164517 99%
c - 12.54 273 13017 3 4 173 22 5148 3278 1.3 60 47 15 86 62% 164412 2349945 164517 99%
c ] 13.62 275 8578 4 4 175 15 6722 4743 1.2 66 53 15 86 60% 164412 2349945 164517 99%
c { 13.62 275 3423 4 4 175 72 6722 4743 1.4 17 13 6 18 49% 164412 2349945 164517 99%
c i 14.94 277 3166 4 4 239 70 6888 4908 1.4 18 13 6 18 49% 164412 2349945 164295 99%
c - 16.84 277 2833 4 5 347 67 7149 4162 1.3 20 15 7 21 49% 163968 2349945 164295 99%
c } 18.37 279 1967 5 5 404 41 9074 5979 1.5 17 12 7 19 57% 163971 2349945 164295 99%
c [ 18.37 279 8578 5 5 404 15 9074 5979 1.2 66 53 15 86 60% 163971 2349945 164295 99%
c B 18.37 279 8578 5 5 404 15 9074 5979 1.2 66 53 15 86 60% 163971 2349945 164295 99%
c - 18.80 279 8033 5 6 404 14 9386 5101 1.2 67 54 17 88 59% 163971 2349945 164295 99%
c o 19.60 279 7015 5 6 405 12 10099 5779 1.2 68 56 17 88 57% 163971 2349945 164295 99%
c u 21.61 267 6635 5 6 405 12 10420 5948 1.2 68 56 17 88 57% 164774 2348607 164295 99%
c v 22.04 267 6635 5 6 405 12 10420 5858 1.2 68 56 17 88 57% 164774 2348607 164295 99%
c w 22.34 267 6635 5 6 405 12 10420 5857 1.2 68 56 17 88 57% 164774 2348607 164295 99%
c t 24.40 356 6635 5 6 405 12 10420 5857 1.2 68 56 17 88 57% 164747 2348607 164295 99%
c - 25.29 256 5354 5 7 406 10 11835 5524 1.2 71 58 19 93 57% 164747 2348607 164295 99%
c
c seconds     switched  rate        size/glue  tier1       binary             remaining
c         MB   reductions conflicts       size    tier2         irredundant
c           level  restarts    redundant     glue     trail             variables
c
c - 26.78 256 3925 5 8 408 7 14480 6404 1.2 74 61 20 95 57% 164747 2348607 164295 99%
c W 28.59 349 3875 5 8 408 7 14607 6521 1.2 74 61 20 95 57% 164747 2348607 164295 99%
c ] 29.00 231 3737 6 8 408 7 14976 6883 1.2 73 60 20 95 57% 164747 2348607 164295 99%
c { 29.00 231 1967 6 8 408 41 14976 6883 1.5 17 12 7 19 57% 164747 2348607 164295 99%
c i 31.21 245 1727 6 8 690 39 15581 7482 1.4 17 12 7 19 53% 164752 2348607 164142 99%
c i 31.31 245 1540 6 8 691 35 16188 7993 1.4 16 11 7 19 48% 164775 2348607 163839 99%
c i 31.39 246 1518 6 8 692 34 16272 8072 1.4 16 11 7 19 48% 164777 2348607 163786 99%
c i 31.44 246 1472 6 8 692 33 16451 8227 1.4 16 11 7 19 47% 164783 2348607 163397 99%
c s 33.07 265 1364 6 8 900 33 16914 8684 1.4 16 12 7 19 45% 164785 2331934 163397 99%
c e 38.35 618 1364 6 8 900 33 16914 8684 1.4 16 12 7 19 45% 41322 2287199 41053 25%
c s 38.88 632 1364 6 8 900 33 16914 8684 1.4 16 12 7 19 45% 41322 2286403 41053 25%
c ^ 39.36 632 1364 6 8 900 33 16914 8684 1.4 16 12 7 19 45% 41322 2286403 41053 25%
c - 39.93 360 1283 6 9 1021 32 17308 5286 1.4 16 12 5 14 43% 40543 2286287 41053 25%
c i 40.11 360 1159 6 9 1096 29 18026 5947 1.4 16 11 5 14 40% 40550 2286287 41047 25%
c i 40.24 362 1111 6 9 1137 28 18342 6245 1.4 16 11 5 14 38% 40556 2286287 40943 25%
c i 40.24 362 1111 6 9 1137 28 18345 6245 1.4 16 11 5 14 38% 40558 2286287 40935 25%
c i 40.47 364 1042 6 9 1286 28 18861 6752 1.4 16 12 5 14 37% 40558 2286287 40891 25%
c i 40.47 364 1042 6 9 1286 28 18862 6752 1.4 16 12 5 14 37% 40558 2286287 40866 25%
c } 40.50 364 1020 7 9 1289 27 19045 6916 1.4 16 11 5 14 36% 40566 2286286 40866 25%
c [ 40.50 364 3737 7 9 1289 7 19045 6916 1.2 73 60 20 95 57% 40566 2286286 40866 25%
c
c seconds     switched    rate        size/glue  tier1      binary            remaining
c         MB    reductions  conflicts       size    tier2        irredundant
c           level    restarts    redundant     glue     trail            variables
c
c - 40.58 364 3330 7 10 1290 6 20308 6045 1.2 68 56 17 90 52% 40162 2286286 40866 25%
c o 40.84 366 3115 7 10 1291 6 21116 6826 1.2 69 56 17 89 52% 40162 2286286 40866 25%
c u 41.52 368 3058 7 10 1291 6 21346 6726 1.2 68 56 17 89 52% 40397 2285878 40784 25%
c v 41.79 370 3058 7 10 1291 6 21346 6460 1.2 68 56 17 89 52% 40397 2285878 40784 25%
c w 41.97 370 3058 7 10 1291 6 21346 6460 1.2 68 56 17 89 52% 40397 2285878 40784 25%
c x 42.27 372 3058 7 10 1291 6 21346 6460 1.2 68 56 17 89 52% 40556 2285637 40784 25%
c t 42.61 372 3058 7 10 1291 6 21346 6459 1.2 68 56 17 89 52% 40546 2285637 40784 25%
c f 42.80 300 3058 7 10 1291 6 21346 6459 1.2 68 56 17 89 52% 41292 2249827 41392 25%
c u 43.40 366 3058 7 10 1291 6 21346 6363 1.2 68 56 17 89 52% 41296 2249827 41392 25%
c v 43.86 366 3058 7 10 1291 6 21346 5912 1.2 68 56 17 89 52% 41296 2249827 41392 25%
c w 44.06 366 3058 7 10 1291 6 21346 5911 1.2 68 56 17 89 52% 41296 2249827 41392 25%
c i 44.66 366 3058 7 10 1291 6 21346 5911 1.2 68 56 17 89 52% 41296 2249827 41392 25%
c O 44.89 366 2876 7 10 1291 6 22135 6685 1.2 68 56 17 89 51% 41296 2249827 41392 25%
c - 45.13 368 2609 7 11 1292 5 23470 6134 1.2 68 54 17 86 50% 41131 2249827 41392 25%
c - 45.70 368 2117 7 12 1294 5 26787 7550 1.3 70 52 16 76 50% 41131 2249827 41392 25%
c - 46.45 368 1787 7 13 1295 4 30252 7920 1.3 75 56 17 79 56% 41131 2249827 41392 25%
c B 46.80 368 1666 7 13 1296 4 31896 9481 1.3 76 58 17 79 58% 41131 2249827 41392 25%
c s 47.12 368 1547 7 13 1298 4 33618 11091 1.3 77 59 17 79 55% 41131 2249813 41392 25%
c e 47.90 456 1547 7 13 1298 4 33618 11091 1.3 77 59 17 79 55% 40440 2251155 40712 25%
c s 48.21 456 1547 7 13 1298 4 33618 11091 1.3 77 59 17 79 55% 40440 2251153 40712 25%
c
c seconds     switched    rate         size/glue  tier1      binary            remaining
c         MB    reductions  conflicts        size    tier2        irredundant
c           level    restarts     redundant     glue     trail            variables
c
c ^ 48.50 456 1547 7 13 1298 4 33618 11091 1.3 77 59 17 79 55% 40440 2251153 40712 25%
c - 48.68 358 1532 7 14 1298 4 33857 6729 1.3 77 60 18 84 55% 40440 2251153 40712 25%
c u 49.47 366 1399 7 14 1299 3 36176 8747 1.3 79 62 18 84 53% 40440 2251153 40712 25%
c v 49.70 366 1399 7 14 1299 3 36176 8611 1.3 79 62 18 84 53% 40440 2251153 40712 25%
c w 49.90 366 1399 7 14 1299 3 36176 8575 1.3 79 62 18 84 53% 40440 2251153 40712 25%
c f 50.96 296 1399 7 14 1299 3 36176 8575 1.3 79 62 18 84 53% 40494 2250903 40763 25%
c u 51.55 366 1399 7 14 1299 3 36176 8564 1.3 79 62 18 84 53% 40494 2250903 40763 25%
c v 51.76 366 1399 7 14 1299 3 36176 8480 1.3 79 62 18 84 53% 40494 2250903 40763 25%
c w 51.92 366 1399 7 14 1299 3 36176 8455 1.3 79 62 18 84 53% 40494 2250903 40763 25%
c - 52.54 366 1328 7 15 1301 3 37598 6418 1.3 79 63 19 88 51% 40494 2250903 40763 25%
c ] 53.20 368 1210 8 15 1302 3 40545 9245 1.2 81 65 19 88 53% 40494 2250903 40763 25%
c { 53.20 368 1020 8 15 1302 27 40545 9245 1.4 16 11 5 14 36% 40494 2250903 40763 25%
c o 53.89 372 959 8 15 1455 28 41119 9818 1.4 17 12 5 14 36% 40494 2250903 40763 25%
c - 54.54 384 928 8 16 1551 29 41472 6979 1.3 17 13 4 15 36% 40494 2250903 40763 25%
c - 60.38 392 680 8 17 2643 32 45472 8655 1.3 22 17 5 20 36% 40494 2250903 40763 25%
c } 61.96 398 661 9 17 2866 32 46705 9839 1.3 22 17 5 20 38% 40495 2250903 40763 25%
c [ 61.96 398 1210 9 17 2866 3 46705 9839 1.2 81 65 19 88 53% 40495 2250903 40763 25%
c W 62.68 428 1210 9 17 2866 3 46705 9839 1.2 81 65 19 88 53% 40495 2250903 40763 25%
c - 63.33 340 1105 9 18 2868 3 49595 9520 1.2 82 66 19 90 52% 40495 2250903 40763 25%
c - 64.02 340 978 9 19 2871 3 53837 9129 1.2 83 67 19 90 51% 40495 2250903 40763 25%
c
c seconds    switched    rate         size/glue  tier1      binary            remaining
c         MB   reductions  conflicts        size    tier2        irredundant
c           level   restarts     redundant     glue     trail            variables
c
c b 64.56 340 942 9 19 2872 3 55271 10511 1.2 83 67 19 90 50% 40495 2250903 40762 25%
c u 64.95 346 942 9 19 2872 3 55271 10382 1.2 83 67 19 90 50% 40496 2250903 40762 25%
c v 65.71 346 942 9 19 2872 3 55271 9710 1.2 83 67 19 90 50% 40496 2250903 40762 25%
c w 66.00 350 942 9 19 2872 3 55271 9710 1.2 83 67 19 90 50% 40496 2250903 40762 25%
c u 67.01 350 942 9 19 2872 3 55271 9666 1.2 83 67 19 90 50% 40497 2250902 40762 25%
c v 67.87 350 942 9 19 2872 3 55271 9114 1.2 83 67 19 90 50% 40497 2250902 40762 25%
c w 68.19 350 942 9 19 2872 3 55271 9114 1.2 83 67 19 90 50% 40497 2250902 40762 25%
c - 68.97 350 874 9 20 2872 3 58195 8335 1.2 84 67 19 91 49% 40493 2250902 40762 25%
c I 69.70 350 807 9 20 2875 2 61609 11565 1.2 84 68 19 91 49% 40493 2250902 40762 25%
c - 69.92 350 787 9 21 2875 2 62667 9037 1.2 84 68 19 91 49% 40493 2250902 40762 25%
c - 70.77 350 711 9 22 2879 2 67251 9954 1.2 83 67 19 90 48% 40493 2250902 40762 25%
c s 71.77 368 676 9 22 2879 2 69743 12309 1.2 83 67 19 90 47% 40493 2250376 40762 25%
c e 72.50 444 676 9 22 2879 2 69743 12309 1.2 83 67 19 90 47% 40409 2250467 40690 25%
c s 72.98 444 676 9 22 2879 2 69743 12309 1.2 83 67 19 90 47% 40409 2244602 40690 25%
c ^ 73.43 444 676 9 22 2879 2 69743 12309 1.2 83 67 19 90 47% 40409 2244602 40690 25%
c - 73.95 351 647 9 23 2880 2 71942 9655 1.2 83 67 18 89 47% 40409 2244602 40690 25%
c - 74.93 351 592 9 24 2880 2 76740 10172 1.2 84 67 18 87 47% 40409 2244602 40690 25%
c u 76.18 364 571 9 24 2880 2 78766 12064 1.2 84 67 18 87 47% 40409 2244602 40690 25%
c v 76.55 366 571 9 24 2880 2 78766 11914 1.2 84 67 18 87 47% 40409 2244602 40690 25%
c w 76.77 372 571 9 24 2880 2 78766 11913 1.2 84 67 18 87 47% 40409 2244602 40690 25%
c
c seconds    switched    rate         size/glue  tier1      binary            remaining
c         MB   reductions  conflicts        size    tier2        irredundant
c           level   restarts     redundant     glue     trail            variables
c
c f 78.09 295 571 9 24 2880 2 78766 11913 1.2 84 67 18 87 47% 40410 2244596 40691 25%
c u 78.72 364 571 9 24 2880 2 78766 11909 1.2 84 67 18 87 47% 40410 2244596 40691 25%
c v 78.99 366 571 9 24 2880 2 78766 11789 1.2 84 67 18 87 47% 40410 2244596 40691 25%
c w 79.19 372 571 9 24 2880 2 78766 11788 1.2 84 67 18 87 47% 40410 2244596 40691 25%
c o 79.83 374 571 9 24 2880 2 78766 11788 1.2 84 67 18 87 47% 40410 2244596 40691 25%
c B 79.92 374 565 9 24 2880 2 79411 12424 1.3 84 67 18 87 46% 40410 2244596 40691 25%
c - 80.34 374 545 9 25 2883 2 81638 10550 1.3 84 67 18 87 46% 40410 2244596 40691 25%
c ] 80.45 374 539 10 25 2883 2 82310 11211 1.3 84 67 18 87 46% 40410 2244596 40691 25%
c { 80.45 374 661 10 25 2883 32 82310 11211 1.3 22 17 5 20 38% 40410 2244596 40691 25%
c - 82.96 390 661 10 26 3273 28 86638 11703 1.3 21 16 6 18 45% 40412 2244596 40691 25%
c } 83.20 392 733 11 26 3274 23 90937 15629 1.3 20 15 6 18 52% 40412 2244596 40691 25%
c [ 83.20 392 539 11 26 3274 2 90937 15629 1.3 84 67 18 87 46% 40412 2244596 40691 25%
c - 83.27 392 547 11 27 3274 2 91739 12598 1.3 83 66 18 87 47% 40412 2244596 40691 25%
c - 83.86 392 507 11 28 3278 2 96937 13641 1.3 82 64 18 85 46% 40412 2244596 40691 25%
c W 85.02 428 481 11 28 3280 2 100322 16858 1.3 82 64 18 85 46% 40412 2244596 40691 25%
c - 85.39 333 468 11 29 3280 2 102228 14518 1.3 82 64 19 85 46% 40412 2244596 40691 25%
c ] 86.13 336 439 12 29 3283 2 106761 18924 1.3 82 63 19 85 46% 40412 2244596 40691 25%
c { 86.13 336 733 12 29 3283 23 106761 18924 1.3 20 15 6 18 52% 40412 2244596 40691 25%
c u 87.06 354 732 12 29 3298 23 106813 18828 1.3 20 15 6 18 52% 40412 2244596 40691 25%
c v 87.46 354 732 12 29 3298 23 106813 18612 1.3 20 15 6 18 52% 40412 2244596 40691 25%
c
c seconds     switched     rate          size/glue  tier1     binary            remaining
c         MB    reductions   conflicts         size   tier2        irredundant
c           level    restarts       redundant     glue    trail            variables
c
c w 87.76 360 732 12 29 3298 23 106813 18612 1.3 20 15 6 18 52% 40412 2244596 40691 25%
c - 89.90 364 712 12 30 3499 23 107613 14858 1.3 20 15 6 16 51% 40413 2244596 40691 25%
c - 90.37 368 732 12 31 3500 19 113090 15369 1.3 19 14 5 15 55% 40415 2244596 40691 25%
c } 90.69 368 721 13 31 3501 16 118242 19978 1.4 17 13 5 15 57% 40420 2244596 40691 25%
c [ 90.69 368 439 13 31 3501 2 118242 19978 1.3 82 63 19 85 46% 40420 2244596 40691 25%
c - 90.88 370 442 13 32 3501 2 118657 15719 1.3 82 63 18 84 47% 40420 2244596 40691 25%
c o 91.17 370 447 13 32 3502 2 119267 16310 1.3 82 63 18 84 47% 40420 2244596 40691 25%
c - 92.47 370 420 13 33 3505 2 124314 16794 1.3 81 62 18 84 46% 40420 2244596 40691 25%
c O 92.54 370 418 13 33 3506 2 124547 17023 1.3 81 62 18 84 46% 40420 2244596 40691 25%
c ] 93.16 370 404 14 33 3507 2 127712 19908 1.3 80 61 18 84 47% 40420 2244596 40691 25%
c { 93.16 370 721 14 33 3507 16 127712 19908 1.4 17 13 5 15 57% 40420 2244596 40691 25%
c e 95.69 456 717 14 33 3556 16 127902 20097 1.4 17 13 5 15 56% 23104 2313844 23380 14%
c s 96.40 458 717 14 33 3556 16 127902 20097 1.4 17 13 5 15 56% 23104 2313816 23380 14%
c ^ 96.82 458 717 14 33 3556 16 127902 20097 1.4 17 13 5 15 56% 23104 2313816 23380 14%
c - 101.98 396 676 14 34 4156 18 130058 11004 1.3 18 14 5 14 55% 23104 2313816 23380 14%
c - 113.48 410 588 14 35 5668 21 135888 14311 1.3 20 15 5 15 52% 23104 2313816 23380 14%
c u 118.35 416 554 14 35 6022 21 139591 17136 1.3 20 15 5 15 51% 23108 2313816 23380 14%
c v 119.56 416 554 14 35 6022 21 139591 16429 1.3 20 15 5 15 51% 23108 2313816 23380 14%
c w 120.12 416 554 14 35 6022 21 139591 16425 1.3 20 15 5 15 51% 23108 2313816 23380 14%
c t 120.54 416 554 14 35 6022 21 139591 16425 1.3 20 15 5 15 51% 23104 2313816 23380 14%
c
c seconds      switched     rate          size/glue  tier1     binary            remaining
c          MB    reductions   conflicts         size   tier2        irredundant
c            level    restarts       redundant     glue    trail            variables
c
c f 120.84 294 554 14 35 6022 21 139591 16425 1.3 20 15 5 15 51% 23675 2299354 23736 14%
c u 122.15 364 554 14 35 6022 21 139591 16293 1.3 20 15 5 15 51% 23675 2299354 23736 14%
c v 123.53 364 554 14 35 6022 21 139591 15509 1.3 20 15 5 15 51% 23675 2299354 23736 14%
c w 124.03 366 554 14 35 6022 21 139591 15499 1.3 20 15 5 15 51% 23675 2299354 23736 14%
c - 127.48 380 529 14 36 6434 21 141804 13925 1.3 21 16 5 15 49% 23675 2299354 23736 14%
c } 127.49 380 521 15 36 6434 21 142427 14489 1.3 21 16 5 15 49% 23676 2299354 23736 14%
c [ 127.49 380 404 15 36 6434 2 142427 14489 1.3 80 61 18 84 47% 23676 2299354 23736 14%
c - 128.62 382 386 15 37 6438 2 147804 14515 1.3 78 60 18 82 48% 23676 2299354 23736 14%
c B 129.52 382 377 15 37 6440 2 152289 18923 1.3 79 61 18 82 51% 23676 2299354 23736 14%
c - 129.94 382 374 15 38 6440 2 153886 14280 1.3 79 61 18 83 51% 23676 2299354 23736 14%
c - 131.75 382 353 15 39 6445 2 160051 13676 1.3 79 62 18 84 51% 23676 2299354 23736 14%
c - 133.56 382 332 15 40 6447 2 166299 13146 1.3 80 63 19 84 50% 23676 2299354 23736 14%
c - 135.34 382 313 15 41 6448 2 172624 13279 1.3 81 64 19 85 49% 23676 2299354 23736 14%
c u 138.09 366 300 15 41 6450 2 177298 17503 1.3 81 64 19 85 49% 23676 2299354 23736 14%
c v 138.79 368 300 15 41 6450 2 177298 17241 1.3 81 64 19 85 49% 23676 2299354 23736 14%
c w 139.23 376 300 15 41 6450 2 177298 17238 1.3 81 64 19 85 49% 23676 2299354 23736 14%
c o 141.70 456 300 15 41 6450 2 177298 17238 1.3 81 64 19 85 49% 23676 2299354 23736 14%
c - 142.16 357 296 15 42 6451 2 179027 13588 1.3 81 64 19 84 49% 23676 2299354 23736 14%
c W 144.35 429 285 15 42 6455 2 183740 18176 1.3 81 64 19 84 49% 23676 2299354 23736 14%
c - 144.87 332 281 15 43 6455 2 185507 14601 1.3 81 64 19 84 49% 23676 2299354 23736 14%
c
c seconds      switched    rate          size/glue  tier1      binary            remaining
c          MB    reductions  conflicts         size    tier2        irredundant
c            level    restarts      redundant     glue     trail            variables
c
c - 146.84 332 267 15 44 6459 2 192064 14427 1.3 82 64 18 85 48% 23676 2299354 23736 14%
c - 148.90 332 255 15 45 6462 1 198698 13717 1.3 83 65 18 85 48% 23676 2299354 23736 14%
c - 150.90 332 243 15 46 6463 1 205406 13451 1.3 84 66 18 85 47% 23676 2299354 23736 14%
c s 153.56 353 235 15 46 6464 1 210844 18664 1.3 84 67 18 85 47% 23676 2295645 23736 14%
c e 154.68 446 235 15 46 6464 1 210844 18664 1.3 84 67 18 85 47% 22478 2304519 22543 14%
c s 155.71 446 235 15 46 6464 1 210844 18664 1.3 84 67 18 85 47% 22478 2304499 22543 14%
c ^ 155.97 446 235 15 46 6464 1 210844 18664 1.3 84 67 18 85 47% 22478 2304499 22543 14%
c - 156.38 353 233 15 47 6464 1 212188 12952 1.3 84 67 18 85 47% 22478 2304499 22543 14%
c - 157.55 353 223 15 48 6464 1 219044 13368 1.3 85 67 18 85 46% 22478 2304499 22543 14%
c I 157.56 353 223 15 48 6464 1 219092 13414 1.3 85 67 18 85 46% 22478 2304499 22543 14%
c ] 157.64 353 222 16 48 6464 1 219605 13913 1.3 85 67 18 85 46% 22478 2304499 22543 14%
c { 157.64 353 521 16 48 6464 21 219605 13913 1.3 21 16 5 15 49% 22478 2304499 22543 14%
c u 158.45 370 517 16 48 6515 21 219986 14180 1.3 21 16 5 15 49% 22479 2304499 22543 14%
c v 158.83 370 517 16 48 6515 21 219986 13790 1.3 21 16 5 15 49% 22479 2304499 22543 14%
c w 159.09 374 517 16 48 6515 21 219986 13775 1.3 21 16 5 15 49% 22479 2304499 22543 14%
c f 159.88 293 517 16 48 6515 21 219986 13775 1.3 21 16 5 15 49% 22522 2303682 22584 14%
c u 160.71 366 517 16 48 6515 21 219986 13699 1.3 21 16 5 15 49% 22522 2303682 22584 14%
c v 161.15 366 517 16 48 6515 21 219986 13106 1.3 21 16 5 15 49% 22522 2303682 22584 14%
c w 161.42 370 517 16 48 6515 21 219986 13098 1.3 21 16 5 15 49% 22522 2303682 22584 14%
c - 162.29 378 476 16 49 6571 18 225972 14351 1.3 20 15 5 14 47% 22532 2303682 22584 14%
c
c seconds      switched     rate          size/glue  tier1     binary            remaining
c          MB    reductions   conflicts         size   tier2        irredundant
c            level    restarts       redundant     glue    trail            variables
c
c - 162.80 380 433 16 50 6571 16 232972 16593 1.4 19 14 5 14 44% 22532 2303682 22584 14%
c o 163.35 384 422 16 50 6574 15 237334 20560 1.4 19 13 5 14 43% 22532 2303682 22584 14%
c } 164.15 388 419 17 50 6736 15 237942 21166 1.4 19 14 5 14 43% 22532 2303682 22584 14%
c [ 164.15 388 222 17 50 6736 1 237942 21166 1.3 85 67 18 85 46% 22532 2303682 22584 14%
c - 164.52 388 219 17 51 6738 1 240044 18837 1.3 84 67 18 85 46% 22532 2303682 22584 14%
c - 166.04 388 211 17 52 6742 1 247186 19243 1.3 85 67 18 85 46% 22532 2303682 22584 14%
c ] 167.19 390 205 18 52 6745 1 254048 25806 1.3 84 66 18 85 46% 22534 2303682 22584 14%
c { 167.19 390 419 18 52 6745 15 254048 25806 1.4 19 14 5 14 43% 22534 2303682 22584 14%
c - 167.30 390 416 18 53 6749 15 254397 19580 1.4 19 13 5 13 43% 22548 2303682 22584 14%
c i 167.30 390 416 18 53 6749 15 254445 19626 1.4 19 13 5 13 43% 22548 2303682 22557 14%
c i 167.30 390 416 18 53 6749 15 254448 19626 1.4 19 13 5 13 43% 22550 2303682 22556 14%
c i 167.31 390 416 18 53 6749 15 254452 19627 1.4 19 13 5 13 43% 22552 2303682 22540 14%
c i 167.43 392 412 18 53 6894 15 254959 20131 1.4 19 14 5 13 43% 22552 2303682 22532 14%
c i 167.45 392 412 18 53 6894 15 254970 20138 1.4 19 14 5 13 43% 22555 2303682 22528 14%
c i 167.46 392 412 18 53 6894 15 255008 20172 1.4 19 13 5 13 43% 22558 2303682 22505 14%
c i 167.47 392 412 18 53 6894 15 255013 20173 1.4 19 13 5 13 43% 22559 2303682 22501 14%
c i 167.73 392 406 18 53 7142 15 255867 21021 1.4 19 14 5 13 42% 22560 2303682 22500 14%
c i 167.80 392 401 18 53 7142 15 256438 21524 1.4 18 13 5 13 42% 22585 2303682 22498 14%
c i 167.80 392 401 18 53 7142 15 256439 21524 1.4 18 13 5 13 42% 22585 2303682 22471 14%
c i 167.80 392 401 18 53 7142 15 256492 21561 1.4 18 13 5 13 42% 22593 2303682 22465 14%
c
c seconds      switched     rate          size/glue  tier1     binary            remaining
c          MB    reductions   conflicts         size   tier2        irredundant
c            level    restarts       redundant     glue    trail            variables
c
c - 168.15 394 379 18 54 7218 14 261677 21333 1.4 18 13 5 13 41% 22418 2303682 22465 14%
c b 168.82 394 353 18 54 7230 12 267789 26896 1.4 17 12 5 13 40% 22488 2302934 22458 14%
c u 169.19 394 353 18 54 7230 12 267789 26606 1.4 17 12 5 13 40% 22501 2302934 22458 14%
c v 169.57 394 353 18 54 7230 12 267789 26389 1.4 17 12 5 13 40% 22501 2302934 22458 14%
c w 169.82 394 353 18 54 7230 12 267789 26381 1.4 17 12 5 13 40% 22501 2302934 22458 14%
c t 170.07 394 353 18 54 7230 12 267789 26381 1.4 17 12 5 13 40% 22497 2302914 22458 14%
c u 171.07 394 353 18 54 7230 12 267789 26103 1.4 17 12 5 13 40% 22498 2302914 22458 14%
c v 171.40 394 353 18 54 7230 12 267789 25570 1.4 17 12 5 13 40% 22500 2302914 22458 14%
c w 171.75 394 353 18 54 7230 12 267789 25568 1.4 17 12 5 13 40% 22500 2302914 22458 14%
c t 172.01 394 353 18 54 7230 12 267789 25568 1.4 17 12 5 13 40% 22498 2302914 22458 14%
c - 172.29 394 345 18 55 7230 12 269026 21782 1.4 17 12 5 12 39% 22479 2302914 22458 14%
c i 172.33 394 339 18 55 7230 12 270036 22739 1.4 17 12 5 12 38% 22479 2302914 22453 14%
c i 172.35 394 339 18 55 7230 12 270045 22745 1.4 17 12 5 12 38% 22481 2302914 22440 14%
c i 172.35 394 339 18 55 7230 12 270049 22748 1.4 17 12 5 12 38% 22481 2302914 22437 14%
c } 172.65 394 308 19 55 7230 11 276393 28484 1.4 16 12 4 12 35% 22490 2302914 22435 14%
c [ 172.65 394 205 19 55 7230 1 276393 28484 1.3 84 66 18 85 46% 22490 2302914 22435 14%
c B 172.65 394 205 19 55 7230 1 276393 28484 1.3 84 66 18 85 46% 22490 2302914 22435 14%
c - 172.70 394 205 19 56 7230 1 276442 22874 1.3 84 66 18 85 46% 22433 2302914 22435 14%
c - 173.92 394 210 19 57 7235 1 283926 23344 1.3 85 67 18 86 49% 22433 2302914 22435 14%
c ] 175.02 396 215 20 57 7239 1 291336 30452 1.3 85 67 18 86 53% 22433 2302914 22435 14%
c
c seconds      switched     rate          size/glue  tier1     binary            remaining
c          MB    reductions   conflicts         size   tier2        irredundant
c            level    restarts       redundant     glue    trail            variables
c
c { 175.02 396 308 20 57 7239 11 291336 30452 1.4 16 12 4 12 35% 22433 2302914 22435 14%
c - 175.26 398 308 20 58 7248 11 291475 22948 1.4 16 12 4 12 35% 22437 2302913 22435 14%
c - 184.87 408 290 20 59 9180 14 299092 25574 1.4 18 13 4 12 35% 22442 2302913 22435 14%
c - 191.18 414 279 20 60 10554 15 306775 28419 1.4 19 14 4 13 35% 22444 2302913 22435 14%
c o 191.67 414 279 20 60 10617 15 307343 28964 1.4 19 14 4 13 35% 22444 2302913 22435 14%
c - 199.02 417 265 20 61 12011 17 314523 29674 1.4 20 15 4 13 35% 22445 2302913 22435 14%
c } 201.41 420 256 21 61 12457 17 318076 33021 1.3 20 15 4 13 35% 22453 2302913 22435 14%
c [ 201.41 420 215 21 61 12457 1 318076 33021 1.3 85 67 18 86 53% 22453 2302913 22435 14%
c W 202.42 433 212 21 61 12458 1 320105 34846 1.3 84 67 18 86 52% 22454 2302786 22435 14%
c s 203.69 353 212 21 61 12459 1 320551 35266 1.3 84 67 18 86 52% 22454 2299888 22435 14%
c e 204.45 446 212 21 61 12459 1 320551 35266 1.3 84 67 18 86 52% 21601 2310264 21647 13%
c s 206.08 446 212 21 61 12459 1 320551 35266 1.3 84 67 18 86 52% 21601 2310031 21647 13%
c e 206.46 446 212 21 61 12459 1 320551 35266 1.3 84 67 18 86 52% 21600 2310047 21646 13%
c ! 206.46 446 212 21 61 12459 1 320551 35266 1.3 84 67 18 86 52% 21600 2310047 21646 13%
c u 208.14 360 211 21 61 12459 1 320767 28487 1.3 84 67 18 86 52% 21809 2310030 21636 13%
c v 209.43 362 211 21 61 12459 1 320767 27446 1.3 84 67 18 86 52% 21822 2310030 21636 13%
c w 209.93 364 211 21 61 12459 1 320767 27399 1.3 84 67 18 86 52% 21822 2310030 21636 13%
c t 210.19 364 211 21 61 12459 1 320767 27391 1.3 84 67 18 86 52% 21696 2309994 21636 13%
c f 210.40 293 211 21 61 12459 1 320767 27391 1.3 84 67 18 86 52% 21760 2308997 21683 13%
c u 212.06 370 211 21 61 12459 1 320767 26268 1.3 84 67 18 86 52% 21789 2308997 21683 13%
c
c seconds      switched     rate          size/glue  tier1      binary            remaining
c          MB    reductions   conflicts         size    tier2        irredundant
c            level    restarts       redundant     glue     trail            variables
c
c v 213.20 370 211 21 61 12459 1 320767 25510 1.3 84 67 18 86 52% 21789 2308997 21683 13%
c w 213.73 372 211 21 61 12459 1 320767 25503 1.3 84 67 18 86 52% 21789 2308997 21683 13%
c t 215.61 462 211 21 61 12459 1 320767 25503 1.3 84 67 18 86 52% 21739 2308997 21671 13%
c i 215.80 462 211 21 61 12459 1 320767 25503 1.3 84 67 18 86 52% 21739 2308997 21671 13%
c - 216.09 357 210 21 62 12460 1 322333 21218 1.3 84 67 18 86 52% 21699 2308987 21671 13%
c - 217.35 357 201 21 63 12463 1 330212 20849 1.3 84 67 18 86 51% 21699 2308987 21671 13%
c - 218.77 357 194 21 64 12469 1 338150 20768 1.3 85 68 18 87 51% 21699 2308987 21671 13%
c - 220.31 357 187 21 65 12471 1 346150 20331 1.3 86 68 18 87 50% 21699 2308987 21671 13%
c - 221.77 357 180 21 66 12474 1 354212 20414 1.3 87 69 18 87 49% 21699 2308987 21671 13%
c - 223.29 357 174 21 67 12478 1 362336 21265 1.3 88 70 18 87 49% 21699 2308987 21671 13%
c O 224.40 357 170 21 67 12482 1 368266 26889 1.3 88 70 18 87 49% 21699 2308987 21671 13%
c - 224.87 357 168 21 68 12484 1 370523 22179 1.3 88 70 18 86 48% 21699 2308987 21671 13%
c - 226.11 374 197 21 69 12486 1 378769 24695 1.3 86 68 18 85 49% 21699 2308987 21671 13%
c u 226.81 374 200 21 69 12486 1 379077 24840 1.3 86 67 18 85 49% 21725 2308962 21671 13%
c v 227.27 374 200 21 69 12486 1 379077 24366 1.3 86 67 18 85 49% 21725 2308962 21671 13%
c w 227.56 378 200 21 69 12486 1 379077 24364 1.3 86 67 18 85 49% 21725 2308962 21671 13%
c x 227.96 378 200 21 69 12486 1 379077 24364 1.3 86 67 18 85 49% 21725 2307444 21671 13%
c t 228.22 378 200 21 69 12486 1 379077 24364 1.3 86 67 18 85 49% 21722 2307444 21671 13%
c - 229.33 382 191 21 70 12487 1 387075 25797 1.3 82 65 17 84 48% 21722 2307444 21671 13%
c - 231.25 382 191 21 71 12487 1 395442 27119 1.3 82 64 17 82 51% 21722 2307444 21671 13%
c
c seconds      switched     rate          size/glue  tier1      binary            remaining
c          MB    reductions   conflicts         size    tier2        irredundant
c            level    restarts       redundant     glue     trail            variables
c
c o 232.42 382 191 21 71 12488 1 400173 31645 1.3 83 64 17 82 53% 21722 2307444 21671 13%
c - 232.78 382 190 21 72 12490 1 403871 27590 1.3 82 63 17 81 53% 21722 2307444 21671 13%
c - 235.75 418 197 21 73 12494 1 412356 26568 1.3 84 64 17 82 55% 21722 2307444 21671 13%
c - 237.71 420 200 21 74 12501 1 420900 23958 1.3 86 65 17 82 55% 21722 2307444 21671 13%
c B 237.78 420 200 21 74 12501 1 421056 24114 1.3 86 65 17 82 55% 21722 2307444 21671 13%
c - 239.20 420 199 21 75 12502 1 429502 22329 1.3 89 67 18 83 55% 21722 2307444 21671 13%
c - 240.66 421 204 21 76 12507 1 438163 20649 1.3 96 72 18 85 55% 21722 2307444 21671 13%
c u 242.62 424 206 21 76 12509 1 442761 25026 1.3 97 73 18 85 55% 21726 2307444 21671 13%
c v 243.37 424 206 21 76 12509 1 442761 24734 1.3 97 73 18 85 55% 21727 2307444 21671 13%
c w 243.78 426 206 21 76 12509 1 442761 24733 1.3 97 73 18 85 55% 21727 2307444 21671 13%
c t 244.04 426 206 21 76 12509 1 442761 24733 1.3 97 73 18 85 55% 21724 2307444 21671 13%
c - 244.83 426 207 21 77 12511 1 446880 21016 1.3 98 73 18 86 55% 21724 2307444 21671 13%
c ] 245.11 426 208 22 77 12512 1 447855 21981 1.3 98 73 18 86 55% 21724 2307444 21671 13%
c { 245.11 426 256 22 77 12512 17 447855 21981 1.3 20 15 4 13 35% 21724 2307444 21671 13%
c i 245.62 428 253 22 77 12732 17 448931 23045 1.3 20 15 4 13 34% 21728 2307444 21662 13%
c i 245.63 428 253 22 77 12732 17 448932 23045 1.3 20 15 4 13 34% 21728 2307444 21659 13%
c i 245.63 428 253 22 77 12732 17 448933 23045 1.3 20 15 4 13 34% 21728 2307444 21656 13%
c i 245.63 428 253 22 77 12732 17 448934 23045 1.3 20 15 4 13 34% 21728 2307444 21654 13%
c i 245.63 428 253 22 77 12732 17 448935 23045 1.3 20 15 4 13 34% 21728 2307444 21652 13%
c i 245.63 428 253 22 77 12732 17 448936 23045 1.3 20 15 4 13 34% 21728 2307444 21650 13%
c
c seconds      switched      rate          size/glue  tier1     binary            remaining
c          MB    reductions    conflicts         size   tier2        irredundant
c            level    restarts        redundant     glue    trail            variables
c
c i 245.63 428 253 22 77 12732 17 448938 23045 1.3 20 15 4 13 34% 21729 2307444 21649 13%
c i 245.63 428 253 22 77 12732 17 448941 23045 1.3 20 15 4 13 34% 21731 2307444 21646 13%
c i 246.22 428 250 22 77 12920 17 450169 24219 1.3 20 15 4 13 34% 21737 2307444 21629 13%
c i 246.58 428 248 22 77 13062 17 450866 24909 1.3 20 15 4 13 34% 21743 2307444 21620 13%
c - 246.72 428 236 22 78 13062 16 455654 24067 1.4 20 14 4 13 32% 21597 2307444 21620 13%
c s 247.57 428 227 22 78 13062 15 459199 27452 1.4 20 14 4 13 31% 21599 2307243 21620 13%
c e 248.02 476 227 22 78 13062 15 459199 27452 1.4 20 14 4 13 31% 21565 2307517 21585 13%
c s 248.87 476 227 22 78 13062 15 459199 27452 1.4 20 14 4 13 31% 21565 2307404 21585 13%
c i 249.28 357 227 22 78 13062 15 459215 27172 1.4 20 14 4 13 31% 21570 2307404 21560 13%
c - 249.49 362 213 22 79 13062 14 464485 26901 1.4 19 14 4 13 30% 21557 2307397 21560 13%
c i 249.57 364 210 22 79 13063 14 466059 28383 1.4 19 14 4 13 29% 21568 2307397 21521 13%
c i 249.57 364 210 22 79 13063 14 466061 28383 1.4 19 14 4 13 29% 21569 2307397 21520 13%
c i 250.05 368 208 22 79 13273 14 466999 29313 1.4 19 14 4 13 29% 21573 2307397 21481 13%
c i 250.05 370 208 22 79 13273 14 467005 29314 1.4 19 14 4 13 29% 21576 2307397 21475 13%
c i 250.05 370 208 22 79 13273 14 467017 29315 1.4 19 14 4 13 29% 21582 2307397 21471 13%
c i 250.06 370 208 22 79 13273 14 467019 29314 1.4 19 14 4 13 29% 21583 2307397 21469 13%
c i 250.43 372 206 22 79 13492 14 468019 30307 1.4 19 14 4 13 29% 21586 2307397 21454 13%
c i 250.43 372 206 22 79 13492 14 468049 30321 1.4 19 14 4 13 29% 21590 2307397 21441 13%
c i 250.91 374 204 22 79 13711 14 469016 31278 1.4 19 14 4 13 29% 21594 2307397 21417 13%
c i 250.91 374 203 22 79 13711 14 469076 31313 1.4 19 14 4 13 29% 21597 2307397 21390 13%
c
c seconds      switched      rate          size/glue  tier1     binary            remaining
c          MB    reductions    conflicts         size   tier2        irredundant
c            level    restarts        redundant     glue    trail            variables
c
c i 251.85 376 199 22 79 13968 14 471338 33408 1.4 19 14 4 13 28% 21629 2307396 21368 13%
c i 252.23 376 198 22 79 14123 14 472043 34107 1.4 19 14 4 13 28% 21629 2307396 21353 13%
c i 252.25 376 198 22 79 14124 14 472049 34110 1.4 19 14 4 13 28% 21631 2307396 21351 13%
c - 252.63 376 195 22 80 14124 14 473373 28469 1.4 19 14 4 13 28% 21462 2305873 21351 13%
c i 252.65 376 194 22 80 14124 14 473988 29071 1.4 19 14 4 13 28% 21462 2305873 21350 13%
c i 252.66 376 194 22 80 14124 14 473990 29071 1.4 19 14 4 13 28% 21463 2305873 21319 13%
c i 252.70 378 194 22 80 14124 14 474040 29111 1.4 19 14 4 13 28% 21470 2305873 21314 13%
c i 252.71 378 194 22 80 14124 14 474126 29177 1.4 19 14 4 13 28% 21474 2305873 21307 13%
c i 253.21 378 189 22 80 14319 13 476251 31084 1.4 19 14 4 13 27% 21483 2305872 21299 13%
c } 253.37 378 184 23 80 14319 13 479371 33962 1.4 19 13 4 13 27% 21497 2305872 21299 13%
c [ 253.37 378 208 23 80 14319 1 479371 33962 1.3 98 73 18 86 55% 21497 2305872 21299 13%
c W 253.99 431 208 23 80 14319 1 479371 33962 1.3 98 73 18 86 55% 21355 2305514 21299 13%
c - 254.54 339 205 23 81 14321 1 482318 28951 1.3 98 73 18 86 54% 21363 2305514 21299 13%
c - 256.43 339 197 23 82 14325 1 491318 27025 1.3 97 73 18 86 53% 21363 2305514 21299 13%
c - 258.04 341 190 23 83 14332 1 500373 26232 1.3 97 74 18 86 52% 21363 2305514 21299 13%
c - 259.61 341 183 23 84 14333 1 509488 26331 1.3 96 74 18 86 52% 21363 2305514 21299 13%
c ] 259.71 341 182 24 84 14333 1 510006 26828 1.3 96 74 18 86 51% 21363 2305514 21299 13%
c { 259.71 341 184 24 84 14333 13 510006 26828 1.4 19 13 4 13 27% 21363 2305514 21299 13%
c o 259.87 349 184 24 84 14337 13 510028 26848 1.4 19 13 4 13 27% 21363 2305514 21299 13%
c u 262.86 365 183 24 84 14745 13 511924 28531 1.4 19 14 4 13 27% 21448 2305436 21299 13%
c
c seconds      switched      rate          size/glue  tier1     binary            remaining
c          MB    reductions    conflicts         size   tier2        irredundant
c            level    restarts        redundant     glue    trail            variables
c
c v 263.61 365 183 24 84 14745 13 511924 27754 1.4 19 14 4 13 27% 21454 2305436 21299 13%
c w 263.98 369 183 24 84 14745 13 511924 27754 1.4 19 14 4 13 27% 21454 2305436 21299 13%
c t 264.25 369 183 24 84 14745 13 511924 27754 1.4 19 14 4 13 27% 21416 2305436 21299 13%
c f 264.39 272 183 24 84 14745 13 511924 27754 1.4 19 14 4 13 27% 21422 2305332 21304 13%
c u 265.25 345 183 24 84 14745 13 511924 26798 1.4 19 14 4 13 27% 21595 2305332 21301 13%
c v 265.79 345 183 24 84 14745 13 511924 26618 1.4 19 14 4 13 27% 21588 2305332 21301 13%
c w 266.12 349 183 24 84 14745 13 511924 26580 1.4 19 14 4 13 27% 21588 2305332 21301 13%
c x 266.51 362 183 24 84 14745 13 511924 26580 1.4 19 14 4 13 27% 21592 2298617 21301 13%
c t 266.77 362 183 24 84 14745 13 511924 26580 1.4 19 14 4 13 27% 21477 2298617 21301 13%
c i 266.97 362 183 24 84 14745 13 511924 26580 1.4 19 14 4 13 27% 21477 2298617 21301 13%
c - 269.26 380 221 24 85 15041 13 518654 26431 1.4 19 13 4 13 30% 21469 2298617 21301 13%
c - 269.56 382 276 24 86 15042 12 527873 28617 1.4 18 13 5 12 34% 21469 2298617 21301 13%
c - 277.21 392 274 24 87 16604 13 537148 30300 1.4 19 14 5 13 35% 21470 2298617 21301 13%
c - 283.75 396 287 24 88 17894 14 546475 33097 1.4 20 14 5 13 37% 21470 2298617 21301 13%
c } 284.03 396 287 25 88 17939 14 546683 33304 1.4 20 14 5 13 37% 21470 2298617 21301 13%
c [ 284.03 396 182 25 88 17939 1 546683 33304 1.3 96 74 18 86 51% 21470 2298617 21301 13%
c I 284.03 396 182 25 88 17939 1 546683 33304 1.3 96 74 18 86 51% 21470 2298617 21301 13%
c - 285.63 396 176 25 89 17945 1 555855 31650 1.3 96 74 18 87 51% 21470 2298617 21301 13%
c - 287.25 396 170 25 90 17951 1 565288 29155 1.3 95 74 18 87 50% 21470 2298617 21301 13%
c - 288.89 396 165 25 91 17953 1 574774 28855 1.3 94 74 18 87 49% 21470 2298617 21301 13%
c
c seconds      switched     rate          size/glue  tier1      binary            remaining
c          MB    reductions   conflicts         size    tier2        irredundant
c            level    restarts       redundant     glue     trail            variables
c
c - 290.71 396 161 25 92 17957 1 584313 28559 1.3 94 74 18 87 49% 21470 2298617 21301 13%
c u 292.08 396 160 25 92 17959 1 586586 28948 1.3 94 74 18 87 48% 21522 2298617 21301 13%
c v 292.62 396 160 25 92 17959 1 586586 28233 1.3 94 74 18 87 48% 21522 2298617 21301 13%
c w 293.57 398 160 25 92 17959 1 586586 28086 1.3 94 74 18 87 48% 21522 2298617 21301 13%
c t 293.83 398 160 25 92 17959 1 586586 28086 1.3 94 74 18 87 48% 21480 2298617 21300 13%
c u 294.97 398 160 25 92 17959 1 586586 26922 1.3 94 74 18 87 48% 21536 2298608 21300 13%
c v 295.38 398 160 25 92 17959 1 586586 26820 1.3 94 74 18 87 48% 21536 2298608 21300 13%
c w 296.13 398 160 25 92 17959 1 586586 26809 1.3 94 74 18 87 48% 21536 2298608 21300 13%
c x 296.63 398 160 25 92 17959 1 586586 26809 1.3 94 74 18 87 48% 21536 2288852 21300 13%
c t 296.89 398 160 25 92 17959 1 586586 26809 1.3 94 74 18 87 48% 21498 2288852 21300 13%
c - 298.34 398 156 25 93 17963 1 593904 25645 1.3 93 74 18 87 48% 21495 2288852 21300 13%
c - 299.84 398 152 25 94 17967 1 603549 25527 1.3 93 74 18 87 47% 21495 2288852 21300 13%
c - 301.42 398 148 25 95 17969 1 613246 25949 1.3 93 74 18 87 46% 21495 2288852 21300 13%
c B 301.59 398 147 25 95 17969 1 614365 27031 1.3 93 74 18 87 46% 21495 2288852 21300 13%
c o 301.68 398 147 25 95 17969 1 614365 27031 1.3 93 74 18 87 46% 21495 2288852 21300 13%
c - 302.51 398 156 25 96 17969 1 622993 26736 1.2 92 74 18 87 50% 21495 2288852 21300 13%
c s 304.46 406 161 25 96 17969 1 628728 32009 1.2 92 74 18 87 52% 21496 2288420 21300 13%
c e 304.86 460 161 25 96 17969 1 628728 32009 1.2 92 74 18 87 52% 21474 2288656 21281 13%
c s 306.11 460 161 25 96 17969 1 628728 32009 1.2 92 74 18 87 52% 21475 2287173 21281 13%
c - 307.01 353 159 25 97 17972 1 632790 25049 1.2 92 75 19 87 50% 21475 2287173 21281 13%
c
c seconds      switched     rate          size/glue  tier1      binary            remaining
c          MB    reductions   conflicts         size    tier2        irredundant
c            level    restarts       redundant     glue     trail            variables
c
c - 308.35 362 166 25 98 17978 1 642638 25889 1.2 92 74 19 87 53% 21475 2287173 21281 13%
c ] 309.41 366 172 26 98 17983 1 649710 32718 1.2 92 74 19 87 55% 21475 2287173 21281 13%
c { 309.41 366 287 26 98 17983 14 649710 32718 1.4 20 14 5 13 37% 21475 2287173 21281 13%
c - 316.30 432 285 26 99 18598 16 652537 27448 1.3 20 15 5 13 37% 21475 2287173 21281 13%
c - 320.83 394 304 26 100 19428 15 662487 29814 1.3 21 15 5 13 38% 21475 2287173 21281 13%
c u 324.98 376 309 26 100 19966 16 666837 32815 1.3 21 15 5 13 39% 21606 2287173 21281 13%
c v 325.67 378 309 26 100 19966 16 666837 32152 1.3 21 15 5 13 39% 21606 2287173 21281 13%
c w 326.08 380 309 26 100 19966 16 666837 32146 1.3 21 15 5 13 39% 21606 2287173 21281 13%
c x 326.66 382 309 26 100 19966 16 666837 32146 1.3 21 15 5 13 39% 21606 2280081 21281 13%
c t 329.67 460 309 26 100 19966 16 666837 32146 1.3 21 15 5 13 39% 21531 2280081 21281 13%
c f 329.80 297 309 26 100 19966 16 666837 32146 1.3 21 15 5 13 39% 21534 2280020 21284 13%
c u 330.75 368 309 26 100 19966 16 666837 31331 1.3 21 15 5 13 39% 21558 2280020 21283 13%
c v 331.47 370 309 26 100 19966 16 666837 30831 1.3 21 15 5 13 39% 21558 2280020 21283 13%
c w 331.85 372 309 26 100 19966 16 666837 30818 1.3 21 15 5 13 39% 21558 2280020 21283 13%
c x 332.46 374 309 26 100 19966 16 666837 30818 1.3 21 15 5 13 39% 21560 2271953 21283 13%
c t 332.71 374 309 26 100 19966 16 666837 30805 1.3 21 15 5 13 39% 21544 2271953 21283 13%
c i 332.90 374 309 26 100 19966 16 666837 30805 1.3 21 15 5 13 39% 21544 2271953 21283 13%
c - 334.01 382 330 26 101 20129 15 672487 29102 1.3 20 15 5 13 40% 21539 2271953 21283 13%
c - 337.54 388 358 26 102 20743 15 682536 31486 1.3 21 15 5 13 43% 21539 2271953 21283 13%
c } 337.89 388 394 27 102 20743 13 691928 39934 1.4 21 15 5 13 46% 21539 2271953 21283 13%
c
c seconds      switched      rate          size/glue  tier1      binary            remaining
c          MB    reductions    conflicts         size    tier2        irredundant
c            level     restarts       redundant     glue     trail            variables
c
c [ 337.89 388 172 27 102 20743 1 691928 39934 1.2 92 74 19 87 55% 21539 2271953 21283 13%
c W 338.72 431 172 27 102 20743 1 691928 39934 1.2 92 74 19 87 55% 21539 2271953 21283 13%
c - 338.99 343 173 27 103 20743 1 692636 33517 1.2 92 74 19 87 55% 21539 2271953 21283 13%
c - 340.86 343 167 27 104 20749 1 702784 33267 1.2 92 74 19 87 54% 21539 2271953 21283 13%
c - 342.77 343 162 27 105 20756 1 712983 31361 1.2 91 73 19 87 53% 21539 2271953 21283 13%
c - 345.05 345 156 27 106 20757 1 723229 31798 1.3 91 73 19 87 52% 21539 2271953 21283 13%
c - 347.29 345 151 27 107 20764 1 733524 32317 1.3 91 72 19 87 51% 21539 2271953 21283 13%
c - 349.73 345 147 27 108 20770 1 743868 32801 1.3 91 72 19 86 50% 21539 2271953 21283 13%
c u 352.16 347 144 27 108 20772 1 752694 40742 1.3 91 72 19 86 49% 21542 2271953 21283 13%
c v 352.87 347 144 27 108 20772 1 752694 39721 1.3 91 72 19 86 49% 21541 2271953 21283 13%
c w 353.37 359 144 27 108 20772 1 752694 39721 1.3 91 72 19 86 49% 21541 2271953 21283 13%
c x 353.96 382 144 27 108 20772 1 752694 39721 1.3 91 72 19 86 49% 21541 2265940 21283 13%
c t 354.25 382 144 27 108 20772 1 752694 39721 1.3 91 72 19 86 49% 21540 2265940 21283 13%
c o 354.55 382 144 27 108 20772 1 752694 39721 1.3 91 72 19 86 49% 21540 2265940 21283 13%
c - 354.90 382 143 27 109 20772 1 754260 31563 1.3 91 72 19 86 49% 21540 2265940 21283 13%
c - 357.17 382 142 27 110 20773 1 764701 29908 1.3 91 72 18 87 49% 21540 2265940 21283 13%
c O 358.62 382 140 27 110 20773 1 770356 35306 1.3 91 72 18 87 48% 21540 2265940 21283 13%
c ] 359.09 382 143 28 110 20774 1 774564 39296 1.3 90 71 18 87 50% 21540 2265940 21283 13%
c { 359.09 382 394 28 110 20774 13 774564 39296 1.4 21 15 5 13 46% 21540 2265940 21283 13%
c - 360.17 386 392 28 111 20906 13 775189 29187 1.4 21 15 5 13 46% 21540 2265940 21283 13%
c
c seconds      switched       rate          size/glue  tier1     binary            remaining
c          MB    reductions     conflicts         size   tier2        irredundant
c            level     restarts        redundant     glue    trail            variables
c
c - 369.22 414 406 28 112 22032 14 785726 31442 1.4 21 15 5 13 47% 21545 2265940 21283 13%
c - 375.68 418 416 28 113 22967 14 796309 33103 1.4 21 15 5 13 48% 21546 2265940 21283 13%
c - 386.73 422 417 28 114 24403 15 806941 35128 1.4 22 16 5 14 48% 21547 2265940 21283 13%
c - 395.97 384 416 28 115 25788 16 817619 37313 1.4 22 16 5 14 49% 21547 2265940 21283 13%
c } 396.72 386 418 29 115 25885 15 822702 41796 1.4 22 16 5 14 48% 21547 2265940 21283 13%
c [ 396.72 386 143 29 115 25885 1 822702 41796 1.3 90 71 18 87 50% 21547 2265940 21283 13%
c - 397.57 388 146 29 116 25889 1 828343 37211 1.3 88 69 18 86 50% 21547 2265940 21283 13%
c s 400.02 396 149 29 116 25890 1 830783 39610 1.3 88 69 18 86 51% 21547 2263089 21283 13%
c e 400.55 474 149 29 116 25890 1 830783 39610 1.3 88 69 18 86 51% 21544 2263099 21280 13%
c s 402.61 474 149 29 116 25890 1 830783 39610 1.3 88 69 18 86 51% 21544 2262842 21280 13%
c - 404.54 364 156 29 117 25894 1 839113 34793 1.3 88 69 18 86 54% 21544 2262842 21280 13%
c u 406.48 368 161 29 117 25898 1 844279 38070 1.3 88 69 18 86 55% 21550 2262842 21280 13%
c v 407.73 368 161 29 117 25898 1 844279 36566 1.3 88 69 18 86 55% 21550 2262842 21280 13%
c w 408.36 374 161 29 117 25898 1 844279 36543 1.3 88 69 18 86 55% 21550 2262842 21280 13%
c x 409.27 384 161 29 117 25898 1 844279 36543 1.3 88 69 18 86 55% 21550 2253709 21280 13%
c t 409.55 384 161 29 117 25898 1 844279 36543 1.3 88 69 18 86 55% 21543 2253709 21280 13%
c - 410.66 386 166 29 118 25899 1 849930 30451 1.3 88 69 18 86 57% 21543 2253709 21280 13%
c B 411.19 386 171 29 118 25899 1 854393 34778 1.3 88 69 18 86 59% 21543 2253709 21280 13%
c - 412.20 386 177 29 119 25904 1 860792 29797 1.3 88 69 18 87 60% 21543 2253709 21280 13%
c - 413.77 386 187 29 120 25909 1 871702 29946 1.3 89 70 18 87 63% 21543 2253709 21280 13%
c
c seconds      switched      rate          size/glue  tier1      binary            remaining
c          MB    reductions    conflicts         size    tier2        irredundant
c            level     restarts       redundant     glue     trail            variables
c
c o 414.06 386 189 29 120 25911 1 872980 31178 1.3 89 70 18 87 63% 21543 2253709 21280 13%
c - 416.75 410 195 29 121 25914 1 882656 29989 1.3 90 70 18 87 64% 21543 2253709 21280 13%
c - 418.75 414 197 29 122 25915 1 893658 30448 1.3 92 72 18 87 60% 21543 2253709 21280 13%
c - 420.97 414 199 29 123 25915 1 904703 29808 1.3 95 74 19 88 57% 21543 2253709 21280 13%
c - 422.73 416 202 29 124 25922 1 915793 30477 1.3 97 75 19 88 54% 21543 2253709 21280 13%
c - 424.27 416 204 29 125 25929 1 926928 31266 1.3 99 75 19 88 51% 21543 2253709 21280 13%
c - 426.65 416 208 29 126 25931 1 938109 30408 1.3 104 78 19 89 49% 21543 2253709 21280 13%
c u 428.25 417 209 29 126 25933 1 941610 33477 1.3 106 80 19 89 49% 21545 2253709 21280 13%
c v 429.01 417 209 29 126 25933 1 941610 33170 1.3 106 80 19 89 49% 21545 2253709 21280 13%
c w 429.44 421 209 29 126 25933 1 941610 33170 1.3 106 80 19 89 49% 21545 2253709 21280 13%
c t 430.28 421 209 29 126 25933 1 941610 33170 1.3 106 80 19 89 49% 21543 2253709 21280 13%
c W 431.72 425 209 29 126 25936 1 944193 35717 1.3 106 79 19 89 48% 21543 2253709 21280 13%
c - 432.96 351 211 29 127 25937 1 949334 29040 1.3 107 80 19 89 47% 21543 2253709 21280 13%
c - 435.49 357 215 29 128 25944 1 960603 29516 1.3 110 83 19 90 46% 21543 2253709 21280 13%
c - 437.18 357 217 29 129 25946 1 971917 28401 1.3 115 86 19 90 44% 21543 2253709 21280 13%
c - 438.99 359 219 29 130 25946 1 983274 27635 1.3 120 89 19 91 43% 21543 2253709 21280 13%
c - 440.88 359 222 29 131 25947 1 994679 27468 1.3 125 92 19 91 41% 21543 2253709 21280 13%
c - 442.94 359 225 29 132 25947 1 1006124 25838 1.3 130 97 19 92 40% 21543 2253709 21280 13%
c - 445.03 359 228 29 133 25947 1 1017614 23935 1.3 137 102 20 92 39% 21543 2253709 21280 13%
c o 445.49 359 229 29 133 25948 1 1019608 25901 1.3 137 102 20 92 39% 21543 2253709 21280 13%
c
c seconds      switched      rate           size/glue   tier1      binary            remaining
c          MB    reductions     conflicts         size     tier2        irredundant
c            level     restarts        redundant      glue     trail            variables
c
c ] 446.60 365 221 30 133 25953 1 1025933 32084 1.4 134 99 20 92 39% 21543 2253709 21280 13%
c { 446.60 365 418 30 133 25953 15 1025933 32084 1.4 22 16 5 14 48% 21543 2253709 21280 13%
c - 449.75 375 416 30 134 26435 15 1029146 27878 1.4 22 16 5 14 48% 21543 2253709 21280 13%
c - 452.46 381 443 30 135 26699 14 1040721 32430 1.4 21 16 5 14 50% 21545 2253709 21280 13%
c u 457.57 387 436 30 135 27379 15 1044834 34481 1.4 22 16 5 14 50% 21608 2253709 21279 13%
c v 458.59 389 436 30 135 27379 15 1044834 33685 1.4 22 16 5 14 50% 21608 2253709 21279 13%
c w 459.00 389 436 30 135 27379 15 1044834 33664 1.4 22 16 5 14 50% 21608 2253709 21279 13%
c t 459.27 389 436 30 135 27379 15 1044834 33662 1.4 22 16 5 14 50% 21568 2253708 21279 13%
c u 460.32 389 436 30 135 27379 15 1044834 33016 1.4 22 16 5 14 50% 21571 2253708 21279 13%
c v 460.98 391 436 30 135 27379 15 1044834 32526 1.4 22 16 5 14 50% 21571 2253708 21279 13%
c w 461.34 391 436 30 135 27379 15 1044834 32523 1.4 22 16 5 14 50% 21571 2253708 21279 13%
c x 462.06 404 436 30 135 27379 15 1044834 32523 1.4 22 16 5 14 50% 21571 2249692 21279 13%
c t 462.45 404 436 30 135 27379 15 1044834 32523 1.4 22 16 5 14 50% 21570 2249692 21279 13%
c i 462.69 404 436 30 135 27379 15 1044834 32523 1.4 22 16 5 14 50% 21570 2249692 21279 13%
c - 465.84 406 456 30 136 27804 14 1052340 30815 1.4 21 16 5 14 51% 21563 2249692 21279 13%
c - 471.86 408 456 30 137 28779 14 1064001 34109 1.4 21 16 5 14 51% 21563 2249692 21279 13%
c s 473.74 416 467 30 137 28808 14 1066938 36680 1.3 21 16 5 14 52% 21563 2249680 21279 13%
c - 476.36 367 485 30 138 28831 13 1075709 36510 1.4 21 15 5 14 54% 21563 2249680 21279 13%
c } 478.69 381 485 31 138 29197 13 1080368 40668 1.4 21 15 5 14 54% 21569 2249680 21279 13%
c [ 478.69 381 221 31 138 29197 1 1080368 40668 1.4 134 99 20 92 39% 21569 2249680 21279 13%
c
c seconds      switched      rate           size/glue   tier1      binary            remaining
c          MB    reductions     conflicts         size     tier2        irredundant
c            level     restarts        redundant      glue     trail            variables
c
c I 478.69 381 221 31 138 29197 1 1080368 40668 1.4 134 99 20 92 39% 21569 2249680 21279 13%
c - 479.93 381 213 31 139 29202 1 1087456 36716 1.4 131 97 20 92 40% 21569 2249680 21279 13%
c - 482.01 381 201 31 140 29209 1 1099246 36371 1.4 127 94 20 92 40% 21569 2249680 21279 13%
c - 484.45 381 190 31 141 29211 1 1111079 37052 1.4 123 91 19 92 41% 21569 2249680 21279 13%
c - 487.22 381 180 31 142 29218 1 1122954 38182 1.4 121 89 19 91 41% 21569 2249680 21279 13%
c - 489.43 381 171 31 143 29225 1 1134870 39542 1.4 117 86 19 91 41% 21569 2249680 21279 13%
c - 492.52 381 164 31 144 29227 1 1146828 38025 1.4 115 84 19 91 42% 21569 2249680 21279 13%
c u 495.43 381 160 31 144 29227 1 1153986 43988 1.4 114 83 19 91 42% 21570 2249680 21279 13%
c v 496.33 381 160 31 144 29227 1 1153986 42764 1.4 114 83 19 91 42% 21570 2249680 21279 13%
c w 496.90 402 160 31 144 29227 1 1153986 42762 1.4 114 83 19 91 42% 21570 2249680 21279 13%
c x 497.62 410 160 31 144 29227 1 1153986 42762 1.4 114 83 19 91 42% 21570 2246381 21279 13%
c t 497.89 410 160 31 144 29227 1 1153986 42762 1.4 114 83 19 91 42% 21566 2246381 21279 13%
c - 499.21 410 157 31 145 29227 1 1158828 34641 1.4 113 83 19 91 42% 21566 2246381 21279 13%
c ] 502.50 410 151 32 145 29233 1 1170485 45351 1.4 111 82 19 91 42% 21566 2246381 21279 13%
c { 502.50 410 485 32 145 29233 13 1170485 45351 1.4 21 15 5 14 54% 21566 2246381 21279 13%
c o 502.68 412 485 32 145 29236 13 1170509 45374 1.4 21 15 5 14 54% 21566 2246381 21279 13%
c - 503.23 412 483 32 146 29315 13 1170870 34171 1.4 21 15 5 14 54% 21566 2246381 21279 13%
c - 505.03 419 491 32 147 29493 12 1182953 36500 1.4 20 15 5 14 55% 21568 2246381 21279 13%
c - 505.91 425 488 32 148 29532 11 1195077 37687 1.4 20 14 5 14 55% 21570 2246381 21279 13%
c - 511.42 398 482 32 149 30425 11 1207243 39775 1.4 20 14 5 14 55% 21570 2246381 21279 13%
c
c seconds      switched       rate           size/glue  tier1     binary            remaining
c          MB    reductions      conflicts         size   tier2        irredundant
c            level     restarts         redundant     glue    trail            variables
c
c - 523.74 414 459 32 150 32578 13 1219449 42530 1.4 21 15 5 14 54% 21571 2246381 21279 13%
c } 525.11 414 452 33 150 32710 12 1231590 53231 1.4 21 15 5 14 54% 21571 2246381 21279 13%
c [ 525.11 414 151 33 150 32710 1 1231590 53231 1.4 111 82 19 91 42% 21571 2246381 21279 13%
c B 525.11 414 151 33 150 32710 1 1231590 53231 1.4 111 82 19 91 42% 21571 2246381 21279 13%
c - 525.53 423 152 33 151 32710 1 1231698 44908 1.4 111 82 19 90 42% 21571 2246381 21279 13%
c - 529.61 382 167 33 152 32717 1 1243988 43291 1.4 112 83 19 90 44% 21571 2246381 21279 13%
c - 531.38 386 175 33 153 32724 1 1256316 42127 1.4 112 82 19 91 45% 21571 2246381 21279 13%
c - 533.67 386 177 33 154 32728 1 1268685 41601 1.4 111 81 19 91 46% 21571 2246381 21279 13%
c u 535.26 368 177 33 154 32728 1 1269134 40803 1.4 111 81 19 91 46% 21574 2246381 21279 13%
c v 536.63 372 177 33 154 32728 1 1269134 39984 1.4 111 81 19 91 46% 21574 2246381 21279 13%
c w 537.13 376 177 33 154 32728 1 1269134 39982 1.4 111 81 19 91 46% 21574 2246381 21279 13%
c x 538.34 392 177 33 154 32728 1 1269134 39982 1.4 111 81 19 91 46% 21574 2245182 21279 13%
c t 541.84 454 177 33 154 32728 1 1269134 39982 1.4 111 81 19 91 46% 21571 2245182 21279 13%
c - 544.58 382 180 33 155 32735 1 1281094 38912 1.4 111 82 19 91 46% 21571 2245182 21279 13%
c - 546.46 384 188 33 156 32739 1 1293544 39029 1.4 113 83 19 92 48% 21571 2245182 21279 13%
c - 548.59 386 195 33 157 32740 1 1306034 37833 1.4 119 88 20 92 49% 21571 2245182 21279 13%
c - 550.63 386 201 33 158 32744 1 1318563 36817 1.4 126 93 20 93 50% 21571 2245182 21279 13%
c o 551.73 388 201 33 158 32747 1 1321823 40009 1.4 126 93 20 93 50% 21571 2245182 21279 13%
c - 553.22 392 206 33 159 32752 1 1331133 39547 1.4 122 90 20 93 53% 21571 2245182 21279 13%
c W 559.37 427 211 33 159 32755 1 1339576 47735 1.3 119 89 20 93 56% 21571 2245182 21279 13%
c
c seconds      switched      rate           size/glue   tier1      binary            remaining
c          MB    reductions     conflicts         size     tier2        irredundant
c            level     restarts        redundant      glue     trail            variables
c
c - 560.70 359 214 33 160 32755 1 1343742 41053 1.3 118 88 20 93 57% 21571 2245182 21279 13%
c - 564.72 377 217 33 161 32762 1 1356391 41642 1.4 118 87 20 93 56% 21571 2245182 21279 13%
c ] 564.96 377 217 34 161 32763 1 1358744 43972 1.4 119 87 20 93 56% 21571 2245182 21279 13%
c { 564.96 377 452 34 161 32763 12 1358744 43972 1.4 21 15 5 14 54% 21571 2245182 21279 13%
c i 565.59 383 448 34 161 32817 12 1359942 45152 1.4 21 15 5 14 54% 21574 2245182 21278 13%
c i 565.93 383 434 34 161 32818 11 1363505 48571 1.4 21 15 5 14 53% 21589 2245182 21272 13%
c i 565.94 383 434 34 161 32818 11 1363506 48571 1.4 21 15 5 14 53% 21589 2245182 21271 13%
c i 566.19 385 429 34 161 32973 11 1364724 49753 1.4 21 14 5 14 52% 21597 2245182 21270 13%
c i 566.20 385 429 34 161 32973 11 1364728 49755 1.4 21 14 5 14 52% 21598 2245182 21266 13%
c i 566.22 385 429 34 161 32973 11 1364743 49767 1.4 21 14 5 14 52% 21599 2245182 21260 13%
c i 566.22 385 429 34 161 32973 11 1364747 49767 1.4 21 14 5 14 52% 21602 2245182 21258 13%
c i 566.41 385 425 34 161 33184 11 1365917 50910 1.4 21 15 5 14 52% 21607 2245182 21255 13%
c i 566.46 385 423 34 161 33184 11 1366379 51330 1.4 21 14 5 14 52% 21614 2245181 21253 13%
c i 566.54 385 421 34 161 33185 11 1367176 52050 1.4 21 14 5 14 51% 21620 2245181 21243 13%
c i 566.60 385 420 34 161 33185 11 1367351 52213 1.4 21 14 5 14 51% 21625 2245181 21237 13%
c - 566.77 385 414 34 162 33185 11 1369079 43752 1.4 21 14 5 14 51% 21507 2245181 21235 13%
c i 566.77 385 414 34 162 33185 11 1369081 43753 1.4 21 14 5 14 51% 21507 2245181 21228 13%
c i 566.81 385 414 34 162 33185 11 1369114 43776 1.4 21 14 5 14 51% 21512 2245181 21221 13%
c i 566.81 385 414 34 162 33185 11 1369115 43775 1.4 21 14 5 14 51% 21512 2245181 21204 13%
c - 567.44 385 370 34 163 33186 10 1381807 46329 1.6 21 13 5 13 46% 21475 2245181 21204 13%
c
c seconds      switched      rate           size/glue  tier1     binary            remaining
c          MB    reductions     conflicts         size   tier2        irredundant
c            level     restarts        redundant     glue    trail            variables
c
c i 567.87 385 351 34 163 33187 9 1388887 53029 1.6 21 13 5 13 45% 21490 2245181 21203 13%
c i 567.87 385 351 34 163 33187 9 1388890 53031 1.6 21 13 5 13 45% 21490 2245181 21198 13%
c i 568.38 387 348 34 163 33299 9 1390129 54256 1.6 21 13 5 13 44% 21492 2245181 21197 13%
c u 569.13 387 347 34 163 33299 9 1390360 53802 1.6 21 13 5 13 44% 21562 2244786 21197 13%
c v 569.56 387 347 34 163 33299 9 1390360 53517 1.6 21 13 5 13 44% 21562 2244786 21197 13%
c w 569.92 387 347 34 163 33299 9 1390360 53480 1.6 21 13 5 13 44% 21562 2244786 21197 13%
c x 570.53 402 347 34 163 33299 9 1390360 53480 1.6 21 13 5 13 44% 21562 2239476 21197 13%
c t 570.79 402 347 34 163 33299 9 1390360 53480 1.6 21 13 5 13 44% 21540 2239476 21197 13%
c - 571.41 402 333 34 164 33299 9 1394574 49217 1.6 20 13 5 13 43% 21529 2239476 21197 13%
c i 572.28 402 300 34 164 33299 8 1405628 59037 1.6 19 12 5 13 39% 21544 2239476 21195 13%
c - 572.50 402 295 34 165 33299 8 1407380 48208 1.6 19 12 5 13 39% 21540 2239475 21195 13%
c i 572.81 402 286 34 165 33300 8 1411035 51624 1.6 19 12 5 13 38% 21552 2239475 21194 13%
c - 573.12 402 262 34 166 33300 7 1420225 47784 1.6 18 12 5 13 36% 21549 2239475 21194 13%
c } 573.31 402 246 35 166 33300 7 1426891 52076 1.5 18 12 5 13 34% 21551 2239475 21194 13%
c [ 573.31 402 217 35 166 33300 1 1426891 52076 1.4 119 87 20 93 56% 21551 2239475 21194 13%
c - 573.57 402 205 35 167 33305 1 1433111 50289 1.4 112 82 20 93 53% 21552 2239475 21194 13%
c i 573.72 402 198 35 167 33306 1 1436891 52709 1.4 108 79 20 93 52% 21567 2239475 21184 13%
c - 576.11 406 202 35 168 33312 1 1446035 39077 1.4 111 81 20 93 50% 21516 2239475 21184 13%
c O 577.17 406 206 35 168 33314 1 1453917 46779 1.4 113 83 20 93 49% 21516 2239475 21184 13%
c - 578.30 406 204 35 169 33314 1 1458999 43508 1.4 113 83 20 93 48% 21516 2239475 21184 13%
c
c seconds      switched      rate           size/glue   tier1      binary            remaining
c          MB    reductions     conflicts         size     tier2        irredundant
c            level     restarts        redundant      glue     trail            variables
c
c - 580.73 408 210 35 170 33321 1 1471999 44801 1.4 120 88 20 94 46% 21516 2239475 21184 13%
c ] 582.64 408 215 36 170 33328 1 1483360 55828 1.3 124 92 20 94 44% 21516 2239475 21184 13%
c { 582.64 408 246 36 170 33328 7 1483360 55828 1.5 18 12 5 13 34% 21516 2239475 21184 13%
c o 582.83 409 246 36 170 33333 7 1483402 55870 1.5 18 12 5 13 34% 21516 2239475 21184 13%
c - 584.78 412 244 36 171 33682 7 1485037 44665 1.5 18 12 5 13 34% 21516 2239475 21184 13%
c - 598.86 376 233 36 172 36331 10 1498115 50400 1.5 20 14 5 13 35% 21517 2239475 21184 13%
c } 599.85 376 232 36 172 36542 10 1499085 51370 1.5 20 14 5 13 35% 21517 2239475 21184 13%
c ? 599.85 376 232 36 172 36542 10 1499085 51370 1.5 20 14 5 13 35% 21517 2239475 21184 13%
c
c ---- [ result ] ------------------------------------------------------------
c
s UNKNOWN
c
c ---- [ profiling ] ---------------------------------------------------------
c
c         436.95   72.84 %  search
c         230.23   38.38 %  focused
c         206.73   34.46 %  stable
c         158.60   26.44 %  simplify
c         111.83   18.64 %  probe
c          68.08   11.35 %  vivify
c          41.22    6.87 %  eliminate
c          23.59    3.93 %  subsume
c          19.90    3.32 %  substitute
c          13.20    2.20 %  sweep
c           7.15    1.19 %  walking
c           6.46    1.08 %  factor
c           5.58    0.93 %  reduce
c           2.65    0.44 %  congruence
c           2.37    0.39 %  parse
c           1.60    0.27 %  preprocess
c           1.01    0.17 %  transitive
c           0.53    0.09 %  backbone
c           0.33    0.05 %  lucky
c =============================================
c         599.85  100.00 %  total
c
c ---- [ statistics ] --------------------------------------------------------
c
c chronological:                         2197                0 %  conflicts
c conflicts:                          1499085             2499.08 per second
c decisions:                          7262536                4.84 per conflict
c eliminated:                          142446               86 %  variables
c factored:                              1112                1 %  variables
c iterations:                              77                0 %  variables
c propagations:                    1036103158          1727254    per second
c reductions:                             172             8716    interval
c reordered:                               17            88181    interval
c rephased:                                30            49970    interval
c restarts:                             36542               41    interval
c strengthened:                             4                0 %  checks
c subsumed:                             35554                0 %  checks
c switched:                                36            41641    interval
c vivified:                            131254               40 %  checks
c walks:                                   10           149908    interval
c
c ---- [ glue usage ] --------------------------------------------------------
c
c focused glue 5    used 126633 clauses 11.09% accumulated 56.33% tier1
c focused glue 6    used  99024 clauses  8.68% accumulated 65.01%
c focused glue 7-11 used 250128 clauses 21.91% accumulated 86.92%
c focused glue 12   used  27390 clauses  2.40% accumulated 89.32%
c focused glue 13   used  22792 clauses  2.00% accumulated 91.32% tier2
c
c stable glue 20    used   94175 clauses  2.06% accumulated 51.23% tier1
c stable glue 21    used   87417 clauses  1.91% accumulated 53.14%
c stable glue 22-92 used 1668416 clauses 36.47% accumulated 89.61%
c stable glue 93    used   12053 clauses  0.26% accumulated 89.87%
c stable glue 94    used   12081 clauses  0.26% accumulated 90.13% tier2
c
c ---- [ resources ] ---------------------------------------------------------
c
c maximum-resident-set-size:        664367104 bytes        634 MB
c process-time:                            10m             599.85 seconds
c
c ---- [ shutting down ] -----------------------------------------------------
c
c exit 0
