c ---- [ banner ] ------------------------------------------------------------
c
c Kissat SAT Solver
c 
c Copyright (c) 2021-2024 Armin Biere University of Freiburg
c Copyright (c) 2019-2021 Armin Biere Johannes Kepler University Linz
c 
c Version 4.0.4 8af8e56f174b778aef3aa45af9f739b2a5f492c2
c gcc (Debian 12.2.0-14+deb12u1) 12.2.0 -W -Wall -O3 -DNDEBUG
c Sun Sep 13 05:36:52 UTC 2026 Linux discovery-workbench 6.1.0-52-cloud-amd64 x86_64
c
c ---- [ parsing ] -----------------------------------------------------------
c
c opened and reading DIMACS file:
c
c   degree22_paired220.cnf
c
c parsed 'p cnf 140338 2465397' header
c closing input after reading 104882012 bytes (100 MB)
c finished parsing after 1.93 seconds
c
c ---- [ options ] -----------------------------------------------------------
c
c --seed=3                         (different from default '0')
c
c ---- [ solving ] -----------------------------------------------------------
c
c seconds  switched rate     size/glue tier1   binary             remaining
c         MB reductions conflicts size  tier2       irredundant
c          level restarts redundant glue  trail             variables
c
c *  1.93 217 0 0 0  0 0   0   0 0.0 0 0 0 0 0% 140411 2324986 140338 100%
c (  2.07 241 0 0 0  0 0   0   0 0.0 0 0 0 0 0% 140411 2324986 140338 100%
c .  2.07 241 0 0 0  0 0   0   0 0.0 0 0 0 0 0% 140411 2324986 140338 100%
c )  3.43 328 0 0 0  0 0   0   0 0.0 0 0 0 0 0% 140411 2324986 140338 100%
c {  3.51 328 0 0 0  0 0   0   0 0.0 0 0 2 6 0% 140411 2324986 140338 100%
c -  5.96 278 6463 0 1 134 142 1000 678 1.4 29 21 13 30 61% 140411 2324986 140338 100%
c }  5.96 278 6463 1 1 134 142 1000 678 1.4 29 21 13 30 61% 140411 2324986 140338 100%
c [  5.96 278 0 1 1 134 0 1000 678 0.0 0 0 2 6 0% 140411 2324986 140338 100%
c B  5.99 278 18494 1 1 134 18438 1001 679 1.4 17 12 2 6 71% 140411 2324986 140338 100%
c -  6.34 278 40265 1 2 134 66 2002 1484 1.5 33 21 12 30 79% 140411 2324986 140338 100%
c W  7.24 348 40265 1 2 134 66 2002 1484 1.5 33 21 12 30 79% 140411 2324986 140338 100%
c u  8.80 248 16810 1 2 136 33 3372 2802 1.5 51 35 12 30 66% 140411 2324986 140338 100%
c v  9.12 250 16810 1 2 136 33 3372 2798 1.5 51 35 12 30 66% 140411 2324986 140338 100%
c w  9.38 250 16810 1 2 136 33 3372 2798 1.5 51 35 12 30 66% 140411 2324986 140338 100%
c x  9.80 258 16810 1 2 136 33 3372 2798 1.5 51 35 12 30 66% 140413 2324984 140338 100%
c - 10.36 258 16499 1 3 136 32 3416 2448 1.5 52 35 15 57 65% 140413 2324984 140338 100%
c I 10.89 258 12171 1 3 136 24 4261 3278 1.4 59 41 15 62 62% 140413 2324984 140338 100%
c - 11.46 260 9524 1 4 137 19 5149 3416 1.4 60 43 19 75 60% 140413 2324984 140338 100%
c ] 11.83 260 7842 2 4 137 16 6022 4227 1.4 62 46 19 75 59% 140413 2324984 140338 100%
c { 11.83 260 6463 2 4 137 142 6022 4227 1.4 29 21 13 30 61% 140413 2324984 140338 100%
c
c seconds     switched   rate       size/glue  tier1       binary             remaining
c         MB   reductions conflicts       size    tier2         irredundant
c           level  restarts    redundant     glue     trail             variables
c
c i 12.27 262 4072 2 4 149 90 6615 4810 1.4 30 21 13 30 55% 140419 2324984 140082 100%
c i 12.32 262 4009 2 4 149 89 6644 4827 1.4 29 21 13 30 55% 140424 2324984 139946 100%
c i 12.33 262 3992 2 4 149 89 6651 4825 1.4 29 21 13 30 55% 140428 2324984 139670 100%
c i 12.33 262 3987 2 4 149 89 6653 4825 1.4 29 21 13 30 55% 140429 2324984 139669 100%
c i 12.41 262 3514 2 4 149 78 6880 5036 1.4 27 19 13 30 53% 140433 2324984 139555 99%
c i 12.41 262 3505 2 4 149 78 6885 5040 1.4 27 19 13 30 53% 140433 2324984 139543 99%
c } 12.44 262 3272 3 4 149 72 7022 5167 1.5 26 18 13 30 52% 140434 2324984 139542 99%
c [ 12.44 262 7842 3 4 149 16 7022 5167 1.4 62 46 19 75 59% 140434 2324984 139542 99%
c - 12.55 262 7647 3 5 149 16 7149 4393 1.4 61 45 18 79 58% 138903 2324984 139210 99%
c B 13.00 264 6513 3 5 149 14 8032 5262 1.3 62 46 18 79 58% 138903 2324984 139210 99%
c ] 13.12 264 6237 4 5 150 13 8295 5519 1.3 62 46 18 79 57% 138903 2324984 139210 99%
c { 13.12 264 3272 4 5 150 72 8295 5519 1.5 26 18 13 30 52% 138903 2324984 139210 99%
c - 19.08 266 2162 4 6 533 63 9387 5297 1.4 28 20 11 30 51% 138906 2324984 139210 99%
c b 20.18 260 1669 4 6 533 48 10386 6109 1.5 28 19 11 30 44% 139573 2323584 139156 99%
c u 20.68 262 1669 4 6 533 48 10386 6033 1.5 28 19 11 30 44% 139573 2323584 139156 99%
c v 21.25 262 1669 4 6 533 48 10386 5977 1.5 28 19 11 30 44% 139573 2323584 139156 99%
c w 21.61 262 1669 4 6 533 48 10386 5976 1.5 28 19 11 30 44% 139573 2323584 139156 99%
c t 23.51 352 1669 4 6 533 48 10386 5976 1.5 28 19 11 30 44% 139595 2323558 139156 99%
c u 24.43 352 1669 4 6 533 48 10386 5919 1.5 28 19 11 30 44% 139595 2323558 139156 99%
c v 24.95 352 1669 4 6 533 48 10386 5879 1.5 28 19 11 30 44% 139595 2323558 139156 99%
c
c seconds     switched   rate        size/glue  tier1       binary             remaining
c         MB   reductions  conflicts       size    tier2         irredundant
c           level  restarts     redundant     glue     trail             variables
c
c w 25.26 352 1669 4 6 533 48 10386 5878 1.5 28 19 11 30 44% 139595 2323558 139156 99%
c x 25.86 253 1669 4 6 533 48 10386 5878 1.5 28 19 11 30 44% 139602 2323551 139156 99%
c o 26.48 253 1669 4 6 533 48 10386 5878 1.5 28 19 11 30 44% 139602 2323551 139156 99%
c } 26.61 264 1665 5 6 533 46 10647 6115 1.5 27 18 11 30 47% 139602 2323551 139156 99%
c [ 26.61 264 6237 5 6 533 13 10647 6115 1.3 62 46 18 79 57% 139602 2323551 139156 99%
c - 26.93 268 5433 5 7 534 11 11837 6170 1.4 56 41 17 75 63% 139494 2323551 139156 99%
c W 28.87 337 4392 5 7 535 9 13562 7853 1.4 57 41 17 75 62% 139494 2323551 139156 99%
c - 29.37 226 3984 5 8 535 9 14482 7074 1.4 58 42 17 71 61% 139494 2323551 139156 99%
c s 30.99 244 3207 5 8 538 7 16861 9359 1.4 62 45 17 71 60% 139494 2309318 139156 99%
c e 32.69 355 3207 5 8 538 7 16861 9359 1.4 62 45 17 71 60% 35731 2268418 36386 26%
c ^ 33.76 361 3207 5 8 538 7 16861 9359 1.4 62 45 17 71 60% 35731 2268418 36386 26%
c - 34.59 250 3092 5 9 538 7 17314 6428 1.4 63 45 18 72 59% 35731 2268418 36386 26%
c - 35.42 250 2494 5 10 539 6 20315 7057 1.4 68 50 18 77 55% 35731 2268418 36386 26%
c O 35.62 250 2375 5 10 539 5 21092 7815 1.4 69 51 18 77 55% 35731 2268418 36386 26%
c o 35.75 250 2375 5 10 539 5 21092 7815 1.4 69 51 18 77 55% 35731 2268418 36386 26%
c u 36.52 257 2347 5 10 539 5 21276 7903 1.4 68 50 18 77 54% 35731 2268418 36386 26%
c v 36.91 259 2347 5 10 539 5 21276 7800 1.4 68 50 18 77 54% 35731 2268418 36386 26%
c w 37.19 263 2347 5 10 539 5 21276 7800 1.4 68 50 18 77 54% 35731 2268418 36386 26%
c f 37.82 188 2347 5 10 539 5 21276 7800 1.4 68 50 18 77 54% 36270 2241905 36802 26%
c u 38.99 259 2347 5 10 539 5 21276 7624 1.4 68 50 18 77 54% 36270 2241905 36802 26%
c
c seconds     switched   rate        size/glue  tier1      binary            remaining
c         MB    reductions conflicts       size    tier2        irredundant
c           level   restarts    redundant     glue     trail            variables
c
c v 39.36 259 2347 5 10 539 5 21276 7574 1.4 68 50 18 77 54% 36270 2241905 36802 26%
c w 39.64 261 2347 5 10 539 5 21276 7572 1.4 68 50 18 77 54% 36270 2241905 36802 26%
c - 41.55 252 2065 5 11 540 5 23478 7402 1.4 70 50 18 75 52% 36270 2241905 36802 26%
c - 42.28 255 1745 5 12 542 4 26794 8428 1.5 73 50 18 72 51% 36270 2241905 36802 26%
c - 43.05 259 1516 5 13 545 4 30258 8999 1.4 73 51 18 74 55% 36270 2241905 36802 26%
c B 43.21 259 1483 5 13 545 4 30853 9583 1.4 74 52 18 74 56% 36270 2241905 36802 26%
c ] 43.44 261 1433 6 13 546 4 31850 10565 1.4 74 52 18 74 57% 36270 2241905 36802 26%
c { 43.44 261 1665 6 13 546 46 31850 10565 1.5 27 18 11 30 47% 36270 2241905 36802 26%
c i 43.95 265 1462 6 13 638 42 32465 11172 1.4 26 18 11 30 45% 36273 2241905 36773 26%
c i 43.96 265 1462 6 13 638 42 32466 11172 1.4 26 18 11 30 45% 36273 2241905 36763 26%
c i 43.96 265 1462 6 13 638 42 32467 11172 1.4 26 18 11 30 45% 36273 2241905 36713 26%
c i 43.96 265 1461 6 13 638 42 32468 11172 1.4 26 18 11 30 45% 36273 2241905 36688 26%
c i 43.98 265 1452 6 13 638 42 32503 11196 1.4 26 18 11 30 45% 36278 2241905 36632 26%
c i 43.98 265 1452 6 13 638 42 32504 11196 1.4 26 18 11 30 45% 36278 2241905 36563 26%
c i 43.99 265 1449 6 13 638 42 32513 11200 1.4 26 18 11 30 45% 36279 2241905 36517 26%
c i 44.39 265 1300 6 13 711 38 33094 11779 1.4 26 18 11 30 43% 36279 2241905 36469 26%
c i 44.41 265 1300 6 13 711 38 33095 11779 1.4 26 18 11 30 43% 36279 2241905 36468 26%
c i 44.42 267 1295 6 13 711 38 33121 11803 1.4 26 18 11 30 43% 36279 2241905 36465 26%
c i 44.42 267 1287 6 13 711 38 33159 11827 1.4 26 18 11 30 43% 36285 2241905 36443 26%
c i 44.43 267 1270 6 13 711 37 33239 11903 1.4 25 18 11 30 42% 36287 2241905 36432 26%
c
c seconds     switched    rate         size/glue  tier1      binary            remaining
c         MB    reductions  conflicts        size    tier2        irredundant
c           level   restarts      redundant     glue     trail            variables
c
c e 45.99 356 1208 6 13 748 36 33537 12199 1.4 25 18 11 30 42% 33947 2245829 34241 24%
c s 46.30 356 1208 6 13 748 36 33537 12199 1.4 25 18 11 30 42% 33947 2245824 34241 24%
c e 46.70 356 1208 6 13 748 36 33537 12199 1.4 25 18 11 30 42% 33947 2245825 34240 24%
c ^ 46.70 356 1208 6 13 748 36 33537 12199 1.4 25 18 11 30 42% 33947 2245825 34240 24%
c i 47.05 254 1170 6 13 777 35 33740 11563 1.4 25 18 11 30 41% 33953 2245825 34234 24%
c - 47.20 254 1148 6 14 800 35 33863 8621 1.4 25 18 10 25 41% 33582 2245824 34234 24%
c i 47.50 254 1055 6 14 862 33 34436 9190 1.4 25 18 10 25 39% 33582 2245824 34212 24%
c i 47.51 254 1054 6 14 862 33 34445 9195 1.4 25 18 10 25 39% 33585 2245824 34200 24%
c i 47.52 254 1053 6 14 862 33 34453 9202 1.4 25 18 10 25 39% 33585 2245824 34171 24%
c i 47.95 254 967 6 14 947 31 35089 9831 1.4 25 18 10 25 38% 33587 2245823 34106 24%
c i 47.98 254 960 6 14 947 31 35165 9898 1.4 25 18 10 25 38% 33591 2245823 34101 24%
c i 47.98 254 959 6 14 947 31 35170 9902 1.4 25 18 10 25 38% 33591 2245823 34071 24%
c i 48.43 254 893 6 14 1021 29 35764 10492 1.4 25 18 10 25 38% 33593 2245823 34063 24%
c i 48.45 254 891 6 14 1021 29 35789 10507 1.4 25 18 10 25 38% 33599 2245823 34050 24%
c } 48.46 254 878 7 14 1021 29 35919 10628 1.4 24 18 10 25 37% 33601 2245823 34050 24%
c [ 48.46 254 1433 7 14 1021 4 35919 10628 1.4 74 52 18 74 57% 33601 2245823 34050 24%
c i 48.48 254 1427 7 14 1021 4 36017 10719 1.4 74 52 18 74 57% 33602 2245823 34022 24%
c b 48.86 254 1423 7 14 1021 4 36094 10732 1.4 73 52 18 74 57% 33782 2245181 33971 24%
c u 49.22 254 1423 7 14 1021 4 36094 10603 1.4 73 52 18 74 57% 33783 2245181 33971 24%
c v 49.59 254 1423 7 14 1021 4 36094 10475 1.4 73 52 18 74 57% 33783 2245181 33971 24%
c
c seconds     switched    rate         size/glue  tier1      binary            remaining
c         MB    reductions  conflicts        size    tier2        irredundant
c           level    restarts     redundant     glue     trail            variables
c
c w 49.88 254 1423 7 14 1021 4 36094 10474 1.4 73 52 18 74 57% 33783 2245181 33971 24%
c x 50.31 254 1423 7 14 1021 4 36094 10474 1.4 73 52 18 74 57% 33827 2245037 33957 24%
c t 50.70 254 1423 7 14 1021 4 36094 10471 1.4 73 52 18 74 57% 33829 2245007 33957 24%
c f 50.87 192 1423 7 14 1021 4 36094 10471 1.4 73 52 18 74 57% 34051 2243132 34139 24%
c u 51.78 261 1423 7 14 1021 4 36094 10326 1.4 73 52 18 74 57% 34051 2243132 34139 24%
c v 52.19 261 1423 7 14 1021 4 36094 10159 1.4 73 52 18 74 57% 34051 2243132 34139 24%
c w 52.46 261 1423 7 14 1021 4 36094 10158 1.4 73 52 18 74 57% 34051 2243132 34139 24%
c i 52.85 261 1423 7 14 1021 4 36094 10158 1.4 73 52 18 74 57% 34051 2243132 34139 24%
c - 53.17 263 1358 7 15 1022 4 37604 9116 1.4 74 52 18 75 59% 33673 2243132 34139 24%
c - 53.92 263 1212 7 16 1025 3 41477 9387 1.4 75 54 18 77 63% 33673 2243132 34139 24%
c o 54.16 263 1193 7 16 1026 3 42076 9956 1.4 75 55 18 77 63% 33673 2243132 34139 24%
c W 55.12 323 1161 7 16 1026 3 43076 10933 1.4 76 55 18 78 64% 33673 2243132 34139 24%
c - 55.75 230 1087 7 17 1027 3 45478 9341 1.4 77 56 18 80 64% 33673 2243132 34139 24%
c ] 55.98 230 1052 8 17 1027 3 46633 10457 1.4 77 57 18 80 63% 33673 2243132 34139 24%
c { 55.98 230 878 8 17 1027 29 46633 10457 1.4 24 18 10 25 37% 33673 2243132 34139 24%
c - 60.97 275 705 8 18 1696 30 49602 10899 1.3 26 19 11 26 39% 33674 2243132 34139 24%
c } 65.36 281 606 9 18 2302 30 52792 14074 1.3 27 21 11 26 39% 33674 2243132 34139 24%
c [ 65.36 281 1052 9 18 2302 3 52792 14074 1.4 77 57 18 80 63% 33674 2243132 34139 24%
c - 65.55 281 1021 9 19 2303 3 53845 12775 1.4 77 56 18 80 63% 33674 2243132 34139 24%
c u 66.84 283 986 9 19 2304 3 55171 13790 1.4 76 56 18 80 62% 33676 2243132 34139 24%
c
c seconds    switched    rate         size/glue  tier1      binary            remaining
c         MB   reductions  conflicts        size    tier2        irredundant
c           level   restarts     redundant     glue     trail            variables
c
c v 67.54 283 986 9 19 2304 3 55171 13470 1.4 76 56 18 80 62% 33676 2243132 34139 24%
c w 67.91 283 986 9 19 2304 3 55171 13469 1.4 76 56 18 80 62% 33676 2243132 34139 24%
c t 68.31 283 986 9 19 2304 3 55171 13469 1.4 76 56 18 80 62% 33675 2243132 34137 24%
c u 69.95 257 986 9 19 2304 3 55171 13104 1.4 76 56 18 80 62% 33671 2243130 34137 24%
c v 70.68 257 986 9 19 2304 3 55171 12849 1.4 76 56 18 80 62% 33671 2243130 34137 24%
c w 71.08 257 986 9 19 2304 3 55171 12849 1.4 76 56 18 80 62% 33671 2243130 34137 24%
c I 73.92 249 918 9 19 2306 3 57981 15588 1.4 77 57 18 80 60% 33671 2243130 34137 24%
c - 74.01 249 913 9 20 2306 3 58206 12362 1.4 77 57 18 80 60% 33671 2243130 34137 24%
c - 74.89 249 819 9 21 2308 3 62678 12567 1.3 77 57 18 81 58% 33671 2243130 34137 24%
c - 75.87 249 741 9 22 2311 2 67261 12559 1.3 78 59 19 81 56% 33671 2243130 34137 24%
c s 77.05 255 706 9 22 2312 2 69631 14810 1.3 79 59 19 81 55% 33671 2242306 34137 24%
c e 78.14 345 706 9 22 2312 2 69631 14810 1.3 79 59 19 81 55% 33449 2242469 33938 24%
c s 78.82 345 706 9 22 2312 2 69631 14810 1.3 79 59 19 81 55% 33450 2242361 33938 24%
c ^ 79.30 345 706 9 22 2312 2 69631 14810 1.3 79 59 19 81 55% 33450 2242361 33938 24%
c - 80.02 255 674 9 23 2314 2 71951 12436 1.3 79 60 19 82 55% 33450 2242361 33938 24%
c B 80.81 255 627 9 23 2315 2 75787 16116 1.3 80 60 19 82 54% 33450 2242361 33938 24%
c o 80.93 255 627 9 23 2315 2 75787 16116 1.3 80 60 19 82 54% 33450 2242361 33938 24%
c - 81.13 258 620 9 24 2315 2 76747 13066 1.3 80 60 19 82 55% 33450 2242361 33938 24%
c u 82.17 260 606 9 24 2316 2 78641 14848 1.3 80 60 19 82 56% 33450 2242361 33938 24%
c v 82.53 260 606 9 24 2316 2 78641 14710 1.3 80 60 19 82 56% 33450 2242361 33938 24%
c
c seconds    switched    rate         size/glue  tier1      binary            remaining
c         MB   reductions  conflicts        size    tier2        irredundant
c           level   restarts     redundant     glue     trail            variables
c
c w 82.87 262 606 9 24 2316 2 78641 14710 1.3 80 60 19 82 56% 33450 2242361 33938 24%
c f 83.78 193 606 9 24 2316 2 78641 14710 1.3 80 60 19 82 56% 33453 2242342 33941 24%
c u 84.69 262 606 9 24 2316 2 78641 14594 1.3 80 60 19 82 56% 33453 2242342 33941 24%
c v 85.12 262 606 9 24 2316 2 78641 14419 1.3 80 60 19 82 56% 33453 2242342 33941 24%
c w 85.43 264 606 9 24 2316 2 78641 14419 1.3 80 60 19 82 56% 33453 2242342 33941 24%
c - 86.47 264 586 9 25 2316 2 81645 13282 1.3 81 61 19 83 58% 33453 2242342 33941 24%
c - 87.65 266 556 9 26 2318 2 86647 13433 1.3 82 61 18 82 62% 33453 2242342 33941 24%
c ] 88.95 266 531 10 26 2321 2 91619 18196 1.3 83 63 18 82 64% 33453 2242342 33941 24%
c { 88.95 266 606 10 26 2321 30 91619 18196 1.3 27 21 11 26 39% 33453 2242342 33941 24%
c - 89.57 283 602 10 27 2354 30 91746 14315 1.3 27 21 12 29 39% 33453 2242342 33941 24%
c - 92.69 295 637 10 28 2619 24 96942 14714 1.4 27 20 10 26 47% 33455 2242342 33941 24%
c } 96.69 303 620 11 28 3133 24 100248 17968 1.3 27 20 10 26 49% 33457 2242342 33941 24%
c [ 96.69 303 531 11 28 3133 2 100248 17968 1.3 83 63 18 82 64% 33457 2242342 33941 24%
c W 97.68 327 531 11 28 3133 2 100248 17968 1.3 83 63 18 82 64% 33457 2242342 33941 24%
c - 98.23 233 515 11 29 3134 2 102233 15970 1.3 83 63 18 84 64% 33457 2242342 33941 24%
c u 100.39 237 484 11 29 3138 2 106670 20011 1.3 84 63 18 84 62% 33460 2242342 33941 24%
c v 101.13 241 484 11 29 3138 2 106670 19707 1.3 84 63 18 84 62% 33460 2242342 33941 24%
c w 101.54 245 484 11 29 3138 2 106670 19707 1.3 84 63 18 84 62% 33460 2242342 33941 24%
c - 102.49 245 477 11 30 3138 2 107618 15884 1.3 84 63 18 84 62% 33460 2242342 33941 24%
c - 103.76 245 444 11 31 3140 2 113095 16110 1.3 84 63 18 84 60% 33460 2242342 33941 24%
c
c seconds      switched    rate          size/glue  tier1      binary            remaining
c          MB    reductions  conflicts         size    tier2        irredundant
c            level    restarts      redundant     glue     trail            variables
c
c - 105.15 245 414 11 32 3144 2 118663 16443 1.3 84 64 18 84 58% 33460 2242342 33941 24%
c - 106.54 245 387 11 33 3146 2 124321 16703 1.3 84 64 17 84 57% 33460 2242342 33941 24%
c O 106.57 245 387 11 33 3146 2 124473 16847 1.3 84 64 17 84 57% 33460 2242342 33941 24%
c o 106.69 245 387 11 33 3146 2 124473 16847 1.3 84 64 17 84 57% 33460 2242342 33941 24%
c ] 107.02 245 377 12 33 3147 2 126649 18885 1.3 83 63 17 84 56% 33460 2242342 33941 24%
c { 107.03 245 620 12 33 3147 24 126649 18885 1.3 27 20 10 26 49% 33460 2242342 33941 24%
c s 108.73 273 598 12 33 3279 24 127755 19944 1.3 27 20 10 26 48% 33463 2240408 33941 24%
c e 110.00 347 598 12 33 3279 24 127755 19944 1.3 27 20 10 26 48% 21620 2287720 22118 16%
c s 110.77 355 598 12 33 3279 24 127755 19944 1.3 27 20 10 26 48% 21620 2287672 22118 16%
c ^ 111.17 355 598 12 33 3279 24 127755 19944 1.3 27 20 10 26 48% 21620 2287672 22118 16%
c - 111.97 262 543 12 34 3279 22 130065 16021 1.4 27 19 10 24 44% 21620 2287672 22118 16%
c - 112.24 264 440 12 35 3279 17 135895 15370 1.5 26 17 7 19 37% 21620 2287672 22118 16%
c } 112.36 264 409 13 35 3279 16 138128 17310 1.5 26 17 7 19 35% 21620 2287672 22118 16%
c [ 112.36 264 377 13 35 3279 2 138128 17310 1.3 83 63 17 84 56% 21620 2287672 22118 16%
c u 113.41 270 371 13 35 3280 2 139426 18393 1.3 82 63 17 84 55% 21631 2287672 22118 16%
c v 113.83 272 371 13 35 3280 2 139426 18195 1.3 82 63 17 84 55% 21631 2287672 22118 16%
c w 114.13 274 371 13 35 3280 2 139426 18179 1.3 82 63 17 84 55% 21631 2287672 22118 16%
c t 114.52 274 371 13 35 3280 2 139426 18179 1.3 82 63 17 84 55% 21628 2287672 22118 16%
c b 114.53 274 371 13 35 3280 2 139426 18179 1.3 82 63 17 84 55% 21628 2287672 22117 16%
c f 114.80 195 371 13 35 3280 2 139426 18179 1.3 82 63 17 84 55% 22181 2278305 22482 16%
c
c seconds      switched    rate          size/glue  tier1      binary            remaining
c          MB    reductions  conflicts         size    tier2        irredundant
c            level    restarts      redundant     glue     trail            variables
c
c u 116.07 265 371 13 35 3280 2 139426 18109 1.3 82 63 17 84 55% 22176 2278305 22482 16%
c v 116.45 267 371 13 35 3280 2 139426 17953 1.3 82 63 17 84 55% 22176 2278305 22482 16%
c w 116.76 267 371 13 35 3280 2 139426 17950 1.3 82 63 17 84 55% 22176 2278305 22482 16%
c - 119.04 265 363 13 36 3281 2 141812 15149 1.3 82 62 17 83 55% 22176 2278305 22482 16%
c - 119.36 267 335 13 37 3285 2 147812 16298 1.3 77 58 17 82 52% 22176 2278305 22482 16%
c B 119.61 267 315 13 37 3287 2 152213 19920 1.3 73 56 17 82 49% 22176 2278305 22482 16%
c ] 119.66 267 312 14 37 3288 2 152937 20567 1.3 73 55 17 82 48% 22176 2278305 22482 16%
c { 119.66 267 409 14 37 3288 16 152937 20567 1.5 26 17 7 19 35% 22176 2278305 22482 16%
c - 120.83 291 400 14 38 3414 16 153894 17434 1.5 26 17 7 17 35% 22176 2278305 22482 16%
c - 130.63 309 364 14 39 4882 19 160059 19131 1.5 26 18 7 19 35% 22176 2278305 22482 16%
c - 141.72 321 328 14 40 6501 23 166304 20583 1.4 27 19 7 20 35% 22177 2278305 22482 16%
c } 144.02 323 322 15 40 6800 23 167652 21930 1.4 28 19 7 20 35% 22177 2278305 22482 16%
c [ 144.02 323 312 15 40 6800 2 167652 21930 1.3 73 55 17 82 48% 22177 2278305 22482 16%
c - 144.42 325 294 15 41 6803 2 172628 20896 1.3 69 52 16 78 46% 22177 2278305 22482 16%
c u 145.75 325 278 15 41 6806 2 177074 24091 1.3 66 50 16 78 44% 22177 2278305 22482 16%
c v 146.53 325 278 15 41 6806 2 177074 23817 1.3 66 50 16 78 44% 22177 2278305 22482 16%
c w 146.89 325 278 15 41 6806 2 177074 23220 1.3 66 50 16 78 44% 22177 2278305 22482 16%
c o 148.39 325 278 15 41 6806 2 177074 23220 1.3 66 50 16 78 44% 22177 2278305 22482 16%
c - 148.87 325 274 15 42 6806 2 179032 19118 1.3 67 51 15 77 44% 22177 2278305 22482 16%
c W 150.92 333 265 15 42 6809 2 183663 23606 1.3 68 52 15 77 43% 22177 2278305 22482 16%
c
c seconds      switched    rate          size/glue  tier1      binary            remaining
c          MB    reductions  conflicts         size    tier2        irredundant
c            level    restarts      redundant     glue     trail            variables
c
c - 151.42 233 261 15 43 6811 2 185512 18651 1.3 69 52 15 77 43% 22177 2278305 22482 16%
c - 153.00 233 250 15 44 6813 2 192069 17492 1.3 71 54 16 79 43% 22177 2278305 22482 16%
c - 154.45 233 238 15 45 6814 2 198702 17023 1.3 72 56 16 79 43% 22177 2278305 22482 16%
c - 155.88 233 228 15 46 6818 2 205410 17791 1.3 74 57 16 80 42% 22177 2278305 22482 16%
c s 158.43 252 221 15 46 6821 2 210537 22654 1.3 75 59 16 80 42% 22177 2274629 22482 16%
c e 159.67 347 221 15 46 6821 2 210537 22654 1.3 75 59 16 80 42% 19996 2288889 20313 14%
c s 160.91 347 221 15 46 6821 2 210537 22654 1.3 75 59 16 80 42% 19996 2288864 20313 14%
c ^ 161.31 347 221 15 46 6821 2 210537 22654 1.3 75 59 16 80 42% 19996 2288864 20313 14%
c - 161.91 252 219 15 47 6821 2 212193 16408 1.3 76 59 16 81 42% 19996 2288864 20313 14%
c I 164.29 287 212 15 47 6826 2 219015 22782 1.3 77 60 16 81 43% 19996 2288864 20313 14%
c - 164.39 289 212 15 48 6827 2 219048 16327 1.3 77 60 16 81 43% 19996 2288864 20313 14%
c u 165.53 291 211 15 48 6827 2 219693 16785 1.3 77 60 16 81 43% 19996 2288864 20313 14%
c v 166.19 291 211 15 48 6827 2 219693 16338 1.3 77 60 16 81 43% 19996 2288864 20313 14%
c w 166.60 291 211 15 48 6827 2 219693 16322 1.3 77 60 16 81 43% 19996 2288864 20313 14%
c f 167.29 191 211 15 48 6827 2 219693 16322 1.3 77 60 16 81 43% 20106 2286787 20397 15%
c u 168.48 261 211 15 48 6827 2 219693 16260 1.3 77 60 16 81 43% 20106 2286787 20397 15%
c v 169.15 263 211 15 48 6827 2 219693 15936 1.3 77 60 16 81 43% 20106 2286787 20397 15%
c w 169.55 265 211 15 48 6827 2 219693 15932 1.3 77 60 16 81 43% 20106 2286787 20397 15%
c - 171.21 265 203 15 49 6829 1 225977 16917 1.3 78 60 16 81 43% 20106 2286787 20397 15%
c - 172.72 265 194 15 50 6829 1 232977 18135 1.3 78 60 16 81 43% 20106 2286787 20397 15%
c
c seconds      switched    rate          size/glue  tier1      binary            remaining
c          MB    reductions  conflicts         size    tier2        irredundant
c            level    restarts      redundant     glue     trail            variables
c
c - 173.76 265 186 15 51 6830 1 240048 18969 1.3 79 60 16 80 43% 20106 2286787 20397 15%
c - 174.73 265 180 15 52 6830 1 247189 19475 1.3 79 60 16 80 43% 20106 2286787 20397 15%
c - 175.84 265 173 15 53 6834 1 254401 20244 1.3 80 60 16 79 43% 20106 2286787 20397 15%
c B 176.48 265 170 15 53 6837 1 258455 24165 1.3 80 61 16 79 43% 20106 2286787 20397 15%
c o 176.58 265 170 15 53 6837 1 258455 24165 1.3 80 61 16 79 43% 20106 2286787 20397 15%
c - 177.02 267 173 15 54 6837 1 261681 20689 1.3 80 61 16 79 44% 20106 2286787 20397 15%
c u 178.38 269 172 15 54 6842 1 267433 26045 1.3 80 61 16 79 44% 20106 2286787 20397 15%
c v 178.88 269 172 15 54 6842 1 267433 25905 1.3 80 61 16 79 44% 20106 2286787 20397 15%
c w 179.17 271 172 15 54 6842 1 267433 25905 1.3 80 61 16 79 44% 20106 2286787 20397 15%
c - 179.79 273 174 15 55 6843 1 269031 20018 1.3 80 61 16 80 45% 20106 2286787 20397 15%
c ] 180.27 273 176 16 55 6844 1 271572 22491 1.3 80 62 16 80 46% 20106 2286787 20397 15%
c { 180.27 273 322 16 55 6844 23 271572 22491 1.4 28 19 7 20 35% 20106 2286787 20397 15%
c - 187.13 301 309 16 56 7936 24 276447 21733 1.4 28 20 8 22 36% 20106 2286787 20397 15%
c - 194.29 311 306 16 57 9222 24 283930 24397 1.4 28 21 8 23 37% 20107 2286787 20397 15%
c } 196.14 313 285 17 57 9464 22 289909 29910 1.4 28 20 8 23 35% 20107 2286787 20397 15%
c [ 196.14 313 176 17 57 9464 1 289909 29910 1.3 80 62 16 80 46% 20107 2286787 20397 15%
c - 196.32 313 174 17 58 9465 1 291479 25733 1.3 80 61 16 80 46% 20107 2286787 20397 15%
c - 198.92 323 180 17 59 9470 1 299094 24329 1.3 81 62 16 80 48% 20107 2286787 20397 15%
c W 200.38 329 182 17 59 9470 1 302167 27381 1.3 83 63 16 80 47% 20107 2286787 20397 15%
c - 201.33 255 184 17 60 9474 1 306775 22647 1.3 86 65 17 82 47% 20107 2286787 20397 15%
c
c seconds      switched    rate          size/glue  tier1      binary            remaining
c          MB    reductions  conflicts         size    tier2        irredundant
c            level    restarts      redundant     glue     trail            variables
c
c - 203.31 261 187 17 61 9477 1 314521 22579 1.4 89 66 17 82 46% 20107 2286787 20397 15%
c s 205.27 279 188 17 61 9478 1 320107 28095 1.4 93 67 17 82 46% 20107 2286429 20397 15%
c e 206.08 349 188 17 61 9478 1 320107 28095 1.4 93 67 17 82 46% 18605 2305471 18963 14%
c s 206.97 349 188 17 61 9478 1 320107 28095 1.4 93 67 17 82 46% 18605 2305432 18963 14%
c ! 207.40 349 188 17 61 9478 1 320107 28095 1.4 93 67 17 82 46% 18605 2305432 18963 14%
c u 209.21 279 188 17 61 9478 1 320344 22706 1.4 93 67 17 82 46% 18606 2305432 18963 14%
c v 210.41 283 188 17 61 9478 1 320344 22315 1.4 93 67 17 82 46% 18606 2305432 18963 14%
c w 211.04 287 188 17 61 9478 1 320344 22314 1.4 93 67 17 82 46% 18606 2305432 18963 14%
c f 211.60 191 188 17 61 9478 1 320344 22314 1.4 93 67 17 82 46% 18764 2302887 19073 14%
c u 213.16 277 188 17 61 9478 1 320344 22066 1.4 93 67 17 82 46% 18766 2302887 19073 14%
c v 214.34 279 188 17 61 9478 1 320344 21770 1.4 93 67 17 82 46% 18766 2302887 19073 14%
c w 214.85 283 188 17 61 9478 1 320344 21762 1.4 93 67 17 82 46% 18766 2302887 19073 14%
c t 216.81 357 188 17 61 9478 1 320344 21762 1.4 93 67 17 82 46% 18765 2302887 19073 14%
c - 217.81 277 190 17 62 9478 1 322331 16364 1.4 94 68 17 83 46% 18765 2302887 19073 14%
c o 219.14 283 193 17 62 9484 1 328883 22820 1.4 96 70 17 83 45% 18765 2302887 19073 14%
c - 219.36 285 192 17 63 9484 1 330205 17071 1.4 96 69 17 84 45% 18765 2302887 19073 14%
c - 220.39 285 184 17 64 9488 1 338142 19582 1.4 95 68 17 83 45% 18765 2302887 19073 14%
c - 221.58 287 177 17 65 9492 1 346143 21350 1.4 94 67 17 82 44% 18765 2302887 19073 14%
c O 222.22 287 173 17 65 9493 1 350329 25437 1.4 94 66 17 82 44% 18765 2302887 19073 14%
c i 222.51 287 172 17 65 9493 1 351403 26487 1.4 94 66 17 82 44% 18765 2302887 19069 14%
c
c seconds      switched    rate          size/glue  tier1      binary            remaining
c          MB    reductions  conflicts         size    tier2        irredundant
c            level    restarts      redundant     glue     trail            variables
c
c i 222.53 287 172 17 65 9493 1 351409 26490 1.4 94 66 17 82 44% 18767 2302887 19037 14%
c - 222.78 289 171 17 66 9493 1 354206 21745 1.4 91 64 17 81 45% 18669 2302887 19037 14%
c - 223.33 291 162 17 67 9494 1 362331 22182 1.4 88 62 17 80 42% 18669 2302887 19037 14%
c - 223.98 291 153 17 68 9494 1 370519 23950 1.4 86 60 17 78 40% 18669 2302887 19037 14%
c b 225.00 295 151 17 68 9500 1 378620 31599 1.4 83 58 17 78 40% 18741 2302723 19036 14%
c u 225.32 295 151 17 68 9500 1 378620 31451 1.4 83 58 17 78 40% 18741 2302723 19036 14%
c v 225.64 295 151 17 68 9500 1 378620 31327 1.4 83 58 17 78 40% 18741 2302723 19036 14%
c w 225.91 305 151 17 68 9500 1 378620 31327 1.4 83 58 17 78 40% 18741 2302723 19036 14%
c x 226.23 305 151 17 68 9500 1 378620 31327 1.4 83 58 17 78 40% 18744 2302113 19036 14%
c u 227.40 305 151 17 68 9500 1 378620 31076 1.4 83 58 17 78 40% 18747 2302113 19036 14%
c v 227.78 305 151 17 68 9500 1 378620 30895 1.4 83 58 17 78 40% 18747 2302113 19036 14%
c w 228.04 305 151 17 68 9500 1 378620 30894 1.4 83 58 17 78 40% 18747 2302113 19036 14%
c t 228.31 305 151 17 68 9500 1 378620 30894 1.4 83 58 17 78 40% 18745 2302113 19036 14%
c - 228.54 305 151 17 69 9500 1 378767 24856 1.4 83 58 17 77 40% 18742 2302113 19036 14%
c ] 229.68 305 158 18 69 9502 1 385376 31295 1.4 83 58 17 77 43% 18742 2302113 19036 14%
c { 229.68 305 285 18 69 9502 22 385376 31295 1.4 28 20 8 23 35% 18742 2302113 19036 14%
c - 230.25 307 278 18 70 9529 22 387073 23809 1.4 28 20 8 22 35% 18747 2302113 19036 14%
c i 230.29 307 277 18 70 9529 22 387333 24048 1.4 28 20 8 22 34% 18753 2302113 19034 14%
c i 230.29 307 277 18 70 9529 22 387334 24048 1.4 28 20 8 22 34% 18753 2302113 19033 14%
c i 230.31 307 277 18 70 9530 22 387427 24140 1.4 28 20 8 22 34% 18753 2302113 19026 14%
c
c seconds      switched     rate          size/glue  tier1     binary            remaining
c          MB    reductions   conflicts         size   tier2        irredundant
c            level    restarts       redundant     glue    trail            variables
c
c i 230.44 307 275 18 70 9530 21 387907 24600 1.4 28 20 8 22 34% 18764 2302112 19002 14%
c i 230.44 307 275 18 70 9530 21 387908 24600 1.4 28 20 8 22 34% 18764 2302112 19000 14%
c i 230.44 307 275 18 70 9530 21 387909 24600 1.4 28 20 8 22 34% 18764 2302112 18999 14%
c i 230.44 307 275 18 70 9530 21 387917 24602 1.4 28 20 8 22 34% 18768 2302112 18994 14%
c i 230.51 307 269 18 70 9531 21 389351 25949 1.4 28 20 8 22 34% 18769 2302112 18989 14%
c i 230.51 307 269 18 70 9531 21 389352 25949 1.4 28 20 8 22 34% 18769 2302112 18955 14%
c i 230.52 307 269 18 70 9531 21 389353 25949 1.4 28 20 8 22 34% 18769 2302112 18952 14%
c - 231.29 307 251 18 71 9531 19 395439 23557 1.4 26 18 8 20 33% 18612 2302112 18952 14%
c - 231.98 307 224 18 72 9531 16 403867 24462 1.5 24 17 7 18 30% 18622 2302112 18952 14%
c } 232.34 309 213 19 72 9531 15 407721 28021 1.5 24 16 7 18 29% 18626 2302112 18952 14%
c [ 232.34 309 158 19 72 9531 1 407721 28021 1.4 83 58 17 77 43% 18626 2302112 18952 14%
c B 232.34 309 158 19 72 9531 1 407721 28021 1.4 83 58 17 77 43% 18626 2302112 18952 14%
c - 235.53 325 163 19 73 9534 1 412352 26845 1.4 85 59 17 78 44% 18626 2302112 18952 14%
c o 235.69 325 163 19 73 9535 1 412844 27332 1.4 85 59 17 78 44% 18626 2302112 18952 14%
c ] 237.12 329 169 20 73 9537 1 419609 34029 1.4 88 61 17 78 45% 18626 2302112 18952 14%
c { 237.12 329 213 20 73 9537 15 419609 34029 1.5 24 16 7 18 29% 18626 2302112 18952 14%
c - 238.87 333 211 20 74 9888 16 420896 28594 1.5 24 16 6 18 29% 18626 2302112 18952 14%
c - 248.70 303 202 20 75 11646 18 429499 31953 1.4 25 17 6 18 30% 18626 2302112 18952 14%
c - 258.38 313 194 20 76 13415 20 438159 35341 1.4 26 18 7 19 31% 18626 2302112 18952 14%
c b 260.92 313 188 20 76 13768 19 442267 39352 1.4 25 18 7 19 30% 18712 2301489 18951 14%
c
c seconds      switched      rate          size/glue  tier1     binary            remaining
c          MB    reductions    conflicts         size   tier2        irredundant
c            level    restarts        redundant     glue    trail            variables
c
c u 262.27 315 188 20 76 13768 19 442267 38701 1.4 25 18 7 19 30% 18722 2301489 18951 14%
c v 263.52 315 188 20 76 13768 19 442267 37631 1.4 25 18 7 19 30% 18722 2301489 18951 14%
c w 264.27 315 188 20 76 13768 19 442267 37623 1.4 25 18 7 19 30% 18722 2301489 18951 14%
c t 264.53 315 188 20 76 13768 19 442267 37623 1.4 25 18 7 19 30% 18710 2301474 18949 14%
c u 265.79 315 188 20 76 13768 19 442267 36994 1.4 25 18 7 19 30% 18711 2301446 18949 14%
c v 266.68 315 188 20 76 13768 19 442267 36366 1.4 25 18 7 19 30% 18711 2301446 18949 14%
c w 267.15 315 188 20 76 13768 19 442267 36363 1.4 25 18 7 19 30% 18711 2301446 18949 14%
c x 267.85 315 188 20 76 13768 19 442267 36363 1.4 25 18 7 19 30% 18711 2293359 18949 14%
c } 272.94 317 192 21 76 14450 20 446349 40393 1.4 26 19 7 19 31% 18711 2293359 18949 14%
c [ 272.94 317 169 21 76 14450 1 446349 40393 1.4 88 61 17 78 45% 18711 2293359 18949 14%
c - 273.26 319 169 21 77 14450 1 446877 34337 1.4 87 61 17 79 45% 18701 2293359 18949 14%
c - 277.55 321 173 21 78 14456 1 455651 33461 1.4 88 62 17 79 45% 18701 2293359 18949 14%
c s 280.63 321 174 21 78 14457 1 458685 36460 1.4 91 63 17 79 46% 18701 2288514 18949 14%
c e 282.10 379 174 21 78 14457 1 458685 36460 1.4 91 63 17 79 46% 18603 2289221 18855 13%
c s 284.34 379 174 21 78 14457 1 458685 36460 1.4 91 63 17 79 46% 18603 2288627 18855 13%
c e 285.06 379 174 21 78 14457 1 458685 36460 1.4 91 63 17 79 46% 18600 2288669 18852 13%
c - 287.62 279 177 21 79 14461 1 464482 30157 1.4 91 64 17 80 46% 18600 2288669 18852 13%
c W 288.93 333 178 21 79 14462 1 465305 30977 1.4 91 64 17 80 46% 18600 2288669 18852 13%
c - 291.46 248 175 21 80 14464 1 473370 29116 1.4 92 65 17 81 45% 18600 2288669 18852 13%
c - 293.90 248 172 21 81 14467 1 482314 27775 1.4 93 67 17 81 45% 18600 2288669 18852 13%
c
c seconds      switched     rate          size/glue  tier1      binary            remaining
c          MB    reductions   conflicts         size    tier2        irredundant
c            level    restarts       redundant     glue     trail            variables
c
c - 296.49 248 167 21 82 14471 1 491317 28004 1.4 93 68 17 81 45% 18600 2288669 18852 13%
c - 299.18 248 162 21 83 14478 1 500373 28055 1.4 93 69 17 81 45% 18600 2288669 18852 13%
c - 302.20 250 158 21 84 14479 1 509483 28590 1.4 94 69 17 81 45% 18600 2288669 18852 13%
c u 304.58 258 157 21 84 14479 1 511348 30045 1.4 94 70 17 81 45% 18606 2288669 18839 13%
c v 306.05 260 157 21 84 14479 1 511348 29475 1.4 94 70 17 81 45% 18606 2288669 18839 13%
c w 306.76 264 157 21 84 14479 1 511348 29474 1.4 94 70 17 81 45% 18606 2288669 18839 13%
c t 307.22 264 157 21 84 14479 1 511348 29438 1.4 94 70 17 81 45% 18636 2288612 18834 13%
c f 307.52 171 157 21 84 14479 1 511348 29438 1.4 94 70 17 81 45% 18655 2288324 18848 13%
c u 309.11 244 157 21 84 14479 1 511348 28866 1.4 94 70 17 81 45% 18672 2288294 18844 13%
c v 310.05 246 157 21 84 14479 1 511348 28345 1.4 94 70 17 81 45% 18672 2288294 18844 13%
c w 310.60 251 157 21 84 14479 1 511348 28343 1.4 94 70 17 81 45% 18672 2288294 18844 13%
c x 311.37 264 157 21 84 14479 1 511348 28343 1.4 94 70 17 81 45% 18679 2283935 18844 13%
c t 311.84 264 157 21 84 14479 1 511348 28322 1.4 94 70 17 81 45% 18675 2283935 18841 13%
c i 312.16 264 157 21 84 14479 1 511348 28322 1.4 94 70 17 81 45% 18675 2283935 18841 13%
c o 312.32 264 157 21 84 14479 1 511348 28322 1.4 94 70 17 81 45% 18675 2283935 18841 13%
c - 314.12 264 153 21 85 14480 1 518648 28610 1.4 94 69 17 81 44% 18586 2283935 18841 13%
c I 316.80 264 149 21 85 14480 1 527856 37589 1.4 94 68 17 81 44% 18586 2283935 18841 13%
c - 316.87 264 149 21 86 14480 1 527867 30183 1.4 94 68 17 81 44% 18586 2283935 18841 13%
c - 318.96 264 145 21 87 14487 1 537141 30293 1.4 93 68 17 81 44% 18586 2283935 18841 13%
c - 321.53 264 142 21 88 14492 1 546470 28761 1.4 93 68 17 81 44% 18586 2283935 18841 13%
c
c seconds      switched     rate          size/glue  tier1      binary            remaining
c          MB    reductions   conflicts         size    tier2        irredundant
c            level    restarts       redundant     glue     trail            variables
c
c - 324.16 264 138 21 89 14495 1 555851 28798 1.4 92 68 17 81 44% 18586 2283935 18841 13%
c - 326.79 264 135 21 90 14498 1 565284 29474 1.4 92 68 17 81 44% 18586 2283935 18841 13%
c - 329.53 266 134 21 91 14504 1 574772 29892 1.3 92 69 17 81 43% 18586 2283935 18841 13%
c - 332.41 266 132 21 92 14509 1 584311 29370 1.3 92 69 17 81 43% 18586 2283935 18841 13%
c u 334.63 262 131 21 92 14510 1 585921 30783 1.3 92 69 17 81 43% 18594 2283924 18841 13%
c v 335.49 262 131 21 92 14510 1 585921 30521 1.3 92 69 17 81 43% 18594 2283924 18841 13%
c w 336.00 268 131 21 92 14510 1 585921 30521 1.3 92 69 17 81 43% 18594 2283924 18841 13%
c x 336.71 268 131 21 92 14510 1 585921 30521 1.3 92 69 17 81 43% 18594 2280654 18841 13%
c t 339.74 348 131 21 92 14510 1 585921 30521 1.3 92 69 17 81 43% 18589 2280654 18841 13%
c - 341.97 258 130 21 93 14510 1 593902 29559 1.3 90 67 17 81 43% 18592 2280654 18841 13%
c B 342.40 258 131 21 93 14511 1 595540 31077 1.3 90 67 17 81 44% 18592 2280654 18841 13%
c ] 342.94 272 143 22 93 14511 1 598580 34080 1.3 89 67 17 81 45% 18592 2280654 18841 13%
c { 342.94 272 192 22 93 14511 20 598580 34080 1.4 26 19 7 19 31% 18592 2280654 18841 13%
c - 343.85 278 191 22 94 14515 18 603547 31624 1.4 25 18 6 19 34% 18596 2280654 18841 13%
c i 344.10 280 191 22 94 14516 18 604851 32809 1.4 25 18 6 19 35% 18599 2280654 18806 13%
c i 344.10 280 191 22 94 14516 18 604867 32814 1.4 25 18 6 19 35% 18603 2280654 18805 13%
c i 344.79 282 190 22 94 14583 18 605817 33759 1.4 25 18 6 19 35% 18603 2280654 18791 13%
c i 344.83 282 190 22 94 14583 18 605823 33762 1.4 25 18 6 19 35% 18603 2280654 18782 13%
c i 344.86 282 190 22 94 14583 18 605871 33793 1.4 25 18 6 19 35% 18610 2280654 18734 13%
c i 345.60 282 188 22 94 14663 18 606948 34845 1.4 25 18 6 19 34% 18618 2280654 18731 13%
c
c seconds      switched      rate          size/glue  tier1     binary            remaining
c          MB    reductions    conflicts         size   tier2        irredundant
c            level    restarts        redundant     glue    trail            variables
c
c i 346.16 282 186 22 94 14728 18 607887 35782 1.4 25 18 6 19 34% 18618 2280654 18702 13%
c i 346.29 282 186 22 94 14728 18 608264 36124 1.4 25 18 6 19 34% 18622 2280654 18686 13%
c i 346.87 282 185 22 94 14786 17 608979 36834 1.4 25 18 6 19 34% 18623 2280654 18662 13%
c i 346.87 282 185 22 94 14786 17 608980 36834 1.4 25 18 6 19 34% 18623 2280654 18658 13%
c - 347.92 284 179 22 95 14871 17 613242 34330 1.4 24 17 6 18 33% 18346 2280654 18658 13%
c i 347.98 284 177 22 95 14871 16 614315 35274 1.4 24 17 6 18 33% 18349 2280654 18620 13%
c o 348.14 284 177 22 95 14871 16 614315 35274 1.4 24 17 6 18 33% 18349 2280654 18620 13%
c i 348.14 284 177 22 95 14871 16 614316 35274 1.4 24 17 6 18 33% 18349 2280654 18616 13%
c i 348.16 284 177 22 95 14871 16 614322 35279 1.4 24 17 6 18 33% 18349 2280654 18577 13%
c - 349.25 284 167 22 96 14871 15 622988 36987 1.4 23 16 6 17 31% 18271 2280654 18577 13%
c s 351.31 291 162 22 96 14871 14 627960 41675 1.4 22 16 6 17 30% 18271 2278925 18574 13%
c e 352.09 365 162 22 96 14871 14 627960 41675 1.4 22 16 6 17 30% 18229 2279439 18535 13%
c s 353.60 365 162 22 96 14871 14 627960 41675 1.4 22 16 6 17 30% 18229 2279293 18535 13%
c e 354.14 365 162 22 96 14871 14 627960 41675 1.4 22 16 6 17 30% 18226 2279339 18531 13%
c } 354.78 258 160 23 96 14871 14 630096 43368 1.4 22 16 6 17 30% 18240 2279338 18531 13%
c [ 354.78 258 143 23 96 14871 1 630096 43368 1.3 89 67 17 81 45% 18240 2279338 18531 13%
c - 355.55 277 145 23 97 14873 1 632786 38561 1.3 89 67 17 81 46% 18234 2279338 18531 13%
c - 361.96 309 154 23 98 14878 1 642638 39165 1.3 91 69 17 82 47% 18234 2279338 18531 13%
c ] 364.70 313 159 24 98 14883 1 650150 46599 1.3 92 69 17 82 45% 18234 2279338 18531 13%
c { 364.70 313 160 24 98 14883 14 650150 46599 1.4 22 16 6 17 30% 18234 2279338 18531 13%
c
c seconds      switched      rate          size/glue  tier1     binary            remaining
c          MB    reductions    conflicts         size   tier2        irredundant
c            level    restarts        redundant     glue    trail            variables
c
c - 369.77 323 161 24 99 15369 14 652537 39844 1.4 22 16 6 16 30% 18234 2279338 18531 13%
c - 387.93 335 164 24 100 17192 16 662489 42903 1.4 23 17 6 17 31% 18235 2279338 18531 13%
c b 395.78 287 163 24 100 17941 16 666111 46505 1.4 24 17 6 17 31% 18355 2279218 18513 13%
c u 397.32 291 163 24 100 17941 16 666111 46167 1.4 24 17 6 17 31% 18368 2279218 18513 13%
c v 399.07 297 163 24 100 17941 16 666111 45744 1.4 24 17 6 17 31% 18368 2279218 18513 13%
c w 399.87 297 163 24 100 17941 16 666111 45735 1.4 24 17 6 17 31% 18368 2279218 18513 13%
c x 401.04 299 163 24 100 17941 16 666111 45735 1.4 24 17 6 17 31% 18394 2271724 18513 13%
c t 401.51 299 163 24 100 17941 16 666111 45735 1.4 24 17 6 17 31% 18379 2271724 18513 13%
c f 401.75 196 163 24 100 17941 16 666111 45735 1.4 24 17 6 17 31% 18387 2271584 18520 13%
c u 403.63 267 163 24 100 17941 16 666111 45035 1.4 24 17 6 17 31% 18424 2271584 18517 13%
c v 405.33 277 163 24 100 17941 16 666111 44558 1.4 24 17 6 17 31% 18424 2271584 18517 13%
c w 406.18 281 163 24 100 17941 16 666111 44554 1.4 24 17 6 17 31% 18424 2271584 18517 13%
c x 407.57 283 163 24 100 17941 16 666111 44554 1.4 24 17 6 17 31% 18430 2264691 18517 13%
c t 408.07 283 163 24 100 17941 16 666111 44553 1.4 24 17 6 17 31% 18404 2264691 18517 13%
c i 408.46 283 163 24 100 17941 16 666111 44553 1.4 24 17 6 17 31% 18404 2264691 18517 13%
c - 415.94 293 183 24 101 18682 17 672489 43706 1.4 24 18 6 17 33% 18350 2264691 18517 13%
c - 424.96 301 177 24 102 19684 17 682538 42761 1.4 25 18 6 17 32% 18350 2264691 18517 13%
c } 430.77 303 181 25 102 20434 17 686827 47006 1.4 25 18 6 17 32% 18350 2264691 18517 13%
c [ 430.77 303 159 25 102 20434 1 686827 47006 1.3 92 69 17 82 45% 18350 2264691 18517 13%
c W 432.60 337 159 25 102 20434 1 686827 47006 1.3 92 69 17 82 45% 18350 2264691 18517 13%
c
c seconds      switched      rate          size/glue  tier1      binary            remaining
c          MB    reductions    conflicts         size    tier2        irredundant
c            level     restarts       redundant     glue     trail            variables
c
c - 434.48 255 163 25 103 20438 1 692638 39466 1.3 94 70 17 83 45% 18350 2264691 18517 13%
c - 437.83 263 171 25 104 20443 1 702786 34857 1.3 98 73 17 83 44% 18350 2264691 18517 13%
c - 440.41 267 176 25 105 20448 1 712984 32819 1.4 101 74 18 84 43% 18350 2264691 18517 13%
c - 442.61 269 183 25 106 20451 1 723233 31892 1.4 104 77 18 85 42% 18350 2264691 18517 13%
c o 443.12 269 183 25 106 20453 1 724789 33410 1.4 105 77 18 85 42% 18350 2264691 18517 13%
c - 445.80 271 178 25 107 20457 1 733528 31927 1.4 103 76 18 85 41% 18350 2264691 18517 13%
c - 447.95 271 171 25 108 20462 1 743873 31966 1.4 102 75 18 85 41% 18350 2264691 18517 13%
c u 452.02 273 166 25 108 20463 1 751906 39225 1.3 101 75 18 85 41% 18369 2264691 18510 13%
c v 453.59 273 166 25 108 20463 1 751906 38060 1.3 101 75 18 85 41% 18369 2264691 18510 13%
c w 454.46 282 166 25 108 20463 1 751906 38059 1.3 101 75 18 85 41% 18369 2264691 18510 13%
c x 455.95 293 166 25 108 20463 1 751906 38059 1.3 101 75 18 85 41% 18384 2259679 18510 13%
c t 456.45 293 166 25 108 20463 1 751906 38025 1.3 101 75 18 85 41% 18373 2259679 18510 13%
c u 458.79 294 166 25 108 20463 1 751906 37712 1.3 101 75 18 85 41% 18378 2259679 18510 13%
c v 459.95 294 166 25 108 20463 1 751906 37441 1.3 101 75 18 85 41% 18378 2259679 18510 13%
c w 460.84 294 166 25 108 20463 1 751906 37436 1.3 101 75 18 85 41% 18378 2259679 18510 13%
c x 461.71 295 166 25 108 20463 1 751906 37436 1.3 101 75 18 85 41% 18378 2254218 18510 13%
c t 462.09 295 166 25 108 20463 1 751906 37436 1.3 101 75 18 85 41% 18373 2254218 18510 13%
c i 462.34 295 166 25 108 20463 1 751906 37436 1.3 101 75 18 85 41% 18373 2254218 18510 13%
c - 462.87 295 165 25 109 20464 1 754266 29710 1.3 101 75 18 85 41% 18352 2254218 18510 13%
c - 465.21 295 161 25 110 20464 1 764706 29386 1.3 101 76 18 85 41% 18352 2254218 18510 13%
c
c seconds      switched      rate          size/glue   tier1      binary            remaining
c          MB    reductions    conflicts         size     tier2        irredundant
c            level     restarts       redundant      glue     trail            variables
c
c O 465.34 295 160 25 110 20464 1 765259 29900 1.3 101 76 18 85 41% 18352 2254218 18510 13%
c i 465.53 297 160 25 110 20464 1 766107 30721 1.3 101 76 18 85 41% 18354 2254218 18495 13%
c - 466.13 297 150 25 111 20470 1 775194 31976 1.3 93 70 17 84 39% 18330 2254218 18493 13%
c - 466.76 297 135 25 112 20475 1 785729 35087 1.3 85 63 17 83 36% 18331 2254218 18493 13%
c - 467.60 297 127 25 113 20479 1 796316 39253 1.3 80 60 17 82 34% 18332 2254218 18493 13%
c - 468.86 299 137 25 114 20483 1 806949 45277 1.3 78 58 17 82 38% 18332 2254218 18493 13%
c - 470.92 299 151 25 115 20489 1 817627 45737 1.3 79 59 17 82 43% 18332 2254218 18493 13%
c - 473.00 299 162 25 116 20494 1 828350 43655 1.3 80 60 17 82 48% 18332 2254218 18493 13%
c s 475.46 308 163 25 116 20494 1 829860 45113 1.3 80 60 17 82 48% 18332 2251511 18493 13%
c e 476.32 364 163 25 116 20494 1 829860 45113 1.3 80 60 17 82 48% 18296 2251850 18459 13%
c s 478.42 364 163 25 116 20494 1 829860 45113 1.3 80 60 17 82 48% 18296 2251639 18459 13%
c e 478.85 364 163 25 116 20494 1 829860 45113 1.3 80 60 17 82 48% 18291 2251682 18454 13%
c - 481.07 250 171 25 117 20495 1 839121 42191 1.3 81 61 17 82 52% 18291 2251682 18454 13%
c b 482.25 250 175 25 117 20495 1 843395 46258 1.3 82 62 17 82 54% 18318 2251655 18450 13%
c u 482.77 250 175 25 117 20495 1 843395 45922 1.3 82 62 17 82 54% 18329 2251655 18445 13%
c v 483.31 250 175 25 117 20495 1 843395 45258 1.3 82 62 17 82 54% 18329 2251655 18445 13%
c w 483.74 250 175 25 117 20495 1 843395 45257 1.3 82 62 17 82 54% 18329 2251655 18445 13%
c x 484.37 272 175 25 117 20495 1 843395 45257 1.3 82 62 17 82 54% 18344 2249830 18445 13%
c t 484.77 272 175 25 117 20495 1 843395 45225 1.3 82 62 17 82 54% 18335 2249830 18445 13%
c f 484.96 188 175 25 117 20495 1 843395 45225 1.3 82 62 17 82 54% 18336 2249812 18446 13%
c
c seconds      switched      rate          size/glue  tier1      binary            remaining
c          MB    reductions    conflicts         size    tier2        irredundant
c            level     restarts       redundant     glue     trail            variables
c
c u 486.21 259 175 25 117 20495 1 843395 44841 1.3 82 62 17 82 54% 18350 2249812 18443 13%
c v 486.80 261 175 25 117 20495 1 843395 44331 1.3 82 62 17 82 54% 18350 2249812 18443 13%
c w 487.23 268 175 25 117 20495 1 843395 44331 1.3 82 62 17 82 54% 18350 2249812 18443 13%
c x 487.82 270 175 25 117 20495 1 843395 44331 1.3 82 62 17 82 54% 18352 2247134 18443 13%
c t 488.23 270 175 25 117 20495 1 843395 44331 1.3 82 62 17 82 54% 18339 2247134 18443 13%
c i 488.49 270 175 25 117 20495 1 843395 44331 1.3 82 62 17 82 54% 18339 2247134 18443 13%
c B 489.63 270 171 25 117 20495 1 849298 49749 1.3 83 63 17 82 52% 18339 2247134 18443 13%
c o 489.75 270 171 25 117 20495 1 849298 49749 1.3 83 63 17 82 52% 18339 2247134 18443 13%
c - 490.68 292 172 25 118 20495 1 849938 40266 1.3 84 64 17 83 53% 18303 2247134 18443 13%
c - 494.52 298 179 25 119 20496 1 860800 41330 1.3 89 67 17 83 52% 18303 2247134 18443 13%
c - 497.30 298 184 25 120 20496 1 871708 42018 1.4 94 70 17 84 51% 18303 2247134 18443 13%
c - 500.53 298 188 25 121 20496 1 882662 42587 1.4 101 74 17 84 49% 18303 2247134 18443 13%
c ] 502.33 298 189 26 121 20500 1 888219 48037 1.4 104 76 17 84 49% 18303 2247134 18443 13%
c { 502.33 298 181 26 121 20500 17 888219 48037 1.4 25 18 6 17 32% 18303 2247134 18443 13%
c - 510.10 312 181 26 122 21544 18 893662 44612 1.4 25 19 6 18 33% 18303 2247134 18443 13%
c - 523.73 324 178 26 123 23701 19 904707 49606 1.4 26 19 6 18 33% 18303 2247134 18443 13%
c - 530.99 328 201 26 124 24902 19 915797 50845 1.4 26 19 6 18 35% 18304 2247134 18443 13%
c - 538.39 286 199 26 125 26103 19 926934 50087 1.4 27 20 6 18 35% 18304 2247134 18443 13%
c } 541.00 290 197 27 125 26530 19 930437 53494 1.4 27 20 6 18 35% 18304 2247134 18443 13%
c [ 541.00 290 189 27 125 26530 1 930437 53494 1.4 104 76 17 84 49% 18304 2247134 18443 13%
c
c seconds      switched      rate          size/glue   tier1      binary            remaining
c          MB    reductions    conflicts         size     tier2        irredundant
c            level     restarts       redundant      glue     trail            variables
c
c - 543.55 308 193 27 126 26535 1 938114 47381 1.4 105 76 17 84 48% 18304 2247134 18443 13%
c W 544.64 327 193 27 126 26536 1 939098 48358 1.4 106 76 17 84 48% 18304 2247134 18443 13%
c u 546.61 259 194 27 126 26536 1 940660 49079 1.4 105 76 17 84 48% 18343 2247134 18413 13%
c v 547.97 263 194 27 126 26536 1 940660 48349 1.4 105 76 17 84 48% 18343 2247134 18413 13%
c w 548.69 263 194 27 126 26536 1 940660 48344 1.4 105 76 17 84 48% 18343 2247134 18413 13%
c x 549.74 278 194 27 126 26536 1 940660 48344 1.4 105 76 17 84 48% 18378 2243909 18413 13%
c t 550.00 278 194 27 126 26536 1 940660 48326 1.4 105 76 17 84 48% 18352 2243909 18413 13%
c u 551.73 266 194 27 126 26536 1 940660 43234 1.4 105 76 17 84 48% 18320 2243909 18402 13%
c v 553.18 274 194 27 126 26536 1 940660 42657 1.4 105 76 17 84 48% 18320 2243909 18402 13%
c w 553.74 276 194 27 126 26536 1 940660 42594 1.4 105 76 17 84 48% 18320 2243909 18402 13%
c x 554.68 278 194 27 126 26536 1 940660 42594 1.4 105 76 17 84 48% 18338 2236635 18402 13%
c t 559.00 346 194 27 126 26536 1 940660 42589 1.4 105 76 17 84 48% 18302 2236635 18400 13%
c i 559.20 346 194 27 126 26536 1 940660 42589 1.4 105 76 17 84 48% 18302 2236635 18400 13%
c - 561.07 272 199 27 127 26542 1 949338 36178 1.4 109 79 18 85 46% 18260 2236635 18400 13%
c - 562.87 276 204 27 128 26544 1 960608 32449 1.4 111 81 18 86 45% 18260 2236635 18400 13%
c - 565.48 276 209 27 129 26551 1 971921 30445 1.4 117 85 18 86 44% 18260 2236635 18400 13%
c - 567.74 278 214 27 130 26557 1 983278 29496 1.4 120 88 18 87 43% 18260 2236635 18400 13%
c o 567.87 278 215 27 130 26558 1 983758 29973 1.4 120 88 18 87 43% 18260 2236635 18400 13%
c - 569.53 282 205 27 131 26559 1 994680 31402 1.4 117 86 18 87 42% 18260 2236635 18400 13%
c - 571.98 282 195 27 132 26560 1 1006126 32170 1.4 114 84 18 87 42% 18260 2236635 18400 13%
c
c seconds      switched      rate           size/glue   tier1      binary            remaining
c          MB    reductions     conflicts         size     tier2        irredundant
c            level     restarts        redundant      glue     trail            variables
c
c - 574.57 282 186 27 133 26564 1 1017615 32063 1.3 112 83 18 87 41% 18260 2236635 18400 13%
c - 576.00 288 191 27 134 26571 1 1029148 34783 1.4 107 79 18 86 43% 18260 2236635 18400 13%
c I 576.87 290 194 27 134 26574 1 1034813 40305 1.3 106 78 18 86 45% 18260 2236635 18400 13%
c - 577.66 290 192 27 135 26575 1 1040724 35448 1.4 104 77 18 86 46% 18260 2236635 18400 13%
c b 578.29 290 189 27 135 26575 1 1043737 38292 1.4 104 77 18 86 46% 18263 2236625 18398 13%
c u 578.74 292 189 27 135 26575 1 1043737 38094 1.4 104 77 18 86 46% 18264 2236625 18398 13%
c v 579.40 292 189 27 135 26575 1 1043737 37572 1.4 104 77 18 86 46% 18264 2236625 18398 13%
c w 579.82 294 189 27 135 26575 1 1043737 37560 1.4 104 77 18 86 46% 18264 2236625 18398 13%
c u 581.61 296 189 27 135 26575 1 1043737 37325 1.4 104 77 18 86 46% 18268 2236614 18398 13%
c v 582.34 296 189 27 135 26575 1 1043737 36277 1.4 104 77 18 86 46% 18268 2236614 18398 13%
c w 582.72 296 189 27 135 26575 1 1043737 36264 1.4 104 77 18 86 46% 18268 2236614 18398 13%
c t 582.99 296 189 27 135 26575 1 1043737 36264 1.4 104 77 18 86 46% 18266 2236614 18398 13%
c - 584.45 296 183 27 136 26581 1 1052342 31986 1.3 103 77 18 86 46% 18258 2236614 18398 13%
c - 586.52 296 175 27 137 26588 1 1064003 30869 1.3 103 77 18 86 45% 18258 2236614 18398 13%
c s 588.88 303 174 27 137 26588 1 1065777 32544 1.3 102 77 18 86 45% 18258 2234706 18398 13%
c e 589.41 359 174 27 137 26588 1 1065777 32544 1.3 102 77 18 86 45% 18231 2234896 18377 13%
c s 591.12 359 174 27 137 26588 1 1065777 32544 1.3 102 77 18 86 45% 18231 2234704 18377 13%
c e 591.50 359 174 27 137 26588 1 1065777 32544 1.3 102 77 18 86 45% 18226 2234739 18372 13%
c - 593.34 258 169 27 138 26590 1 1075707 30296 1.3 102 77 18 86 45% 18226 2234739 18372 13%
c - 595.29 258 163 27 139 26591 1 1087456 30367 1.3 101 77 18 86 45% 18226 2234739 18372 13%
c
c seconds      switched      rate           size/glue   tier1      binary            remaining
c          MB    reductions     conflicts         size     tier2        irredundant
c            level     restarts        redundant      glue     trail            variables
c
c - 597.18 258 156 27 140 26592 1 1099245 31844 1.3 100 76 18 86 44% 18226 2234739 18372 13%
c - 599.06 258 151 27 141 26592 1 1111077 31981 1.3 99 75 18 85 44% 18226 2234739 18372 13%
c ] 599.71 258 149 27 141 26592 1 1114721 35397 1.3 99 75 18 85 44% 18226 2234739 18372 13%
c ? 599.71 258 197 27 141 26592 19 1114721 35397 1.4 27 20 6 18 35% 18226 2234739 18372 13%
c
c ---- [ result ] ------------------------------------------------------------
c
s UNKNOWN
c
c ---- [ profiling ] ---------------------------------------------------------
c
c         407.30   67.92 %  search
c         205.89   34.33 %  stable
c         201.42   33.59 %  focused
c         188.89   31.50 %  simplify
c         140.16   23.37 %  probe
c          87.00   14.51 %  vivify
c          42.41    7.07 %  eliminate
c          26.03    4.34 %  substitute
c          25.09    4.18 %  subsume
c          14.13    2.36 %  sweep
c           8.57    1.43 %  factor
c           7.68    1.28 %  walking
c           6.03    1.01 %  reduce
c           2.63    0.44 %  congruence
c           1.93    0.32 %  parse
c           1.36    0.23 %  preprocess
c           1.21    0.20 %  transitive
c           0.59    0.10 %  backbone
c           0.23    0.04 %  lucky
c =============================================
c         599.71  100.00 %  total
c
c ---- [ statistics ] --------------------------------------------------------
c
c chronological:                          943                0 %  conflicts
c conflicts:                          1114721             1858.77 per second
c decisions:                          5413579                4.86 per conflict
c eliminated:                          120792               86 %  variables
c factored:                              1182                1 %  variables
c iterations:                              54                0 %  variables
c propagations:                     691182448          1152531    per second
c reductions:                             141             7906    interval
c reordered:                               14            79623    interval
c rephased:                                27            41286    interval
c restarts:                             26592               42    interval
c strengthened:                             6                0 %  checks
c subsumed:                             31905                0 %  checks
c switched:                                27            41286    interval
c vivified:                            106623               40 %  checks
c walks:                                    9           123858    interval
c
c ---- [ glue usage ] --------------------------------------------------------
c
c focused glue 6    used  29572 clauses  8.09% accumulated 50.32% tier1
c focused glue 7    used  25100 clauses  6.87% accumulated 57.18%
c focused glue 8-17 used 115331 clauses 31.55% accumulated 88.73%
c focused glue 18   used   4316 clauses  1.18% accumulated 89.91%
c focused glue 19   used   3604 clauses  0.99% accumulated 90.90% tier2
c
c stable glue 18    used  100517 clauses  2.53% accumulated 52.32% tier1
c stable glue 19    used   92279 clauses  2.33% accumulated 54.64%
c stable glue 20-83 used 1387269 clauses 34.96% accumulated 89.60%
c stable glue 84    used    8568 clauses  0.22% accumulated 89.82%
c stable glue 85    used    8815 clauses  0.22% accumulated 90.04% tier2
c
c ---- [ resources ] ---------------------------------------------------------
c
c maximum-resident-set-size:        399818752 bytes        381 MB
c process-time:                            10m             599.71 seconds
c
c ---- [ shutting down ] -----------------------------------------------------
c
c exit 0
