c ---- [ banner ] ------------------------------------------------------------
c
c Kissat SAT Solver
c 
c Copyright (c) 2021-2024 Armin Biere University of Freiburg
c Copyright (c) 2019-2021 Armin Biere Johannes Kepler University Linz
c 
c Version 4.0.4 8af8e56f174b778aef3aa45af9f739b2a5f492c2
c gcc (Debian 12.2.0-14+deb12u1) 12.2.0 -W -Wall -O3 -DNDEBUG
c Sun Sep 13 05:36:52 UTC 2026 Linux discovery-workbench 6.1.0-52-cloud-amd64 x86_64
c
c ---- [ parsing ] -----------------------------------------------------------
c
c opened and reading DIMACS file:
c
c   degree22_paired220_e113.cnf
c
c parsed 'p cnf 165638 2516008' header
c closing input after reading 105855405 bytes (101 MB)
c finished parsing after 3.30 seconds
c
c ---- [ options ] -----------------------------------------------------------
c
c --seed=113                       (different from default '0')
c
c ---- [ solving ] -----------------------------------------------------------
c
c seconds  switched rate     size/glue tier1   binary             remaining
c         MB reductions conflicts size  tier2       irredundant
c          level restarts redundant glue  trail             variables
c
c *  3.30 219 0 0 0  0 0   0   0 0.0 0 0 0 0 0% 166061 2349947 165638 100%
c (  3.58 246 0 0 0  0 0   0   0 0.0 0 0 0 0 0% 166061 2349947 165638 100%
c .  3.58 246 0 0 0  0 0   0   0 0.0 0 0 0 0 0% 166061 2349947 165638 100%
c )  5.84 330 0 0 0  0 0   0   0 0.0 0 0 0 0 0% 166061 2349947 165638 100%
c {  5.95 332 0 0 0  0 0   0   0 0.0 0 0 2 6 0% 166061 2349947 165638 100%
c -  8.55 269 6877 0 1 105 139 1000 650 1.4 18 14 5 20 69% 166061 2349947 165638 100%
c }  8.55 269 6877 1 1 105 139 1000 650 1.4 18 14 5 20 69% 166061 2349947 165638 100%
c [  8.55 269 0 1 1 105 0 1000 650 0.0 0 0 2 6 0% 166061 2349947 165638 100%
c B  8.59 269 3076 1 1 105 1394 1001 651 1.3 14 11 2 6 89% 166061 2349947 165638 100%
c -  9.06 271 39469 1 2 105 50 2002 1460 1.7 32 18 11 26 70% 166061 2349947 165638 100%
c W 10.15 351 39469 1 2 105 50 2002 1460 1.7 32 18 11 26 70% 166061 2349947 165638 100%
c u 12.23 257 16518 1 2 107 29 3383 2730 1.3 53 39 16 67 62% 166061 2349947 165638 100%
c v 12.48 257 16518 1 2 107 29 3383 2726 1.3 53 39 16 67 62% 166061 2349947 165638 100%
c w 12.69 257 16518 1 2 107 29 3383 2726 1.3 53 39 16 67 62% 166061 2349947 165638 100%
c x 13.06 265 16518 1 2 107 29 3383 2726 1.3 53 39 16 67 62% 166063 2349945 165638 100%
c - 13.53 265 16286 1 3 107 28 3416 2351 1.3 53 39 17 72 62% 166063 2349945 165638 100%
c ] 13.59 265 15822 2 3 107 28 3485 2419 1.3 54 40 17 72 62% 166063 2349945 165638 100%
c { 13.59 265 6877 2 3 107 139 3485 2419 1.4 18 14 5 20 69% 166063 2349945 165638 100%
c i 13.60 265 6864 2 3 107 139 3487 2420 1.4 18 13 5 20 69% 166063 2349945 165553 100%
c i 13.63 265 6797 2 3 107 137 3497 2426 1.4 18 13 5 20 69% 166064 2349945 165545 100%
c
c seconds     switched   rate        size/glue  tier1      binary             remaining
c         MB   reductions  conflicts       size   tier2         irredundant
c           level  restarts     redundant     glue    trail             variables
c
c i 13.63 265 6790 2 3 107 137 3498 2426 1.4 18 13 5 20 69% 166064 2349945 165544 100%
c i 15.43 271 4388 2 3 172 92 4056 2972 1.4 19 14 5 20 57% 166073 2349945 164717 99%
c i 15.50 271 4192 2 3 173 88 4130 3045 1.4 19 14 5 20 55% 166073 2349945 164716 99%
c i 15.53 271 4101 2 3 173 86 4167 3072 1.4 19 14 5 20 55% 166079 2349945 164688 99%
c } 16.02 271 3454 3 3 202 74 4485 3389 1.4 19 14 5 20 52% 166079 2349945 164688 99%
c [ 16.02 271 15822 3 3 202 28 4485 3389 1.3 54 40 17 72 62% 166079 2349945 164688 99%
c I 16.02 271 15822 3 3 202 28 4485 3389 1.3 54 40 17 72 62% 166079 2349945 164688 99%
c - 16.59 271 12419 3 4 202 22 5148 3235 1.3 59 46 19 87 60% 164748 2349945 164688 99%
c ] 18.33 273 7560 4 4 204 14 7119 5071 1.2 68 55 19 87 58% 164748 2349945 164688 99%
c { 18.33 273 3454 4 4 204 74 7119 5071 1.4 19 14 5 20 52% 164748 2349945 164688 99%
c - 18.43 275 3405 4 5 206 73 7149 4039 1.4 19 14 9 20 52% 164753 2349945 164688 99%
c - 25.33 277 1722 4 6 494 45 9385 4803 1.4 19 13 5 17 58% 164755 2349945 164688 99%
c } 26.00 277 1690 5 6 526 45 9471 4889 1.4 19 14 5 17 57% 164755 2349945 164688 99%
c [ 26.01 277 7560 5 6 526 14 9471 4889 1.2 68 55 19 87 58% 164755 2349945 164688 99%
c B 26.01 277 7560 5 6 526 14 9471 4889 1.2 68 55 19 87 58% 164755 2349945 164688 99%
c u 28.96 270 6355 5 6 526 12 10421 5564 1.2 69 56 19 87 58% 165144 2348998 164688 99%
c v 29.78 270 6355 5 6 526 12 10421 5477 1.2 69 56 19 87 58% 165144 2348998 164688 99%
c w 30.25 270 6355 5 6 526 12 10421 5476 1.2 69 56 19 87 58% 165144 2348998 164688 99%
c t 33.23 358 6355 5 6 526 12 10421 5476 1.2 69 56 19 87 58% 165139 2348998 164688 99%
c o 33.36 358 6355 5 6 526 12 10421 5476 1.2 69 56 19 87 58% 165139 2348998 164688 99%
c
c seconds     switched   rate        size/glue  tier1       binary             remaining
c         MB   reductions  conflicts       size    tier2         irredundant
c           level  restarts     redundant     glue     trail             variables
c
c - 34.41 257 5132 5 7 528 10 11836 5159 1.2 72 59 21 98 57% 165139 2348998 164688 99%
c - 35.56 257 3766 5 8 529 7 14481 5753 1.2 76 62 20 98 56% 165139 2348998 164688 99%
c W 36.70 347 3577 5 8 530 7 15001 6250 1.2 76 62 20 98 56% 165139 2348998 164688 99%
c ] 37.54 231 3112 6 8 531 6 16542 7693 1.2 76 62 20 98 56% 165139 2348998 164688 99%
c { 37.54 231 1690 6 8 531 45 16542 7693 1.4 19 14 5 17 57% 165139 2348998 164688 99%
c s 38.76 261 1557 6 8 628 43 16914 8054 1.4 19 13 5 17 54% 165141 2331969 164688 99%
c e 45.58 718 1557 6 8 628 43 16914 8054 1.4 19 13 5 17 54% 40806 2287230 41315 25%
c s 46.12 729 1557 6 8 628 43 16914 8054 1.4 19 13 5 17 54% 40806 2286580 41315 25%
c e 46.57 470 1557 6 8 628 43 16914 8054 1.4 19 13 5 17 54% 40805 2286580 41314 25%
c ^ 46.57 470 1557 6 8 628 43 16914 8054 1.4 19 13 5 17 54% 40805 2286580 41314 25%
c i 46.78 470 1479 6 8 737 41 17164 6452 1.4 19 14 5 17 52% 40805 2286580 41295 25%
c - 47.09 459 1439 6 9 737 40 17310 5171 1.4 19 13 5 17 51% 40801 2286544 41295 25%
c i 47.10 459 1418 6 9 737 40 17385 5226 1.4 18 13 5 17 50% 40810 2286544 41195 25%
c i 47.10 459 1416 6 9 737 40 17394 5226 1.4 18 13 5 17 50% 40814 2286544 41091 25%
c i 47.25 459 1318 6 9 908 38 17785 5613 1.4 18 13 5 17 48% 40814 2286544 41031 25%
c i 47.25 459 1317 6 9 908 38 17787 5614 1.4 18 13 5 17 48% 40814 2286544 41005 25%
c i 47.28 459 1268 6 9 908 37 18026 5832 1.4 18 13 5 17 47% 40823 2286544 41004 25%
c i 47.28 459 1263 6 9 908 37 18050 5855 1.4 18 13 5 17 47% 40823 2286544 41001 25%
c i 47.28 459 1257 6 9 908 37 18080 5884 1.4 18 13 5 17 47% 40823 2286544 40997 25%
c i 47.29 459 1232 6 9 908 36 18210 6006 1.4 18 13 5 17 46% 40827 2286544 40991 25%
c
c seconds     switched   rate        size/glue  tier1     binary            remaining
c         MB   reductions  conflicts       size   tier2        irredundant
c           level  restarts     redundant     glue    trail            variables
c
c i 47.29 459 1203 6 9 908 35 18370 6159 1.4 17 12 5 17 45% 40827 2286544 40963 25%
c i 47.29 459 1203 6 9 908 35 18371 6159 1.4 17 12 5 17 45% 40827 2286544 40962 25%
c i 47.29 459 1199 6 9 908 35 18391 6174 1.4 17 12 5 17 45% 40830 2286544 40950 25%
c i 47.30 459 1178 6 9 908 34 18515 6276 1.4 17 12 5 17 45% 40836 2286543 40882 25%
c i 47.32 459 1044 6 9 908 30 19410 7095 1.4 16 11 5 17 41% 40850 2286542 40845 25%
c - 47.37 459 936 6 10 908 27 20310 6204 1.5 15 10 3 12 38% 39974 2286541 40743 25%
c i 47.38 459 927 6 10 908 26 20399 6280 1.5 15 10 3 12 38% 39980 2286540 40675 25%
c i 47.38 459 927 6 10 908 26 20400 6280 1.5 15 10 3 12 38% 39980 2286540 40670 25%
c o 47.48 459 922 6 10 909 26 20444 6323 1.5 15 10 3 12 38% 39980 2286540 40670 25%
c } 47.58 459 904 7 10 988 26 20611 6490 1.5 15 10 3 12 37% 39980 2286540 40670 25%
c [ 47.58 459 3112 7 10 988 6 20611 6490 1.2 76 62 20 98 56% 39980 2286540 40670 25%
c b 47.97 459 2928 7 10 988 6 21348 7061 1.2 76 62 20 96 55% 40373 2284720 40663 25%
c u 48.20 459 2928 7 10 988 6 21348 6759 1.2 76 62 20 96 55% 40413 2284720 40455 24%
c v 48.51 459 2928 7 10 988 6 21348 6490 1.2 76 62 20 96 55% 40413 2284720 40455 24%
c w 48.72 459 2928 7 10 988 6 21348 6489 1.2 76 62 20 96 55% 40413 2284720 40455 24%
c x 49.00 459 2928 7 10 988 6 21348 6489 1.2 76 62 20 96 55% 40659 2284022 40435 24%
c t 49.24 459 2928 7 10 988 6 21348 6432 1.2 76 62 20 96 55% 40686 2283941 40435 24%
c b 49.25 459 2928 7 10 988 6 21348 6432 1.2 76 62 20 96 55% 40686 2283941 40431 24%
c f 49.43 334 2928 7 10 988 6 21348 6432 1.2 76 62 20 96 55% 41343 2248507 41061 25%
c u 49.94 402 2928 7 10 988 6 21348 6076 1.2 76 62 20 96 55% 41385 2248501 41013 25%
c
c seconds     switched   rate        size/glue  tier1      binary            remaining
c         MB    reductions conflicts       size    tier2        irredundant
c           level   restarts    redundant     glue     trail            variables
c
c v 50.34 402 2928 7 10 988 6 21348 5529 1.2 76 62 20 96 55% 41389 2248501 41012 25%
c w 50.53 404 2928 7 10 988 6 21348 5527 1.2 76 62 20 96 55% 41389 2248501 41012 25%
c t 50.78 404 2928 7 10 988 6 21348 5510 1.2 76 62 20 96 55% 41394 2248392 41010 25%
c i 50.95 404 2928 7 10 988 6 21348 5510 1.2 76 62 20 96 55% 41394 2248392 41010 25%
c O 51.13 404 2676 7 10 989 6 22530 6646 1.2 76 62 20 96 54% 41394 2248392 41010 25%
c - 51.33 404 2503 7 11 990 5 23476 5646 1.2 76 61 21 95 53% 40871 2248390 41010 25%
c - 51.96 404 2038 7 12 993 5 26793 6821 1.2 78 63 20 96 51% 40871 2248390 41010 25%
c ] 51.97 404 2034 8 12 993 5 26827 6854 1.2 78 63 20 96 51% 40871 2248390 41010 25%
c { 51.97 404 904 8 12 993 26 26827 6854 1.5 15 10 3 12 37% 40871 2248390 41010 25%
c i 51.97 404 903 8 12 993 26 26828 6854 1.5 15 10 3 12 37% 40871 2248390 40999 25%
c i 51.98 404 903 8 12 994 26 26831 6856 1.5 15 10 3 12 37% 40871 2248390 40985 25%
c - 52.88 406 645 8 13 1857 22 30257 8231 1.4 17 12 4 16 31% 40821 2248390 40985 25%
c } 53.24 406 524 9 13 2499 20 32987 10896 1.3 17 13 4 16 27% 40821 2248390 40985 25%
c [ 53.24 406 2034 9 13 2499 5 32987 10896 1.2 78 63 20 96 51% 40821 2248390 40985 25%
c B 53.24 406 2034 9 13 2499 5 32987 10896 1.2 78 63 20 96 51% 40821 2248390 40985 25%
c s 53.56 406 1965 9 13 2499 4 33618 11519 1.2 78 63 20 96 50% 40821 2248372 40985 25%
c e 54.26 492 1965 9 13 2499 4 33618 11519 1.2 78 63 20 96 50% 40151 2249598 40327 24%
c s 54.48 492 1965 9 13 2499 4 33618 11519 1.2 78 63 20 96 50% 40152 2249577 40327 24%
c ^ 54.73 492 1965 9 13 2499 4 33618 11519 1.2 78 63 20 96 50% 40152 2249577 40327 24%
c - 54.89 393 1940 9 14 2499 4 33863 3519 1.2 79 63 21 97 50% 40152 2249577 40327 24%
c
c seconds     switched    rate        size/glue  tier1      binary            remaining
c         MB    reductions  conflicts       size    tier2        irredundant
c           level    restarts    redundant     glue     trail            variables
c
c u 56.17 402 1725 9 14 2501 4 36177 5468 1.2 80 65 21 97 49% 40184 2249551 40309 24%
c v 56.49 402 1725 9 14 2501 4 36177 5300 1.2 80 65 21 97 49% 40184 2249551 40309 24%
c w 56.75 404 1725 9 14 2501 4 36177 5288 1.2 80 65 21 97 49% 40184 2249551 40309 24%
c f 58.04 331 1725 9 14 2501 4 36177 5288 1.2 80 65 21 97 49% 40257 2249250 40361 24%
c u 58.69 400 1725 9 14 2501 4 36177 5200 1.2 80 65 21 97 49% 40258 2249250 40361 24%
c v 58.92 400 1725 9 14 2501 4 36177 5033 1.2 80 65 21 97 49% 40258 2249250 40361 24%
c w 59.11 404 1725 9 14 2501 4 36177 5031 1.2 80 65 21 97 49% 40258 2249250 40361 24%
c i 59.76 404 1725 9 14 2501 4 36177 5031 1.2 80 65 21 97 49% 40258 2249250 40361 24%
c - 60.00 404 1614 9 15 2502 4 37605 4581 1.2 81 66 22 98 49% 40220 2249250 40361 24%
c ] 60.66 404 1374 10 15 2505 3 41434 8223 1.2 82 67 22 98 48% 40220 2249250 40361 24%
c { 60.66 404 524 10 15 2505 20 41434 8223 1.3 17 13 4 16 27% 40220 2249250 40361 24%
c o 60.79 408 524 10 15 2509 20 41447 8236 1.3 17 13 4 16 27% 40220 2249250 40361 24%
c - 60.86 408 523 10 16 2517 20 41478 6571 1.3 17 13 4 17 27% 40220 2249250 40361 24%
c - 63.18 424 573 10 17 2940 19 45479 8679 1.3 18 13 4 15 35% 40220 2249250 40361 24%
c - 63.42 426 624 10 18 2941 16 49602 9921 1.3 17 12 4 13 42% 40220 2249250 40361 24%
c } 63.43 426 626 11 18 2941 16 50062 10294 1.3 17 12 4 13 43% 40220 2249250 40361 24%
c [ 63.43 426 1374 11 18 2941 3 50062 10294 1.2 82 67 22 98 48% 40220 2249250 40361 24%
c W 64.00 463 1374 11 18 2941 3 50062 10294 1.2 82 67 22 98 48% 40220 2249250 40361 24%
c - 64.78 373 1197 11 19 2943 3 53844 10288 1.2 83 68 21 98 47% 40220 2249250 40361 24%
c u 65.56 381 1141 11 19 2945 3 55270 11481 1.2 84 69 21 98 47% 40220 2249250 40361 24%
c
c seconds      switched    rate         size/glue  tier1      binary            remaining
c         MB     reductions  conflicts        size    tier2        irredundant
c           level     restarts     redundant     glue     trail            variables
c
c v 65.90 381 1141 11 19 2945 3 55270 11389 1.2 84 69 21 98 47% 40220 2249250 40361 24%
c w 66.12 383 1141 11 19 2945 3 55270 11384 1.2 84 69 21 98 47% 40220 2249250 40361 24%
c - 67.01 383 1040 11 20 2946 3 58202 10164 1.2 84 69 20 97 46% 40220 2249250 40361 24%
c ] 67.70 383 937 12 20 2947 3 61818 13612 1.2 85 69 20 97 45% 40220 2249250 40361 24%
c { 67.70 383 626 12 20 2947 16 61818 13612 1.3 17 12 4 13 43% 40220 2249250 40361 24%
c - 69.01 397 607 12 21 3185 17 62675 11133 1.3 17 13 4 13 42% 40220 2249250 40361 24%
c - 74.17 405 560 12 22 4147 19 67257 13220 1.3 18 14 5 14 42% 40221 2249250 40361 24%
c s 75.09 428 610 12 22 4151 18 69739 15524 1.3 18 14 5 14 45% 40222 2249247 40361 24%
c e 75.98 492 610 12 22 4151 18 69739 15524 1.3 18 14 5 14 45% 40110 2249389 40270 24%
c ^ 76.76 492 610 12 22 4151 18 69739 15524 1.3 18 14 5 14 45% 40110 2249389 40270 24%
c o 78.71 416 582 12 22 4473 18 71448 15690 1.3 19 14 5 14 45% 40112 2249388 40270 24%
c - 79.59 420 575 12 23 4612 19 71947 12926 1.3 19 14 5 14 45% 40112 2249388 40270 24%
c } 81.52 424 555 13 23 4986 20 73297 14273 1.3 19 15 5 14 44% 40112 2249388 40270 24%
c [ 81.52 424 937 13 23 4986 3 73297 14273 1.2 85 69 20 97 45% 40112 2249388 40270 24%
c I 81.52 424 937 13 23 4986 3 73297 14273 1.2 85 69 20 97 45% 40112 2249388 40270 24%
c - 82.19 424 854 13 24 4988 3 76742 14072 1.2 84 68 20 94 45% 40112 2249388 40270 24%
c u 83.44 424 811 13 24 4990 2 78761 15075 1.2 84 68 20 94 45% 40114 2249388 40270 24%
c v 84.11 424 811 13 24 4990 2 78761 14475 1.2 84 68 20 94 45% 40114 2249388 40270 24%
c w 84.54 428 811 13 24 4990 2 78761 14464 1.2 84 68 20 94 45% 40114 2249388 40270 24%
c f 85.05 325 811 13 24 4990 2 78761 14464 1.2 84 68 20 94 45% 40115 2249375 40272 24%
c
c seconds     switched    rate         size/glue  tier1      binary            remaining
c         MB    reductions  conflicts        size    tier2        irredundant
c           level    restarts     redundant     glue     trail            variables
c
c u 86.16 401 811 13 24 4990 2 78761 13975 1.2 84 68 20 94 45% 40117 2249375 40272 24%
c v 86.96 401 811 13 24 4990 2 78761 13549 1.2 84 68 20 94 45% 40117 2249375 40272 24%
c w 87.29 405 811 13 24 4990 2 78761 13548 1.2 84 68 20 94 45% 40117 2249375 40272 24%
c - 90.10 393 757 13 25 4992 2 81640 12998 1.2 85 68 19 92 45% 40117 2249375 40272 24%
c - 91.00 393 677 13 26 4994 2 86640 13434 1.3 85 68 19 91 44% 40117 2249375 40272 24%
c B 91.88 393 619 13 26 4997 2 91100 17639 1.3 85 68 19 91 44% 40117 2249375 40272 24%
c - 92.03 393 611 13 27 4997 2 91739 13610 1.3 85 68 19 90 44% 40117 2249375 40272 24%
c - 93.02 393 556 13 28 4999 2 96936 13755 1.3 86 68 19 90 44% 40117 2249375 40272 24%
c - 94.05 393 510 13 29 5000 2 102227 12586 1.3 87 69 18 90 44% 40117 2249375 40272 24%
c u 95.53 393 475 13 29 5001 2 106817 16829 1.3 88 70 18 90 44% 40117 2249375 40272 24%
c v 95.86 393 475 13 29 5001 2 106817 16520 1.3 88 70 18 90 44% 40117 2249375 40272 24%
c w 96.13 393 475 13 29 5001 2 106817 16462 1.3 88 70 18 90 44% 40117 2249375 40272 24%
c - 96.95 402 469 13 30 5002 2 107612 12117 1.3 88 70 18 90 44% 40117 2249375 40272 24%
c W 98.53 465 441 13 30 5005 2 112011 16247 1.3 89 71 18 90 44% 40117 2249375 40272 24%
c o 98.63 465 441 13 30 5005 2 112011 16247 1.3 89 71 18 90 44% 40117 2249375 40272 24%
c - 98.87 369 435 13 31 5006 2 113089 12860 1.3 89 71 18 90 44% 40117 2249375 40272 24%
c ] 99.57 369 415 14 31 5007 2 116547 16187 1.3 89 71 18 90 44% 40117 2249375 40272 24%
c { 99.57 369 555 14 31 5007 20 116547 16187 1.3 19 15 5 14 44% 40117 2249375 40272 24%
c - 102.71 399 526 14 32 5591 21 118656 13941 1.3 20 15 5 15 44% 40117 2249375 40272 24%
c - 103.45 401 547 14 33 5690 19 124312 14563 1.3 19 14 4 13 47% 40117 2249375 40272 24%
c
c seconds      switched     rate          size/glue  tier1     binary            remaining
c          MB    reductions   conflicts         size   tier2        irredundant
c            level    restarts       redundant     glue    trail            variables
c
c s 105.74 424 507 14 33 6202 18 127917 18056 1.3 19 15 4 13 45% 40118 2246614 40272 24%
c e 106.68 498 507 14 33 6202 18 127917 18056 1.3 19 15 4 13 45% 23088 2314712 23247 14%
c s 107.35 498 507 14 33 6202 18 127917 18056 1.3 19 15 4 13 45% 23089 2314632 23247 14%
c e 107.76 498 507 14 33 6202 18 127917 18056 1.3 19 15 4 13 45% 23088 2314637 23246 14%
c ^ 107.76 498 507 14 33 6202 18 127917 18056 1.3 19 15 4 13 45% 23088 2314637 23246 14%
c - 111.33 424 488 14 34 6746 19 130058 9775 1.3 20 15 5 14 44% 23088 2314637 23246 14%
c } 112.90 426 477 15 34 7056 20 131262 10973 1.3 20 15 5 14 44% 23088 2314637 23246 14%
c [ 112.90 426 415 15 34 7056 2 131262 10973 1.3 89 71 18 90 44% 23088 2314637 23246 14%
c - 113.59 426 392 15 35 7059 2 135889 13236 1.3 88 70 18 90 44% 23088 2314637 23246 14%
c O 113.64 426 390 15 35 7059 2 136239 13569 1.3 88 70 18 90 44% 23088 2314637 23246 14%
c u 115.01 428 373 15 35 7062 2 139605 16586 1.3 87 69 18 89 43% 23092 2314637 23246 14%
c v 115.76 428 373 15 35 7062 2 139605 16060 1.3 87 69 18 89 43% 23092 2314637 23246 14%
c w 116.11 428 373 15 35 7062 2 139605 16050 1.3 87 69 18 89 43% 23092 2314637 23246 14%
c t 116.37 428 373 15 35 7062 2 139605 16050 1.3 87 69 18 89 43% 23088 2314637 23246 14%
c f 116.60 327 373 15 35 7062 2 139605 16050 1.3 87 69 18 89 43% 23560 2300539 23579 14%
c u 117.42 398 373 15 35 7062 2 139605 15998 1.3 87 69 18 89 43% 23562 2300539 23579 14%
c v 118.30 398 373 15 35 7062 2 139605 15422 1.3 87 69 18 89 43% 23562 2300539 23579 14%
c w 118.70 400 373 15 35 7062 2 139605 15422 1.3 87 69 18 89 43% 23562 2300539 23579 14%
c - 119.67 400 363 15 36 7062 2 141806 13296 1.3 87 68 18 89 43% 23562 2300539 23579 14%
c - 120.85 400 339 15 37 7066 2 147810 14348 1.3 87 68 18 87 44% 23562 2300539 23579 14%
c
c seconds      switched    rate          size/glue  tier1      binary            remaining
c          MB    reductions  conflicts         size    tier2        irredundant
c            level    restarts      redundant     glue     trail            variables
c
c - 122.01 402 318 15 38 7069 2 153892 14424 1.3 88 67 17 86 44% 23562 2300539 23579 14%
c - 123.21 402 299 15 39 7070 2 160057 14477 1.3 89 67 17 85 44% 23562 2300539 23579 14%
c B 123.95 402 288 15 39 7070 2 163980 18293 1.3 89 67 17 85 44% 23562 2300539 23579 14%
c o 124.04 402 288 15 39 7070 2 163980 18293 1.3 89 67 17 85 44% 23562 2300539 23579 14%
c - 124.47 402 282 15 40 7073 2 166302 14763 1.3 89 67 17 84 44% 23562 2300539 23579 14%
c - 125.76 402 268 15 41 7077 1 172629 14443 1.3 89 67 17 84 44% 23562 2300539 23579 14%
c u 127.25 402 258 15 41 7078 1 177315 18846 1.3 89 68 17 84 44% 23562 2300539 23579 14%
c v 127.68 402 258 15 41 7078 1 177315 18591 1.3 89 68 17 84 44% 23562 2300539 23579 14%
c w 128.07 408 258 15 41 7078 1 177315 18584 1.3 89 68 17 84 44% 23562 2300539 23579 14%
c - 128.85 408 255 15 42 7080 1 179032 13169 1.3 89 68 17 84 44% 23562 2300539 23579 14%
c ] 128.92 408 254 16 42 7080 1 179451 13558 1.3 89 68 17 84 44% 23562 2300539 23579 14%
c { 128.92 408 477 16 42 7080 20 179451 13558 1.3 20 15 5 14 44% 23562 2300539 23579 14%
c - 131.90 426 490 16 43 7521 19 185512 15017 1.3 21 15 5 15 47% 23562 2300539 23579 14%
c - 132.35 430 508 16 44 7523 16 192070 16943 1.4 20 15 6 15 50% 23562 2300539 23579 14%
c } 132.52 430 517 17 44 7523 15 197790 22037 1.4 19 14 6 15 51% 23562 2300539 23579 14%
c [ 132.52 430 254 17 44 7523 1 197790 22037 1.3 89 68 17 84 44% 23562 2300539 23579 14%
c W 133.42 466 254 17 44 7523 1 197790 22037 1.3 89 68 17 84 44% 23562 2300539 23579 14%
c - 133.74 370 252 17 45 7523 1 198708 18123 1.3 89 68 17 84 44% 23562 2300539 23579 14%
c - 135.80 372 240 17 46 7528 1 205417 17883 1.3 90 68 17 84 44% 23562 2300539 23579 14%
c s 138.12 391 231 17 46 7530 1 210861 23014 1.3 90 69 17 84 44% 23562 2300535 23579 14%
c
c seconds      switched    rate          size/glue  tier1      binary            remaining
c          MB    reductions  conflicts         size    tier2        irredundant
c            level    restarts      redundant     glue     trail            variables
c
c e 139.18 481 231 17 46 7530 1 210861 23014 1.3 90 69 17 84 44% 22369 2309353 22400 14%
c s 140.02 481 231 17 46 7530 1 210861 23014 1.3 90 69 17 84 44% 22371 2309313 22400 14%
c e 140.44 481 231 17 46 7530 1 210861 23014 1.3 90 69 17 84 44% 22366 2309325 22399 14%
c ^ 140.44 481 231 17 46 7530 1 210861 23014 1.3 90 69 17 84 44% 22366 2309325 22399 14%
c - 140.97 386 229 17 47 7532 1 212199 13883 1.3 90 69 17 84 44% 22366 2309325 22399 14%
c ] 141.09 386 228 18 47 7532 1 212873 14524 1.3 90 69 17 84 44% 22366 2309325 22399 14%
c { 141.09 386 517 18 47 7532 15 212873 14524 1.4 19 14 6 15 51% 22366 2309325 22399 14%
c i 141.56 403 509 18 47 7623 15 213761 15410 1.4 19 14 6 15 51% 22367 2309325 22398 14%
c - 141.88 407 469 18 48 7624 13 219054 15828 1.4 20 14 6 14 47% 22382 2309325 22398 14%
c b 142.45 399 462 18 48 7624 13 220003 16542 1.4 20 14 6 14 47% 22385 2309322 22392 14%
c u 142.90 401 462 18 48 7624 13 220003 16311 1.4 20 14 6 14 47% 22385 2309322 22392 14%
c v 143.25 401 462 18 48 7624 13 220003 15336 1.4 20 14 6 14 47% 22385 2309322 22392 14%
c w 143.52 401 462 18 48 7624 13 220003 14560 1.4 20 14 6 14 47% 22385 2309322 22392 14%
c t 145.04 489 462 18 48 7624 13 220003 14560 1.4 20 14 6 14 47% 22389 2309309 22392 14%
c f 145.24 332 462 18 48 7624 13 220003 14560 1.4 20 14 6 14 47% 22435 2308449 22432 14%
c u 146.22 399 462 18 48 7624 13 220003 14298 1.4 20 14 6 14 47% 22435 2308449 22432 14%
c v 146.53 399 462 18 48 7624 13 220003 13864 1.4 20 14 6 14 47% 22435 2308449 22432 14%
c w 146.76 401 462 18 48 7624 13 220003 13855 1.4 20 14 6 14 47% 22435 2308449 22432 14%
c - 147.81 403 424 18 49 7624 12 225983 15841 1.5 20 13 6 14 46% 22425 2308449 22432 14%
c - 148.21 403 386 18 50 7624 11 232983 18329 1.7 21 13 6 13 45% 22425 2308449 22432 14%
c
c seconds      switched     rate          size/glue  tier1     binary            remaining
c          MB    reductions   conflicts         size   tier2        irredundant
c            level    restarts       redundant     glue    trail            variables
c
c } 148.35 403 375 19 50 7624 10 235221 20023 1.7 21 13 6 13 45% 22425 2308449 22432 14%
c [ 148.35 403 228 19 50 7624 1 235221 20023 1.3 90 69 17 84 44% 22425 2308449 22432 14%
c I 148.35 403 228 19 50 7624 1 235221 20023 1.3 90 69 17 84 44% 22425 2308449 22432 14%
c o 148.45 403 228 19 50 7624 1 235221 20023 1.3 90 69 17 84 44% 22425 2308449 22432 14%
c - 148.94 403 219 19 51 7627 1 240055 20123 1.3 89 68 17 84 43% 22425 2308449 22432 14%
c - 150.28 403 208 19 52 7630 1 247196 21209 1.3 89 67 17 83 43% 22425 2308449 22432 14%
c ] 150.62 403 206 20 52 7632 1 249088 23004 1.3 89 67 17 83 43% 22425 2308449 22432 14%
c { 150.62 403 375 20 52 7632 10 249088 23004 1.7 21 13 6 13 45% 22425 2308449 22432 14%
c - 158.13 431 357 20 53 8995 12 254407 22162 1.6 22 14 6 13 44% 22426 2308449 22432 14%
c - 167.71 449 331 20 54 10519 14 261687 24046 1.6 23 14 6 13 43% 22429 2308449 22432 14%
c u 175.41 455 328 20 54 11431 15 267822 28622 1.5 23 15 6 13 43% 22437 2308449 22417 14%
c v 176.43 455 328 20 54 11431 15 267822 27693 1.5 23 15 6 13 43% 22437 2308449 22417 14%
c w 177.13 455 328 20 54 11431 15 267822 27683 1.5 23 15 6 13 43% 22437 2308449 22417 14%
c t 177.51 455 328 20 54 11431 15 267822 27683 1.5 23 15 6 13 43% 22435 2308399 22417 14%
c u 178.89 455 328 20 54 11431 15 267822 27128 1.5 23 15 6 13 43% 22437 2308399 22417 14%
c v 179.91 455 328 20 54 11431 15 267822 26506 1.5 23 15 6 13 43% 22437 2308399 22417 14%
c w 180.37 455 328 20 54 11431 15 267822 26505 1.5 23 15 6 13 43% 22437 2308399 22417 14%
c t 180.63 455 328 20 54 11431 15 267822 26505 1.5 23 15 6 13 43% 22435 2308399 22417 14%
c i 180.83 455 328 20 54 11431 15 267822 26505 1.5 23 15 6 13 43% 22435 2308399 22417 14%
c - 181.94 459 332 20 55 11570 15 269035 21886 1.5 23 15 6 13 43% 22378 2308399 22417 14%
c
c seconds      switched      rate          size/glue  tier1     binary            remaining
c          MB    reductions    conflicts         size   tier2        irredundant
c            level    restarts        redundant     glue    trail            variables
c
c } 182.60 459 314 21 55 11615 14 275828 27670 1.6 22 14 6 13 42% 22392 2308399 22417 14%
c [ 182.60 459 206 21 55 11615 1 275828 27670 1.3 89 67 17 83 43% 22392 2308399 22417 14%
c B 182.60 459 206 21 55 11615 1 275828 27670 1.3 89 67 17 83 43% 22392 2308399 22417 14%
c - 182.74 459 205 21 56 11615 1 276451 22262 1.3 88 67 17 83 43% 22392 2308399 22417 14%
c - 184.10 459 197 21 57 11620 1 283936 21546 1.3 89 67 17 83 43% 22392 2308399 22417 14%
c - 185.59 459 190 21 58 11624 1 291485 21549 1.3 89 68 17 83 43% 22392 2308399 22417 14%
c - 186.95 459 182 21 59 11628 1 299100 22468 1.3 89 68 17 83 43% 22392 2308399 22417 14%
c - 188.45 459 175 21 60 11629 1 306783 22634 1.3 90 68 17 83 43% 22392 2308399 22417 14%
c - 189.98 459 169 21 61 11634 1 314528 23083 1.3 90 68 17 83 43% 22392 2308399 22417 14%
c W 191.87 464 165 21 61 11636 1 319541 27820 1.3 90 68 17 83 43% 22392 2308399 22417 14%
c o 191.96 464 165 21 61 11636 1 319541 27820 1.3 90 68 17 83 43% 22392 2308399 22417 14%
c s 193.28 386 165 21 61 11636 1 320603 28866 1.3 90 68 17 83 43% 22392 2304257 22417 14%
c e 194.09 477 165 21 61 11636 1 320603 28866 1.3 90 68 17 83 43% 21430 2316200 21529 13%
c s 195.36 477 165 21 61 11636 1 320603 28866 1.3 90 68 17 83 43% 21430 2316159 21529 13%
c e 195.62 477 165 21 61 11636 1 320603 28866 1.3 90 68 17 83 43% 21429 2316175 21528 13%
c ! 195.62 477 165 21 61 11636 1 320603 28866 1.3 90 68 17 83 43% 21429 2316175 21528 13%
c u 196.47 389 165 21 61 11636 1 320821 23663 1.3 90 68 17 83 43% 21429 2316175 21528 13%
c v 197.03 389 165 21 61 11636 1 320821 23094 1.3 90 68 17 83 43% 21429 2316175 21528 13%
c w 197.37 397 165 21 61 11636 1 320821 23093 1.3 90 68 17 83 43% 21429 2316175 21528 13%
c t 197.66 397 165 21 61 11636 1 320821 23093 1.3 90 68 17 83 43% 21424 2316175 21528 13%
c
c seconds      switched     rate          size/glue  tier1      binary            remaining
c          MB    reductions   conflicts         size    tier2        irredundant
c            level    restarts       redundant     glue     trail            variables
c
c f 197.87 326 165 21 61 11636 1 320821 23093 1.3 90 68 17 83 43% 21494 2315048 21578 13%
c u 198.74 397 165 21 61 11636 1 320821 22905 1.3 90 68 17 83 43% 21498 2315048 21578 13%
c v 199.31 399 165 21 61 11636 1 320821 22578 1.3 90 68 17 83 43% 21498 2315048 21578 13%
c w 199.71 407 165 21 61 11636 1 320821 22577 1.3 90 68 17 83 43% 21498 2315048 21578 13%
c t 200.10 407 165 21 61 11636 1 320821 22577 1.3 90 68 17 83 43% 21496 2315048 21578 13%
c - 200.61 407 164 21 62 11638 1 322339 18681 1.3 90 68 17 83 43% 21496 2315048 21578 13%
c - 202.27 407 160 21 63 11643 1 330214 19475 1.3 90 69 17 83 43% 21496 2315048 21578 13%
c - 203.98 407 155 21 64 11644 1 338153 19164 1.3 91 69 17 83 43% 21496 2315048 21578 13%
c - 205.44 407 152 21 65 11645 1 346153 19818 1.3 91 70 17 83 43% 21496 2315048 21578 13%
c - 207.03 407 148 21 66 11645 1 354215 20561 1.3 91 70 17 83 43% 21496 2315048 21578 13%
c - 208.70 407 145 21 67 11649 1 362340 21156 1.3 91 71 17 83 43% 21496 2315048 21578 13%
c O 210.01 407 143 21 67 11652 1 367702 26123 1.3 92 71 17 83 42% 21496 2315048 21578 13%
c - 210.79 407 141 21 68 11653 1 370526 22092 1.3 91 70 17 83 42% 21496 2315048 21578 13%
c ] 211.93 407 138 22 68 11657 1 375667 26933 1.3 90 70 17 83 42% 21496 2315048 21578 13%
c { 211.93 407 314 22 68 11657 14 375667 26933 1.6 22 14 6 13 42% 21496 2315048 21578 13%
c i 212.70 411 311 22 68 11870 14 376648 27907 1.6 22 14 6 13 42% 21499 2315048 21575 13%
c i 212.75 411 310 22 68 11870 14 376821 28053 1.6 22 14 6 13 42% 21512 2315048 21567 13%
c i 212.76 411 310 22 68 11870 14 376855 28077 1.6 22 14 6 13 42% 21516 2315048 21565 13%
c i 213.34 411 307 22 68 12018 14 377668 28861 1.6 22 14 6 13 41% 21523 2315048 21537 13%
c - 214.10 413 304 22 69 12213 14 378772 24649 1.5 22 14 6 13 41% 21416 2315048 21537 13%
c
c seconds      switched      rate          size/glue  tier1     binary            remaining
c          MB    reductions    conflicts         size   tier2        irredundant
c            level    restarts        redundant     glue    trail            variables
c
c u 215.29 407 302 22 69 12213 14 379157 24526 1.5 22 14 6 13 41% 21463 2314819 21537 13%
c v 215.92 407 302 22 69 12213 14 379157 23947 1.5 22 14 6 13 41% 21463 2314819 21537 13%
c w 216.28 409 302 22 69 12213 14 379157 23946 1.5 22 14 6 13 41% 21463 2314819 21537 13%
c t 217.68 491 302 22 69 12213 14 379157 23946 1.5 22 14 6 13 41% 21451 2314819 21537 13%
c i 217.88 392 302 22 69 12213 14 379188 23970 1.5 22 14 6 13 41% 21454 2314819 21536 13%
c i 218.08 395 300 22 69 12283 14 379708 24465 1.5 22 14 6 13 41% 21461 2314819 21534 13%
c - 218.80 399 278 22 70 12448 13 387078 25524 1.6 21 14 6 13 38% 21449 2314819 21534 13%
c i 218.97 399 265 22 70 12448 12 391428 29509 1.6 21 13 6 13 37% 21457 2314819 21533 13%
c i 218.97 399 265 22 70 12448 12 391429 29509 1.6 21 13 6 13 37% 21457 2314819 21498 13%
c i 219.25 401 262 22 70 12512 12 392418 30447 1.6 21 13 6 13 36% 21468 2314819 21480 13%
c i 219.41 403 258 22 70 12513 12 393696 31608 1.6 20 13 6 13 36% 21487 2314819 21479 13%
c i 219.41 403 258 22 70 12513 12 393752 31635 1.6 20 13 6 13 36% 21497 2314819 21478 13%
c i 219.91 403 253 22 70 12698 12 395351 33157 1.6 20 13 6 13 35% 21508 2314819 21441 13%
c i 219.91 403 253 22 70 12698 12 395389 33176 1.6 20 13 6 13 35% 21516 2314819 21440 13%
c - 219.93 403 253 22 71 12698 12 395445 26029 1.6 20 13 6 12 35% 21334 2314819 21440 13%
c i 219.94 403 251 22 71 12698 12 395955 26418 1.6 20 13 6 12 35% 21349 2314817 21435 13%
c i 220.47 403 249 22 71 12901 12 396945 27406 1.6 20 13 6 12 35% 21350 2314817 21431 13%
c i 220.50 403 248 22 71 12901 12 397051 27496 1.6 20 13 6 12 35% 21356 2314817 21424 13%
c i 220.51 403 247 22 71 12901 12 397505 27850 1.6 20 13 6 12 35% 21367 2314817 21317 13%
c - 220.88 405 230 22 72 12970 11 403871 26584 1.6 19 12 5 12 32% 21241 2314817 21317 13%
c
c seconds      switched      rate          size/glue  tier1     binary            remaining
c          MB    reductions    conflicts         size   tier2        irredundant
c            level    restarts        redundant     glue    trail            variables
c
c } 221.00 405 222 23 72 12970 11 407185 29790 1.6 19 12 5 12 31% 21242 2314816 21317 13%
c [ 221.00 405 138 23 72 12970 1 407185 29790 1.3 90 70 17 83 42% 21242 2314816 21317 13%
c o 221.14 405 136 23 72 12971 1 408214 30769 1.3 89 69 17 83 41% 21242 2314816 21317 13%
c - 221.93 405 136 23 73 12974 1 412359 28959 1.3 89 69 17 82 41% 21242 2314816 21317 13%
c B 223.51 405 134 23 73 12977 1 420489 36853 1.3 89 68 17 82 41% 21242 2314816 21317 13%
c - 223.62 405 134 23 74 12978 1 420903 29950 1.3 89 68 17 82 41% 21242 2314816 21317 13%
c - 225.25 405 132 23 75 12983 1 429505 30194 1.3 89 69 17 82 41% 21242 2314816 21317 13%
c ] 226.62 405 130 24 75 12984 1 435529 35777 1.3 89 69 17 82 41% 21242 2314816 21317 13%
c { 226.62 405 222 24 75 12984 11 435529 35777 1.6 19 12 5 12 31% 21242 2314816 21317 13%
c - 230.06 433 219 24 76 13546 11 438165 30419 1.6 20 13 5 12 32% 21242 2314816 21317 13%
c u 236.02 441 218 24 76 14366 12 442871 34579 1.5 20 13 5 12 32% 21338 2313566 21317 13%
c v 236.60 441 218 24 76 14366 12 442871 34090 1.5 20 13 5 12 32% 21340 2313566 21317 13%
c w 236.94 443 218 24 76 14366 12 442871 34085 1.5 20 13 5 12 32% 21340 2313566 21317 13%
c x 237.39 443 218 24 76 14366 12 442871 34085 1.5 20 13 5 12 32% 21340 2311171 21317 13%
c t 237.67 443 218 24 76 14366 12 442871 34085 1.5 20 13 5 12 32% 21301 2311171 21317 13%
c - 242.43 445 213 24 77 15137 13 446883 32982 1.5 20 14 5 12 32% 21301 2311171 21317 13%
c - 251.97 449 204 24 78 16880 15 455657 35902 1.5 21 15 5 13 32% 21311 2311171 21317 13%
c s 257.22 449 202 24 78 17621 15 459307 39525 1.5 22 15 5 13 32% 21311 2307776 21317 13%
c e 257.79 507 202 24 78 17621 15 459307 39525 1.5 22 15 5 13 32% 21255 2308155 21266 13%
c s 259.21 507 202 24 78 17621 15 459307 39525 1.5 22 15 5 13 32% 21255 2307614 21266 13%
c
c seconds      switched      rate          size/glue  tier1     binary            remaining
c          MB    reductions    conflicts         size   tier2        irredundant
c            level    restarts        redundant     glue    trail            variables
c
c e 259.58 507 202 24 78 17621 15 459307 39525 1.5 22 15 5 13 32% 21254 2307628 21265 13%
c - 262.50 421 226 24 79 18015 15 464488 36209 1.5 21 15 5 13 34% 21254 2307628 21265 13%
c } 267.72 429 234 25 79 18952 16 472208 43483 1.4 22 15 5 13 35% 21254 2307628 21265 13%
c [ 267.72 429 130 25 79 18952 1 472208 43483 1.3 89 69 17 82 41% 21254 2307628 21265 13%
c - 267.89 429 130 25 80 18953 1 473378 37185 1.3 89 69 17 83 41% 21254 2307628 21265 13%
c W 269.27 468 129 25 80 18956 1 478073 41778 1.3 88 68 17 83 42% 21254 2307628 21265 13%
c - 270.01 368 128 25 81 18958 1 482323 36536 1.3 88 68 17 83 42% 21254 2307628 21265 13%
c - 271.49 368 126 25 82 18964 1 491323 34282 1.3 88 68 17 83 42% 21254 2307628 21265 13%
c - 273.30 368 125 25 83 18966 1 500379 33620 1.3 88 69 17 83 41% 21254 2307628 21265 13%
c - 275.41 368 123 25 84 18970 1 509490 33552 1.3 88 69 17 83 41% 21254 2307628 21265 13%
c u 277.05 372 123 25 84 18972 1 512050 34838 1.3 88 69 17 83 41% 21297 2307628 21265 13%
c v 277.66 372 123 25 84 18972 1 512050 34107 1.3 88 69 17 83 41% 21298 2307628 21258 13%
c w 278.89 380 123 25 84 18972 1 512050 33985 1.3 88 69 17 83 41% 21298 2307628 21258 13%
c t 279.15 380 123 25 84 18972 1 512050 33983 1.3 88 69 17 83 41% 21273 2307600 21258 13%
c f 279.31 308 123 25 84 18972 1 512050 33983 1.3 88 69 17 83 41% 21284 2307369 21268 13%
c u 280.55 378 123 25 84 18972 1 512050 32540 1.3 88 69 17 83 41% 21328 2307369 21267 13%
c v 280.96 378 123 25 84 18972 1 512050 32451 1.3 88 69 17 83 41% 21328 2307369 21267 13%
c w 282.35 384 123 25 84 18972 1 512050 32427 1.3 88 69 17 83 41% 21328 2307369 21267 13%
c t 282.62 384 123 25 84 18972 1 512050 32424 1.3 88 69 17 83 41% 21295 2307368 21267 13%
c i 282.81 384 123 25 84 18972 1 512050 32424 1.3 88 69 17 83 41% 21295 2307368 21267 13%
c
c seconds      switched     rate          size/glue  tier1      binary            remaining
c          MB    reductions   conflicts         size    tier2        irredundant
c            level    restarts       redundant     glue     trail            variables
c
c o 282.90 384 123 25 84 18972 1 512050 32424 1.3 88 69 17 83 41% 21295 2307368 21267 13%
c - 283.90 388 123 25 85 18975 1 518655 31048 1.3 88 68 17 83 42% 21275 2307368 21267 13%
c - 285.63 388 122 25 86 18980 1 527875 30842 1.3 88 68 17 83 41% 21275 2307368 21267 13%
c - 287.51 388 121 25 87 18981 1 537149 29230 1.3 89 69 17 84 42% 21275 2307368 21267 13%
c I 288.20 388 121 25 87 18982 1 540624 32543 1.3 89 70 17 84 42% 21275 2307368 21267 13%
c - 289.04 388 119 25 88 18982 1 546477 29240 1.3 89 69 17 84 42% 21275 2307368 21267 13%
c - 290.48 388 117 25 89 18984 1 555857 30092 1.3 89 69 17 83 42% 21275 2307368 21267 13%
c - 292.20 390 116 25 90 18989 1 565292 30467 1.3 89 69 17 83 42% 21275 2307368 21267 13%
c - 293.82 390 114 25 91 18995 1 574778 31044 1.3 89 69 17 83 42% 21275 2307368 21267 13%
c - 295.70 390 113 25 92 18997 1 584319 30964 1.3 89 69 17 82 42% 21275 2307368 21267 13%
c u 296.78 390 112 25 92 18997 1 586757 32637 1.3 89 69 17 82 42% 21305 2307368 21267 13%
c v 297.28 390 112 25 92 18997 1 586757 31904 1.3 89 69 17 82 42% 21305 2307368 21267 13%
c w 297.80 398 112 25 92 18997 1 586757 31903 1.3 89 69 17 82 42% 21305 2307368 21267 13%
c x 298.26 408 112 25 92 18997 1 586757 31903 1.3 89 69 17 82 42% 21305 2302736 21267 13%
c t 298.53 408 112 25 92 18997 1 586757 31903 1.3 89 69 17 82 42% 21287 2302736 21267 13%
c - 300.21 408 112 25 93 19003 1 593911 30249 1.3 90 70 17 83 42% 21287 2302736 21267 13%
c - 302.11 408 112 25 94 19008 1 603554 29186 1.3 90 70 17 83 42% 21287 2302736 21267 13%
c B 303.00 408 112 25 94 19011 1 608309 33596 1.3 90 71 17 83 42% 21287 2302736 21267 13%
c - 303.99 408 112 25 95 19012 1 613250 29383 1.3 90 71 17 83 41% 21287 2302736 21267 13%
c - 305.78 408 113 25 96 19013 1 622996 29830 1.3 90 71 17 83 41% 21287 2302736 21267 13%
c
c seconds      switched     rate          size/glue  tier1      binary            remaining
c          MB    reductions   conflicts         size    tier2        irredundant
c            level    restarts       redundant     glue     trail            variables
c
c s 307.84 415 113 25 96 19013 1 628836 35463 1.3 89 71 17 83 41% 21287 2302687 21267 13%
c e 308.23 489 113 25 96 19013 1 628836 35463 1.3 89 71 17 83 41% 21268 2302744 21259 13%
c s 309.27 489 113 25 96 19013 1 628836 35463 1.3 89 71 17 83 41% 21268 2302723 21259 13%
c o 309.73 489 113 25 96 19013 1 628836 35330 1.3 89 71 17 83 41% 21268 2302723 21259 13%
c ] 309.77 386 113 26 96 19013 1 629039 35528 1.3 89 71 17 83 41% 21268 2302723 21259 13%
c { 309.77 386 234 26 96 19013 16 629039 35528 1.4 22 15 5 13 35% 21268 2302723 21259 13%
c - 314.33 429 229 26 97 19788 16 632795 31521 1.4 22 15 5 13 35% 21268 2302723 21259 13%
c - 323.73 445 240 26 98 21336 17 642644 35026 1.4 23 16 5 13 36% 21269 2302723 21259 13%
c - 329.25 449 277 26 99 22245 17 652544 37022 1.4 23 16 5 13 38% 21269 2302723 21259 13%
c - 330.63 450 338 26 100 22393 16 662494 37803 1.4 22 16 5 13 42% 21269 2302723 21259 13%
c u 333.77 455 353 26 100 22704 16 667084 40271 1.4 22 16 5 13 43% 21369 2302723 21259 13%
c v 334.69 455 353 26 100 22704 16 667084 39036 1.4 22 16 5 13 43% 21369 2302723 21259 13%
c w 335.28 455 353 26 100 22704 16 667084 38802 1.4 22 16 5 13 43% 21369 2302723 21259 13%
c t 335.64 455 353 26 100 22704 16 667084 38802 1.4 22 16 5 13 43% 21315 2302723 21259 13%
c } 339.38 457 354 27 100 23310 16 671257 42841 1.4 22 16 5 13 44% 21315 2302723 21259 13%
c [ 339.38 457 113 27 100 23310 1 671257 42841 1.3 89 71 17 83 41% 21315 2302723 21259 13%
c - 339.52 457 113 27 101 23311 1 672495 35402 1.3 89 70 17 83 41% 21315 2302723 21259 13%
c W 341.52 468 112 27 101 23316 1 681284 43917 1.3 87 69 17 83 41% 21317 2302723 21259 13%
c - 341.74 368 112 27 102 23316 1 682545 34896 1.3 87 68 17 83 41% 21317 2302723 21259 13%
c - 343.18 368 112 27 103 23323 1 692644 32427 1.3 87 68 17 83 41% 21317 2302723 21259 13%
c
c seconds      switched      rate          size/glue  tier1      binary            remaining
c          MB    reductions    conflicts         size    tier2        irredundant
c            level     restarts       redundant     glue     trail            variables
c
c - 345.11 368 111 27 104 23324 1 702792 29325 1.3 87 68 17 83 41% 21317 2302723 21259 13%
c - 347.06 370 111 27 105 23331 1 712990 28199 1.3 88 68 17 83 41% 21317 2302723 21259 13%
c - 348.88 370 111 27 106 23337 1 723236 28052 1.3 89 69 17 83 41% 21317 2302723 21259 13%
c - 351.17 370 111 27 107 23339 1 733531 27278 1.3 90 69 17 82 42% 21317 2302723 21259 13%
c - 353.75 370 111 27 108 23340 1 743875 27529 1.3 91 70 17 82 42% 21317 2302723 21259 13%
c u 356.91 374 110 27 108 23340 1 753124 35776 1.3 92 71 17 82 42% 21320 2302723 21259 13%
c v 357.50 374 110 27 108 23340 1 753124 35008 1.3 92 71 17 82 42% 21320 2302723 21259 13%
c w 358.35 386 110 27 108 23340 1 753124 35007 1.3 92 71 17 82 42% 21320 2302723 21259 13%
c x 358.93 410 110 27 108 23340 1 753124 35007 1.3 92 71 17 82 42% 21320 2297270 21259 13%
c t 359.22 410 110 27 108 23340 1 753124 35007 1.3 92 71 17 82 42% 21318 2297270 21259 13%
c o 359.53 410 110 27 108 23340 1 753124 35007 1.3 92 71 17 82 42% 21318 2297270 21259 13%
c - 359.79 410 110 27 109 23341 1 754267 26786 1.3 92 70 17 82 42% 21318 2297270 21259 13%
c O 360.95 410 110 27 109 23346 1 759712 32024 1.3 91 70 17 82 42% 21318 2297270 21259 13%
c - 362.03 410 110 27 110 23347 1 764707 27518 1.3 91 70 17 82 42% 21318 2297270 21259 13%
c - 364.22 410 110 27 111 23354 1 775196 25077 1.3 92 70 17 82 42% 21318 2297270 21259 13%
c - 366.61 410 109 27 112 23355 1 785732 23699 1.3 92 71 17 82 42% 21318 2297270 21259 13%
c ] 368.49 410 109 28 112 23361 1 793930 31373 1.3 92 71 17 82 42% 21318 2297270 21259 13%
c { 368.49 410 354 28 112 23361 16 793930 31373 1.4 22 16 5 13 44% 21318 2297270 21259 13%
c - 370.73 424 348 28 113 23680 16 796316 24901 1.4 22 16 5 14 43% 21318 2297270 21259 13%
c - 379.88 450 362 28 114 24768 16 806946 28443 1.4 22 16 5 14 44% 21321 2297270 21259 13%
c
c seconds      switched       rate          size/glue  tier1     binary            remaining
c          MB    reductions     conflicts         size   tier2        irredundant
c            level     restarts        redundant     glue    trail            variables
c
c - 387.65 458 391 28 115 25620 16 817623 31610 1.4 22 16 5 14 46% 21321 2297270 21259 13%
c - 394.74 416 392 28 116 26648 16 828346 33817 1.4 22 16 5 14 46% 21321 2297270 21259 13%
c s 397.67 423 398 28 116 26801 16 831105 36381 1.4 22 16 5 14 47% 21322 2293710 21259 13%
c - 401.88 417 392 28 117 26934 15 839116 35866 1.4 21 16 5 14 45% 21326 2293710 21259 13%
c } 404.99 423 386 29 117 27531 15 842070 38801 1.4 22 16 5 14 45% 21327 2293710 21259 13%
c [ 404.99 423 109 29 117 27531 1 842070 38801 1.3 92 71 17 82 42% 21327 2293710 21259 13%
c B 405.04 423 119 29 117 27532 1 843750 40233 1.3 91 70 17 82 42% 21327 2293710 21259 13%
c u 406.64 407 118 29 117 27533 1 844907 39558 1.3 90 70 17 82 42% 21341 2293710 21259 13%
c v 407.56 407 118 29 117 27533 1 844907 38528 1.3 90 70 17 82 42% 21341 2293710 21259 13%
c w 408.11 407 118 29 117 27533 1 844907 38495 1.3 90 70 17 82 42% 21341 2293710 21259 13%
c x 409.00 415 118 29 117 27533 1 844907 38495 1.3 90 70 17 82 42% 21341 2284288 21259 13%
c t 412.75 499 118 29 117 27533 1 844907 38495 1.3 90 70 17 82 42% 21332 2284288 21259 13%
c - 413.85 392 117 29 118 27536 1 849932 35485 1.3 90 69 17 82 42% 21332 2284288 21259 13%
c - 415.86 392 115 29 119 27543 1 860794 37631 1.3 89 67 17 81 42% 21332 2284288 21259 13%
c - 417.84 392 115 29 120 27545 1 871704 36113 1.3 89 68 17 82 42% 21332 2284288 21259 13%
c - 420.43 392 115 29 121 27551 1 882658 32397 1.3 90 69 17 82 42% 21332 2284288 21259 13%
c - 422.87 392 114 29 122 27558 1 893658 31849 1.3 91 70 17 82 42% 21332 2284288 21259 13%
c - 425.66 392 114 29 123 27560 1 904704 31969 1.3 91 71 17 82 42% 21332 2284288 21259 13%
c - 428.41 392 114 29 124 27561 1 915794 32877 1.3 92 72 17 82 42% 21332 2284288 21259 13%
c - 431.47 392 113 29 125 27564 1 926929 33896 1.3 92 73 17 81 42% 21332 2284288 21259 13%
c
c seconds      switched      rate          size/glue  tier1      binary            remaining
c          MB    reductions    conflicts         size    tier2        irredundant
c            level     restarts       redundant     glue     trail            variables
c
c W 433.82 466 113 29 125 27568 1 933550 40056 1.3 92 73 17 81 42% 21332 2284288 21259 13%
c o 433.91 466 113 29 125 27568 1 933550 40056 1.3 92 73 17 81 42% 21332 2284288 21259 13%
c - 434.70 368 113 29 126 27570 1 938110 35105 1.3 92 73 17 81 42% 21332 2284288 21259 13%
c u 436.52 368 113 29 126 27573 1 942445 38327 1.3 92 73 17 81 42% 21342 2284288 21259 13%
c v 437.33 374 113 29 126 27573 1 942445 37473 1.3 92 73 17 81 42% 21342 2284288 21259 13%
c w 437.75 380 113 29 126 27573 1 942445 37445 1.3 92 73 17 81 42% 21342 2284288 21259 13%
c x 438.38 406 113 29 126 27573 1 942445 37445 1.3 92 73 17 81 42% 21342 2278090 21259 13%
c t 438.66 406 113 29 126 27573 1 942445 37445 1.3 92 73 17 81 42% 21337 2278090 21259 13%
c - 440.34 406 113 29 127 27576 1 949337 33282 1.3 92 73 17 81 42% 21337 2278090 21259 13%
c ] 442.93 406 113 30 127 27578 1 958870 42358 1.3 92 73 17 81 42% 21337 2278090 21259 13%
c { 442.94 406 386 30 127 27578 15 958870 42358 1.4 22 16 5 14 45% 21337 2278090 21259 13%
c - 444.36 416 389 30 128 27736 16 960606 32202 1.4 22 16 5 14 45% 21337 2278090 21259 13%
c - 451.71 426 407 30 129 28825 16 971920 35932 1.4 22 16 5 14 46% 21337 2278090 21259 13%
c - 452.16 426 365 30 130 28825 14 983277 38916 1.4 22 15 5 14 43% 21337 2278090 21259 13%
c - 452.72 426 328 30 131 28825 13 994679 39498 1.5 22 15 5 13 39% 21337 2278090 21259 13%
c - 453.39 426 294 30 132 28825 11 1006124 40586 1.6 22 14 5 13 36% 21337 2278090 21259 13%
c } 453.95 428 275 31 132 28825 11 1013306 47141 1.6 23 14 5 13 34% 21337 2278090 21259 13%
c [ 453.95 428 113 31 132 28825 1 1013306 47141 1.3 92 73 17 81 42% 21337 2278090 21259 13%
c - 454.67 428 113 31 133 28828 1 1017613 41780 1.3 91 72 17 81 42% 21337 2278090 21259 13%
c - 456.83 428 113 31 134 28834 1 1029146 39992 1.3 91 73 17 82 42% 21337 2278090 21259 13%
c
c seconds      switched      rate           size/glue  tier1      binary            remaining
c          MB    reductions     conflicts         size    tier2        irredundant
c            level     restarts        redundant     glue     trail            variables
c
c I 456.86 428 113 31 134 28834 1 1029264 40108 1.3 91 73 17 82 42% 21337 2278090 21259 13%
c - 459.06 428 111 31 135 28839 1 1040721 36974 1.3 91 72 17 82 42% 21337 2278090 21259 13%
c u 460.97 428 110 31 135 28839 1 1045843 40540 1.3 91 71 17 82 42% 21356 2278090 21255 13%
c v 461.58 428 110 31 135 28839 1 1045843 39890 1.3 91 71 17 82 42% 21356 2278090 21255 13%
c w 461.99 434 110 31 135 28839 1 1045843 39884 1.3 91 71 17 82 42% 21356 2278090 21255 13%
c x 462.53 434 110 31 135 28839 1 1045843 39884 1.3 91 71 17 82 42% 21365 2272578 21255 13%
c t 462.80 434 110 31 135 28839 1 1045843 39882 1.3 91 71 17 82 42% 21353 2272578 21253 13%
c u 463.82 434 110 31 135 28839 1 1045843 38741 1.3 91 71 17 82 42% 21376 2272574 21253 13%
c v 464.36 434 110 31 135 28839 1 1045843 38217 1.3 91 71 17 82 42% 21376 2272574 21253 13%
c w 464.75 434 110 31 135 28839 1 1045843 38075 1.3 91 71 17 82 42% 21376 2272574 21253 13%
c x 465.25 434 110 31 135 28839 1 1045843 38075 1.3 91 71 17 82 42% 21376 2266046 21253 13%
c t 465.52 434 110 31 135 28839 1 1045843 38075 1.3 91 71 17 82 42% 21368 2266046 21253 13%
c i 465.72 434 110 31 135 28839 1 1045843 38075 1.3 91 71 17 82 42% 21368 2266046 21253 13%
c - 467.00 434 110 31 136 28845 1 1052339 33715 1.3 91 71 17 82 42% 21346 2266046 21253 13%
c - 469.20 434 110 31 137 28851 1 1064000 33338 1.3 91 72 17 82 42% 21346 2266046 21253 13%
c ] 469.50 434 110 32 137 28852 1 1065673 34948 1.3 91 72 17 82 42% 21346 2266046 21253 13%
c { 469.50 434 275 32 137 28852 11 1065673 34948 1.6 23 14 5 13 34% 21346 2266046 21253 13%
c o 469.66 436 275 32 137 28853 11 1065698 34973 1.6 23 14 5 13 34% 21346 2266046 21253 13%
c s 472.91 445 274 32 137 29132 11 1067764 36987 1.6 23 14 5 13 34% 21346 2266023 21253 13%
c - 475.99 407 300 32 138 29184 10 1075705 36583 1.6 22 14 5 13 36% 21348 2266023 21253 13%
c
c seconds      switched       rate           size/glue  tier1     binary            remaining
c          MB    reductions      conflicts         size   tier2        irredundant
c            level     restarts         redundant     glue    trail            variables
c
c - 486.30 443 302 32 139 30690 11 1087452 41755 1.6 22 14 5 13 37% 21352 2266023 21253 13%
c - 494.71 453 309 32 140 31849 12 1099241 44470 1.5 22 15 5 13 39% 21354 2266023 21253 13%
c - 504.04 457 324 32 141 33347 13 1111073 45932 1.5 23 15 5 13 40% 21356 2266023 21253 13%
c - 511.63 463 340 32 142 34503 13 1122947 48074 1.5 23 15 5 13 41% 21356 2266023 21253 13%
c } 512.34 463 354 33 142 34588 13 1126777 51439 1.5 23 15 5 13 42% 21356 2266023 21253 13%
c [ 512.34 463 110 33 142 34588 1 1126777 51439 1.3 91 72 17 82 42% 21356 2266023 21253 13%
c B 512.97 463 110 33 142 34591 1 1131041 55534 1.3 91 72 17 82 42% 21356 2266023 21253 13%
c - 513.58 463 111 33 143 34593 1 1134864 47001 1.3 91 72 17 82 42% 21356 2266023 21253 13%
c - 515.78 463 112 33 144 34600 1 1146823 43263 1.3 92 73 17 82 42% 21356 2266023 21253 13%
c u 519.18 463 113 33 144 34602 1 1155118 49414 1.2 92 74 17 82 42% 21359 2266023 21253 13%
c v 520.46 465 113 33 144 34602 1 1155118 47983 1.2 92 74 17 82 42% 21359 2266023 21253 13%
c w 521.08 473 113 33 144 34602 1 1155118 47960 1.2 92 74 17 82 42% 21359 2266023 21253 13%
c x 522.02 475 113 33 144 34602 1 1155118 47960 1.2 92 74 17 82 42% 21359 2257875 21253 13%
c t 522.29 475 113 33 144 34602 1 1155118 47960 1.2 92 74 17 82 42% 21355 2257875 21253 13%
c - 523.35 386 113 33 145 34602 1 1158823 38157 1.2 92 74 17 82 41% 21355 2257875 21253 13%
c - 525.72 386 113 33 146 34609 1 1170864 38144 1.2 92 74 17 82 41% 21355 2257875 21253 13%
c - 528.17 386 113 33 147 34616 1 1182947 38103 1.2 93 74 17 82 42% 21355 2257875 21253 13%
c - 531.27 386 113 33 148 34618 1 1195071 35830 1.2 93 75 17 82 42% 21355 2257875 21253 13%
c - 534.04 386 113 33 149 34618 1 1207236 35110 1.2 94 76 17 82 42% 21355 2257875 21253 13%
c - 536.63 386 113 33 150 34625 1 1219442 35937 1.2 95 77 17 82 42% 21355 2257875 21253 13%
c
c seconds      switched      rate           size/glue  tier1      binary            remaining
c          MB    reductions     conflicts         size    tier2        irredundant
c            level     restarts        redundant     glue     trail            variables
c
c o 538.04 386 113 33 150 34629 1 1225243 41486 1.2 94 77 17 82 42% 21355 2257875 21253 13%
c - 539.34 386 113 33 151 34632 1 1231692 37016 1.2 94 76 17 82 42% 21355 2257875 21253 13%
c W 541.80 464 113 33 151 34633 1 1239027 43974 1.2 94 76 17 82 42% 21355 2257875 21253 13%
c - 542.81 368 113 33 152 34636 1 1243980 36419 1.2 94 76 17 82 42% 21355 2257875 21253 13%
c - 544.85 368 114 33 153 34643 1 1256308 36206 1.3 94 75 17 82 43% 21355 2257875 21253 13%
c - 547.37 368 113 33 154 34648 1 1268679 35852 1.3 95 75 17 82 43% 21355 2257875 21253 13%
c u 548.71 370 113 33 154 34648 1 1270357 36366 1.3 95 75 17 82 44% 21360 2257875 21253 13%
c v 549.41 370 113 33 154 34648 1 1270357 35540 1.3 95 75 17 82 44% 21360 2257875 21253 13%
c w 549.95 376 113 33 154 34648 1 1270357 35538 1.3 95 75 17 82 44% 21360 2257875 21253 13%
c x 550.66 408 113 33 154 34648 1 1270357 35538 1.3 95 75 17 82 44% 21360 2253579 21253 13%
c t 550.92 408 113 33 154 34648 1 1270357 35538 1.3 95 75 17 82 44% 21357 2253579 21253 13%
c - 553.39 408 113 33 155 34649 1 1281090 34800 1.3 95 75 17 82 44% 21357 2253579 21253 13%
c ] 553.70 408 113 34 155 34649 1 1283034 36659 1.3 95 75 17 82 44% 21357 2253579 21253 13%
c { 553.70 408 354 34 155 34649 13 1283034 36659 1.5 23 15 5 13 42% 21357 2253579 21253 13%
c i 553.72 410 353 34 155 34651 13 1283045 36669 1.5 23 15 5 13 42% 21357 2253579 21251 13%
c i 553.73 410 353 34 155 34652 13 1283051 36674 1.5 23 15 5 13 42% 21357 2253579 21247 13%
c i 554.30 410 350 34 155 34737 13 1284240 37858 1.5 23 15 5 13 42% 21360 2253579 21246 13%
c i 554.31 410 350 34 155 34737 13 1284249 37865 1.5 23 15 5 13 42% 21361 2253579 21242 13%
c i 554.34 410 350 34 155 34737 13 1284302 37913 1.5 23 15 5 13 42% 21363 2253579 21228 13%
c - 554.67 410 323 34 156 34737 12 1293539 38601 1.5 22 15 5 13 40% 21315 2253579 21228 13%
c
c seconds      switched       rate           size/glue  tier1     binary            remaining
c          MB    reductions      conflicts         size   tier2        irredundant
c            level     restarts         redundant     glue    trail            variables
c
c - 555.33 412 287 34 157 34738 11 1306029 42267 1.7 24 14 5 13 39% 21324 2253579 21228 13%
c - 555.88 412 256 34 158 34738 9 1318560 44176 1.9 26 14 5 13 38% 21324 2253579 21228 13%
c - 556.66 412 228 34 159 34738 8 1331129 46082 2.1 28 13 5 12 37% 21324 2253579 21228 13%
c s 559.36 419 210 34 159 34738 8 1340150 54228 2.3 29 13 5 12 36% 21324 2253418 21228 13%
c s 561.70 491 210 34 159 34738 8 1340150 54228 2.3 29 13 5 12 36% 21324 2253378 21228 13%
c i 562.26 397 208 34 159 34739 8 1341576 55597 2.3 29 13 5 12 36% 21333 2253378 21205 13%
c i 562.45 401 206 34 159 34776 8 1342778 56695 2.3 29 13 5 12 36% 21340 2253378 21204 13%
c i 562.47 401 206 34 159 34776 8 1342785 56701 2.3 29 13 5 12 36% 21340 2253378 21203 13%
c - 562.57 403 205 34 160 34776 8 1343739 48147 2.3 29 13 5 12 35% 21288 2253378 21203 13%
c i 562.62 405 202 34 160 34776 8 1344977 49278 2.3 28 13 5 12 35% 21306 2253378 21186 13%
c i 562.64 405 202 34 160 34776 8 1344984 49282 2.3 28 13 5 12 35% 21308 2253378 21179 13%
c } 563.23 407 199 35 160 34776 7 1351180 55132 2.3 27 12 5 12 35% 21317 2253378 21179 13%
c [ 563.23 407 113 35 160 34776 1 1351180 55132 1.3 95 75 17 82 44% 21317 2253378 21179 13%
c O 563.57 407 113 35 160 34778 1 1353366 57250 1.3 94 74 17 82 44% 21319 2253378 21179 13%
c - 564.11 407 112 35 161 34780 1 1356389 49229 1.3 94 73 17 82 44% 21278 2253378 21179 13%
c - 566.71 409 109 35 162 34787 1 1369077 49561 1.3 93 71 17 81 44% 21278 2253378 21179 13%
c o 568.03 409 108 35 162 34790 1 1375794 56031 1.3 93 70 17 81 44% 21278 2253378 21179 13%
c ] 568.91 409 109 36 162 34790 1 1381165 61269 1.3 93 70 17 81 44% 21278 2253378 21179 13%
c { 568.91 409 199 36 162 34790 7 1381165 61269 2.3 27 12 5 12 35% 21278 2253378 21179 13%
c - 569.79 415 199 36 163 34926 7 1381805 50145 2.2 28 12 5 12 35% 21278 2253378 21179 13%
c
c seconds      switched      rate           size/glue  tier1     binary            remaining
c          MB    reductions     conflicts         size   tier2        irredundant
c            level     restarts        redundant     glue    trail            variables
c
c b 580.96 452 213 36 163 36497 9 1391655 59641 2.1 28 13 5 12 36% 21351 2253059 21156 13%
c u 581.69 452 213 36 163 36497 9 1391655 58160 2.1 28 13 5 12 36% 21362 2253059 21156 13%
c v 582.53 452 213 36 163 36497 9 1391655 57449 2.1 28 13 5 12 36% 21361 2253059 21156 13%
c w 583.04 460 213 36 163 36497 9 1391655 57449 2.1 28 13 5 12 36% 21361 2253059 21156 13%
c x 583.72 462 213 36 163 36497 9 1391655 57449 2.1 28 13 5 12 36% 21399 2249932 21156 13%
c t 583.99 462 213 36 163 36497 9 1391655 57449 2.1 28 13 5 12 36% 21383 2249932 21155 13%
c u 585.13 462 213 36 163 36497 9 1391655 56242 2.1 28 13 5 12 36% 21393 2249928 21155 13%
c v 585.93 462 213 36 163 36497 9 1391655 55628 2.1 28 13 5 12 36% 21393 2249928 21155 13%
c w 586.58 462 213 36 163 36497 9 1391655 55627 2.1 28 13 5 12 36% 21393 2249928 21155 13%
c x 587.24 462 213 36 163 36497 9 1391655 55627 2.1 28 13 5 12 36% 21393 2248719 21155 13%
c t 587.52 462 213 36 163 36497 9 1391655 55627 2.1 28 13 5 12 36% 21390 2248719 21155 13%
c - 591.66 421 211 36 164 37120 10 1394572 45531 2.1 28 13 5 12 36% 21315 2248719 21155 13%
c } 599.82 429 208 36 164 38448 11 1401660 52541 2.0 28 14 5 12 36% 21315 2248719 21155 13%
c ? 599.82 429 208 36 164 38448 11 1401660 52541 2.0 28 14 5 12 36% 21315 2248719 21155 13%
c
c ---- [ result ] ------------------------------------------------------------
c
s UNKNOWN
c
c ---- [ profiling ] ---------------------------------------------------------
c
c         440.54   73.44 %  search
c         247.20   41.21 %  focused
c         193.33   32.23 %  stable
c         153.33   25.56 %  simplify
c         106.60   17.77 %  probe
c          66.08   11.02 %  vivify
c          42.27    7.05 %  eliminate
c          23.76    3.96 %  subsume
c          18.22    3.04 %  substitute
c          11.89    1.98 %  sweep
c           6.72    1.12 %  walking
c           6.06    1.01 %  factor
c           5.17    0.86 %  reduce
c           3.30    0.55 %  parse
c           2.91    0.49 %  congruence
c           2.26    0.38 %  preprocess
c           0.95    0.16 %  transitive
c           0.48    0.08 %  backbone
c           0.39    0.07 %  lucky
c =============================================
c         599.82  100.00 %  total
c
c ---- [ statistics ] --------------------------------------------------------
c
c chronological:                         2199                0 %  conflicts
c conflicts:                          1401660             2336.80 per second
c decisions:                          7184403                5.13 per conflict
c eliminated:                          143278               87 %  variables
c factored:                              1117                1 %  variables
c iterations:                              52                0 %  variables
c propagations:                    1178581425          1964890    per second
c reductions:                             164             8547    interval
c reordered:                               16            87604    interval
c rephased:                                30            46722    interval
c restarts:                             38448               36    interval
c strengthened:                             9                0 %  checks
c subsumed:                             32477                0 %  checks
c switched:                                36            38935    interval
c vivified:                            138371               40 %  checks
c walks:                                   10           140166    interval
c
c ---- [ glue usage ] --------------------------------------------------------
c
c focused glue 5    used 158355 clauses 13.05% accumulated 53.33% tier1
c focused glue 6    used 121110 clauses  9.98% accumulated 63.31%
c focused glue 7-10 used 262301 clauses 21.62% accumulated 84.93%
c focused glue 11   used  36464 clauses  3.01% accumulated 87.93%
c focused glue 12   used  29416 clauses  2.42% accumulated 90.36% tier2
c
c stable glue 17    used  126570 clauses  2.57% accumulated 52.01% tier1
c stable glue 18    used  107426 clauses  2.18% accumulated 54.20%
c stable glue 19-79 used 1742756 clauses 35.39% accumulated 89.59%
c stable glue 80    used   10624 clauses  0.22% accumulated 89.80%
c stable glue 81    used   10705 clauses  0.22% accumulated 90.02% tier2
c
c ---- [ resources ] ---------------------------------------------------------
c
c maximum-resident-set-size:        764456960 bytes        729 MB
c process-time:                            10m             599.82 seconds
c
c ---- [ shutting down ] -----------------------------------------------------
c
c exit 0
