c ---- [ banner ] ------------------------------------------------------------
c
c Kissat SAT Solver
c 
c Copyright (c) 2021-2024 Armin Biere University of Freiburg
c Copyright (c) 2019-2021 Armin Biere Johannes Kepler University Linz
c 
c Version 4.0.4 8af8e56f174b778aef3aa45af9f739b2a5f492c2
c gcc (Debian 12.2.0-14+deb12u1) 12.2.0 -W -Wall -O3 -DNDEBUG
c Sun Sep 13 05:36:52 UTC 2026 Linux discovery-workbench 6.1.0-52-cloud-amd64 x86_64
c
c ---- [ parsing ] -----------------------------------------------------------
c
c opened and reading DIMACS file:
c
c   degree22_paired220_e112.cnf
c
c parsed 'p cnf 165638 2516008' header
c closing input after reading 105855178 bytes (101 MB)
c finished parsing after 2.43 seconds
c
c ---- [ options ] -----------------------------------------------------------
c
c --seed=112                       (different from default '0')
c
c ---- [ solving ] -----------------------------------------------------------
c
c seconds  switched rate     size/glue tier1   binary             remaining
c         MB reductions conflicts size  tier2       irredundant
c          level restarts redundant glue  trail             variables
c
c *  2.43 220 0 0 0  0 0   0   0 0.0 0 0 0 0 0% 166061 2349947 165638 100%
c (  2.66 246 0 0 0  0 0   0   0 0.0 0 0 0 0 0% 166061 2349947 165638 100%
c .  2.66 246 0 0 0  0 0   0   0 0.0 0 0 0 0 0% 166061 2349947 165638 100%
c )  4.40 332 0 0 0  0 0   0   0 0.0 0 0 0 0 0% 166061 2349947 165638 100%
c {  4.51 332 0 0 0  0 0   0   0 0.0 0 0 2 6 0% 166061 2349947 165638 100%
c -  6.55 269 6868 0 1 104 136 1001 663 1.4 18 13 6 20 69% 166061 2349947 165638 100%
c }  6.55 269 6868 1 1 104 136 1001 663 1.4 18 13 6 20 69% 166061 2349947 165638 100%
c [  6.55 269 0 1 1 104 0 1001 663 0.0 0 0 2 6 0% 166061 2349947 165638 100%
c B  6.57 269 0 1 1 104 0 1001 663 0.0 0 0 2 6 0% 166061 2349947 165638 100%
c -  7.04 271 41641 1 2 104 45 2001 1440 1.5 32 21 11 26 69% 166061 2349947 165638 100%
c W  8.20 352 41641 1 2 104 45 2002 1441 1.5 32 21 11 26 69% 166061 2349947 165638 100%
c u 10.27 256 24464 1 2 106 29 3383 2765 1.5 53 35 13 29 77% 166061 2349947 165638 100%
c v 10.58 256 24464 1 2 106 29 3383 2747 1.5 53 35 13 29 77% 166061 2349947 165638 100%
c w 10.86 258 24464 1 2 106 29 3383 2747 1.5 53 35 13 29 77% 166061 2349947 165638 100%
c x 11.32 266 24464 1 2 106 29 3383 2747 1.5 53 35 13 29 77% 166063 2349945 165638 100%
c - 11.93 266 24134 1 3 106 29 3415 2325 1.5 54 35 14 48 76% 166063 2349945 165638 100%
c ] 12.47 266 20286 2 3 106 25 3865 2749 1.4 57 39 14 48 73% 166063 2349945 165638 100%
c { 12.47 266 6868 2 3 106 136 3865 2749 1.4 18 13 6 20 69% 166063 2349945 165638 100%
c i 12.48 268 6855 2 3 106 136 3867 2749 1.4 18 13 6 20 69% 166063 2349945 165434 100%
c i 12.50 268 6801 2 3 106 135 3875 2756 1.4 18 13 6 20 69% 166063 2349945 165407 100%
c
c seconds     switched   rate       size/glue  tier1      binary             remaining
c         MB   reductions conflicts       size   tier2         irredundant
c           level  restarts    redundant     glue    trail             variables
c
c i 13.79 274 4444 2 3 165 91 4414 3278 1.4 19 14 6 20 55% 166074 2349945 164750 99%
c } 13.97 274 3483 3 3 165 72 4866 3681 1.4 19 13 8 20 47% 166074 2349945 164750 99%
c [ 13.97 274 20286 3 3 165 25 4866 3681 1.4 57 39 14 48 73% 166074 2349945 164750 99%
c I 13.97 274 20286 3 3 165 25 4866 3681 1.4 57 39 14 48 73% 166074 2349945 164750 99%
c - 14.31 274 18450 3 4 165 22 5147 3364 1.4 57 39 15 62 71% 164758 2349945 164750 99%
c ] 15.79 274 11708 4 4 167 15 6920 5040 1.3 64 48 16 78 66% 164758 2349945 164750 99%
c { 15.79 274 3483 4 4 167 72 6920 5040 1.4 19 13 8 20 47% 164758 2349945 164750 99%
c - 17.55 276 3133 4 5 250 69 7147 4142 1.4 20 14 8 20 48% 164759 2349945 164750 99%
c } 24.00 279 2091 5 5 549 46 9272 6143 1.3 19 14 8 20 59% 164765 2349945 164750 99%
c [ 24.00 279 11708 5 5 549 15 9272 6143 1.3 64 48 16 78 66% 164765 2349945 164750 99%
c B 24.01 279 11708 5 5 549 15 9272 6143 1.3 64 48 16 78 66% 164765 2349945 164750 99%
c - 24.21 279 11439 5 6 549 14 9386 5010 1.3 64 49 16 79 65% 164765 2349945 164750 99%
c b 25.97 267 9453 5 6 550 12 10420 5996 1.3 65 50 16 79 64% 165188 2349060 164737 99%
c u 26.58 268 9453 5 6 550 12 10420 5806 1.3 65 50 16 79 64% 165188 2349060 164737 99%
c v 27.29 269 9453 5 6 550 12 10420 5697 1.3 65 50 16 79 64% 165188 2349060 164737 99%
c w 27.73 269 9453 5 6 550 12 10420 5696 1.3 65 50 16 79 64% 165188 2349060 164737 99%
c t 30.78 359 9453 5 6 550 12 10420 5696 1.3 65 50 16 79 64% 165198 2349047 164737 99%
c u 31.78 359 9453 5 6 550 12 10420 5660 1.3 65 50 16 79 64% 165198 2349047 164737 99%
c v 32.33 359 9453 5 6 550 12 10420 5586 1.3 65 50 16 79 64% 165198 2349047 164737 99%
c w 32.68 359 9453 5 6 550 12 10420 5585 1.3 65 50 16 79 64% 165198 2349047 164737 99%
c
c seconds     switched   rate        size/glue  tier1       binary             remaining
c         MB   reductions  conflicts       size    tier2         irredundant
c           level  restarts     redundant     glue     trail             variables
c
c x 33.24 257 9453 5 6 550 12 10420 5585 1.3 65 50 16 79 64% 165206 2349031 164727 99%
c i 33.70 257 9453 5 6 550 12 10420 5585 1.3 65 50 16 79 64% 165208 2349029 164727 99%
c o 33.87 257 9453 5 6 550 12 10420 5585 1.3 65 50 16 79 64% 165208 2349029 164727 99%
c - 34.74 257 7628 5 7 551 10 11836 5474 1.3 66 51 17 86 62% 165169 2349029 164727 99%
c - 36.31 257 5590 5 8 553 8 14482 6290 1.3 70 56 18 88 59% 165169 2349029 164727 99%
c W 37.53 345 5412 5 8 553 8 14804 6599 1.3 71 56 18 88 59% 165169 2349029 164727 99%
c s 39.19 251 4472 5 8 554 6 16914 8613 1.3 72 56 18 88 59% 165169 2333057 164727 99%
c e 40.36 366 4472 5 8 554 6 16914 8613 1.3 72 56 18 88 59% 43227 2285880 43751 26%
c s 40.85 369 4472 5 8 554 6 16914 8613 1.3 72 56 18 88 59% 43227 2285028 43751 26%
c e 41.24 369 4472 5 8 554 6 16914 8613 1.3 72 56 18 88 59% 43226 2285028 43750 26%
c ^ 41.24 369 4472 5 8 554 6 16914 8613 1.3 72 56 18 88 59% 43226 2285028 43750 26%
c - 41.76 254 4330 5 9 554 6 17312 5237 1.3 72 57 18 89 58% 43226 2285028 43750 26%
c - 42.33 254 3484 5 10 555 5 20313 5912 1.3 74 58 18 88 55% 43226 2285028 43750 26%
c u 43.02 254 3261 5 10 555 5 21348 6820 1.3 75 59 18 88 55% 43226 2285028 43750 26%
c v 43.34 254 3261 5 10 555 5 21348 6524 1.3 75 59 18 88 55% 43226 2285028 43750 26%
c w 43.55 258 3261 5 10 555 5 21348 6524 1.3 75 59 18 88 55% 43226 2285028 43750 26%
c f 43.99 194 3261 5 10 555 5 21348 6524 1.3 75 59 18 88 55% 44074 2253677 44377 27%
c u 44.78 261 3261 5 10 555 5 21348 6507 1.3 75 59 18 88 55% 44074 2253677 44377 27%
c v 45.14 263 3261 5 10 555 5 21348 6133 1.3 75 59 18 88 55% 44074 2253677 44377 27%
c w 45.34 265 3261 5 10 555 5 21348 6131 1.3 75 59 18 88 55% 44074 2253677 44377 27%
c
c seconds     switched   rate        size/glue  tier1      binary            remaining
c         MB    reductions conflicts       size    tier2        irredundant
c           level   restarts    redundant     glue     trail            variables
c
c o 46.46 351 3261 5 10 555 5 21348 6131 1.3 75 59 18 88 55% 44074 2253677 44377 27%
c ] 46.63 255 3119 6 10 556 5 22086 6859 1.3 75 59 18 88 54% 44074 2253677 44377 27%
c { 46.63 255 2091 6 10 556 46 22086 6859 1.3 19 14 8 20 59% 44074 2253677 44377 27%
c - 47.04 259 1585 6 11 803 37 23475 6125 1.3 18 13 5 14 48% 44080 2253677 44377 27%
c i 47.09 259 1145 6 11 803 27 25673 8150 1.4 16 11 5 14 36% 44083 2253677 44321 27%
c i 47.11 261 1143 6 11 803 27 25686 8160 1.4 16 11 5 14 36% 44084 2253677 44227 27%
c } 47.37 261 1079 7 11 1008 27 26155 8626 1.4 16 12 5 14 35% 44084 2253677 44227 27%
c [ 47.37 261 3119 7 11 1008 5 26155 8626 1.3 75 59 18 88 54% 44084 2253677 44227 27%
c O 47.37 261 3119 7 11 1008 5 26155 8626 1.3 75 59 18 88 54% 44084 2253677 44227 27%
c - 47.50 261 3003 7 12 1008 5 26792 7308 1.3 75 58 18 86 54% 43883 2253677 44227 27%
c - 48.12 261 2496 7 13 1010 4 30258 8198 1.3 75 57 18 78 51% 43883 2253677 44227 27%
c ] 48.15 261 2476 8 13 1011 4 30418 8358 1.3 75 56 18 78 51% 43883 2253677 44227 27%
c { 48.15 261 1079 8 13 1011 27 30418 8358 1.4 16 12 5 14 35% 43883 2253677 44227 27%
c i 48.15 261 1079 8 13 1011 27 30419 8358 1.4 16 12 5 14 35% 43883 2253677 44169 27%
c i 48.16 263 1079 8 13 1011 27 30420 8358 1.4 16 12 5 14 35% 43883 2253677 44155 27%
c e 54.14 363 807 8 13 1906 31 33618 11536 1.3 20 15 5 14 35% 41001 2259065 41335 25%
c s 54.46 367 807 8 13 1906 31 33618 11536 1.3 20 15 5 14 35% 41001 2259059 41335 25%
c e 54.71 367 807 8 13 1906 31 33618 11536 1.3 20 15 5 14 35% 41000 2259059 41334 25%
c ^ 54.71 367 807 8 13 1906 31 33618 11536 1.3 20 15 5 14 35% 41000 2259059 41334 25%
c - 55.32 273 794 8 14 1969 32 33864 8912 1.3 20 15 3 13 35% 40930 2259059 41334 25%
c
c seconds    switched     rate         size/glue  tier1     binary            remaining
c         MB   reductions   conflicts        size   tier2        irredundant
c           level   restarts      redundant     glue    trail            variables
c
c i 57.05 289 783 8 14 2202 30 35833 10799 1.3 20 15 3 13 39% 40932 2259059 41333 25%
c b 57.37 291 798 8 14 2203 30 36186 11109 1.3 20 15 3 13 40% 41202 2258791 41200 25%
c u 57.64 293 798 8 14 2203 30 36186 10739 1.3 20 15 3 13 40% 41212 2258791 41200 25%
c v 58.12 293 798 8 14 2203 30 36186 10408 1.3 20 15 3 13 40% 41212 2258791 41200 25%
c w 58.37 293 798 8 14 2203 30 36186 10407 1.3 20 15 3 13 40% 41212 2258791 41200 25%
c x 58.75 295 798 8 14 2203 30 36186 10407 1.3 20 15 3 13 40% 41284 2258651 41200 25%
c t 59.00 295 798 8 14 2203 30 36186 10407 1.3 20 15 3 13 40% 41281 2258651 41200 25%
c f 59.17 199 798 8 14 2203 30 36186 10407 1.3 20 15 3 13 40% 41603 2256197 41471 25%
c u 59.74 269 798 8 14 2203 30 36186 10267 1.3 20 15 3 13 40% 41606 2256197 41471 25%
c v 60.45 269 798 8 14 2203 30 36186 9748 1.3 20 15 3 13 40% 41606 2256197 41471 25%
c w 60.71 271 798 8 14 2203 30 36186 9748 1.3 20 15 3 13 40% 41606 2256197 41471 25%
c } 61.63 281 780 9 14 2266 30 36578 10127 1.3 20 15 3 13 40% 41608 2256197 41471 25%
c [ 61.63 281 2476 9 14 2266 4 36578 10127 1.3 75 56 18 78 51% 41608 2256197 41471 25%
c B 61.63 281 2476 9 14 2266 4 36578 10127 1.3 75 56 18 78 51% 41608 2256197 41471 25%
c - 62.08 283 2359 9 15 2267 4 37609 8316 1.3 75 57 18 79 51% 41255 2256197 41471 25%
c - 62.83 283 1998 9 16 2269 4 41481 8138 1.3 77 59 18 81 49% 41255 2256197 41471 25%
c - 63.60 283 1721 9 17 2272 3 45483 7932 1.3 79 61 17 81 49% 41255 2256197 41471 25%
c W 64.99 332 1542 9 17 2272 3 48801 10990 1.3 81 63 17 81 48% 41255 2256197 41471 25%
c o 65.09 332 1542 9 17 2272 3 48801 10990 1.3 81 63 17 81 48% 41255 2256197 41471 25%
c - 65.29 236 1503 9 18 2273 3 49606 8330 1.3 80 63 17 82 48% 41255 2256197 41471 25%
c
c seconds     switched    rate        size/glue  tier1      binary            remaining
c         MB    reductions  conflicts       size    tier2        irredundant
c           level    restarts    redundant     glue     trail            variables
c
c - 65.99 238 1324 9 19 2276 3 53848 9151 1.3 80 62 17 82 47% 41255 2256197 41471 25%
c u 66.75 242 1272 9 19 2278 3 55292 10477 1.3 81 62 17 82 47% 41259 2256197 41471 25%
c v 67.19 246 1272 9 19 2278 3 55292 10113 1.3 81 62 17 82 47% 41260 2256197 41471 25%
c w 67.41 250 1272 9 19 2278 3 55292 10113 1.3 81 62 17 82 47% 41260 2256197 41471 25%
c t 67.67 250 1272 9 19 2278 3 55292 10113 1.3 81 62 17 82 47% 41259 2256197 41471 25%
c - 68.62 250 1178 9 20 2279 3 58206 9028 1.3 81 62 17 83 47% 41259 2256197 41471 25%
c - 69.49 250 1056 9 21 2280 2 62678 8878 1.3 82 63 17 84 46% 41259 2256197 41471 25%
c I 69.70 250 1031 9 21 2280 2 63705 9860 1.3 82 64 17 84 46% 41259 2256197 41471 25%
c ] 70.17 250 973 10 21 2280 2 66248 12299 1.3 82 63 17 84 46% 41259 2256197 41471 25%
c { 70.17 250 780 10 21 2280 30 66248 12299 1.3 20 15 3 13 40% 41259 2256197 41471 25%
c - 71.35 260 742 10 22 2492 30 67262 9610 1.3 21 16 4 14 40% 41262 2256197 41471 25%
c s 71.87 279 646 10 22 2492 26 69764 11972 1.3 19 15 4 14 36% 41264 2256119 41471 25%
c e 72.70 355 646 10 22 2492 26 69764 11972 1.3 19 15 4 14 36% 40966 2256333 41196 25%
c s 73.11 355 646 10 22 2492 26 69764 11972 1.3 19 15 4 14 36% 40966 2256319 41196 25%
c ^ 73.38 355 646 10 22 2492 26 69764 11972 1.3 19 15 4 14 36% 40966 2256319 41196 25%
c - 73.71 269 643 10 23 2492 23 71952 9439 1.3 19 14 4 13 39% 40969 2256319 41196 25%
c } 75.42 285 598 11 23 2882 22 74876 12297 1.3 19 14 4 13 39% 40969 2256319 41196 25%
c [ 75.42 285 973 11 23 2882 2 74876 12297 1.3 82 63 17 84 46% 40969 2256319 41196 25%
c - 75.52 285 931 11 24 2883 2 76748 10738 1.3 79 61 17 83 44% 40969 2256319 41196 25%
c u 76.39 269 888 11 24 2884 2 78796 11980 1.3 76 59 17 83 43% 40972 2256319 41196 25%
c
c seconds     switched    rate         size/glue  tier1      binary            remaining
c         MB    reductions  conflicts        size    tier2        irredundant
c           level    restarts     redundant     glue     trail            variables
c
c v 76.71 269 888 11 24 2884 2 78796 11855 1.3 76 59 17 83 43% 40972 2256319 41196 25%
c w 76.89 269 888 11 24 2884 2 78796 11410 1.3 76 59 17 83 43% 40972 2256319 41196 25%
c t 78.32 353 888 11 24 2884 2 78796 11410 1.3 76 59 17 83 43% 40971 2256319 41196 25%
c f 78.47 199 888 11 24 2884 2 78796 11410 1.3 76 59 17 83 43% 40975 2256293 41200 25%
c u 79.10 267 888 11 24 2884 2 78796 11295 1.3 76 59 17 83 43% 40976 2256293 41200 25%
c v 79.51 269 888 11 24 2884 2 78796 11214 1.3 76 59 17 83 43% 40976 2256293 41200 25%
c w 79.74 269 888 11 24 2884 2 78796 11205 1.3 76 59 17 83 43% 40976 2256293 41200 25%
c o 80.56 269 884 11 24 2885 2 78987 11396 1.3 76 59 17 83 43% 40976 2256293 41200 25%
c B 81.17 269 841 11 24 2887 2 81509 13864 1.3 77 59 17 83 43% 40976 2256293 41200 25%
c - 81.26 271 839 11 25 2887 2 81646 11043 1.3 76 59 17 82 43% 40976 2256293 41200 25%
c - 82.19 271 763 11 26 2888 2 86646 11435 1.3 77 59 17 82 42% 40976 2256293 41200 25%
c ] 83.18 271 712 12 26 2891 2 90561 15238 1.3 77 60 17 82 42% 40976 2256293 41200 25%
c { 83.18 271 598 12 26 2891 22 90561 15238 1.3 19 14 4 13 39% 40976 2256293 41200 25%
c - 84.41 283 591 12 27 3109 22 91745 11574 1.3 19 15 4 14 39% 40976 2256293 41200 25%
c - 84.65 285 658 12 28 3110 18 96941 13643 1.4 18 14 5 14 46% 40976 2256293 41200 25%
c } 87.97 295 626 13 28 3689 18 102041 18440 1.4 19 14 5 14 47% 40976 2256293 41200 25%
c [ 87.97 295 712 13 28 3689 2 102041 18440 1.3 77 60 17 82 42% 40976 2256293 41200 25%
c - 88.01 295 710 13 29 3689 2 102232 14931 1.3 77 60 17 82 42% 40976 2256293 41200 25%
c W 88.69 330 708 13 29 3689 2 102420 15115 1.3 77 60 17 82 42% 40976 2256293 41200 25%
c u 90.20 248 658 13 29 3692 2 106867 19098 1.3 78 61 17 82 43% 40976 2256293 41200 25%
c
c seconds     switched    rate          size/glue  tier1      binary            remaining
c         MB    reductions  conflicts         size    tier2        irredundant
c           level    restarts      redundant     glue     trail            variables
c
c v 90.58 250 658 13 29 3692 2 106867 18850 1.3 78 61 17 82 43% 40976 2256293 41200 25%
c w 90.84 252 658 13 29 3692 2 106867 18848 1.3 78 61 17 82 43% 40976 2256293 41200 25%
c - 91.30 252 650 13 30 3693 2 107617 15285 1.3 78 61 17 82 43% 40976 2256293 41200 25%
c - 92.39 252 597 13 31 3695 2 113094 15496 1.3 78 61 17 83 43% 40976 2256293 41200 25%
c - 93.58 252 550 13 32 3699 2 118661 15532 1.3 80 62 17 83 43% 40976 2256293 41200 25%
c ] 94.39 252 520 14 32 3702 2 122643 19332 1.3 80 62 17 83 43% 40976 2256293 41200 25%
c { 94.39 252 626 14 32 3702 18 122643 19332 1.4 19 14 5 14 47% 40976 2256293 41200 25%
c o 94.54 260 626 14 32 3707 18 122660 19349 1.4 19 14 5 14 47% 40976 2256293 41200 25%
c - 95.05 260 595 14 33 4007 18 124318 16104 1.4 19 14 5 14 46% 40976 2256293 41200 25%
c s 96.07 279 534 14 33 4621 17 127973 19682 1.3 19 14 5 14 42% 40976 2255208 41200 25%
c e 97.19 357 534 14 33 4621 17 127973 19682 1.3 19 14 5 14 42% 26440 2313284 26684 16%
c s 97.74 357 534 14 33 4621 17 127973 19682 1.3 19 14 5 14 42% 26440 2313185 26684 16%
c e 98.04 357 534 14 33 4621 17 127973 19682 1.3 19 14 5 14 42% 26438 2313193 26682 16%
c ^ 98.04 357 534 14 33 4621 17 127973 19682 1.3 19 14 5 14 42% 26438 2313193 26682 16%
c - 100.03 289 542 14 34 4813 17 130062 13537 1.3 19 14 5 14 44% 26439 2313193 26682 16%
c - 105.31 301 535 14 35 5711 18 135892 15476 1.3 20 15 5 14 45% 26439 2313193 26682 16%
c } 105.42 301 548 15 35 5712 17 137358 16858 1.3 19 14 5 14 46% 26439 2313193 26682 16%
c [ 105.42 301 520 15 35 5712 2 137358 16858 1.3 80 62 17 83 43% 26439 2313193 26682 16%
c O 105.42 301 520 15 35 5712 2 137358 16858 1.3 80 62 17 83 43% 26439 2313193 26682 16%
c u 106.78 303 503 15 35 5714 2 139673 18514 1.3 80 62 17 82 43% 26441 2313193 26682 16%
c
c seconds      switched    rate          size/glue  tier1      binary            remaining
c          MB    reductions  conflicts         size    tier2        irredundant
c            level    restarts      redundant     glue     trail            variables
c
c v 107.34 303 503 15 35 5714 2 139673 18313 1.3 80 62 17 82 43% 26441 2313193 26682 16%
c w 107.67 303 503 15 35 5714 2 139673 18312 1.3 80 62 17 82 43% 26441 2313193 26682 16%
c f 108.22 196 503 15 35 5714 2 139673 18312 1.3 80 62 17 82 43% 27134 2301720 27157 16%
c u 109.16 265 503 15 35 5714 2 139673 17895 1.3 80 62 17 82 43% 27135 2301720 27157 16%
c v 109.69 265 503 15 35 5714 2 139673 17798 1.3 80 62 17 82 43% 27135 2301720 27157 16%
c w 110.00 265 503 15 35 5714 2 139673 17796 1.3 80 62 17 82 43% 27135 2301720 27157 16%
c t 110.26 265 503 15 35 5714 2 139673 17796 1.3 80 62 17 82 43% 27134 2301720 27157 16%
c - 110.88 265 490 15 36 5715 2 141809 14629 1.3 80 62 17 82 43% 27134 2301720 27157 16%
c - 112.15 265 454 15 37 5718 2 147809 14144 1.3 81 62 17 83 43% 27134 2301720 27157 16%
c - 113.51 267 422 15 38 5722 2 153893 13680 1.3 82 63 17 82 42% 27134 2301720 27157 16%
c - 114.86 267 394 15 39 5725 2 160057 13581 1.3 83 64 17 82 43% 27134 2301720 27157 16%
c B 115.99 267 374 15 39 5726 2 165098 18277 1.3 84 65 17 82 43% 27134 2301720 27157 16%
c - 116.24 267 370 15 40 5726 2 166301 13300 1.3 84 65 17 83 43% 27134 2301720 27157 16%
c ] 116.94 267 354 16 40 5727 2 170717 17585 1.3 84 65 17 83 42% 27134 2301720 27157 16%
c { 116.94 267 548 16 40 5727 17 170717 17585 1.3 19 14 5 14 46% 27134 2301720 27157 16%
c - 119.95 291 530 16 41 6222 18 172625 14351 1.3 20 15 5 15 46% 27134 2301720 27157 16%
c o 120.12 291 530 16 41 6235 18 172664 14390 1.3 20 15 5 15 46% 27134 2301720 27157 16%
c u 125.99 274 528 16 41 7029 19 177394 18868 1.3 20 15 5 15 46% 27136 2301720 27157 16%
c v 126.84 274 528 16 41 7029 19 177394 18434 1.3 20 15 5 15 46% 27136 2301720 27157 16%
c w 127.22 276 528 16 41 7029 19 177394 18432 1.3 20 15 5 15 46% 27136 2301720 27157 16%
c
c seconds      switched     rate          size/glue  tier1     binary            remaining
c          MB    reductions   conflicts         size   tier2        irredundant
c            level    restarts       redundant     glue    trail            variables
c
c - 130.94 286 531 16 42 7265 19 179028 16139 1.3 21 16 5 15 47% 27136 2301720 27157 16%
c - 135.72 303 533 16 43 7992 19 185510 17716 1.3 21 16 5 15 48% 27136 2301720 27157 16%
c } 135.81 303 536 17 43 7992 18 189054 20809 1.3 20 15 5 15 49% 27136 2301720 27157 16%
c [ 135.81 303 354 17 43 7992 2 189054 20809 1.3 84 65 17 83 42% 27136 2301720 27157 16%
c - 136.15 303 350 17 44 7994 2 192067 18243 1.3 82 64 17 82 42% 27136 2301720 27157 16%
c W 137.79 332 336 17 44 7997 2 196549 22608 1.3 82 64 17 82 43% 27136 2301720 27157 16%
c - 138.23 240 329 17 45 7998 2 198700 18302 1.3 82 64 17 82 43% 27136 2301720 27157 16%
c - 139.51 242 310 17 46 8001 1 205411 17703 1.3 83 64 17 83 42% 27136 2301720 27157 16%
c s 141.71 260 296 17 46 8005 1 210930 22861 1.3 83 64 17 83 42% 27136 2296767 27157 16%
c e 142.88 346 296 17 46 8005 1 210930 22861 1.3 83 64 17 83 42% 24305 2315396 24336 15%
c s 144.19 346 296 17 46 8005 1 210930 22861 1.3 83 64 17 83 42% 24306 2315348 24336 15%
c ^ 144.50 346 296 17 46 8005 1 210930 22861 1.3 83 64 17 83 42% 24306 2315348 24336 15%
c - 145.29 254 293 17 47 8005 1 212197 13350 1.3 83 65 17 83 42% 24306 2315348 24336 15%
c - 146.83 256 277 17 48 8006 1 219053 13704 1.3 85 66 17 83 43% 24306 2315348 24336 15%
c u 147.77 260 275 17 48 8006 1 220094 14470 1.3 85 66 17 83 43% 24306 2315348 24336 15%
c v 148.38 260 275 17 48 8006 1 220094 13962 1.3 85 66 17 83 43% 24306 2315348 24336 15%
c w 148.74 264 275 17 48 8006 1 220094 13962 1.3 85 66 17 83 43% 24306 2315348 24336 15%
c f 149.89 194 275 17 48 8006 1 220094 13962 1.3 85 66 17 83 43% 24404 2313703 24411 15%
c u 150.89 264 275 17 48 8006 1 220094 13614 1.3 85 66 17 83 43% 24404 2313703 24411 15%
c v 151.73 266 275 17 48 8006 1 220094 13224 1.3 85 66 17 83 43% 24404 2313703 24411 15%
c
c seconds      switched    rate          size/glue  tier1      binary            remaining
c          MB    reductions  conflicts         size    tier2        irredundant
c            level    restarts      redundant     glue     trail            variables
c
c w 152.05 268 275 17 48 8006 1 220094 13223 1.3 85 66 17 83 43% 24404 2313703 24411 15%
c - 153.44 268 264 17 49 8009 1 225983 12265 1.3 86 67 17 84 43% 24404 2313703 24411 15%
c I 154.56 270 254 17 49 8013 1 231900 17779 1.3 87 69 17 84 43% 24404 2313703 24411 15%
c - 154.77 270 252 17 50 8013 1 232984 12724 1.3 87 68 17 84 43% 24404 2313703 24411 15%
c - 155.88 270 239 17 51 8018 1 240056 14033 1.3 87 68 17 84 43% 24404 2313703 24411 15%
c - 157.11 270 228 17 52 8021 1 247197 14487 1.3 87 69 17 84 43% 24404 2313703 24411 15%
c ] 157.89 270 222 18 52 8021 1 251289 18388 1.3 87 69 17 84 43% 24404 2313703 24411 15%
c { 157.89 270 536 18 52 8021 18 251289 18388 1.3 20 15 5 15 49% 24404 2313703 24411 15%
c i 157.90 270 536 18 52 8021 18 251293 18391 1.3 20 15 5 15 49% 24404 2313703 24407 15%
c o 158.04 272 536 18 52 8022 18 251321 18417 1.3 20 15 5 15 49% 24406 2313703 24407 15%
c - 158.47 274 507 18 53 8063 17 254410 15888 1.3 20 15 5 14 47% 24422 2313703 24407 15%
c - 158.99 274 449 18 54 8063 15 261692 17630 1.4 19 14 5 13 43% 24449 2313703 24407 15%
c i 159.63 274 410 18 54 8064 14 267412 22954 1.4 19 14 5 13 43% 24451 2313703 24391 15%
c i 159.65 274 410 18 54 8064 14 267436 22962 1.4 19 14 5 13 42% 24463 2313703 24379 15%
c u 160.40 276 408 18 54 8065 14 267936 22633 1.4 19 13 5 13 42% 24504 2313573 24379 15%
c v 160.76 276 408 18 54 8065 14 267936 22487 1.4 19 13 5 13 42% 24504 2313573 24379 15%
c w 160.98 276 408 18 54 8065 14 267936 22443 1.4 19 13 5 13 42% 24504 2313573 24379 15%
c t 161.25 276 408 18 54 8065 14 267936 22443 1.4 19 13 5 13 42% 24499 2313573 24379 15%
c i 161.70 278 406 18 54 8113 14 268330 22835 1.4 19 14 5 13 42% 24500 2313573 24378 15%
c - 161.80 278 401 18 55 8115 13 269042 18619 1.4 19 13 5 13 42% 24435 2313573 24378 15%
c
c seconds      switched     rate          size/glue  tier1     binary            remaining
c          MB    reductions   conflicts         size   tier2        irredundant
c            level    restarts       redundant     glue    trail            variables
c
c } 162.08 278 374 19 55 8116 13 273634 22999 1.5 19 13 5 13 40% 24441 2313573 24378 15%
c [ 162.08 278 222 19 55 8116 1 273634 22999 1.3 87 69 17 84 43% 24441 2313573 24378 15%
c B 162.08 278 222 19 55 8116 1 273634 22999 1.3 87 69 17 84 43% 24441 2313573 24378 15%
c - 162.54 278 219 19 56 8118 1 276458 20842 1.3 87 68 17 84 43% 24441 2313573 24378 15%
c - 163.87 278 210 19 57 8122 1 283941 20547 1.3 87 69 17 84 43% 24441 2313573 24378 15%
c ] 164.85 278 205 20 57 8125 1 289022 25391 1.3 88 69 17 84 43% 24441 2313573 24378 15%
c { 164.85 278 374 20 57 8125 13 289022 25391 1.5 19 13 5 13 40% 24441 2313573 24378 15%
c - 168.55 292 365 20 58 8808 14 291490 20133 1.4 20 14 5 13 40% 24441 2313573 24378 15%
c - 177.52 306 354 20 59 10406 16 299105 22971 1.4 21 15 5 13 40% 24447 2313573 24378 15%
c - 178.76 306 319 20 60 11020 15 306786 24508 1.4 21 15 5 14 37% 24447 2313573 24378 15%
c - 179.10 306 287 20 61 11020 13 314532 24766 1.5 21 14 5 13 34% 24447 2313573 24378 15%
c } 179.15 306 282 21 61 11020 13 315765 25822 1.5 21 14 5 13 34% 24447 2313573 24378 15%
c [ 179.15 306 205 21 61 11020 1 315765 25822 1.3 88 69 17 84 43% 24447 2313573 24378 15%
c W 179.99 338 202 21 61 11021 1 317345 27193 1.3 87 68 17 84 43% 24447 2313573 24378 15%
c s 181.50 253 199 21 61 11023 1 320732 30469 1.3 87 68 17 84 43% 24447 2313512 24378 15%
c e 182.35 345 199 21 61 11023 1 320732 30469 1.3 87 68 17 84 43% 22735 2333936 22783 14%
c s 183.26 346 199 21 61 11023 1 320732 30469 1.3 87 68 17 84 43% 22735 2333829 22783 14%
c ! 183.55 346 199 21 61 11023 1 320732 30469 1.3 87 68 17 84 43% 22735 2333829 22783 14%
c b 183.96 254 198 21 61 11024 1 320961 27448 1.3 87 68 17 84 43% 22737 2333827 22779 14%
c u 184.63 256 198 21 61 11024 1 320961 26671 1.3 87 68 17 84 43% 22748 2333827 22779 14%
c
c seconds      switched     rate          size/glue  tier1      binary            remaining
c          MB    reductions   conflicts         size    tier2        irredundant
c            level    restarts       redundant     glue     trail            variables
c
c v 185.10 258 198 21 61 11024 1 320961 26402 1.3 87 68 17 84 43% 22748 2333827 22779 14%
c w 185.39 258 198 21 61 11024 1 320961 26265 1.3 87 68 17 84 43% 22748 2333827 22779 14%
c t 185.78 258 198 21 61 11024 1 320961 26265 1.3 87 68 17 84 43% 22752 2333813 22779 14%
c f 186.15 194 198 21 61 11024 1 320961 26265 1.3 87 68 17 84 43% 22999 2330133 22942 14%
c u 187.20 270 198 21 61 11024 1 320961 25407 1.3 87 68 17 84 43% 23052 2330133 22941 14%
c v 187.67 270 198 21 61 11024 1 320961 25116 1.3 87 68 17 84 43% 23052 2330133 22941 14%
c w 187.95 272 198 21 61 11024 1 320961 24981 1.3 87 68 17 84 43% 23052 2330133 22941 14%
c t 188.30 272 198 21 61 11024 1 320961 24981 1.3 87 68 17 84 43% 23019 2330132 22941 14%
c i 188.56 272 198 21 61 11024 1 320961 24981 1.3 87 68 17 84 43% 23019 2330132 22941 14%
c - 188.95 272 197 21 62 11025 1 322344 19486 1.3 87 68 17 85 43% 22999 2330132 22941 14%
c o 190.24 272 191 21 62 11028 1 329118 25905 1.3 87 69 17 85 42% 22999 2330132 22941 14%
c - 190.44 272 190 21 63 11029 1 330218 18649 1.3 87 69 17 85 42% 22999 2330132 22941 14%
c - 191.90 272 184 21 64 11033 1 338157 18173 1.3 87 69 17 85 42% 22999 2330132 22941 14%
c - 193.37 272 177 21 65 11034 1 346157 17754 1.3 87 69 17 85 42% 22999 2330132 22941 14%
c - 194.89 272 171 21 66 11039 1 354219 17934 1.3 88 70 17 85 42% 22999 2330132 22941 14%
c - 196.29 272 166 21 67 11043 1 362345 18850 1.3 87 69 17 85 42% 22999 2330132 22941 14%
c O 196.80 272 164 21 67 11045 1 365506 21860 1.3 87 69 17 85 42% 22999 2330132 22941 14%
c - 197.44 274 162 21 68 11048 1 370530 19963 1.3 86 67 17 85 42% 22999 2330132 22941 14%
c - 198.56 276 160 21 69 11049 1 378776 21490 1.3 84 65 17 84 43% 22999 2330132 22941 14%
c u 199.69 273 160 21 69 11049 1 379362 21942 1.3 84 65 17 84 43% 23000 2330132 22941 14%
c
c seconds      switched     rate          size/glue  tier1      binary            remaining
c          MB    reductions   conflicts         size    tier2        irredundant
c            level    restarts       redundant     glue     trail            variables
c
c v 200.22 273 160 21 69 11049 1 379362 21447 1.3 84 65 17 84 43% 23000 2330132 22941 14%
c w 200.55 275 160 21 69 11049 1 379362 21446 1.3 84 65 17 84 43% 23000 2330132 22941 14%
c t 201.84 365 160 21 69 11049 1 379362 21446 1.3 84 65 17 84 43% 22999 2330132 22941 14%
c ] 203.14 260 157 22 69 11050 1 385073 26599 1.3 84 65 17 84 43% 22999 2330132 22941 14%
c { 203.14 260 282 22 69 11050 13 385073 26599 1.5 21 14 5 13 34% 22999 2330132 22941 14%
c i 203.31 264 282 22 69 11116 13 385369 26893 1.5 21 14 5 13 34% 22999 2330132 22940 14%
c - 203.85 268 276 22 70 11252 13 387084 20854 1.5 21 14 5 13 33% 23010 2330132 22940 14%
c i 203.89 268 270 22 70 11252 13 388590 22299 1.5 21 14 5 13 33% 23012 2330132 22916 14%
c i 203.92 268 270 22 70 11252 13 388622 22325 1.5 21 14 5 13 33% 23014 2330132 22895 14%
c i 204.49 270 263 22 70 11456 12 390848 24483 1.5 20 14 5 13 32% 23024 2330131 22889 14%
c i 204.51 270 263 22 70 11456 12 390859 24489 1.5 20 14 5 13 32% 23028 2330131 22865 14%
c i 204.52 270 263 22 70 11456 12 390860 24489 1.5 20 14 5 13 32% 23028 2330131 22863 14%
c i 204.53 270 262 22 70 11456 12 391050 24656 1.5 20 14 5 13 32% 23037 2330131 22859 14%
c i 204.53 270 262 22 70 11456 12 391051 24655 1.5 20 14 5 13 32% 23037 2330131 22857 14%
c i 204.53 270 262 22 70 11456 12 391052 24655 1.5 20 14 5 13 32% 23037 2330131 22855 14%
c i 204.53 270 262 22 70 11456 12 391053 24655 1.5 20 14 5 13 32% 23037 2330131 22854 14%
c i 204.98 272 251 22 70 11627 12 394600 27854 1.5 20 14 5 13 31% 23077 2330131 22831 14%
c i 204.98 272 251 22 70 11627 12 394602 27854 1.5 20 14 5 13 31% 23078 2330131 22807 14%
c - 205.06 272 249 22 71 11627 12 395451 22320 1.5 20 14 5 13 31% 22812 2330131 22807 14%
c - 205.26 272 226 22 72 11627 11 403877 24143 1.5 19 13 5 13 28% 22875 2330130 22807 14%
c
c seconds      switched      rate          size/glue  tier1     binary            remaining
c          MB    reductions    conflicts         size   tier2        irredundant
c            level    restarts        redundant     glue    trail            variables
c
c i 205.39 272 214 22 72 11628 10 408497 28131 1.5 18 12 5 13 27% 22928 2330130 22800 14%
c i 205.41 272 214 22 72 11628 10 408520 28149 1.5 18 12 5 13 27% 22932 2330130 22722 14%
c i 205.41 272 214 22 72 11628 10 408535 28155 1.5 18 12 5 13 27% 22935 2330130 22676 14%
c o 205.79 272 213 22 72 11749 10 409118 28736 1.5 18 12 5 13 27% 22935 2330130 22676 14%
c i 206.10 274 208 22 72 11837 10 411166 30638 1.5 18 12 5 13 26% 22950 2330130 22668 14%
c - 206.21 274 205 22 73 11837 10 412362 26753 1.5 18 12 5 12 26% 22787 2330130 22668 14%
c } 206.39 274 196 23 73 11837 10 416589 30755 1.6 18 12 5 12 25% 22787 2330130 22668 14%
c [ 206.39 274 157 23 73 11837 1 416589 30755 1.3 84 65 17 84 43% 22787 2330130 22668 14%
c B 206.59 274 156 23 73 11838 1 418294 32380 1.3 83 65 17 84 43% 22787 2330130 22668 14%
c - 207.03 274 154 23 74 11840 1 420906 30577 1.3 83 64 17 84 43% 22787 2330130 22668 14%
c - 208.79 274 151 23 75 11844 1 429511 31881 1.3 84 66 17 85 43% 22787 2330130 22668 14%
c ] 210.04 274 148 24 75 11849 1 436375 38364 1.3 85 66 17 85 43% 22787 2330130 22668 14%
c { 210.04 274 196 24 75 11849 10 436375 38364 1.6 18 12 5 12 25% 22787 2330130 22668 14%
c - 212.38 297 194 24 76 12243 10 438171 31743 1.5 19 12 5 12 26% 22787 2330130 22668 14%
c b 218.70 309 191 24 76 13316 11 443150 36694 1.5 19 13 5 12 26% 22929 2328646 22650 14%
c u 219.18 309 191 24 76 13316 11 443150 36400 1.5 19 13 5 12 26% 22952 2328646 22650 14%
c v 219.76 309 191 24 76 13316 11 443150 35949 1.5 19 13 5 12 26% 22952 2328646 22650 14%
c w 220.13 309 191 24 76 13316 11 443150 35949 1.5 19 13 5 12 26% 22952 2328646 22650 14%
c x 220.58 309 191 24 76 13316 11 443150 35949 1.5 19 13 5 12 26% 22970 2326080 22650 14%
c t 220.84 309 191 24 76 13316 11 443150 35949 1.5 19 13 5 12 26% 22895 2326080 22650 14%
c
c seconds      switched      rate          size/glue  tier1     binary            remaining
c          MB    reductions    conflicts         size   tier2        irredundant
c            level    restarts        redundant     glue    trail            variables
c
c u 222.06 309 191 24 76 13316 11 443150 35413 1.5 19 13 5 12 26% 22950 2326080 22650 14%
c v 222.91 309 191 24 76 13316 11 443150 34799 1.5 19 13 5 12 26% 22958 2326080 22650 14%
c w 223.32 311 191 24 76 13316 11 443150 34796 1.5 19 13 5 12 26% 22958 2326080 22650 14%
c t 223.59 311 191 24 76 13316 11 443150 34796 1.5 19 13 5 12 26% 22902 2326080 22650 14%
c - 228.02 313 194 24 77 13990 12 446889 33605 1.5 20 13 5 13 27% 22866 2326080 22650 14%
c - 236.49 319 195 24 78 15275 13 455663 37006 1.5 20 14 5 13 28% 22868 2326080 22650 14%
c s 240.44 321 209 24 78 15677 14 459617 40714 1.5 21 14 5 13 29% 22868 2322469 22650 14%
c e 241.11 383 209 24 78 15677 14 459617 40714 1.5 21 14 5 13 29% 22754 2323315 22540 14%
c s 242.28 383 209 24 78 15677 14 459617 40714 1.5 21 14 5 13 29% 22754 2322999 22540 14%
c - 243.82 286 249 24 79 15800 13 464494 37082 1.4 20 14 5 13 32% 22755 2322999 22540 14%
c } 249.38 297 272 25 79 16793 14 473053 45128 1.4 21 14 5 13 34% 22755 2322999 22540 14%
c [ 249.38 297 148 25 79 16793 1 473053 45128 1.3 85 66 17 85 43% 22755 2322999 22540 14%
c - 249.46 297 151 25 80 16793 1 473386 38577 1.3 85 66 17 85 43% 22755 2322999 22540 14%
c W 250.47 340 155 25 80 16795 1 475881 40980 1.3 85 66 17 85 44% 22755 2322999 22540 14%
c - 251.55 236 152 25 81 16799 1 482330 39178 1.3 85 66 17 85 44% 22755 2322999 22540 14%
c - 253.20 236 147 25 82 16804 1 491331 37379 1.3 85 67 17 85 43% 22755 2322999 22540 14%
c - 254.93 236 144 25 83 16807 1 500387 36621 1.3 86 67 17 85 43% 22755 2322999 22540 14%
c - 256.69 236 141 25 84 16810 1 509499 36323 1.3 87 68 17 85 43% 22755 2322999 22540 14%
c u 258.46 240 140 25 84 16813 1 512407 37914 1.3 87 68 17 85 43% 22818 2322999 22540 14%
c v 259.34 242 140 25 84 16813 1 512407 36880 1.3 87 68 17 85 43% 22821 2322999 22540 14%
c
c seconds      switched     rate          size/glue  tier1      binary            remaining
c          MB    reductions   conflicts         size    tier2        irredundant
c            level    restarts       redundant     glue     trail            variables
c
c w 260.11 250 140 25 84 16813 1 512407 36645 1.3 87 68 17 85 43% 22821 2322999 22540 14%
c t 260.38 250 140 25 84 16813 1 512407 36645 1.3 87 68 17 85 43% 22765 2322999 22506 14%
c f 260.57 176 140 25 84 16813 1 512407 36645 1.3 87 68 17 85 43% 22788 2322707 22520 14%
c u 261.62 250 140 25 84 16813 1 512407 36412 1.3 87 68 17 85 43% 22819 2322548 22520 14%
c v 262.27 250 140 25 84 16813 1 512407 36261 1.3 87 68 17 85 43% 22819 2322548 22520 14%
c w 262.96 256 140 25 84 16813 1 512407 36261 1.3 87 68 17 85 43% 22819 2322548 22520 14%
c x 263.50 271 140 25 84 16813 1 512407 36261 1.3 87 68 17 85 43% 22819 2312940 22520 14%
c t 263.77 271 140 25 84 16813 1 512407 36261 1.3 87 68 17 85 43% 22818 2312940 22520 14%
c o 264.06 271 140 25 84 16813 1 512407 36261 1.3 87 68 17 85 43% 22818 2312940 22520 14%
c - 265.29 271 138 25 85 16815 1 518664 34680 1.3 86 68 17 85 43% 22753 2312940 22520 14%
c - 267.03 271 135 25 86 16821 1 527883 35463 1.3 86 68 17 85 43% 22753 2312940 22520 14%
c - 268.79 271 132 25 87 16822 1 537156 35338 1.3 86 67 17 85 43% 22753 2312940 22520 14%
c I 269.03 271 131 25 87 16822 1 538431 36572 1.3 86 67 17 85 43% 22753 2312940 22520 14%
c - 270.32 271 128 25 88 16823 1 546483 36205 1.3 85 66 17 84 43% 22753 2312940 22520 14%
c - 272.07 271 125 25 89 16824 1 555865 36571 1.3 85 66 17 84 43% 22753 2312940 22520 14%
c - 274.13 271 122 25 90 16830 1 565298 35336 1.3 86 66 17 84 43% 22753 2312940 22520 14%
c - 275.82 271 120 25 91 16836 1 574784 35002 1.3 87 66 17 84 43% 22753 2312940 22520 14%
c - 277.62 273 118 25 92 16838 1 584323 34747 1.3 87 66 17 83 43% 22753 2312940 22520 14%
c u 279.30 273 117 25 92 16838 1 587150 36969 1.3 87 66 17 83 43% 22764 2312940 22520 14%
c v 279.74 273 117 25 92 16838 1 587150 36223 1.3 87 66 17 83 43% 22764 2312940 22520 14%
c
c seconds      switched     rate          size/glue  tier1      binary            remaining
c          MB    reductions   conflicts         size    tier2        irredundant
c            level    restarts       redundant     glue     trail            variables
c
c w 280.54 277 117 25 92 16838 1 587150 36209 1.3 87 66 17 83 43% 22764 2312940 22520 14%
c t 280.84 277 117 25 92 16838 1 587150 36209 1.3 87 66 17 83 43% 22757 2312940 22520 14%
c - 282.10 277 117 25 93 16843 1 593914 33762 1.3 88 67 16 83 44% 22757 2312940 22520 14%
c ] 283.35 277 116 26 93 16847 1 601752 41293 1.3 88 66 16 83 44% 22757 2312940 22520 14%
c { 283.35 277 272 26 93 16847 14 601752 41293 1.4 21 14 5 13 34% 22757 2312940 22520 14%
c - 285.61 289 270 26 94 17175 14 603557 34424 1.4 21 15 5 13 34% 22757 2312940 22520 14%
c o 293.00 309 285 26 94 18206 14 612413 42862 1.4 21 15 5 13 36% 22758 2312940 22520 14%
c - 293.35 310 291 26 95 18231 14 613252 37136 1.4 21 15 5 13 36% 22758 2312940 22520 14%
c - 302.03 321 297 26 96 19653 15 623001 39729 1.4 22 15 5 13 37% 22759 2312940 22520 14%
c s 304.84 332 333 26 96 19788 15 629341 45359 1.4 21 15 5 13 40% 22759 2310809 22520 14%
c e 305.32 376 333 26 96 19788 15 629341 45359 1.4 21 15 5 13 40% 22741 2310895 22512 14%
c s 306.72 376 333 26 96 19788 15 629341 45359 1.4 21 15 5 13 40% 22741 2310874 22512 14%
c - 307.28 267 358 26 97 19788 14 632800 40821 1.4 21 15 5 13 41% 22741 2310874 22512 14%
c - 311.23 284 376 26 98 20512 14 642648 41706 1.4 21 15 5 13 43% 22742 2310874 22512 14%
c } 311.97 286 379 27 98 20650 14 643970 42948 1.4 21 15 5 13 43% 22742 2310874 22512 14%
c [ 311.97 286 116 27 98 20650 1 643970 42948 1.3 88 66 16 83 44% 22742 2310874 22512 14%
c B 311.97 286 116 27 98 20650 1 643970 42948 1.3 88 66 16 83 44% 22742 2310874 22512 14%
c - 313.53 286 116 27 99 20656 1 652547 41084 1.3 88 67 16 83 43% 22742 2310874 22512 14%
c - 315.35 286 116 27 100 20662 1 662496 38846 1.3 89 68 16 84 43% 22742 2310874 22512 14%
c u 317.27 286 116 27 100 20663 1 667541 42326 1.3 90 69 16 84 43% 22845 2310874 22512 14%
c
c seconds      switched      rate          size/glue  tier1      binary            remaining
c          MB    reductions    conflicts         size    tier2        irredundant
c            level     restarts       redundant     glue     trail            variables
c
c v 317.99 286 116 27 100 20663 1 667541 41353 1.3 90 69 16 84 43% 22845 2310874 22512 14%
c w 318.63 294 116 27 100 20663 1 667541 41350 1.3 90 69 16 84 43% 22845 2310874 22512 14%
c x 319.29 298 116 27 100 20663 1 667541 41350 1.3 90 69 16 84 43% 22845 2304526 22512 14%
c t 319.58 298 116 27 100 20663 1 667541 41350 1.3 90 69 16 84 43% 22754 2304526 22512 14%
c - 320.88 298 115 27 101 20664 1 672499 37046 1.3 90 69 16 84 43% 22754 2304526 22512 14%
c - 322.77 298 114 27 102 20669 1 682549 36889 1.3 90 69 16 83 43% 22754 2304526 22512 14%
c - 324.72 298 114 27 103 20674 1 692648 34851 1.3 90 70 16 83 43% 22754 2304526 22512 14%
c - 326.94 298 114 27 104 20679 1 702796 31114 1.3 91 70 16 83 43% 22754 2304526 22512 14%
c - 328.94 298 113 27 105 20680 1 712994 29110 1.3 92 71 16 83 43% 22754 2304526 22512 14%
c W 330.61 336 113 27 105 20680 1 716947 32851 1.3 92 71 16 83 43% 22754 2304526 22512 14%
c - 331.89 236 113 27 106 20680 1 723240 29076 1.3 92 71 16 83 43% 22754 2304526 22512 14%
c o 332.83 236 114 27 106 20683 1 728076 33774 1.3 91 71 16 83 43% 22754 2304526 22512 14%
c - 333.80 238 114 27 107 20686 1 733536 30283 1.3 91 71 16 83 43% 22754 2304526 22512 14%
c - 335.57 238 114 27 108 20692 1 743881 29660 1.3 91 71 16 83 43% 22754 2304526 22512 14%
c ] 336.77 238 114 28 108 20695 1 750938 36345 1.3 92 71 16 83 43% 22754 2304526 22512 14%
c { 336.77 238 379 28 108 20695 14 750938 36345 1.4 21 15 5 13 43% 22754 2304526 22512 14%
c u 339.70 269 374 28 108 20928 14 753599 37627 1.4 21 15 5 13 43% 22852 2304526 22511 14%
c v 340.38 271 374 28 108 20928 14 753599 36775 1.4 21 15 5 13 43% 22852 2304526 22511 14%
c w 340.77 281 374 28 108 20928 14 753599 36773 1.4 21 15 5 13 43% 22852 2304526 22511 14%
c x 341.27 283 374 28 108 20928 14 753599 36773 1.4 21 15 5 13 43% 22854 2299009 22511 14%
c
c seconds      switched       rate          size/glue  tier1     binary            remaining
c          MB    reductions     conflicts         size   tier2        irredundant
c            level     restarts        redundant     glue    trail            variables
c
c t 343.71 359 374 28 108 20928 14 753599 36771 1.4 21 15 5 13 43% 22778 2299009 22511 14%
c u 344.87 253 374 28 108 20928 14 753599 35032 1.4 21 15 5 13 43% 23057 2299009 22508 14%
c v 345.56 253 374 28 108 20928 14 753599 34456 1.4 21 15 5 13 43% 23057 2299009 22508 14%
c w 345.93 257 374 28 108 20928 14 753599 34453 1.4 21 15 5 13 43% 23057 2299009 22508 14%
c x 346.44 283 374 28 108 20928 14 753599 34453 1.4 21 15 5 13 43% 23063 2292625 22508 14%
c t 346.71 283 374 28 108 20928 14 753599 34452 1.4 21 15 5 13 43% 22850 2292625 22508 14%
c i 346.91 283 374 28 108 20928 14 753599 34452 1.4 21 15 5 13 43% 22850 2292625 22508 14%
c - 347.42 283 372 28 109 21008 14 754273 25629 1.4 21 15 5 13 43% 22834 2292625 22508 14%
c - 353.92 301 385 28 110 21826 14 764713 28794 1.4 21 15 5 13 44% 22837 2292625 22508 14%
c - 360.66 305 398 28 111 22749 14 775201 31793 1.4 21 15 5 13 46% 22837 2292625 22508 14%
c - 371.10 309 386 28 112 24284 15 785736 34414 1.4 21 16 5 13 45% 22843 2292625 22508 14%
c - 377.82 311 414 28 113 25173 15 796319 36270 1.4 21 16 5 14 47% 22844 2292625 22508 14%
c } 378.08 311 429 29 113 25177 15 799076 38691 1.4 21 16 5 14 48% 22844 2292625 22508 14%
c [ 378.08 311 114 29 113 25177 1 799076 38691 1.3 92 71 16 83 43% 22844 2292625 22508 14%
c O 378.08 311 114 29 113 25177 1 799076 38691 1.3 92 71 16 83 43% 22844 2292625 22508 14%
c - 379.66 311 111 29 114 25182 1 806952 37429 1.3 91 69 16 83 43% 22844 2292625 22508 14%
c - 382.77 311 108 29 115 25189 1 817632 38798 1.3 90 68 16 82 43% 22844 2292625 22508 14%
c - 383.77 311 104 29 116 25191 1 828356 40139 1.3 84 63 16 81 40% 22852 2292625 22508 14%
c s 385.73 318 101 29 116 25191 1 831743 43221 1.3 82 62 16 81 39% 22852 2290945 22508 14%
c s 388.02 378 101 29 116 25191 1 831743 43221 1.3 82 62 16 81 39% 22852 2290923 22508 14%
c
c seconds     switched      rate          size/glue  tier1      binary            remaining
c          MB   reductions    conflicts         size    tier2        irredundant
c           level     restarts       redundant     glue     trail            variables
c
c - 388.83 260 96 29 117 25197 1 839126 39430 1.3 78 58 16 81 37% 22852 2290923 22508 14%
c b 389.43 260 91 29 117 25200 1 845362 44608 1.3 74 56 16 81 35% 22852 2290923 22493 14%
c u 390.31 260 91 29 117 25200 1 845362 42744 1.3 74 56 16 81 35% 22865 2290923 22479 14%
c v 391.04 262 91 29 117 25200 1 845362 42342 1.3 74 56 16 81 35% 22865 2290923 22479 14%
c w 391.36 264 91 29 117 25200 1 845362 37294 1.3 74 56 16 81 35% 22865 2290923 22479 14%
c x 392.12 288 91 29 117 25200 1 845362 37294 1.3 74 56 16 81 35% 22915 2284415 22479 14%
c t 392.45 288 91 29 117 25200 1 845362 37290 1.3 74 56 16 81 35% 22904 2284415 22479 14%
c u 393.65 290 91 29 117 25200 1 845362 36365 1.3 74 56 16 81 35% 22930 2284415 22479 14%
c v 394.35 290 91 29 117 25200 1 845362 35427 1.3 74 56 16 81 35% 22930 2284415 22479 14%
c w 394.68 290 91 29 117 25200 1 845362 35107 1.3 74 56 16 81 35% 22930 2284415 22479 14%
c x 395.34 292 91 29 117 25200 1 845362 35107 1.3 74 56 16 81 35% 22930 2279638 22479 14%
c t 395.61 292 91 29 117 25200 1 845362 35107 1.3 74 56 16 81 35% 22903 2279638 22479 14%
c i 395.80 292 91 29 117 25200 1 845362 35107 1.3 74 56 16 81 35% 22903 2279638 22479 14%
c - 396.04 292 88 29 118 25203 1 849942 32928 1.3 72 54 16 80 34% 22811 2279638 22479 14%
c - 396.51 292 81 29 119 25206 1 860806 35679 1.3 67 50 16 79 31% 22811 2279638 22479 14%
c - 397.01 292 75 29 120 25207 1 871715 36635 1.3 63 47 16 78 28% 22812 2279638 22479 14%
c - 397.51 292 70 29 121 25209 1 882669 37552 1.3 58 44 15 78 26% 22812 2279638 22479 14%
c B 397.53 292 69 29 121 25209 1 883115 37886 1.3 58 43 15 78 26% 22812 2279638 22479 14%
c o 397.63 292 69 29 121 25209 1 883115 37886 1.3 58 43 15 78 26% 22812 2279638 22479 14%
c - 399.79 292 73 29 122 25215 1 893669 36665 1.3 61 46 15 78 27% 22812 2279638 22479 14%
c
c seconds     switched      rate          size/glue  tier1      binary            remaining
c          MB   reductions    conflicts         size    tier2        irredundant
c           level     restarts       redundant     glue     trail            variables
c
c - 402.17 292 76 29 123 25221 1 904714 33364 1.3 65 48 15 78 29% 22812 2279638 22479 14%
c - 404.99 294 79 29 124 25224 1 915804 32417 1.3 68 51 16 78 30% 22812 2279638 22479 14%
c - 407.83 294 82 29 125 25230 1 926939 32977 1.3 71 53 16 78 31% 22812 2279638 22479 14%
c - 410.52 294 84 29 126 25236 1 938119 33905 1.4 74 54 16 77 33% 22812 2279638 22479 14%
c u 412.50 294 85 29 126 25237 1 942879 38248 1.4 74 55 16 77 33% 22812 2279638 22479 14%
c v 413.14 294 85 29 126 25237 1 942879 37278 1.4 74 55 16 77 33% 22812 2279638 22479 14%
c w 413.53 304 85 29 126 25237 1 942879 37278 1.4 74 55 16 77 33% 22812 2279638 22479 14%
c x 413.96 306 85 29 126 25237 1 942879 37278 1.4 74 55 16 77 33% 22812 2273961 22479 14%
c t 414.24 306 85 29 126 25237 1 942879 37278 1.4 74 55 16 77 33% 22811 2273961 22479 14%
c - 415.64 306 87 29 127 25238 1 949343 32463 1.4 75 56 16 78 34% 22811 2273961 22479 14%
c - 417.96 306 89 29 128 25238 1 960612 29777 1.4 77 57 16 78 35% 22811 2273961 22479 14%
c ] 418.24 306 89 30 128 25238 1 961810 30921 1.4 77 57 16 78 35% 22811 2273961 22479 14%
c { 418.24 306 429 30 128 25238 15 961810 30921 1.4 21 16 5 14 48% 22811 2273961 22479 14%
c - 422.95 326 433 30 129 25849 15 971926 31316 1.3 21 16 5 14 48% 22811 2273961 22479 14%
c - 431.54 338 435 30 130 26974 15 983287 34797 1.3 21 16 5 14 48% 22811 2273961 22479 14%
c - 437.48 302 462 30 131 27741 15 994689 36726 1.3 21 16 5 14 50% 22811 2273961 22479 14%
c - 441.74 308 473 30 132 28286 14 1006134 38280 1.3 21 15 5 14 51% 22817 2273961 22479 14%
c o 443.88 310 476 30 132 28575 14 1013116 44513 1.3 20 15 5 14 51% 22821 2273961 22479 14%
c } 447.28 312 469 31 132 29150 14 1016245 47606 1.3 21 15 5 14 51% 22821 2273961 22479 14%
c [ 447.28 312 89 31 132 29150 1 1016245 47606 1.4 77 57 16 78 35% 22821 2273961 22479 14%
c
c seconds     switched      rate           size/glue  tier1      binary            remaining
c          MB   reductions     conflicts         size    tier2        irredundant
c           level     restarts        redundant     glue     trail            variables
c
c W 448.26 336 89 31 132 29150 1 1016245 47606 1.4 77 57 16 78 35% 22821 2273961 22479 14%
c - 448.62 238 89 31 133 29151 1 1017624 39880 1.4 78 57 16 78 35% 22821 2273961 22479 14%
c - 450.84 240 92 31 134 29157 1 1029156 39202 1.3 79 59 16 78 36% 22821 2273961 22479 14%
c - 453.20 240 94 31 135 29163 1 1040732 38131 1.3 80 59 16 78 37% 22821 2273961 22479 14%
c u 455.58 242 95 31 135 29164 1 1046257 42027 1.3 80 60 16 78 37% 22829 2273961 22479 14%
c v 456.64 242 95 31 135 29164 1 1046257 40493 1.3 80 60 16 78 37% 22829 2273961 22479 14%
c w 457.21 252 95 31 135 29164 1 1046257 40488 1.3 80 60 16 78 37% 22829 2273961 22479 14%
c x 458.11 283 95 31 135 29164 1 1046257 40488 1.3 80 60 16 78 37% 22829 2269309 22479 14%
c t 458.40 283 95 31 135 29164 1 1046257 40488 1.3 80 60 16 78 37% 22818 2269309 22479 14%
c - 460.14 283 96 31 136 29167 1 1052350 35941 1.3 81 60 16 78 38% 22818 2269309 22479 14%
c - 462.51 283 97 31 137 29174 1 1064012 35925 1.3 82 62 16 78 38% 22818 2269309 22479 14%
c s 464.80 290 97 31 137 29177 1 1068380 40139 1.3 82 62 16 78 38% 22818 2269236 22479 14%
c e 465.21 362 97 31 137 29177 1 1068380 40139 1.3 82 62 16 78 38% 22811 2269310 22474 14%
c s 466.82 362 97 31 137 29177 1 1068380 40139 1.3 82 62 16 78 38% 22811 2269289 22474 14%
c e 467.09 362 97 31 137 29177 1 1068380 40139 1.3 82 62 16 78 38% 22810 2269306 22473 14%
c - 468.49 254 98 31 138 29179 1 1075717 37324 1.3 83 62 16 78 39% 22810 2269306 22473 14%
c - 470.98 254 99 31 139 29180 1 1087464 37300 1.3 84 63 16 78 39% 22810 2269306 22473 14%
c - 474.02 254 101 31 140 29181 1 1099253 36700 1.3 85 64 16 78 39% 22810 2269306 22473 14%
c - 476.83 255 102 31 141 29188 1 1111085 36210 1.3 86 65 16 78 40% 22810 2269306 22473 14%
c I 477.01 255 102 31 141 29189 1 1111959 37057 1.3 86 65 16 78 40% 22810 2269306 22473 14%
c
c seconds      switched      rate           size/glue  tier1      binary            remaining
c          MB    reductions     conflicts         size    tier2        irredundant
c            level     restarts        redundant     glue     trail            variables
c
c - 478.90 255 102 31 142 29195 1 1122959 35589 1.3 86 65 16 78 40% 22810 2269306 22473 14%
c ] 480.75 255 101 32 142 29197 1 1133014 45109 1.3 87 65 16 78 41% 22810 2269306 22473 14%
c { 480.75 255 469 32 142 29197 14 1133014 45109 1.3 21 15 5 14 51% 22810 2269306 22473 14%
c - 483.31 287 462 32 143 29598 14 1134878 35105 1.3 21 16 5 14 51% 22813 2269306 22473 14%
c - 486.61 311 459 32 144 29934 13 1146837 36908 1.3 20 15 5 14 50% 22820 2269306 22473 14%
c o 492.12 317 447 32 144 30742 14 1153116 42934 1.3 21 15 5 14 49% 22821 2269306 22473 14%
c u 496.62 321 440 32 144 31262 14 1155568 43714 1.3 21 16 5 14 49% 22829 2269306 22473 14%
c v 497.55 321 440 32 144 31262 14 1155568 42179 1.3 21 16 5 14 49% 22829 2269306 22473 14%
c w 498.26 321 440 32 144 31262 14 1155568 42179 1.3 21 16 5 14 49% 22829 2269306 22473 14%
c x 499.29 323 440 32 144 31262 14 1155568 42179 1.3 21 16 5 14 49% 22829 2265482 22473 14%
c t 499.57 323 440 32 144 31262 14 1155568 42179 1.3 21 16 5 14 49% 22819 2265482 22473 14%
c - 500.23 323 446 32 145 31278 14 1158838 36253 1.3 21 15 5 14 50% 22820 2265482 22473 14%
c - 512.18 329 431 32 146 33184 15 1170879 40596 1.3 21 16 5 14 49% 22820 2265482 22473 14%
c - 517.95 285 445 32 147 34073 15 1182963 43026 1.3 21 16 5 14 50% 22821 2265482 22473 14%
c } 526.75 295 444 33 147 35606 16 1194118 53818 1.3 22 16 5 14 50% 22821 2265482 22473 14%
c [ 526.75 295 101 33 147 35606 1 1194118 53818 1.3 87 65 16 78 41% 22821 2265482 22473 14%
c - 526.91 295 101 33 148 35606 1 1195087 44624 1.3 86 65 16 78 41% 22821 2265482 22473 14%
c - 529.05 295 104 33 149 35613 1 1207252 42849 1.3 87 66 16 78 41% 22821 2265482 22473 14%
c B 530.18 295 105 33 149 35618 1 1213737 49072 1.3 87 67 16 78 41% 22821 2265482 22473 14%
c - 531.14 295 106 33 150 35620 1 1219458 39314 1.3 87 67 16 78 41% 22821 2265482 22473 14%
c
c seconds      switched      rate           size/glue  tier1      binary            remaining
c          MB    reductions     conflicts         size    tier2        irredundant
c            level     restarts        redundant     glue     trail            variables
c
c - 533.35 295 109 33 151 35624 1 1231705 37605 1.3 88 69 16 78 41% 22821 2265482 22473 14%
c - 535.79 295 110 33 152 35631 1 1243993 36980 1.3 89 70 16 79 41% 22821 2265482 22473 14%
c - 538.74 295 110 33 153 35635 1 1256324 37055 1.3 90 70 16 79 41% 22821 2265482 22473 14%
c - 541.94 295 110 33 154 35636 1 1268693 36452 1.3 90 71 16 79 41% 22821 2265482 22473 14%
c u 543.66 295 110 33 154 35636 1 1270881 37032 1.3 90 71 16 79 41% 22823 2265482 22473 14%
c v 544.16 295 110 33 154 35636 1 1270881 36129 1.3 90 71 16 79 41% 22823 2265482 22473 14%
c w 545.39 301 110 33 154 35636 1 1270881 35968 1.3 90 71 16 79 41% 22823 2265482 22473 14%
c x 546.47 309 110 33 154 35636 1 1270881 35968 1.3 90 71 16 79 41% 22823 2259501 22473 14%
c - 549.35 309 111 33 155 35640 1 1281107 35254 1.3 91 72 16 79 41% 22823 2259501 22473 14%
c - 552.30 309 111 33 156 35647 1 1293557 36135 1.3 91 72 16 79 42% 22823 2259501 22473 14%
c - 554.76 309 110 33 157 35651 1 1306046 37208 1.3 91 72 16 79 42% 22823 2259501 22473 14%
c - 557.51 309 109 33 158 35658 1 1318575 36825 1.3 91 72 16 79 42% 22823 2259501 22473 14%
c W 559.22 334 109 33 158 35659 1 1321725 39865 1.3 91 72 16 79 42% 22823 2259501 22473 14%
c o 559.31 334 109 33 158 35659 1 1321725 39865 1.3 91 72 16 79 42% 22823 2259501 22473 14%
c - 561.25 236 110 33 159 35665 1 1331144 37757 1.3 91 72 16 79 42% 22823 2259501 22473 14%
c s 565.44 253 110 33 159 35666 1 1340854 47126 1.3 91 72 16 79 42% 22823 2256438 22473 14%
c e 565.94 343 110 33 159 35666 1 1340854 47126 1.3 91 72 16 79 42% 22822 2256449 22472 14%
c s 568.18 343 110 33 159 35666 1 1340854 47126 1.3 91 72 16 79 42% 22822 2256195 22472 14%
c e 568.49 343 110 33 159 35666 1 1340854 47126 1.3 91 72 16 79 42% 22820 2256213 22471 14%
c - 569.54 253 111 33 160 35667 1 1343754 36353 1.3 92 72 16 79 42% 22820 2256213 22471 14%
c
c seconds      switched      rate           size/glue  tier1      binary            remaining
c          MB    reductions     conflicts         size    tier2        irredundant
c            level     restarts        redundant     glue     trail            variables
c
c - 572.16 253 111 33 161 35667 1 1356403 34339 1.3 93 74 16 79 42% 22820 2256213 22471 14%
c ] 572.79 253 111 34 161 35668 1 1359596 37361 1.3 93 74 16 79 42% 22820 2256213 22471 14%
c { 572.79 253 444 34 161 35668 16 1359596 37361 1.3 22 16 5 14 50% 22820 2256213 22471 14%
c i 572.83 263 444 34 161 35669 16 1359604 37368 1.3 22 16 5 14 50% 22820 2256213 22462 14%
c i 572.84 263 444 34 161 35671 16 1359610 37373 1.3 22 16 5 14 50% 22820 2256213 22460 14%
c i 572.88 265 443 34 161 35673 16 1359668 37416 1.3 22 16 5 14 50% 22824 2256213 22431 14%
c i 573.35 269 439 34 161 35727 16 1360828 38575 1.3 22 16 5 14 50% 22824 2256213 22427 14%
c i 573.37 271 439 34 161 35727 16 1360840 38578 1.3 22 16 5 14 50% 22831 2256213 22425 14%
c i 573.65 271 414 34 161 35727 15 1367135 44271 1.3 21 16 5 14 48% 22849 2256213 22412 14%
c i 573.68 273 414 34 161 35727 15 1367156 44281 1.3 21 16 5 14 48% 22855 2256213 22401 14%
c - 573.82 273 407 34 162 35727 15 1369091 35948 1.4 21 16 5 14 47% 22735 2256213 22401 14%
c - 574.54 273 362 34 163 35727 13 1381818 39041 1.5 23 15 5 14 44% 22735 2256213 22401 14%
c i 574.65 273 360 34 163 35728 13 1382500 39648 1.5 23 15 5 14 44% 22740 2256213 22400 14%
c i 574.65 273 360 34 163 35728 13 1382517 39663 1.5 23 15 5 14 44% 22741 2256213 22393 14%
c b 575.63 268 329 34 163 35728 12 1392239 48554 1.6 24 14 5 14 41% 22791 2255752 22391 14%
c u 576.18 270 329 34 163 35728 12 1392239 47581 1.6 24 14 5 14 41% 22792 2255752 22391 14%
c v 576.68 277 329 34 163 35728 12 1392239 47249 1.6 24 14 5 14 41% 22792 2255752 22391 14%
c w 576.97 279 329 34 163 35728 12 1392239 47175 1.6 24 14 5 14 41% 22792 2255752 22391 14%
c x 577.57 285 329 34 163 35728 12 1392239 47175 1.6 24 14 5 14 41% 22794 2254382 22391 14%
c t 580.44 365 329 34 163 35728 12 1392239 47175 1.6 24 14 5 14 41% 22790 2254382 22391 14%
c
c seconds      switched       rate           size/glue  tier1     binary            remaining
c          MB    reductions      conflicts         size   tier2        irredundant
c            level     restarts         redundant     glue    trail            variables
c
c u 581.57 260 329 34 163 35728 12 1392239 46533 1.6 24 14 5 14 41% 22793 2254382 22391 14%
c v 582.14 260 329 34 163 35728 12 1392239 46104 1.6 24 14 5 14 41% 22793 2254382 22391 14%
c w 582.47 260 329 34 163 35728 12 1392239 46082 1.6 24 14 5 14 41% 22793 2254382 22391 14%
c x 583.10 286 329 34 163 35728 12 1392239 46082 1.6 24 14 5 14 41% 22793 2253371 22391 14%
c t 583.35 286 329 34 163 35728 12 1392239 46082 1.6 24 14 5 14 41% 22792 2253371 22384 14%
c i 583.57 286 329 34 163 35728 12 1392256 46094 1.6 24 14 5 14 41% 22795 2253371 22374 14%
c i 583.57 286 329 34 163 35728 12 1392257 46094 1.6 24 14 5 14 41% 22795 2253371 22371 14%
c i 583.63 286 326 34 163 35731 12 1393273 47031 1.6 23 14 5 14 41% 22796 2253371 22342 13%
c i 583.66 286 325 34 163 35738 12 1393462 47196 1.6 23 14 5 14 41% 22799 2253371 22338 13%
c i 583.67 286 325 34 163 35738 12 1393470 47201 1.6 23 14 5 14 41% 22801 2253371 22337 13%
c - 583.81 289 323 34 164 35738 12 1394586 38066 1.6 23 14 5 13 41% 22709 2253371 22337 13%
c i 584.11 289 316 34 164 35742 11 1397405 40737 1.6 23 14 5 13 40% 22713 2253371 22334 13%
c i 584.13 289 316 34 164 35742 11 1397415 40744 1.6 23 14 5 13 40% 22715 2253371 22330 13%
c i 584.43 291 307 34 164 35754 11 1400521 43527 1.6 23 14 5 13 39% 22738 2253371 22327 13%
c - 585.67 293 292 34 165 35906 11 1407393 40225 1.6 22 13 5 13 38% 22745 2253371 22327 13%
c i 585.76 293 289 34 165 35907 10 1408653 41395 1.6 22 13 5 13 38% 22753 2253371 22325 13%
c i 585.77 293 289 34 165 35907 10 1408676 41407 1.6 22 13 5 13 38% 22762 2253371 22316 13%
c i 585.87 293 285 34 165 35908 10 1410153 42443 1.6 22 13 5 13 37% 22779 2253371 22303 13%
c - 586.26 293 260 34 166 35908 9 1420238 41765 1.7 21 13 5 13 35% 22718 2253371 22303 13%
c } 586.54 293 242 35 166 35908 9 1427742 48424 1.7 21 12 5 13 33% 22718 2253371 22303 13%
c
c seconds      switched      rate           size/glue  tier1      binary            remaining
c          MB    reductions     conflicts         size    tier2        irredundant
c            level     restarts        redundant     glue     trail            variables
c
c [ 586.54 293 111 35 166 35908 1 1427742 48424 1.3 93 74 16 79 42% 22718 2253371 22303 13%
c - 586.77 293 106 35 167 35912 1 1433123 45102 1.3 89 71 16 79 41% 22718 2253371 22303 13%
c O 586.87 293 104 35 167 35913 1 1436064 47545 1.3 87 69 16 79 40% 22718 2253371 22303 13%
c - 587.29 293 96 35 168 35919 1 1446045 47582 1.3 81 64 16 78 37% 22718 2253371 22303 13%
c - 587.99 295 87 35 169 35922 1 1459006 48957 1.3 74 58 16 78 34% 22718 2253371 22303 13%
c - 588.78 295 79 35 170 35929 1 1472007 50583 1.3 67 53 15 77 31% 22718 2253371 22303 13%
c - 589.57 295 71 35 171 35936 1 1485045 51510 1.3 62 48 15 77 28% 22718 2253371 22303 13%
c - 590.22 295 65 35 172 35938 1 1498121 50585 1.3 56 44 15 76 26% 22718 2253371 22303 13%
c ] 590.88 295 60 36 172 35939 1 1510439 59154 1.3 52 41 15 76 24% 22718 2253371 22303 13%
c { 590.88 295 242 36 172 35939 9 1510439 59154 1.7 21 12 5 13 33% 22718 2253371 22303 13%
c o 591.05 295 241 36 172 35999 9 1510902 59415 1.7 21 12 5 13 33% 22720 2253371 22303 13%
c - 591.45 297 241 36 173 36069 9 1511235 50418 1.7 21 13 5 13 33% 22720 2253371 22303 13%
c } 600.05 323 233 36 173 37407 10 1519671 58687 1.6 22 13 5 13 33% 22785 2252760 22303 13%
c ? 600.05 323 233 36 173 37407 10 1519671 58687 1.6 22 13 5 13 33% 22785 2252760 22303 13%
c
c ---- [ result ] ------------------------------------------------------------
c
s UNKNOWN
c
c ---- [ profiling ] ---------------------------------------------------------
c
c         441.17   73.52 %  search
c         243.71   40.61 %  focused
c         197.47   32.91 %  stable
c         154.37   25.73 %  simplify
c         111.23   18.54 %  probe
c          67.42   11.24 %  vivify
c          37.76    6.29 %  eliminate
c          24.52    4.09 %  subsume
c          19.73    3.29 %  substitute
c          12.65    2.11 %  sweep
c           7.12    1.19 %  walking
c           7.11    1.19 %  factor
c           5.38    0.90 %  reduce
c           2.60    0.43 %  congruence
c           2.43    0.41 %  parse
c           1.74    0.29 %  preprocess
c           1.13    0.19 %  transitive
c           0.60    0.10 %  backbone
c           0.33    0.05 %  lucky
c =============================================
c         600.05  100.00 %  total
c
c ---- [ statistics ] --------------------------------------------------------
c
c chronological:                         2469                0 %  conflicts
c conflicts:                          1519671             2532.55 per second
c decisions:                          7417477                4.88 per conflict
c eliminated:                          143133               86 %  variables
c factored:                              1629                1 %  variables
c iterations:                              49                0 %  variables
c propagations:                    1261038811          2101539    per second
c reductions:                             173             8784    interval
c reordered:                               17            89392    interval
c rephased:                                30            50656    interval
c restarts:                             37407               41    interval
c strengthened:                             2                0 %  checks
c subsumed:                             34466                0 %  checks
c switched:                                36            42213    interval
c vivified:                            149686               39 %  checks
c walks:                                   10           151967    interval
c
c ---- [ glue usage ] --------------------------------------------------------
c
c focused glue 5    used 125322 clauses 11.66% accumulated 52.86% tier1
c focused glue 6    used 104835 clauses  9.76% accumulated 62.61%
c focused glue 7-11 used 258309 clauses 24.04% accumulated 86.65%
c focused glue 12   used  25513 clauses  2.37% accumulated 89.03%
c focused glue 13   used  20923 clauses  1.95% accumulated 90.98% tier2
c
c stable glue 15    used  180436 clauses  3.43% accumulated 51.87% tier1
c stable glue 16    used  148474 clauses  2.82% accumulated 54.68%
c stable glue 17-73 used 1843640 clauses 35.01% accumulated 89.70%
c stable glue 74    used    9887 clauses  0.19% accumulated 89.88%
c stable glue 75    used    9800 clauses  0.19% accumulated 90.07% tier2
c
c ---- [ resources ] ---------------------------------------------------------
c
c maximum-resident-set-size:        401866752 bytes        383 MB
c process-time:                            10m             600.05 seconds
c
c ---- [ shutting down ] -----------------------------------------------------
c
c exit 0
