c ---- [ banner ] ------------------------------------------------------------
c
c Kissat SAT Solver
c 
c Copyright (c) 2021-2024 Armin Biere University of Freiburg
c Copyright (c) 2019-2021 Armin Biere Johannes Kepler University Linz
c 
c Version 4.0.4 8af8e56f174b778aef3aa45af9f739b2a5f492c2
c gcc (Debian 12.2.0-14+deb12u1) 12.2.0 -W -Wall -O3 -DNDEBUG
c Sun Sep 13 05:36:52 UTC 2026 Linux discovery-workbench 6.1.0-52-cloud-amd64 x86_64
c
c ---- [ parsing ] -----------------------------------------------------------
c
c opened and reading DIMACS file:
c
c   degree22_paired220_e110.cnf
c
c parsed 'p cnf 165638 2516008' header
c closing input after reading 105854724 bytes (101 MB)
c finished parsing after 3.33 seconds
c
c ---- [ options ] -----------------------------------------------------------
c
c --seed=110                       (different from default '0')
c
c ---- [ solving ] -----------------------------------------------------------
c
c seconds  switched rate     size/glue tier1   binary             remaining
c         MB reductions conflicts size  tier2       irredundant
c          level restarts redundant glue  trail             variables
c
c *  3.33 219 0 0 0  0 0   0   0 0.0 0 0 0 0 0% 166061 2349947 165638 100%
c (  3.60 246 0 0 0  0 0   0   0 0.0 0 0 0 0 0% 166061 2349947 165638 100%
c .  3.60 246 0 0 0  0 0   0   0 0.0 0 0 0 0 0% 166061 2349947 165638 100%
c )  5.83 331 0 0 0  0 0   0   0 0.0 0 0 0 0 0% 166061 2349947 165638 100%
c {  5.94 331 0 0 0  0 0   0   0 0.0 0 0 2 6 0% 166061 2349947 165638 100%
c -  8.51 269 6664 0 1 104 137 1000 620 1.4 20 14 5 21 69% 166061 2349947 165638 100%
c }  8.51 269 6664 1 1 104 137 1000 620 1.4 20 14 5 21 69% 166061 2349947 165638 100%
c [  8.51 269 0 1 1 104 0 1000 620 0.0 0 0 2 6 0% 166061 2349947 165638 100%
c B  8.55 269 3664 1 1 104 2294 1001 621 1.2 13 11 2 6 92% 166061 2349947 165638 100%
c -  9.17 271 39741 1 2 104 52 2001 1363 1.5 31 21 12 26 69% 166061 2349947 165638 100%
c W 10.63 356 39742 1 2 104 52 2002 1364 1.5 31 21 12 26 69% 166061 2349947 165638 100%
c u 13.35 258 16642 1 2 106 28 3383 2638 1.3 54 43 16 77 63% 166062 2349947 165638 100%
c v 13.73 258 16642 1 2 106 28 3383 2626 1.3 54 43 16 77 63% 166062 2349947 165638 100%
c w 14.04 258 16642 1 2 106 28 3383 2626 1.3 54 43 16 77 63% 166062 2349947 165638 100%
c x 14.47 270 16642 1 2 106 28 3383 2626 1.3 54 43 16 77 63% 166064 2349945 165638 100%
c - 14.98 272 16414 1 3 106 27 3415 2227 1.3 54 43 16 78 62% 166064 2349945 165638 100%
c ] 15.38 272 15003 2 3 106 25 3634 2438 1.3 56 44 16 78 61% 166064 2349945 165638 100%
c { 15.38 272 6664 2 3 106 137 3634 2438 1.4 20 14 5 21 69% 166064 2349945 165638 100%
c i 15.41 272 6599 2 3 106 136 3644 2447 1.4 20 14 5 21 69% 166064 2349945 165637 100%
c i 15.42 272 6560 2 3 106 135 3650 2447 1.4 20 14 5 21 69% 166069 2349945 165636 100%
c
c seconds     switched   rate       size/glue  tier1      binary             remaining
c         MB   reductions conflicts       size   tier2         irredundant
c           level  restarts    redundant     glue    trail             variables
c
c i 16.94 276 4297 2 3 156 91 4187 2977 1.4 21 15 5 21 58% 166075 2349945 165120 100%
c } 17.24 276 3342 3 3 156 71 4634 3361 1.4 18 13 5 21 48% 166090 2349945 165053 100%
c [ 17.24 276 15003 3 3 156 25 4634 3361 1.3 56 44 16 78 61% 166090 2349945 165053 100%
c I 17.24 276 15003 3 3 156 25 4634 3361 1.3 56 44 16 78 61% 166090 2349945 165053 100%
c - 17.58 276 12482 3 4 156 21 5147 3135 1.3 58 46 17 86 61% 165144 2349945 165053 100%
c ] 18.58 276 8475 4 4 157 15 6588 4469 1.2 65 53 17 89 60% 165144 2349945 165053 100%
c { 18.58 276 3342 4 4 157 71 6588 4469 1.4 18 13 5 21 48% 165144 2349945 165053 100%
c - 23.11 278 2629 4 5 374 66 7148 4000 1.3 22 17 7 22 49% 165146 2349945 165053 100%
c } 23.97 278 1690 5 5 378 40 8942 5651 1.4 17 12 4 17 47% 165153 2349945 165053 100%
c [ 23.97 278 8475 5 5 378 15 8942 5651 1.2 65 53 17 89 60% 165153 2349945 165053 100%
c B 23.97 278 8475 5 5 378 15 8942 5651 1.2 65 53 17 89 60% 165153 2349945 165053 100%
c - 24.33 278 7715 5 6 378 14 9384 4798 1.2 66 54 18 90 59% 165153 2349945 165053 100%
c u 26.11 267 6370 5 6 379 11 10421 5613 1.2 69 56 18 90 58% 165509 2349362 165053 100%
c v 26.46 267 6370 5 6 379 11 10421 5539 1.2 69 56 18 90 58% 165509 2349362 165053 100%
c w 26.75 268 6370 5 6 379 11 10421 5537 1.2 69 56 18 90 58% 165509 2349362 165053 100%
c t 29.03 356 6370 5 6 379 11 10421 5537 1.2 69 56 18 90 58% 165503 2349362 165053 100%
c o 29.21 356 6370 5 6 379 11 10421 5537 1.2 69 56 18 90 58% 165503 2349362 165053 100%
c - 30.22 257 5142 5 7 380 9 11833 4935 1.2 73 61 19 96 58% 165503 2349362 165053 100%
c W 33.06 351 3774 5 7 382 7 14472 7331 1.2 79 66 19 98 58% 165503 2349362 165053 100%
c - 33.14 232 3771 5 8 382 7 14479 5440 1.2 79 66 20 102 58% 165503 2349362 165053 100%
c
c seconds     switched  rate        size/glue  tier1        binary             remaining
c         MB   reductions conflicts       size     tier2         irredundant
c           level  restarts    redundant     glue      trail             variables
c
c ] 33.61 232 3424 6 8 383 7 15475 6387 1.2 80 67 20 102 58% 165503 2349362 165053 100%
c { 33.61 232 1690 6 8 383 40 15475 6387 1.4 17 12 4 17 47% 165503 2349362 165053 100%
c i 33.75 239 1678 6 8 394 40 15508 6418 1.4 17 12 4 17 47% 165504 2349362 164847 100%
c i 35.14 249 1490 6 8 594 37 16071 6971 1.4 17 12 4 17 45% 165505 2349362 164457 99%
c i 35.20 249 1480 6 8 594 37 16106 6983 1.4 17 12 4 17 44% 165522 2349362 164083 99%
c i 36.78 251 1328 6 8 785 36 16695 7559 1.4 17 12 4 17 42% 165531 2349362 163838 99%
c i 36.78 251 1327 6 8 785 36 16696 7559 1.4 17 12 4 17 42% 165531 2349362 163540 99%
c i 36.79 251 1327 6 8 785 36 16697 7559 1.4 17 12 4 17 42% 165531 2349362 163118 98%
c s 38.25 269 1278 6 8 880 35 16914 7773 1.4 17 13 4 17 41% 165531 2330792 163118 98%
c e 47.81 660 1278 6 8 880 35 16914 7773 1.4 17 13 4 17 41% 42611 2285985 41327 25%
c s 48.67 673 1278 6 8 880 35 16914 7773 1.4 17 13 4 17 41% 42611 2285445 41327 25%
c e 49.41 447 1278 6 8 880 35 16914 7773 1.4 17 13 4 17 41% 42610 2285445 41326 25%
c ^ 49.41 447 1278 6 8 880 35 16914 7773 1.4 17 13 4 17 41% 42610 2285445 41326 25%
c - 50.44 436 1197 6 9 1037 34 17308 4957 1.4 17 13 4 15 40% 40825 2285310 41326 25%
c i 50.45 436 1140 6 9 1037 33 17627 5210 1.4 17 12 4 15 38% 40847 2285310 41294 25%
c i 50.45 436 1139 6 9 1037 33 17629 5209 1.4 17 12 4 15 38% 40848 2285310 41279 25%
c i 50.72 436 1090 6 9 1116 32 17930 5505 1.4 17 12 4 15 37% 40852 2285310 41270 25%
c i 50.74 436 1089 6 9 1117 32 17938 5509 1.4 17 12 4 15 37% 40855 2285310 41261 25%
c i 50.74 436 1086 6 9 1117 32 17962 5515 1.4 17 12 4 15 37% 40864 2285310 41205 25%
c i 50.74 436 1086 6 9 1117 32 17963 5515 1.4 17 12 4 15 37% 40864 2285310 41143 25%
c
c seconds    switched    rate        size/glue  tier1     binary            remaining
c         MB  reductions   conflicts       size   tier2        irredundant
c           level  restarts     redundant     glue    trail            variables
c
c } 51.29 436 882 7 9 1293 27 19544 7000 1.4 16 12 4 15 32% 40878 2285310 41143 25%
c [ 51.29 436 3424 7 9 1293 7 19544 7000 1.2 80 67 20 102 58% 40878 2285310 41143 25%
c - 51.37 436 3193 7 10 1293 6 20309 6369 1.2 75 63 18 99 54% 40469 2285310 41143 25%
c o 51.53 436 3118 7 10 1294 6 20578 6625 1.2 74 62 18 99 53% 40469 2285310 41143 25%
c b 52.12 436 2929 7 10 1294 6 21347 7377 1.2 74 62 18 99 52% 40668 2284914 41132 25%
c u 52.48 436 2929 7 10 1294 6 21347 7028 1.2 74 62 18 99 52% 40703 2284914 41048 25%
c v 53.01 436 2929 7 10 1294 6 21347 6717 1.2 74 62 18 99 52% 40703 2284914 41048 25%
c w 53.32 436 2929 7 10 1294 6 21347 6712 1.2 74 62 18 99 52% 40703 2284914 41048 25%
c x 53.83 436 2929 7 10 1294 6 21347 6712 1.2 74 62 18 99 52% 40821 2284562 41048 25%
c t 54.23 436 2929 7 10 1294 6 21347 6708 1.2 74 62 18 99 52% 40804 2284562 41048 25%
c f 54.48 311 2929 7 10 1294 6 21347 6708 1.2 74 62 18 99 52% 41624 2249586 41687 25%
c u 55.30 377 2929 7 10 1294 6 21347 6509 1.2 74 62 18 99 52% 41630 2249586 41687 25%
c v 56.09 379 2929 7 10 1294 6 21347 6148 1.2 74 62 18 99 52% 41630 2249586 41687 25%
c w 56.43 379 2929 7 10 1294 6 21347 6147 1.2 74 62 18 99 52% 41630 2249586 41687 25%
c t 56.82 379 2929 7 10 1294 6 21347 6147 1.2 74 62 18 99 52% 41629 2249586 41687 25%
c i 57.06 379 2929 7 10 1294 6 21347 6147 1.2 74 62 18 99 52% 41629 2249586 41687 25%
c O 57.29 379 2784 7 10 1295 6 22000 6782 1.2 74 62 18 99 52% 41629 2249586 41687 25%
c - 57.58 381 2511 7 11 1295 5 23471 6207 1.2 74 61 18 96 56% 41506 2249586 41687 25%
c - 58.62 381 2066 7 12 1298 4 26789 7292 1.2 76 61 18 95 61% 41506 2249586 41687 25%
c - 59.41 381 1751 7 13 1299 4 30253 8000 1.3 78 61 18 91 66% 41506 2249586 41687 25%
c
c seconds     switched    rate        size/glue  tier1      binary            remaining
c         MB    reductions  conflicts       size    tier2        irredundant
c           level    restarts    redundant     glue     trail            variables
c
c B 59.64 381 1645 7 13 1299 4 31762 9479 1.3 79 61 18 91 68% 41506 2249586 41687 25%
c s 60.64 381 1523 7 13 1301 4 33618 11263 1.3 79 61 18 91 68% 41506 2249568 41687 25%
c e 61.81 471 1523 7 13 1301 4 33618 11263 1.3 79 61 18 91 68% 40840 2250780 41033 25%
c ^ 62.46 471 1523 7 13 1301 4 33618 11263 1.3 79 61 18 91 68% 40840 2250780 41033 25%
c - 62.72 370 1508 7 14 1301 4 33860 8244 1.3 79 61 18 89 68% 40840 2250780 41033 25%
c u 64.31 379 1375 7 14 1303 3 36177 10423 1.3 81 62 18 89 66% 40844 2250780 41033 25%
c v 64.72 379 1375 7 14 1303 3 36177 10202 1.3 81 62 18 89 66% 40844 2250780 41033 25%
c w 65.02 381 1375 7 14 1303 3 36177 10202 1.3 81 62 18 89 66% 40844 2250780 41033 25%
c t 66.38 469 1375 7 14 1303 3 36177 10202 1.3 81 62 18 89 66% 40843 2250780 41033 25%
c f 66.54 308 1375 7 14 1303 3 36177 10202 1.3 81 62 18 89 66% 40890 2250531 41083 25%
c u 67.32 377 1375 7 14 1303 3 36177 10192 1.3 81 62 18 89 66% 40890 2250531 41083 25%
c v 67.64 379 1375 7 14 1303 3 36177 10160 1.3 81 62 18 89 66% 40890 2250531 41083 25%
c w 67.91 381 1375 7 14 1303 3 36177 10160 1.3 81 62 18 89 66% 40890 2250531 41083 25%
c - 69.18 383 1304 7 15 1304 3 37603 8202 1.3 81 62 18 89 65% 40890 2250531 41083 25%
c ] 69.83 383 1210 8 15 1305 3 39762 10319 1.3 81 62 18 89 63% 40890 2250531 41083 25%
c { 69.83 383 882 8 15 1305 27 39762 10319 1.4 16 12 4 15 32% 40890 2250531 41083 25%
c o 71.74 391 813 8 15 1534 29 40580 11134 1.3 17 13 4 15 32% 40891 2250531 41083 25%
c - 73.70 399 751 8 16 1782 30 41477 8448 1.3 19 14 4 16 33% 40891 2250531 41083 25%
c - 81.41 411 603 8 17 2731 33 45478 9600 1.3 22 17 4 21 36% 40893 2250531 41083 25%
c } 81.43 411 615 9 17 2731 32 45921 9998 1.3 22 17 4 21 37% 40893 2250531 41083 25%
c
c seconds     switched    rate        size/glue  tier1      binary            remaining
c         MB    reductions  conflicts       size    tier2        irredundant
c           level    restarts    redundant     glue     trail            variables
c
c [ 81.43 411 1210 9 17 2731 3 45921 9998 1.3 81 62 18 89 63% 40893 2250531 41083 25%
c W 82.34 442 1210 9 17 2731 3 45921 9998 1.3 81 62 18 89 63% 40893 2250531 41083 25%
c - 83.61 352 1074 9 18 2733 3 49601 9771 1.3 82 63 18 90 61% 40893 2250531 41083 25%
c - 85.00 352 950 9 19 2736 3 53843 9068 1.3 83 64 18 89 59% 40893 2250531 41083 25%
c u 86.34 360 915 9 19 2737 3 55272 10178 1.3 84 64 18 89 58% 40894 2250531 41083 25%
c v 87.39 362 915 9 19 2737 3 55272 9483 1.3 84 64 18 89 58% 40896 2250531 41083 25%
c w 87.80 364 915 9 19 2737 3 55272 9477 1.3 84 64 18 89 58% 40896 2250531 41083 25%
c t 88.19 364 915 9 19 2737 3 55272 9477 1.3 84 64 18 89 58% 40895 2250531 41083 25%
c - 89.31 364 849 9 20 2737 2 58201 8484 1.3 84 65 18 89 57% 40895 2250531 41083 25%
c I 89.98 364 797 9 20 2740 2 60829 10912 1.3 85 66 18 89 56% 40895 2250531 41083 25%
c - 90.54 364 763 9 21 2741 2 62673 9184 1.3 84 65 18 89 56% 40895 2250531 41083 25%
c - 91.91 364 691 9 22 2744 2 67255 9486 1.3 84 66 18 89 54% 40895 2250531 41083 25%
c s 93.43 382 656 9 22 2744 2 69743 11839 1.3 84 66 18 89 54% 40895 2250462 41083 25%
c e 94.46 456 656 9 22 2744 2 69743 11839 1.3 84 66 18 89 54% 40810 2250562 41000 25%
c ^ 95.65 456 656 9 22 2744 2 69743 11839 1.3 84 66 18 89 54% 40810 2250562 41000 25%
c - 96.45 364 629 9 23 2745 2 71945 8759 1.3 85 66 18 88 53% 40810 2250562 41000 25%
c - 97.66 364 576 9 24 2745 2 76740 9562 1.3 85 66 17 88 53% 40810 2250562 41000 25%
c B 98.14 364 557 9 24 2745 2 78633 11325 1.3 85 66 17 88 53% 40810 2250562 41000 25%
c o 98.25 364 557 9 24 2745 2 78633 11325 1.3 85 66 17 88 53% 40810 2250562 41000 25%
c u 99.10 364 556 9 24 2746 2 78766 11361 1.3 85 66 17 88 53% 40812 2250562 41000 25%
c
c seconds    switched    rate         size/glue  tier1      binary            remaining
c         MB   reductions  conflicts        size    tier2        irredundant
c           level   restarts     redundant     glue     trail            variables
c
c v 99.63 364 556 9 24 2746 2 78766 11021 1.3 85 66 17 88 53% 40812 2250562 41000 25%
c w 99.94 366 556 9 24 2746 2 78766 11013 1.3 85 66 17 88 53% 40812 2250562 41000 25%
c t 100.32 366 556 9 24 2746 2 78766 11013 1.3 85 66 17 88 53% 40811 2250562 41000 25%
c f 100.47 302 556 9 24 2746 2 78766 11013 1.3 85 66 17 88 53% 40814 2250543 41003 25%
c u 101.67 376 556 9 24 2746 2 78766 10999 1.3 85 66 17 88 53% 40814 2250543 41003 25%
c v 102.20 378 556 9 24 2746 2 78766 10702 1.3 85 66 17 88 53% 40814 2250543 41003 25%
c w 102.51 382 556 9 24 2746 2 78766 10700 1.3 85 66 17 88 53% 40814 2250543 41003 25%
c ] 104.39 370 546 10 24 2747 2 79848 11748 1.3 85 66 17 88 52% 40814 2250543 41003 25%
c { 104.39 370 615 10 24 2747 32 79848 11748 1.3 22 17 4 21 37% 40814 2250543 41003 25%
c - 107.44 406 596 10 25 3091 32 81638 9809 1.3 22 17 4 20 39% 40814 2250543 41003 25%
c - 111.46 414 664 10 26 3497 28 86638 11841 1.3 22 17 5 19 46% 40815 2250543 41003 25%
c } 111.54 414 681 11 26 3497 25 88475 13552 1.3 21 16 5 19 48% 40815 2250543 41003 25%
c [ 111.54 414 546 11 26 3497 2 88475 13552 1.3 85 66 17 88 52% 40815 2250543 41003 25%
c - 112.14 414 531 11 27 3499 2 91738 13156 1.3 82 63 17 86 52% 40815 2250543 41003 25%
c - 113.37 414 490 11 28 3503 2 96934 13853 1.3 82 63 17 86 52% 40815 2250543 41003 25%
c W 115.06 442 471 11 28 3503 2 99544 16388 1.3 82 62 17 86 51% 40815 2250543 41003 25%
c - 116.00 350 454 11 29 3505 2 102226 14275 1.3 82 63 17 86 51% 40815 2250543 41003 25%
c u 118.20 356 426 11 29 3508 2 106826 18477 1.3 82 63 17 86 50% 40816 2250543 41003 25%
c v 118.80 356 426 11 29 3508 2 106826 18283 1.3 82 63 17 86 50% 40816 2250543 41003 25%
c w 119.20 360 426 11 29 3508 2 106826 18283 1.3 82 63 17 86 50% 40816 2250543 41003 25%
c
c seconds      switched    rate          size/glue  tier1      binary            remaining
c          MB    reductions  conflicts         size    tier2        irredundant
c            level    restarts      redundant     glue     trail            variables
c
c - 120.68 373 422 11 30 3509 2 107612 13673 1.3 83 63 17 87 50% 40816 2250543 41003 25%
c ] 121.95 373 400 12 30 3510 2 111931 17802 1.3 83 64 17 87 50% 40816 2250543 41003 25%
c { 121.95 373 681 12 30 3510 25 111931 17802 1.3 21 16 5 19 48% 40816 2250543 41003 25%
c - 124.47 387 652 12 31 3834 26 113089 13758 1.3 22 16 5 18 47% 40817 2250543 41003 25%
c - 129.06 393 634 12 32 4385 24 118657 14998 1.3 21 16 5 17 50% 40817 2250543 41003 25%
c o 129.41 393 632 12 32 4386 21 122712 18717 1.3 20 15 5 17 51% 40817 2250543 41003 25%
c } 129.60 395 651 13 32 4387 21 123410 19378 1.3 20 15 5 17 52% 40817 2250543 41003 25%
c [ 129.60 395 400 13 32 4387 2 123410 19378 1.3 83 64 17 87 50% 40817 2250543 41003 25%
c O 129.62 395 406 13 32 4387 2 123769 19705 1.3 83 64 17 87 50% 40817 2250543 41003 25%
c - 129.81 395 404 13 33 4387 2 124315 16513 1.3 83 63 17 87 50% 40817 2250543 41003 25%
c i 130.12 395 399 13 33 4388 2 125337 17515 1.3 83 63 17 87 50% 40817 2250543 41002 25%
c s 131.73 404 395 13 33 4390 2 127927 20000 1.3 82 62 17 87 51% 40825 2249346 41002 25%
c e 133.07 470 395 13 33 4390 2 127927 20000 1.3 82 62 17 87 51% 24279 2315495 24464 15%
c s 134.06 473 395 13 33 4390 2 127927 20000 1.3 82 62 17 87 51% 24279 2315439 24464 15%
c ^ 134.50 473 395 13 33 4390 2 127927 20000 1.3 82 62 17 87 51% 24279 2315439 24464 15%
c - 136.04 382 390 13 34 4392 2 130059 7532 1.3 82 62 17 86 52% 24280 2315438 24464 15%
c - 137.49 384 379 13 35 4394 2 135889 10965 1.3 83 63 17 85 56% 24280 2315438 24464 15%
c u 139.63 386 372 13 35 4396 2 139618 14337 1.3 83 63 17 86 57% 24282 2315438 24464 15%
c v 140.42 386 372 13 35 4396 2 139618 13637 1.3 83 63 17 86 57% 24282 2315438 24464 15%
c w 140.93 388 372 13 35 4396 2 139618 13634 1.3 83 63 17 86 57% 24282 2315438 24464 15%
c
c seconds      switched    rate          size/glue  tier1      binary            remaining
c          MB    reductions  conflicts         size    tier2        irredundant
c            level    restarts      redundant     glue     trail            variables
c
c f 141.67 306 372 13 35 4396 2 139618 13634 1.3 83 63 17 86 57% 24892 2302816 24852 15%
c u 142.82 374 372 13 35 4396 2 139618 13595 1.3 83 63 17 86 57% 24892 2302816 24852 15%
c v 143.82 376 372 13 35 4396 2 139618 13224 1.3 83 63 17 86 57% 24892 2302816 24852 15%
c w 144.31 378 372 13 35 4396 2 139618 13224 1.3 83 63 17 86 57% 24892 2302816 24852 15%
c - 145.38 378 368 13 36 4398 2 141805 10792 1.3 83 63 17 86 58% 24892 2302816 24852 15%
c - 146.94 378 360 13 37 4400 2 147809 11148 1.3 84 64 17 86 61% 24892 2302816 24852 15%
c B 148.22 380 355 13 37 4401 2 151510 14724 1.3 85 65 17 86 62% 24892 2302816 24852 15%
c ] 148.41 380 355 14 37 4401 2 152534 15705 1.3 85 65 17 86 62% 24892 2302816 24852 15%
c { 148.41 380 651 14 37 4401 21 152534 15705 1.3 20 15 5 17 52% 24892 2302816 24852 15%
c - 151.03 400 630 14 38 4690 21 153891 11529 1.3 20 15 5 14 51% 24892 2302816 24852 15%
c - 155.05 408 647 14 39 5131 20 160055 13534 1.3 20 15 5 14 54% 24892 2302816 24852 15%
c - 157.74 410 604 14 40 5398 18 166299 14910 1.3 19 14 5 14 53% 24892 2302816 24852 15%
c } 157.77 410 600 15 40 5398 18 167249 15764 1.3 19 14 5 14 53% 24892 2302816 24852 15%
c [ 157.77 410 355 15 40 5398 2 167249 15764 1.3 85 65 17 86 62% 24892 2302816 24852 15%
c - 159.16 412 350 15 41 5402 2 172624 15490 1.3 84 65 17 86 63% 24892 2302816 24852 15%
c o 159.56 412 349 15 41 5403 2 173401 16224 1.3 85 65 17 86 63% 24892 2302816 24852 15%
c u 161.44 412 344 15 41 5404 2 177336 19470 1.3 84 65 17 86 64% 24893 2302816 24852 15%
c v 162.13 412 344 15 41 5404 2 177336 18969 1.3 84 65 17 86 64% 24893 2302816 24852 15%
c w 162.61 412 344 15 41 5404 2 177336 18968 1.3 84 65 17 86 64% 24893 2302816 24852 15%
c - 163.55 412 343 15 42 5404 2 179028 14892 1.3 85 65 17 87 64% 24893 2302816 24852 15%
c
c seconds      switched    rate          size/glue  tier1      binary            remaining
c          MB    reductions  conflicts         size    tier2        irredundant
c            level    restarts      redundant     glue     trail            variables
c
c W 165.47 442 340 15 42 5407 2 182960 18732 1.3 85 66 17 87 66% 24893 2302816 24852 15%
c - 166.15 353 338 15 43 5409 2 185509 15264 1.3 85 66 17 87 66% 24893 2302816 24852 15%
c - 167.73 355 334 15 44 5412 2 192066 15329 1.3 86 66 17 88 68% 24893 2302816 24852 15%
c - 169.92 357 329 15 45 5412 2 198699 15178 1.3 86 67 17 88 69% 24893 2302816 24852 15%
c ] 170.87 357 327 16 45 5414 2 201854 18170 1.3 87 68 17 88 70% 24893 2302816 24852 15%
c { 170.87 357 600 16 45 5414 18 201854 18170 1.3 19 14 5 14 53% 24893 2302816 24852 15%
c - 174.69 382 582 16 46 6013 18 205408 16329 1.3 20 15 5 14 52% 24897 2302816 24852 15%
c s 183.32 408 537 16 46 7408 21 210881 21744 1.3 21 16 5 14 51% 24897 2300744 24852 15%
c e 184.08 476 537 16 46 7408 21 210881 21744 1.3 21 16 5 14 51% 23299 2312657 23265 14%
c s 184.95 476 537 16 46 7408 21 210881 21744 1.3 21 16 5 14 51% 23299 2312649 23265 14%
c ^ 185.20 476 537 16 46 7408 21 210881 21744 1.3 21 16 5 14 51% 23299 2312649 23265 14%
c - 186.59 392 534 16 47 7603 21 212190 16573 1.3 21 16 5 15 51% 23299 2312649 23265 14%
c - 189.07 398 560 16 48 8000 20 219045 18362 1.3 21 16 5 14 53% 23299 2312649 23265 14%
c u 190.55 386 565 16 48 8004 19 220033 17964 1.3 20 15 5 14 54% 23300 2312649 23265 14%
c v 191.27 388 565 16 48 8004 19 220033 16886 1.3 20 15 5 14 54% 23300 2312649 23265 14%
c w 191.65 388 565 16 48 8004 19 220033 16828 1.3 20 15 5 14 54% 23300 2312649 23265 14%
c t 194.12 474 565 16 48 8004 19 220033 16828 1.3 20 15 5 14 54% 23298 2312649 23265 14%
c f 194.33 309 565 16 48 8004 19 220033 16828 1.3 20 15 5 14 54% 23354 2311431 23322 14%
c u 195.22 382 565 16 48 8004 19 220033 16492 1.3 20 15 5 14 54% 23356 2311431 23322 14%
c v 195.80 382 565 16 48 8004 19 220033 16037 1.3 20 15 5 14 54% 23356 2311431 23322 14%
c
c seconds      switched     rate          size/glue  tier1     binary            remaining
c          MB    reductions   conflicts         size   tier2        irredundant
c            level    restarts       redundant     glue    trail            variables
c
c w 196.25 384 565 16 48 8004 19 220033 16011 1.3 20 15 5 14 54% 23356 2311431 23322 14%
c x 196.73 384 565 16 48 8004 19 220033 16011 1.3 20 15 5 14 54% 23356 2310492 23322 14%
c t 196.99 384 565 16 48 8004 19 220033 16011 1.3 20 15 5 14 54% 23355 2310492 23322 14%
c } 197.32 386 563 17 48 8034 19 220191 16163 1.3 20 15 5 14 54% 23355 2310492 23322 14%
c [ 197.32 386 327 17 48 8034 2 220191 16163 1.3 87 68 17 88 70% 23355 2310492 23322 14%
c I 197.32 386 327 17 48 8034 2 220191 16163 1.3 87 68 17 88 70% 23355 2310492 23322 14%
c - 198.29 386 311 17 49 8038 2 225975 15905 1.3 86 67 17 88 68% 23355 2310492 23322 14%
c - 199.43 386 293 17 50 8041 1 232975 16770 1.3 86 67 17 87 66% 23355 2310492 23322 14%
c - 200.70 386 277 17 51 8046 1 240046 16518 1.3 87 68 17 87 64% 23355 2310492 23322 14%
c - 202.12 386 263 17 52 8048 1 247187 16213 1.3 88 69 18 87 62% 23355 2310492 23322 14%
c - 203.61 386 250 17 53 8050 1 254398 16708 1.3 88 69 18 86 61% 23355 2310492 23322 14%
c B 204.64 386 241 17 53 8054 1 259631 21550 1.3 88 69 18 86 60% 23355 2310492 23322 14%
c o 204.78 386 241 17 53 8054 1 259631 21550 1.3 88 69 18 86 60% 23355 2310492 23322 14%
c - 205.06 388 242 17 54 8055 1 261678 17543 1.3 88 69 18 86 60% 23355 2310492 23322 14%
c u 206.84 388 244 17 54 8058 1 267862 23450 1.3 88 69 18 86 62% 23355 2310492 23322 14%
c v 207.37 388 244 17 54 8058 1 267862 23068 1.3 88 69 18 86 62% 23355 2310492 23322 14%
c w 207.68 392 244 17 54 8058 1 267862 23064 1.3 88 69 18 86 62% 23355 2310492 23322 14%
c - 208.23 394 244 17 55 8058 1 269026 17350 1.3 88 69 18 87 62% 23355 2310492 23322 14%
c - 209.40 394 245 17 56 8062 1 276443 16827 1.3 89 70 18 87 64% 23355 2310492 23322 14%
c - 210.34 394 246 17 57 8063 1 283927 17353 1.3 88 69 18 87 66% 23355 2310492 23322 14%
c
c seconds      switched    rate          size/glue  tier1      binary            remaining
c          MB    reductions  conflicts         size    tier2        irredundant
c            level    restarts      redundant     glue     trail            variables
c
c ] 211.33 394 247 18 57 8064 1 289638 22756 1.3 89 69 18 87 68% 23355 2310492 23322 14%
c { 211.33 394 563 18 57 8064 19 289638 22756 1.3 20 15 5 14 54% 23355 2310492 23322 14%
c i 211.37 394 563 18 57 8068 19 289671 22786 1.3 20 15 5 14 54% 23356 2310492 23310 14%
c - 211.50 394 548 18 58 8068 19 291476 18070 1.3 21 15 5 14 53% 23321 2310492 23310 14%
c - 211.79 394 491 18 59 8068 16 299091 18399 1.5 21 14 5 13 50% 23321 2310492 23310 14%
c - 212.09 394 437 18 60 8069 14 306773 19435 1.5 21 14 5 13 46% 23326 2310492 23310 14%
c } 212.20 394 403 19 60 8069 13 311983 23607 1.5 20 13 5 13 43% 23330 2310492 23310 14%
c [ 212.20 394 247 19 60 8069 1 311983 23607 1.3 89 69 18 87 68% 23330 2310492 23310 14%
c W 212.98 446 247 19 60 8069 1 311983 23607 1.3 89 69 18 87 68% 23330 2310490 23310 14%
c - 213.50 345 243 19 61 8071 1 314520 20446 1.3 89 69 18 87 67% 23330 2310490 23310 14%
c ] 214.10 345 238 20 61 8073 1 317787 23538 1.3 89 70 18 87 66% 23330 2310490 23310 14%
c { 214.10 345 403 20 61 8073 13 317787 23538 1.5 20 13 5 13 43% 23330 2310490 23310 14%
c s 219.36 404 391 20 61 8863 15 320656 26399 1.5 20 14 5 13 42% 23330 2310489 23310 14%
c e 220.22 474 391 20 61 8863 15 320656 26399 1.5 20 14 5 13 42% 21968 2328351 22014 13%
c s 220.91 476 391 20 61 8863 15 320656 26399 1.5 20 14 5 13 42% 21968 2328269 22014 13%
c e 221.20 476 391 20 61 8863 15 320656 26399 1.5 20 14 5 13 42% 21966 2328294 22012 13%
c ! 221.20 476 391 20 61 8863 15 320656 26399 1.5 20 14 5 13 42% 21966 2328294 22012 13%
c b 221.88 366 390 20 61 8926 15 320870 20687 1.5 20 14 5 13 42% 21987 2328273 22007 13%
c u 222.29 366 390 20 61 8926 15 320870 19709 1.5 20 14 5 13 42% 21993 2328273 22007 13%
c v 222.69 366 390 20 61 8926 15 320870 17437 1.5 20 14 5 13 42% 21995 2328273 22007 13%
c
c seconds      switched     rate          size/glue  tier1     binary            remaining
c          MB    reductions   conflicts         size   tier2        irredundant
c            level    restarts       redundant     glue    trail            variables
c
c w 222.99 366 390 20 61 8926 15 320870 17435 1.5 20 14 5 13 42% 21995 2328273 22007 13%
c t 223.26 366 390 20 61 8926 15 320870 17435 1.5 20 14 5 13 42% 22006 2328257 22007 13%
c f 223.50 306 390 20 61 8926 15 320870 17435 1.5 20 14 5 13 42% 22130 2326161 22089 13%
c u 224.20 378 390 20 61 8926 15 320870 17171 1.5 20 14 5 13 42% 22132 2326161 22089 13%
c v 224.60 378 390 20 61 8926 15 320870 16099 1.5 20 14 5 13 42% 22133 2326161 22089 13%
c w 224.85 380 390 20 61 8926 15 320870 16079 1.5 20 14 5 13 42% 22133 2326161 22089 13%
c x 225.20 384 390 20 61 8926 15 320870 16079 1.5 20 14 5 13 42% 22133 2322482 22089 13%
c t 225.46 384 390 20 61 8926 15 320870 16079 1.5 20 14 5 13 42% 22131 2322482 22089 13%
c - 228.28 392 384 20 62 9324 15 322331 14512 1.5 21 14 5 12 42% 22114 2322482 22089 13%
c o 238.14 404 357 20 62 10986 17 329631 21748 1.4 22 15 5 12 42% 22116 2322482 22089 13%
c - 238.97 404 355 20 63 11110 18 330206 20220 1.4 22 15 5 13 41% 22116 2322482 22089 13%
c - 245.10 410 361 20 64 12099 18 338143 23247 1.4 22 16 5 13 42% 22116 2322482 22089 13%
c } 249.98 414 362 21 64 12881 18 344526 29344 1.4 23 16 5 13 43% 22116 2322482 22089 13%
c [ 249.98 414 238 21 64 12881 1 344526 29344 1.3 89 70 18 87 66% 22116 2322482 22089 13%
c - 250.28 414 236 21 65 12882 1 346145 24003 1.3 89 69 18 87 66% 22116 2322482 22089 13%
c - 251.70 414 225 21 66 12887 1 354208 23986 1.3 88 69 18 87 64% 22116 2322482 22089 13%
c O 252.65 414 218 21 66 12890 1 360147 29688 1.3 88 68 18 87 63% 22116 2322482 22089 13%
c - 252.89 414 221 21 67 12892 1 362332 23646 1.3 86 67 18 86 62% 22116 2322482 22089 13%
c - 253.19 414 204 21 68 12895 1 370519 24897 1.3 81 63 17 85 57% 22116 2322482 22089 13%
c - 253.56 414 188 21 69 12897 1 378765 26065 1.3 76 59 16 84 53% 22116 2322482 22089 13%
c
c seconds      switched     rate          size/glue  tier1      binary            remaining
c          MB    reductions   conflicts         size    tier2        irredundant
c            level    restarts       redundant     glue     trail            variables
c
c b 253.83 414 188 21 69 12897 1 379235 26467 1.3 76 58 16 84 52% 22117 2322482 22077 13%
c u 254.70 416 188 21 69 12897 1 379235 25074 1.3 76 58 16 84 52% 22134 2322482 22077 13%
c v 255.35 416 188 21 69 12897 1 379235 24245 1.3 76 58 16 84 52% 22135 2322482 22077 13%
c w 255.66 418 188 21 69 12897 1 379235 23846 1.3 76 58 16 84 52% 22135 2322482 22077 13%
c t 255.93 418 188 21 69 12897 1 379235 23846 1.3 76 58 16 84 52% 22151 2322443 22077 13%
c f 256.05 305 188 21 69 12897 1 379235 23846 1.3 76 58 16 84 52% 22151 2322425 22078 13%
c u 257.28 382 188 21 69 12897 1 379235 23581 1.3 76 58 16 84 52% 22101 2322425 22078 13%
c v 257.73 384 188 21 69 12897 1 379235 23147 1.3 76 58 16 84 52% 22101 2322425 22078 13%
c w 258.00 384 188 21 69 12897 1 379235 21798 1.3 76 58 16 84 52% 22101 2322425 22078 13%
c x 258.44 384 188 21 69 12897 1 379235 21798 1.3 76 58 16 84 52% 22101 2315506 22078 13%
c - 259.81 369 174 21 70 12902 1 387072 23552 1.3 71 55 16 82 48% 22101 2315506 22078 13%
c - 260.21 369 161 21 71 12907 1 395438 24712 1.3 67 51 15 80 45% 22102 2315506 22078 13%
c - 260.63 369 149 21 72 12910 1 403865 26006 1.3 63 48 15 79 41% 22102 2315506 22078 13%
c - 261.10 369 137 21 73 12911 1 412350 25902 1.3 59 45 14 77 38% 22102 2315506 22078 13%
c B 261.13 369 137 21 73 12911 1 412934 26312 1.3 58 45 14 77 38% 22102 2315506 22078 13%
c o 261.22 369 137 21 73 12911 1 412934 26312 1.3 58 45 14 77 38% 22102 2315506 22078 13%
c - 262.30 369 149 21 74 12911 1 420894 24868 1.3 61 48 15 78 42% 22102 2315506 22078 13%
c - 263.39 372 160 21 75 12914 1 429497 21993 1.3 64 51 15 78 46% 22102 2315506 22078 13%
c - 265.48 418 167 21 76 12918 1 438161 22928 1.3 68 53 15 79 46% 22102 2315506 22078 13%
c u 266.80 422 169 21 76 12921 1 442956 27509 1.3 70 54 15 79 45% 22102 2315506 22078 13%
c
c seconds      switched     rate          size/glue  tier1      binary            remaining
c          MB    reductions   conflicts         size    tier2        irredundant
c            level    restarts       redundant     glue     trail            variables
c
c v 267.11 422 169 21 76 12921 1 442956 27298 1.3 70 54 15 79 45% 22102 2315506 22078 13%
c w 267.40 424 169 21 76 12921 1 442956 27298 1.3 70 54 15 79 45% 22102 2315506 22078 13%
c x 267.70 424 169 21 76 12921 1 442956 27298 1.3 70 54 15 79 45% 22102 2313306 22078 13%
c - 268.94 424 171 21 77 12924 1 446879 23689 1.3 71 54 15 80 45% 22102 2313306 22078 13%
c - 269.89 424 174 21 78 12926 1 455654 24310 1.4 76 56 15 80 44% 22102 2313306 22078 13%
c s 271.47 424 175 21 78 12926 1 459481 28082 1.4 79 57 15 80 43% 22102 2310475 22078 13%
c e 272.08 488 175 21 78 12926 1 459481 28082 1.4 79 57 15 80 43% 22056 2310687 22034 13%
c s 273.03 488 175 21 78 12926 1 459481 28082 1.4 79 57 15 80 43% 22056 2310613 22034 13%
c e 273.31 488 175 21 78 12926 1 459481 28082 1.4 79 57 15 80 43% 22055 2310626 22033 13%
c - 274.14 390 177 21 79 12930 1 464485 23476 1.4 80 58 15 81 42% 22055 2310626 22033 13%
c W 275.70 440 179 21 79 12933 1 470519 29475 1.4 82 58 16 81 42% 22055 2310626 22033 13%
c - 276.42 359 181 21 80 12935 1 473373 23590 1.4 83 59 16 82 41% 22055 2310626 22033 13%
c - 277.86 361 188 21 81 12940 1 482322 22132 1.4 89 65 16 83 41% 22055 2310626 22033 13%
c - 279.52 366 194 21 82 12941 1 491323 20144 1.4 96 70 16 85 40% 22055 2310626 22033 13%
c - 281.22 366 199 21 83 12942 1 500378 19831 1.4 101 75 16 86 39% 22055 2310626 22033 13%
c - 283.35 368 203 21 84 12943 1 509490 19449 1.3 108 81 17 87 38% 22055 2310626 22033 13%
c u 284.49 370 204 21 84 12943 1 512148 21899 1.3 110 82 17 87 38% 22055 2310626 22033 13%
c v 284.86 376 204 21 84 12943 1 512148 21806 1.3 110 82 17 87 38% 22055 2310626 22033 13%
c w 285.18 380 204 21 84 12943 1 512148 21806 1.3 110 82 17 87 38% 22055 2310626 22033 13%
c x 285.53 390 204 21 84 12943 1 512148 21806 1.3 110 82 17 87 38% 22055 2308526 22033 13%
c
c seconds      switched     rate          size/glue   tier1      binary            remaining
c          MB    reductions   conflicts         size     tier2        irredundant
c            level    restarts       redundant      glue     trail            variables
c
c f 285.94 295 204 21 84 12943 1 512148 21806 1.3 110 82 17 87 38% 22059 2308470 22036 13%
c u 286.66 366 204 21 84 12943 1 512148 21741 1.3 110 82 17 87 38% 22059 2308470 22036 13%
c v 287.08 370 204 21 84 12943 1 512148 21612 1.3 110 82 17 87 38% 22059 2308470 22036 13%
c w 287.36 376 204 21 84 12943 1 512148 21612 1.3 110 82 17 87 38% 22059 2308470 22036 13%
c x 287.69 376 204 21 84 12943 1 512148 21612 1.3 110 82 17 87 38% 22059 2305741 22036 13%
c o 288.06 376 204 21 84 12943 1 512148 21612 1.3 110 82 17 87 38% 22059 2305741 22036 13%
c - 289.08 378 199 21 85 12943 1 518655 20661 1.3 108 81 17 87 39% 22059 2305741 22036 13%
c - 290.10 378 203 21 86 12943 1 527874 22930 1.3 106 80 17 87 43% 22059 2305741 22036 13%
c I 290.75 378 206 21 86 12943 1 533073 27954 1.3 105 79 17 87 46% 22059 2305741 22036 13%
c - 290.93 378 203 21 87 12943 1 537147 23027 1.3 102 77 17 87 45% 22059 2305741 22036 13%
c - 291.72 380 197 21 88 12947 1 546474 24937 1.3 97 74 17 86 45% 22059 2305741 22036 13%
c ] 292.24 380 194 22 88 12949 1 549538 27953 1.3 97 73 17 86 45% 22059 2305741 22036 13%
c { 292.24 380 362 22 88 12949 18 549538 27953 1.4 23 16 5 13 43% 22059 2305741 22036 13%
c i 292.90 380 356 22 88 13124 18 550852 29237 1.4 22 16 5 13 42% 22070 2305740 22035 13%
c i 293.22 380 353 22 88 13215 18 551556 29930 1.4 22 16 5 13 42% 22070 2305740 22033 13%
c i 293.22 380 353 22 88 13215 18 551557 29930 1.4 22 16 5 13 42% 22070 2305740 22026 13%
c - 293.85 382 334 22 89 13320 17 555854 26824 1.4 22 16 5 14 40% 22057 2305739 22026 13%
c - 294.27 382 297 22 90 13320 15 565287 28431 1.4 21 15 5 14 36% 22057 2305739 22026 13%
c - 294.72 382 264 22 91 13321 13 574774 29839 1.4 20 14 5 13 33% 22074 2305738 22026 13%
c } 294.93 384 245 23 91 13321 13 581055 35741 1.4 20 14 5 13 30% 22076 2305738 22026 13%
c
c seconds      switched     rate          size/glue  tier1      binary            remaining
c          MB    reductions   conflicts         size    tier2        irredundant
c            level    restarts       redundant     glue     trail            variables
c
c [ 294.93 384 194 23 91 13321 1 581055 35741 1.3 97 73 17 86 45% 22076 2305738 22026 13%
c - 295.29 384 191 23 92 13323 1 584314 30849 1.3 96 72 17 86 45% 22076 2305738 22026 13%
c b 296.04 384 189 23 92 13325 1 586850 33308 1.3 95 72 17 86 45% 22087 2305703 22023 13%
c u 296.48 384 189 23 92 13325 1 586850 33241 1.3 95 72 17 86 45% 22088 2305703 22023 13%
c v 296.77 384 189 23 92 13325 1 586850 33037 1.3 95 72 17 86 45% 22088 2305703 22023 13%
c w 297.03 384 189 23 92 13325 1 586850 33036 1.3 95 72 17 86 45% 22088 2305703 22023 13%
c x 297.39 384 189 23 92 13325 1 586850 33036 1.3 95 72 17 86 45% 22095 2303375 22023 13%
c t 297.65 384 189 23 92 13325 1 586850 33036 1.3 95 72 17 86 45% 22088 2303375 22023 13%
c u 298.49 384 189 23 92 13325 1 586850 32956 1.3 95 72 17 86 45% 22089 2303375 22023 13%
c v 298.77 384 189 23 92 13325 1 586850 32851 1.3 95 72 17 86 45% 22089 2303375 22023 13%
c w 299.01 384 189 23 92 13325 1 586850 32850 1.3 95 72 17 86 45% 22089 2303375 22023 13%
c x 299.42 384 189 23 92 13325 1 586850 32850 1.3 95 72 17 86 45% 22089 2300688 22023 13%
c t 299.68 384 189 23 92 13325 1 586850 32850 1.3 95 72 17 86 45% 22088 2300688 22023 13%
c - 301.05 384 183 23 93 13328 1 593906 31202 1.3 94 71 17 86 45% 22077 2300688 22023 13%
c B 302.08 386 192 23 93 13333 1 600755 37815 1.3 92 70 17 86 46% 22077 2300688 22023 13%
c ] 302.52 398 193 24 93 13333 1 601025 38083 1.3 92 70 17 86 46% 22077 2300688 22023 13%
c { 302.52 398 245 24 93 13333 13 601025 38083 1.4 20 14 5 13 30% 22077 2300688 22023 13%
c - 305.70 408 246 24 94 13778 13 603550 32316 1.4 20 14 5 13 31% 22078 2300687 22023 13%
c - 311.13 414 270 24 95 14607 13 613247 34109 1.4 20 14 5 13 34% 22079 2300687 22023 13%
c o 311.24 414 271 24 95 14608 13 613506 34332 1.4 20 14 5 13 34% 22079 2300687 22023 13%
c
c seconds      switched      rate          size/glue  tier1     binary            remaining
c          MB    reductions    conflicts         size   tier2        irredundant
c            level    restarts        redundant     glue    trail            variables
c
c - 317.71 422 298 24 96 15664 14 622993 34881 1.4 21 15 5 13 36% 22082 2300687 22023 13%
c s 324.32 432 300 24 96 16588 15 629052 40749 1.4 21 15 5 13 37% 22082 2299400 22023 13%
c e 324.84 474 300 24 96 16588 15 629052 40749 1.4 21 15 5 13 37% 22081 2299414 22022 13%
c s 325.98 474 300 24 96 16588 15 629052 40749 1.4 21 15 5 13 37% 22081 2299177 22022 13%
c - 327.02 378 324 24 97 16668 14 632790 36667 1.4 21 15 5 14 39% 22081 2299177 22022 13%
c } 331.27 392 324 25 97 17464 15 637703 41433 1.4 21 15 5 14 39% 22081 2299177 22022 13%
c [ 331.27 392 193 25 97 17464 1 637703 41433 1.3 92 70 17 86 46% 22081 2299177 22022 13%
c - 332.09 392 189 25 98 17467 1 642640 37787 1.3 91 69 17 85 46% 22081 2299177 22022 13%
c - 333.84 392 180 25 99 17473 1 652539 37757 1.3 90 68 17 85 45% 22081 2299177 22022 13%
c - 335.71 392 172 25 100 17478 1 662489 36824 1.3 90 68 17 84 45% 22081 2299177 22022 13%
c u 337.85 396 169 25 100 17478 1 667170 39969 1.3 90 68 17 84 45% 22099 2299177 22022 13%
c v 338.58 396 169 25 100 17478 1 667170 39097 1.3 90 68 17 84 45% 22099 2299177 22022 13%
c w 339.44 410 169 25 100 17478 1 667170 39084 1.3 90 68 17 84 45% 22099 2299177 22022 13%
c x 340.07 412 169 25 100 17478 1 667170 39084 1.3 90 68 17 84 45% 22099 2290605 22022 13%
c t 340.33 412 169 25 100 17478 1 667170 39084 1.3 90 68 17 84 45% 22091 2290605 22022 13%
c - 344.13 440 194 25 101 17480 1 672489 35401 1.3 92 69 17 84 47% 22091 2290605 22022 13%
c W 345.13 442 194 25 101 17481 1 673730 36616 1.3 92 69 17 84 47% 22091 2290605 22022 13%
c - 346.91 361 187 25 102 17485 1 682538 36002 1.3 91 69 17 84 46% 22091 2290605 22022 13%
c - 349.06 361 180 25 103 17492 1 692637 33921 1.3 91 69 17 84 46% 22091 2290605 22022 13%
c - 351.27 364 173 25 104 17493 1 702787 31748 1.3 91 69 17 84 46% 22091 2290605 22022 13%
c
c seconds      switched      rate          size/glue  tier1      binary            remaining
c          MB    reductions    conflicts         size    tier2        irredundant
c            level     restarts       redundant     glue     trail            variables
c
c - 353.75 364 167 25 105 17494 1 712986 30033 1.3 91 70 17 84 45% 22091 2290605 22022 13%
c - 356.62 364 161 25 106 17497 1 723232 30035 1.3 92 71 17 84 45% 22091 2290605 22022 13%
c - 359.38 364 155 25 107 17503 1 733529 30581 1.3 92 71 17 84 45% 22091 2290605 22022 13%
c ] 361.32 364 152 26 107 17507 1 739901 36523 1.3 92 72 17 84 45% 22091 2290605 22022 13%
c { 361.32 364 324 26 107 17507 15 739901 36523 1.4 21 15 5 14 39% 22091 2290605 22022 13%
c o 361.53 368 324 26 107 17512 15 739927 36548 1.4 21 16 5 14 39% 22091 2290605 22022 13%
c - 363.41 380 343 26 108 17738 15 743874 32625 1.4 21 15 5 14 40% 22091 2290605 22022 13%
c u 366.89 376 343 26 108 17972 14 753141 40478 1.4 21 15 5 14 40% 22093 2290605 22022 13%
c v 367.66 376 343 26 108 17972 14 753141 39706 1.4 21 15 5 14 40% 22093 2290605 22022 13%
c w 368.10 382 343 26 108 17972 14 753141 39706 1.4 21 15 5 14 40% 22093 2290605 22022 13%
c x 368.84 392 343 26 108 17972 14 753141 39706 1.4 21 15 5 14 40% 22093 2285819 22022 13%
c t 371.63 464 343 26 108 17972 14 753141 39706 1.4 21 15 5 14 40% 22091 2285819 22022 13%
c - 372.05 378 352 26 109 17974 14 754268 34817 1.4 21 15 5 14 40% 22091 2285819 22022 13%
c - 377.13 396 377 26 110 18605 13 764708 36887 1.4 20 15 5 14 43% 22091 2285819 22022 13%
c - 382.97 400 397 26 111 19241 13 775198 39304 1.4 20 15 5 14 45% 22091 2285819 22022 13%
c } 389.48 402 398 27 111 20105 14 782120 45915 1.4 21 15 5 14 45% 22091 2285819 22022 13%
c [ 389.48 402 152 27 111 20105 1 782120 45915 1.3 92 72 17 84 45% 22091 2285819 22022 13%
c O 389.48 402 152 27 111 20105 1 782120 45915 1.3 92 72 17 84 45% 22091 2285819 22022 13%
c - 390.21 404 153 27 112 20107 1 785733 42320 1.3 90 70 17 84 44% 22091 2285819 22022 13%
c - 391.60 406 146 27 113 20113 1 796317 43962 1.3 85 66 17 83 42% 22091 2285819 22022 13%
c
c seconds      switched      rate          size/glue  tier1      binary            remaining
c          MB    reductions    conflicts         size    tier2        irredundant
c            level     restarts       redundant     glue     trail            variables
c
c - 393.68 406 156 27 114 20119 1 806948 42331 1.3 86 67 17 83 46% 22091 2285819 22022 13%
c - 395.36 406 170 27 115 20122 1 817625 39998 1.3 86 68 17 83 50% 22091 2285819 22022 13%
c - 397.55 406 179 27 116 20128 1 828348 39919 1.3 87 68 17 84 54% 22091 2285819 22022 13%
c s 399.58 414 181 27 116 20129 1 831282 42752 1.3 87 68 17 84 55% 22091 2282941 22022 13%
c e 400.23 484 181 27 116 20129 1 831282 42752 1.3 87 68 17 84 55% 22090 2282956 22021 13%
c s 401.96 484 181 27 116 20129 1 831282 42752 1.3 87 68 17 84 55% 22090 2282953 22021 13%
c - 403.91 369 184 27 117 20133 1 839119 39985 1.3 87 69 17 84 57% 22090 2282953 22021 13%
c u 405.54 372 189 27 117 20134 1 844860 44795 1.3 88 69 17 84 59% 22091 2282953 22011 13%
c v 406.29 374 189 27 117 20134 1 844860 43781 1.3 88 69 17 84 59% 22091 2282953 22011 13%
c w 406.83 382 189 27 117 20134 1 844860 43636 1.3 88 69 17 84 59% 22091 2282953 22011 13%
c x 407.76 396 189 27 117 20134 1 844860 43636 1.3 88 69 17 84 59% 22116 2278884 22011 13%
c t 408.04 396 189 27 117 20134 1 844860 43632 1.3 88 69 17 84 59% 22114 2278884 22011 13%
c u 409.51 396 189 27 117 20134 1 844860 42779 1.3 88 69 17 84 59% 22115 2278884 22006 13%
c v 410.26 396 189 27 117 20134 1 844860 42400 1.3 88 69 17 84 59% 22115 2278884 22006 13%
c w 410.65 396 189 27 117 20134 1 844860 42265 1.3 88 69 17 84 59% 22115 2278884 22006 13%
c x 411.19 400 189 27 117 20134 1 844860 42265 1.3 88 69 17 84 59% 22121 2272988 22006 13%
c t 411.46 400 189 27 117 20134 1 844860 42258 1.3 88 69 17 84 59% 22122 2272988 21982 13%
c i 411.72 400 189 27 117 20134 1 844860 42258 1.3 88 69 17 84 59% 22122 2272988 21982 13%
c - 413.13 400 192 27 118 20135 1 849936 37919 1.3 88 69 17 84 60% 22013 2272988 21982 13%
c - 414.67 402 199 27 119 20135 1 860799 38942 1.3 88 69 17 84 64% 22013 2272988 21982 13%
c
c seconds      switched      rate          size/glue  tier1      binary            remaining
c          MB    reductions    conflicts         size    tier2        irredundant
c            level     restarts       redundant     glue     trail            variables
c
c o 415.24 402 201 27 119 20136 1 864178 42154 1.3 88 69 17 84 65% 22013 2272988 21982 13%
c B 415.57 402 203 27 119 20137 1 866157 44066 1.3 88 69 17 84 65% 22013 2272988 21982 13%
c - 417.35 420 202 27 120 20141 1 871709 38991 1.3 90 71 17 84 63% 22013 2272988 21982 13%
c ] 419.18 426 203 28 120 20146 1 880764 47884 1.3 92 72 17 84 60% 22013 2272988 21982 13%
c { 419.18 426 398 28 120 20146 14 880764 47884 1.4 21 15 5 14 45% 22013 2272988 21982 13%
c - 422.92 448 393 28 121 20456 14 882663 38627 1.4 21 15 5 14 44% 22014 2272988 21982 13%
c - 428.33 404 403 28 122 21210 14 893663 39472 1.3 21 16 5 14 45% 22015 2272988 21982 13%
c - 433.27 408 393 28 123 21893 14 904709 40389 1.3 21 15 5 14 45% 22024 2272988 21982 13%
c - 442.32 414 372 28 124 23170 14 915802 42272 1.3 21 16 5 14 45% 22029 2272988 21982 13%
c - 445.60 416 360 28 125 23560 14 926939 44357 1.3 20 15 5 14 44% 22029 2272988 21982 13%
c } 445.65 416 362 29 125 23560 13 928902 46075 1.3 20 15 5 14 44% 22029 2272988 21982 13%
c [ 445.65 416 203 29 125 23560 1 928902 46075 1.3 92 72 17 84 60% 22029 2272988 21982 13%
c - 447.50 422 209 29 126 23566 1 938119 43550 1.3 92 72 17 84 58% 22029 2272988 21982 13%
c u 449.62 426 210 29 126 23568 1 942327 46131 1.3 94 73 17 84 57% 22076 2272906 21976 13%
c v 450.75 426 210 29 126 23568 1 942327 45568 1.3 94 73 17 84 57% 22076 2272906 21976 13%
c w 451.35 426 210 29 126 23568 1 942327 45566 1.3 94 73 17 84 57% 22076 2272906 21976 13%
c x 452.25 428 210 29 126 23568 1 942327 45566 1.3 94 73 17 84 57% 22085 2271153 21976 13%
c t 452.52 428 210 29 126 23568 1 942327 45562 1.3 94 73 17 84 57% 22079 2271153 21976 13%
c f 452.65 309 210 29 126 23568 1 942327 45562 1.3 94 73 17 84 57% 22079 2271136 21977 13%
c u 453.95 386 210 29 126 23568 1 942327 44410 1.3 94 73 17 84 57% 22113 2271136 21977 13%
c
c seconds      switched      rate          size/glue  tier1      binary            remaining
c          MB    reductions    conflicts         size    tier2        irredundant
c            level     restarts       redundant     glue     trail            variables
c
c v 454.96 392 210 29 126 23568 1 942327 43769 1.3 94 73 17 84 57% 22113 2271136 21977 13%
c w 455.51 396 210 29 126 23568 1 942327 43710 1.3 94 73 17 84 57% 22113 2271136 21977 13%
c x 456.24 396 210 29 126 23568 1 942327 43710 1.3 94 73 17 84 57% 22113 2264119 21977 13%
c t 456.49 396 210 29 126 23568 1 942327 43710 1.3 94 73 17 84 57% 22099 2264119 21977 13%
c i 456.75 396 210 29 126 23568 1 942327 43710 1.3 94 73 17 84 57% 22099 2264119 21977 13%
c - 457.95 398 210 29 127 23572 1 949343 39730 1.3 96 73 17 85 55% 22082 2264119 21977 13%
c W 459.60 442 210 29 127 23574 1 955959 46196 1.3 99 75 17 85 53% 22082 2264119 21977 13%
c - 460.18 357 212 29 128 23574 1 960613 38580 1.3 101 75 17 86 52% 22082 2264119 21977 13%
c - 462.30 370 217 29 129 23581 1 971926 37418 1.3 106 79 17 86 50% 22082 2264119 21977 13%
c - 464.21 370 221 29 130 23588 1 983284 36334 1.3 112 83 18 87 49% 22082 2264119 21977 13%
c - 466.42 370 222 29 131 23590 1 994685 35888 1.4 118 86 18 88 47% 22082 2264119 21977 13%
c - 468.30 370 223 29 132 23590 1 1006132 35941 1.4 124 90 18 89 46% 22082 2264119 21977 13%
c o 470.14 370 224 29 132 23595 1 1016052 45600 1.4 130 94 18 89 45% 22082 2264119 21977 13%
c - 470.57 374 224 29 133 23596 1 1017621 36403 1.4 129 93 18 89 45% 22082 2264119 21977 13%
c - 472.74 376 228 29 134 23602 1 1029153 38705 1.4 125 90 18 89 50% 22082 2264119 21977 13%
c - 474.58 378 235 29 135 23605 1 1040729 38344 1.4 122 89 18 89 54% 22082 2264119 21977 13%
c u 476.04 380 239 29 135 23607 1 1045630 42534 1.4 121 88 18 89 55% 22083 2264119 21977 13%
c v 476.66 380 239 29 135 23607 1 1045630 42110 1.4 121 88 18 89 55% 22083 2264119 21977 13%
c w 477.01 386 239 29 135 23607 1 1045630 42110 1.4 121 88 18 89 55% 22083 2264119 21977 13%
c I 479.30 396 240 29 135 23611 1 1051673 47943 1.4 119 87 18 89 57% 22083 2264119 21977 13%
c
c seconds      switched      rate           size/glue   tier1      binary            remaining
c          MB    reductions     conflicts         size     tier2        irredundant
c            level     restarts        redundant      glue     trail            variables
c
c - 479.47 396 239 29 136 23612 1 1052347 37134 1.4 119 87 18 89 57% 22083 2264119 21977 13%
c - 481.45 396 224 29 137 23618 1 1064008 40120 1.4 115 84 18 89 56% 22083 2264119 21977 13%
c s 483.31 404 219 29 137 23619 1 1067777 43736 1.4 114 83 18 89 56% 22083 2264056 21977 13%
c e 483.74 468 219 29 137 23619 1 1067777 43736 1.4 114 83 18 89 56% 22074 2264137 21969 13%
c s 484.97 468 219 29 137 23619 1 1067777 43736 1.4 114 83 18 89 56% 22074 2264078 21969 13%
c - 486.76 363 211 29 138 23620 1 1075714 40808 1.4 112 82 18 89 55% 22074 2264078 21969 13%
c ] 486.91 363 210 30 138 23620 1 1076523 41584 1.4 112 82 18 89 55% 22074 2264078 21969 13%
c { 486.91 363 362 30 138 23620 13 1076523 41584 1.3 20 15 5 14 44% 22074 2264078 21969 13%
c - 489.60 400 358 30 139 23941 13 1087461 42638 1.3 20 15 5 14 44% 22078 2264078 21969 13%
c - 490.33 402 353 30 140 23952 11 1099250 44215 1.3 19 14 5 14 44% 22080 2264078 21969 13%
c - 492.13 412 345 30 141 24063 10 1111083 44298 1.4 19 14 5 13 43% 22080 2264078 21969 13%
c - 506.69 434 326 30 142 26218 12 1122958 46003 1.3 20 15 5 13 43% 22085 2264078 21969 13%
c } 507.00 434 304 31 142 26218 12 1130959 52931 1.4 21 15 5 13 41% 22085 2264078 21969 13%
c [ 507.01 434 210 31 142 26218 1 1130959 52931 1.4 112 82 18 89 55% 22085 2264078 21969 13%
c - 507.70 434 206 31 143 26220 1 1134874 45661 1.4 110 81 18 89 54% 22085 2264078 21969 13%
c - 510.04 434 195 31 144 26227 1 1146832 43270 1.4 107 79 18 89 53% 22085 2264078 21969 13%
c B 511.25 434 189 31 144 26231 1 1153451 49569 1.4 106 78 18 89 52% 22085 2264078 21969 13%
c u 514.37 394 202 31 144 26231 1 1154896 49580 1.4 107 79 18 89 53% 22097 2264078 21969 13%
c v 515.18 394 202 31 144 26231 1 1154896 48644 1.4 107 79 18 89 53% 22097 2264078 21969 13%
c w 515.83 402 202 31 144 26231 1 1154896 48629 1.4 107 79 18 89 53% 22097 2264078 21969 13%
c
c seconds      switched      rate           size/glue   tier1      binary            remaining
c          MB    reductions     conflicts         size     tier2        irredundant
c            level     restarts        redundant      glue     trail            variables
c
c t 516.09 402 202 31 144 26231 1 1154896 48629 1.4 107 79 18 89 53% 22089 2264078 21969 13%
c f 516.23 303 202 31 144 26231 1 1154896 48629 1.4 107 79 18 89 53% 22090 2264058 21970 13%
c u 517.48 372 202 31 144 26231 1 1154896 48325 1.4 107 79 18 89 53% 22094 2264058 21970 13%
c v 518.31 376 202 31 144 26231 1 1154896 47504 1.4 107 79 18 89 53% 22094 2264058 21970 13%
c w 518.84 384 202 31 144 26231 1 1154896 47489 1.4 107 79 18 89 53% 22094 2264058 21970 13%
c x 519.73 398 202 31 144 26231 1 1154896 47489 1.4 107 79 18 89 53% 22094 2261490 21970 13%
c t 520.04 398 202 31 144 26231 1 1154896 47489 1.4 107 79 18 89 53% 22093 2261490 21970 13%
c - 521.80 408 203 31 145 26232 1 1158833 38363 1.4 107 79 18 89 52% 22093 2261490 21970 13%
c o 524.25 410 206 31 145 26238 1 1169954 49364 1.4 109 80 18 89 50% 22093 2261490 21970 13%
c - 524.73 414 207 31 146 26238 1 1170874 38740 1.4 109 80 18 89 51% 22093 2261490 21970 13%
c - 527.38 416 208 31 147 26245 1 1182958 38546 1.4 109 80 18 89 49% 22093 2261490 21970 13%
c - 529.13 416 209 31 148 26247 1 1195086 37927 1.4 110 81 18 90 47% 22093 2261490 21970 13%
c - 530.83 416 211 31 149 26248 1 1207252 35650 1.4 118 85 18 91 45% 22093 2261490 21970 13%
c - 532.93 418 213 31 150 26254 1 1219458 34819 1.4 121 87 18 91 44% 22093 2261490 21970 13%
c - 534.74 418 214 31 151 26261 1 1231708 37607 1.4 120 86 18 91 42% 22093 2261490 21970 13%
c - 536.44 420 215 31 152 26263 1 1243996 38697 1.4 120 85 18 91 41% 22093 2261490 21970 13%
c ] 537.39 420 215 32 152 26267 1 1250366 44930 1.4 122 85 18 91 40% 22093 2261490 21970 13%
c { 537.39 420 304 32 152 26267 12 1250366 44930 1.4 21 15 5 13 41% 22093 2261490 21970 13%
c - 541.21 427 317 32 153 26769 12 1256324 38544 1.4 21 15 5 14 41% 22095 2261490 21970 13%
c - 554.22 440 311 32 154 28856 14 1268694 40554 1.4 22 16 5 14 42% 22098 2261490 21970 13%
c
c seconds      switched       rate           size/glue  tier1     binary            remaining
c          MB    reductions      conflicts         size   tier2        irredundant
c            level     restarts         redundant     glue    trail            variables
c
c u 555.52 386 318 32 154 28856 13 1270170 40635 1.4 21 16 5 14 42% 22111 2261490 21970 13%
c v 556.48 392 318 32 154 28856 13 1270170 39882 1.4 21 16 5 14 42% 22111 2261490 21970 13%
c w 556.94 392 318 32 154 28856 13 1270170 39874 1.4 21 16 5 14 42% 22111 2261490 21970 13%
c x 557.64 396 318 32 154 28856 13 1270170 39874 1.4 21 16 5 14 42% 22111 2256721 21970 13%
c t 560.56 474 318 32 154 28856 13 1270170 39874 1.4 21 16 5 14 42% 22102 2256721 21970 13%
c - 569.22 404 313 32 155 30171 14 1281105 40961 1.4 22 16 5 14 42% 22105 2256721 21970 13%
c - 582.02 410 316 32 156 32201 16 1293554 40966 1.4 23 17 5 14 43% 22105 2256721 21970 13%
c - 589.95 412 353 32 157 33426 16 1306043 42441 1.3 23 17 5 14 45% 22107 2256721 21970 13%
c } 592.78 414 352 33 157 33829 16 1311472 47554 1.3 23 17 5 14 45% 22111 2256721 21970 13%
c [ 592.78 414 215 33 157 33829 1 1311472 47554 1.4 122 85 18 91 40% 22111 2256721 21970 13%
c W 594.03 446 215 33 157 33829 1 1311472 47554 1.4 122 85 18 91 40% 22111 2256721 21970 13%
c - 595.95 370 215 33 158 33834 1 1318575 41511 1.4 121 86 19 92 39% 22111 2256721 21970 13%
c o 597.63 376 216 33 158 33837 1 1324796 47652 1.4 122 87 19 92 39% 22111 2256721 21970 13%
c - 598.92 382 212 33 159 33841 1 1331145 40252 1.4 119 85 19 92 40% 22111 2256721 21970 13%
c ] 599.82 382 215 33 159 33843 1 1337699 46653 1.4 117 84 19 92 42% 22111 2256721 21970 13%
c ? 599.82 382 352 33 159 33843 16 1337699 46653 1.3 23 17 5 14 45% 22111 2256721 21970 13%
c
c ---- [ result ] ------------------------------------------------------------
c
s UNKNOWN
c
c ---- [ profiling ] ---------------------------------------------------------
c
c         434.99   72.52 %  search
c         242.20   40.38 %  focused
c         192.79   32.14 %  stable
c         158.89   26.49 %  simplify
c         111.96   18.67 %  probe
c          66.99   11.17 %  vivify
c          41.18    6.86 %  eliminate
c          20.82    3.47 %  substitute
c          19.05    3.18 %  subsume
c          12.88    2.15 %  sweep
c           7.99    1.33 %  walking
c           6.66    1.11 %  factor
c           5.91    0.99 %  reduce
c           3.33    0.56 %  parse
c           2.94    0.49 %  congruence
c           2.23    0.37 %  preprocess
c           1.10    0.18 %  transitive
c           0.57    0.09 %  backbone
c           0.38    0.06 %  lucky
c =============================================
c         599.82  100.00 %  total
c
c ---- [ statistics ] --------------------------------------------------------
c
c chronological:                         2289                0 %  conflicts
c conflicts:                          1337699             2230.14 per second
c decisions:                          7024502                5.25 per conflict
c eliminated:                          142007               86 %  variables
c factored:                              1225                1 %  variables
c iterations:                              20                0 %  variables
c propagations:                     955555645          1593054    per second
c reductions:                             159             8413    interval
c reordered:                               16            83606    interval
c rephased:                                29            46128    interval
c restarts:                             33843               40    interval
c strengthened:                             3                0 %  checks
c subsumed:                             28707                0 %  checks
c switched:                                33            40536    interval
c vivified:                            134809               39 %  checks
c walks:                                   10           133770    interval
c
c ---- [ glue usage ] --------------------------------------------------------
c
c focused glue 5    used  84652 clauses  9.30% accumulated 54.33% tier1
c focused glue 6    used  70916 clauses  7.79% accumulated 62.13%
c focused glue 7-12 used 225167 clauses 24.74% accumulated 86.87%
c focused glue 13   used  20863 clauses  2.29% accumulated 89.16%
c focused glue 14   used  17366 clauses  1.91% accumulated 91.07% tier2
c
c stable glue 19    used   95842 clauses  2.29% accumulated 52.17% tier1
c stable glue 20    used   84725 clauses  2.03% accumulated 54.20%
c stable glue 21-90 used 1479696 clauses 35.42% accumulated 89.62%
c stable glue 91    used   11155 clauses  0.27% accumulated 89.89%
c stable glue 92    used   11134 clauses  0.27% accumulated 90.15% tier2
c
c ---- [ resources ] ---------------------------------------------------------
c
c maximum-resident-set-size:        705171456 bytes        673 MB
c process-time:                            10m             599.82 seconds
c
c ---- [ shutting down ] -----------------------------------------------------
c
c exit 0
